09-24 13:40:54.190  1937  4369 D ActivityManager: mImportantUids connections =1000 by uid = 10092 ConnectionRecord =ConnectionRecord{b9837d9 u0 CR FGS com.qihoo.appstore/.AppStoreNotificationListenerService:@49ae220}
09-24 13:40:54.194  1937  3631 V WindowManager: just for Front small Window: = Window{9e1393d u0 com.qihoo.appstore}
09-24 13:40:54.199  1937  4369 V WindowManager: just for Front small Window: = Window{9e1393d u0 com.qihoo.appstore}
09-24 13:40:54.205  3689  3689 D BarBackgroundDrawable: BarTransitions: draw: mode=MODE_OPAQUE, targetColor=0xff000000
09-24 13:40:54.206  3689  3689 D BarBackgroundDrawable: BarTransitions: drawColor:0x3d000000
09-24 13:40:54.206  3689  3689 I StatusBarIconController: appTransitionStarting
09-24 13:40:54.216  3689  3689 D BarBackgroundDrawable: BarTransitions: draw: mode=MODE_OPAQUE, targetColor=0xff000000
09-24 13:40:54.216  3689  3689 D BarBackgroundDrawable: BarTransitions: drawColor:0x49000000
09-24 13:40:54.224 14037 14154 E AbstractTracker: Can't create handler inside thread that has not called Looper.prepare()
09-24 13:40:54.224 14037 14154 D AppTracker: App Event: start
09-24 13:40:54.227   358   358 W auditd  : type=1400 "Binder_1""socket:[603408]""sockfs"
09-24 13:40:54.227   358   358 W auditd  : type=1400 "Binder_1""socket:[603408]""sockfs"
09-24 13:40:54.231  3689  3689 D BarBackgroundDrawable: BarTransitions: draw: mode=MODE_OPAQUE, targetColor=0xff000000
09-24 13:40:54.232  3689  3689 D BarBackgroundDrawable: BarTransitions: drawColor:0x5e000000
09-24 13:40:54.240  1937  3631 V WindowManager: just for Front small Window: = Window{9e1393d u0 com.qihoo.appstore}
09-24 13:40:54.249  3689  3689 D BarBackgroundDrawable: BarTransitions: draw: mode=MODE_OPAQUE, targetColor=0xff000000
09-24 13:40:54.249  3689  3689 D BarBackgroundDrawable: BarTransitions: drawColor:0x75000000
09-24 13:40:54.267  3689  3689 D BarBackgroundDrawable: BarTransitions: draw: mode=MODE_OPAQUE, targetColor=0xff000000
09-24 13:40:54.267  3689  3689 D BarBackgroundDrawable: BarTransitions: drawColor:0x8c000000
09-24 13:40:54.290  3689  3689 D BarBackgroundDrawable: BarTransitions: draw: mode=MODE_OPAQUE, targetColor=0xff000000
09-24 13:40:54.290  3689  3689 D BarBackgroundDrawable: BarTransitions: drawColor:0xa9000000
09-24 13:40:54.295   358   358 W auditd  : type=1400 "Binder_B""socket:[604170]""sockfs"
09-24 13:40:54.296   358   358 W auditd  : type=1400 "Binder_B""socket:[604170]""sockfs"
09-24 13:40:54.310  3689  3689 D BarBackgroundDrawable: BarTransitions: draw: mode=MODE_OPAQUE, targetColor=0xff000000
09-24 13:40:54.310  3689  3689 D BarBackgroundDrawable: BarTransitions: drawColor:0xc3000000
09-24 13:40:54.316  3689  3689 D BarBackgroundDrawable: BarTransitions: draw: mode=MODE_OPAQUE, targetColor=0xff000000
09-24 13:40:54.316  3689  3689 D BarBackgroundDrawable: BarTransitions: drawColor:0xca000000
09-24 13:40:54.325  1937  3361 I ActivityManager: Displayed com.heaven.thermo/.AcLanguage: +136ms (total +223ms)
09-24 13:40:54.326  1937  3361 V WindowManager: just for Front small Window: = Window{9e1393d u0 com.qihoo.appstore}
09-24 13:40:54.329  1937  3977 D ActivityManager: mImportantUids connections =1000 by uid = 10401 ConnectionRecord =ConnectionRecord{c72ca51 u0 CR FGSA io.github.ylimit.droidbotapp/io.github.privacystreams.accessibility.PSAccessibilityService:@802d378}
09-24 13:40:54.329  1937  3977 D ActivityManager: mImportantUids connections =1000 by uid = 10401 ConnectionRecord =ConnectionRecord{9544f08 u0 CR !FG UI !VIS io.github.ylimit.droidbotapp/.DroidBotIME:@c0f2cab}
09-24 13:40:54.330  1937  3977 D ActivityManager: mImportantUids connections =1000 by uid = 10092 ConnectionRecord =ConnectionRecord{b9837d9 u0 CR FGS com.qihoo.appstore/.AppStoreNotificationListenerService:@49ae220}
09-24 13:40:54.332  3689  3689 D BarBackgroundDrawable: BarTransitions: draw: mode=MODE_OPAQUE, targetColor=0xff000000
09-24 13:40:54.332  3689  3689 D BarBackgroundDrawable: BarTransitions: drawColor:0xdf000000
09-24 13:40:54.349  3689  3689 D BarBackgroundDrawable: BarTransitions: draw: mode=MODE_OPAQUE, targetColor=0xff000000
09-24 13:40:54.349  3689  3689 D BarBackgroundDrawable: BarTransitions: drawColor:0xf4000000
09-24 13:40:54.366  3689  3689 D BarBackgroundDrawable: BarTransitions: draw: mode=MODE_OPAQUE, targetColor=0xff000000
09-24 13:40:54.366  3689  3689 D BarBackgroundDrawable: BarTransitions: drawColor:0xff000000
09-24 13:40:54.868  1937  3361 V WindowManager: just for Front small Window: = Window{9e1393d u0 com.qihoo.appstore}
09-24 13:40:54.878  4464  4464 D Launcher: onStop
09-24 13:40:54.878  1937  3354 D ActivityManager: mImportantUids connections =1000 by uid = 10401 ConnectionRecord =ConnectionRecord{c72ca51 u0 CR FGSA io.github.ylimit.droidbotapp/io.github.privacystreams.accessibility.PSAccessibilityService:@802d378}
09-24 13:40:54.879  1937  3354 D ActivityManager: mImportantUids connections =1000 by uid = 10401 ConnectionRecord =ConnectionRecord{9544f08 u0 CR !FG UI !VIS io.github.ylimit.droidbotapp/.DroidBotIME:@c0f2cab}
09-24 13:40:54.879  1937  3354 D ActivityManager: mImportantUids connections =1000 by uid = 10092 ConnectionRecord =ConnectionRecord{b9837d9 u0 CR FGS com.qihoo.appstore/.AppStoreNotificationListenerService:@49ae220}
09-24 13:40:54.894  4464  4464 I WallpaperCard: [Trim Memory] wallpaperCard, level:20
09-24 13:40:54.896  1937  4456 D ActivityManager: mImportantUids connections =1000 by uid = 10401 ConnectionRecord =ConnectionRecord{c72ca51 u0 CR FGSA io.github.ylimit.droidbotapp/io.github.privacystreams.accessibility.PSAccessibilityService:@802d378}
09-24 13:40:54.896  1937  4456 D ActivityManager: mImportantUids connections =1000 by uid = 10401 ConnectionRecord =ConnectionRecord{9544f08 u0 CR !FG UI !VIS io.github.ylimit.droidbotapp/.DroidBotIME:@c0f2cab}
09-24 13:40:54.898  1937  4456 D ActivityManager: mImportantUids connections =1000 by uid = 10092 ConnectionRecord =ConnectionRecord{b9837d9 u0 CR FGS com.qihoo.appstore/.AppStoreNotificationListenerService:@49ae220}
09-24 13:40:55.209  3689  3689 D SystemServicesProxy: exclude com.android.systemui
09-24 13:40:55.210  3689  3689 D SystemServicesProxy: exclude com.android.settings
09-24 13:40:55.210  3689  3689 D SystemServicesProxy: exclude com.android.packageinstaller
09-24 13:40:55.210  3689  3689 D SystemServicesProxy: exclude android
09-24 13:40:55.210  3689  3689 D SystemServicesProxy: exclude android
09-24 13:40:55.210  3689  3689 D SystemServicesProxy: add 11 Task
09-24 13:40:55.210  3689  3689 D RecentsTaskLoadPlan: preloadPlan, 11
09-24 13:40:55.442  3950  3950 D wpa_supplicant: wlan0: Control interface command 'SIGNAL_POLL'
09-24 13:40:55.445  3950  3950 D wpa_supplicant: CTRL-DEBUG: global_ctrl_sock-sendto: sock=12 sndbuf=212992 outq=0 send_len=48
09-24 13:40:56.056   863   863 I MSM-irqbalance: Decided to move IRQ224 from CPU0 to CPU1
09-24 13:40:58.119   358   358 W auditd  : type=1400 "ipacm""/dev/socket/ipacm_log_file"
09-24 13:40:58.119   358   358 W auditd  : type=1400 "ipacm""/dev/socket/ipacm_log_file"
09-24 13:40:58.119   358   358 W auditd  : type=1400 "ipacm""/dev/socket/ipacm_log_file"
09-24 13:40:58.120   358   358 W auditd  : type=1400 "ipacm""/dev/socket/ipacm_log_file"
09-24 13:40:58.120   358   358 W auditd  : type=1400 "ipacm""/dev/socket/ipacm_log_file"
09-24 13:40:58.452  3950  3950 D wpa_supplicant: wlan0: Control interface command 'SIGNAL_POLL'
09-24 13:40:58.455  3950  3950 D wpa_supplicant: CTRL-DEBUG: global_ctrl_sock-sendto: sock=12 sndbuf=212992 outq=0 send_len=48
09-24 13:41:00.000  1937  3458 V AlarmManager: Triggering alarm #0: Alarm{3a9f00 type 3 when 10089956 android}operation =Intent { act=android.intent.action.TIME_TICK flg=0x50000000 }
09-24 13:41:00.002  1937  1937 D ActivityManager: mImportantUids connections =1000 by uid = 10401 ConnectionRecord =ConnectionRecord{c72ca51 u0 CR FGSA io.github.ylimit.droidbotapp/io.github.privacystreams.accessibility.PSAccessibilityService:@802d378}
09-24 13:41:00.002  1937  1937 D ActivityManager: mImportantUids connections =1000 by uid = 10401 ConnectionRecord =ConnectionRecord{9544f08 u0 CR !FG UI !VIS io.github.ylimit.droidbotapp/.DroidBotIME:@c0f2cab}
09-24 13:41:00.003  1937  1937 D ActivityManager: mImportantUids connections =1000 by uid = 10092 ConnectionRecord =ConnectionRecord{b9837d9 u0 CR FGS com.qihoo.appstore/.AppStoreNotificationListenerService:@49ae220}
09-24 13:41:00.010  1937  4385 D ActivityManager: mImportantUids connections =1000 by uid = 10401 ConnectionRecord =ConnectionRecord{c72ca51 u0 CR FGSA io.github.ylimit.droidbotapp/io.github.privacystreams.accessibility.PSAccessibilityService:@802d378}
09-24 13:41:00.010  1937  4385 D ActivityManager: mImportantUids connections =1000 by uid = 10401 ConnectionRecord =ConnectionRecord{9544f08 u0 CR !FG UI !VIS io.github.ylimit.droidbotapp/.DroidBotIME:@c0f2cab}
09-24 13:41:00.010  1937  4385 D ActivityManager: mImportantUids connections =1000 by uid = 10092 ConnectionRecord =ConnectionRecord{b9837d9 u0 CR FGS com.qihoo.appstore/.AppStoreNotificationListenerService:@49ae220}
09-24 13:41:00.020  1937  4336 D ActivityManager: mImportantUids connections =1000 by uid = 10401 ConnectionRecord =ConnectionRecord{c72ca51 u0 CR FGSA io.github.ylimit.droidbotapp/io.github.privacystreams.accessibility.PSAccessibilityService:@802d378}
09-24 13:41:00.020  1937  4336 D ActivityManager: mImportantUids connections =1000 by uid = 10401 ConnectionRecord =ConnectionRecord{9544f08 u0 CR !FG UI !VIS io.github.ylimit.droidbotapp/.DroidBotIME:@c0f2cab}
09-24 13:41:00.020  1937  4336 D ActivityManager: mImportantUids connections =1000 by uid = 10092 ConnectionRecord =ConnectionRecord{b9837d9 u0 CR FGS com.qihoo.appstore/.AppStoreNotificationListenerService:@49ae220}
09-24 13:41:00.030  1937  4369 D ActivityManager: mImportantUids connections =1000 by uid = 10401 ConnectionRecord =ConnectionRecord{c72ca51 u0 CR FGSA io.github.ylimit.droidbotapp/io.github.privacystreams.accessibility.PSAccessibilityService:@802d378}
09-24 13:41:00.030  1937  4369 D ActivityManager: mImportantUids connections =1000 by uid = 10401 ConnectionRecord =ConnectionRecord{9544f08 u0 CR !FG UI !VIS io.github.ylimit.droidbotapp/.DroidBotIME:@c0f2cab}
09-24 13:41:00.031  1937  4369 D ActivityManager: mImportantUids connections =1000 by uid = 10092 ConnectionRecord =ConnectionRecord{b9837d9 u0 CR FGS com.qihoo.appstore/.AppStoreNotificationListenerService:@49ae220}
09-24 13:41:00.043  1937  4369 D ActivityManager: mImportantUids connections =1000 by uid = 10401 ConnectionRecord =ConnectionRecord{c72ca51 u0 CR FGSA io.github.ylimit.droidbotapp/io.github.privacystreams.accessibility.PSAccessibilityService:@802d378}
09-24 13:41:00.043  1937  4369 D ActivityManager: mImportantUids connections =1000 by uid = 10401 ConnectionRecord =ConnectionRecord{9544f08 u0 CR !FG UI !VIS io.github.ylimit.droidbotapp/.DroidBotIME:@c0f2cab}
09-24 13:41:00.044  1937  4369 D ActivityManager: mImportantUids connections =1000 by uid = 10092 ConnectionRecord =ConnectionRecord{b9837d9 u0 CR FGS com.qihoo.appstore/.AppStoreNotificationListenerService:@49ae220}
09-24 13:41:00.055  1937  4369 D ActivityManager: mImportantUids connections =1000 by uid = 10401 ConnectionRecord =ConnectionRecord{c72ca51 u0 CR FGSA io.github.ylimit.droidbotapp/io.github.privacystreams.accessibility.PSAccessibilityService:@802d378}
09-24 13:41:00.055  1937  4369 D ActivityManager: mImportantUids connections =1000 by uid = 10401 ConnectionRecord =ConnectionRecord{9544f08 u0 CR !FG UI !VIS io.github.ylimit.droidbotapp/.DroidBotIME:@c0f2cab}
09-24 13:41:00.055  1937  4369 D ActivityManager: mImportantUids connections =1000 by uid = 10092 ConnectionRecord =ConnectionRecord{b9837d9 u0 CR FGS com.qihoo.appstore/.AppStoreNotificationListenerService:@49ae220}
09-24 13:41:00.061  1937  4369 D ActivityManager: mImportantUids connections =1000 by uid = 10401 ConnectionRecord =ConnectionRecord{c72ca51 u0 CR FGSA io.github.ylimit.droidbotapp/io.github.privacystreams.accessibility.PSAccessibilityService:@802d378}
09-24 13:41:00.061  1937  4369 D ActivityManager: mImportantUids connections =1000 by uid = 10401 ConnectionRecord =ConnectionRecord{9544f08 u0 CR !FG UI !VIS io.github.ylimit.droidbotapp/.DroidBotIME:@c0f2cab}
09-24 13:41:00.061  1937  4369 D ActivityManager: mImportantUids connections =1000 by uid = 10092 ConnectionRecord =ConnectionRecord{b9837d9 u0 CR FGS com.qihoo.appstore/.AppStoreNotificationListenerService:@49ae220}
09-24 13:41:00.081  1937  4410 D ActivityManager: mImportantUids connections =1000 by uid = 10401 ConnectionRecord =ConnectionRecord{c72ca51 u0 CR FGSA io.github.ylimit.droidbotapp/io.github.privacystreams.accessibility.PSAccessibilityService:@802d378}
09-24 13:41:00.081  1937  4410 D ActivityManager: mImportantUids connections =1000 by uid = 10401 ConnectionRecord =ConnectionRecord{9544f08 u0 CR !FG UI !VIS io.github.ylimit.droidbotapp/.DroidBotIME:@c0f2cab}
09-24 13:41:00.081  1937  4410 D ActivityManager: mImportantUids connections =1000 by uid = 10092 ConnectionRecord =ConnectionRecord{b9837d9 u0 CR FGS com.qihoo.appstore/.AppStoreNotificationListenerService:@49ae220}
09-24 13:41:00.094  1937  4385 D ActivityManager: mImportantUids connections =1000 by uid = 10401 ConnectionRecord =ConnectionRecord{c72ca51 u0 CR FGSA io.github.ylimit.droidbotapp/io.github.privacystreams.accessibility.PSAccessibilityService:@802d378}
09-24 13:41:00.094  1937  4385 D ActivityManager: mImportantUids connections =1000 by uid = 10401 ConnectionRecord =ConnectionRecord{9544f08 u0 CR !FG UI !VIS io.github.ylimit.droidbotapp/.DroidBotIME:@c0f2cab}
09-24 13:41:00.095  1937  4385 D ActivityManager: mImportantUids connections =1000 by uid = 10092 ConnectionRecord =ConnectionRecord{b9837d9 u0 CR FGS com.qihoo.appstore/.AppStoreNotificationListenerService:@49ae220}
09-24 13:41:00.108  1937  4443 D ActivityManager: mImportantUids connections =1000 by uid = 10401 ConnectionRecord =ConnectionRecord{c72ca51 u0 CR FGSA io.github.ylimit.droidbotapp/io.github.privacystreams.accessibility.PSAccessibilityService:@802d378}
09-24 13:41:00.108  1937  4443 D ActivityManager: mImportantUids connections =1000 by uid = 10401 ConnectionRecord =ConnectionRecord{9544f08 u0 CR !FG UI !VIS io.github.ylimit.droidbotapp/.DroidBotIME:@c0f2cab}
09-24 13:41:00.108  1937  4443 D ActivityManager: mImportantUids connections =1000 by uid = 10092 ConnectionRecord =ConnectionRecord{b9837d9 u0 CR FGS com.qihoo.appstore/.AppStoreNotificationListenerService:@49ae220}
09-24 13:41:00.113  1937  4443 D ActivityManager: mImportantUids connections =1000 by uid = 10401 ConnectionRecord =ConnectionRecord{c72ca51 u0 CR FGSA io.github.ylimit.droidbotapp/io.github.privacystreams.accessibility.PSAccessibilityService:@802d378}
09-24 13:41:00.113  1937  4443 D ActivityManager: mImportantUids connections =1000 by uid = 10401 ConnectionRecord =ConnectionRecord{9544f08 u0 CR !FG UI !VIS io.github.ylimit.droidbotapp/.DroidBotIME:@c0f2cab}
09-24 13:41:00.114  1937  4443 D ActivityManager: mImportantUids connections =1000 by uid = 10092 ConnectionRecord =ConnectionRecord{b9837d9 u0 CR FGS com.qihoo.appstore/.AppStoreNotificationListenerService:@49ae220}
09-24 13:41:00.121  1937  4443 D ActivityManager: mImportantUids connections =1000 by uid = 10401 ConnectionRecord =ConnectionRecord{c72ca51 u0 CR FGSA io.github.ylimit.droidbotapp/io.github.privacystreams.accessibility.PSAccessibilityService:@802d378}
09-24 13:41:00.121  1937  4443 D ActivityManager: mImportantUids connections =1000 by uid = 10401 ConnectionRecord =ConnectionRecord{9544f08 u0 CR !FG UI !VIS io.github.ylimit.droidbotapp/.DroidBotIME:@c0f2cab}
09-24 13:41:00.122  1937  4443 D ActivityManager: mImportantUids connections =1000 by uid = 10092 ConnectionRecord =ConnectionRecord{b9837d9 u0 CR FGS com.qihoo.appstore/.AppStoreNotificationListenerService:@49ae220}
09-24 13:41:00.128  1937  4443 D ActivityManager: mImportantUids connections =1000 by uid = 10401 ConnectionRecord =ConnectionRecord{c72ca51 u0 CR FGSA io.github.ylimit.droidbotapp/io.github.privacystreams.accessibility.PSAccessibilityService:@802d378}
09-24 13:41:00.128  1937  4443 D ActivityManager: mImportantUids connections =1000 by uid = 10401 ConnectionRecord =ConnectionRecord{9544f08 u0 CR !FG UI !VIS io.github.ylimit.droidbotapp/.DroidBotIME:@c0f2cab}
09-24 13:41:00.129  1937  4443 D ActivityManager: mImportantUids connections =1000 by uid = 10092 ConnectionRecord =ConnectionRecord{b9837d9 u0 CR FGS com.qihoo.appstore/.AppStoreNotificationListenerService:@49ae220}
09-24 13:41:00.133  1937  4443 D ActivityManager: mImportantUids connections =1000 by uid = 10401 ConnectionRecord =ConnectionRecord{c72ca51 u0 CR FGSA io.github.ylimit.droidbotapp/io.github.privacystreams.accessibility.PSAccessibilityService:@802d378}
09-24 13:41:00.134  1937  4443 D ActivityManager: mImportantUids connections =1000 by uid = 10401 ConnectionRecord =ConnectionRecord{9544f08 u0 CR !FG UI !VIS io.github.ylimit.droidbotapp/.DroidBotIME:@c0f2cab}
09-24 13:41:00.134  1937  4443 D ActivityManager: mImportantUids connections =1000 by uid = 10092 ConnectionRecord =ConnectionRecord{b9837d9 u0 CR FGS com.qihoo.appstore/.AppStoreNotificationListenerService:@49ae220}
09-24 13:41:00.140  1937  4443 D ActivityManager: mImportantUids connections =1000 by uid = 10401 ConnectionRecord =ConnectionRecord{c72ca51 u0 CR FGSA io.github.ylimit.droidbotapp/io.github.privacystreams.accessibility.PSAccessibilityService:@802d378}
09-24 13:41:00.140  1937  4443 D ActivityManager: mImportantUids connections =1000 by uid = 10401 ConnectionRecord =ConnectionRecord{9544f08 u0 CR !FG UI !VIS io.github.ylimit.droidbotapp/.DroidBotIME:@c0f2cab}
09-24 13:41:00.140  1937  4443 D ActivityManager: mImportantUids connections =1000 by uid = 10092 ConnectionRecord =ConnectionRecord{b9837d9 u0 CR FGS com.qihoo.appstore/.AppStoreNotificationListenerService:@49ae220}
09-24 13:41:00.146  1937  4443 D ActivityManager: mImportantUids connections =1000 by uid = 10401 ConnectionRecord =ConnectionRecord{c72ca51 u0 CR FGSA io.github.ylimit.droidbotapp/io.github.privacystreams.accessibility.PSAccessibilityService:@802d378}
09-24 13:41:00.146  1937  4443 D ActivityManager: mImportantUids connections =1000 by uid = 10401 ConnectionRecord =ConnectionRecord{9544f08 u0 CR !FG UI !VIS io.github.ylimit.droidbotapp/.DroidBotIME:@c0f2cab}
09-24 13:41:00.146  1937  4443 D ActivityManager: mImportantUids connections =1000 by uid = 10092 ConnectionRecord =ConnectionRecord{b9837d9 u0 CR FGS com.qihoo.appstore/.AppStoreNotificationListenerService:@49ae220}
09-24 13:41:00.151  1937  4443 D ActivityManager: mImportantUids connections =1000 by uid = 10401 ConnectionRecord =ConnectionRecord{c72ca51 u0 CR FGSA io.github.ylimit.droidbotapp/io.github.privacystreams.accessibility.PSAccessibilityService:@802d378}
09-24 13:41:00.151  1937  4443 D ActivityManager: mImportantUids connections =1000 by uid = 10401 ConnectionRecord =ConnectionRecord{9544f08 u0 CR !FG UI !VIS io.github.ylimit.droidbotapp/.DroidBotIME:@c0f2cab}
09-24 13:41:00.151  1937  4443 D ActivityManager: mImportantUids connections =1000 by uid = 10092 ConnectionRecord =ConnectionRecord{b9837d9 u0 CR FGS com.qihoo.appstore/.AppStoreNotificationListenerService:@49ae220}
09-24 13:41:00.157  1937  4443 D ActivityManager: mImportantUids connections =1000 by uid = 10401 ConnectionRecord =ConnectionRecord{c72ca51 u0 CR FGSA io.github.ylimit.droidbotapp/io.github.privacystreams.accessibility.PSAccessibilityService:@802d378}
09-24 13:41:00.157  1937  4443 D ActivityManager: mImportantUids connections =1000 by uid = 10401 ConnectionRecord =ConnectionRecord{9544f08 u0 CR !FG UI !VIS io.github.ylimit.droidbotapp/.DroidBotIME:@c0f2cab}
09-24 13:41:00.158  1937  4443 D ActivityManager: mImportantUids connections =1000 by uid = 10092 ConnectionRecord =ConnectionRecord{b9837d9 u0 CR FGS com.qihoo.appstore/.AppStoreNotificationListenerService:@49ae220}
09-24 13:41:00.162  1937  4443 D ActivityManager: mImportantUids connections =1000 by uid = 10401 ConnectionRecord =ConnectionRecord{c72ca51 u0 CR FGSA io.github.ylimit.droidbotapp/io.github.privacystreams.accessibility.PSAccessibilityService:@802d378}
09-24 13:41:00.162  1937  4443 D ActivityManager: mImportantUids connections =1000 by uid = 10401 ConnectionRecord =ConnectionRecord{9544f08 u0 CR !FG UI !VIS io.github.ylimit.droidbotapp/.DroidBotIME:@c0f2cab}
09-24 13:41:00.163  1937  4443 D ActivityManager: mImportantUids connections =1000 by uid = 10092 ConnectionRecord =ConnectionRecord{b9837d9 u0 CR FGS com.qihoo.appstore/.AppStoreNotificationListenerService:@49ae220}
09-24 13:41:00.167  1937  4443 D ActivityManager: mImportantUids connections =1000 by uid = 10401 ConnectionRecord =ConnectionRecord{c72ca51 u0 CR FGSA io.github.ylimit.droidbotapp/io.github.privacystreams.accessibility.PSAccessibilityService:@802d378}
09-24 13:41:00.167  1937  4443 D ActivityManager: mImportantUids connections =1000 by uid = 10401 ConnectionRecord =ConnectionRecord{9544f08 u0 CR !FG UI !VIS io.github.ylimit.droidbotapp/.DroidBotIME:@c0f2cab}
09-24 13:41:00.168  1937  4443 D ActivityManager: mImportantUids connections =1000 by uid = 10092 ConnectionRecord =ConnectionRecord{b9837d9 u0 CR FGS com.qihoo.appstore/.AppStoreNotificationListenerService:@49ae220}
09-24 13:41:00.172  1937  4443 D ActivityManager: mImportantUids connections =1000 by uid = 10401 ConnectionRecord =ConnectionRecord{c72ca51 u0 CR FGSA io.github.ylimit.droidbotapp/io.github.privacystreams.accessibility.PSAccessibilityService:@802d378}
09-24 13:41:00.172  1937  4443 D ActivityManager: mImportantUids connections =1000 by uid = 10401 ConnectionRecord =ConnectionRecord{9544f08 u0 CR !FG UI !VIS io.github.ylimit.droidbotapp/.DroidBotIME:@c0f2cab}
09-24 13:41:00.172  1937  4443 D ActivityManager: mImportantUids connections =1000 by uid = 10092 ConnectionRecord =ConnectionRecord{b9837d9 u0 CR FGS com.qihoo.appstore/.AppStoreNotificationListenerService:@49ae220}
09-24 13:41:00.177  1937  4443 D ActivityManager: mImportantUids connections =1000 by uid = 10401 ConnectionRecord =ConnectionRecord{c72ca51 u0 CR FGSA io.github.ylimit.droidbotapp/io.github.privacystreams.accessibility.PSAccessibilityService:@802d378}
09-24 13:41:00.177  1937  4443 D ActivityManager: mImportantUids connections =1000 by uid = 10401 ConnectionRecord =ConnectionRecord{9544f08 u0 CR !FG UI !VIS io.github.ylimit.droidbotapp/.DroidBotIME:@c0f2cab}
09-24 13:41:00.177  1937  4443 D ActivityManager: mImportantUids connections =1000 by uid = 10092 ConnectionRecord =ConnectionRecord{b9837d9 u0 CR FGS com.qihoo.appstore/.AppStoreNotificationListenerService:@49ae220}
09-24 13:41:00.182  1937  4443 D ActivityManager: mImportantUids connections =1000 by uid = 10401 ConnectionRecord =ConnectionRecord{c72ca51 u0 CR FGSA io.github.ylimit.droidbotapp/io.github.privacystreams.accessibility.PSAccessibilityService:@802d378}
09-24 13:41:00.182  1937  4443 D ActivityManager: mImportantUids connections =1000 by uid = 10401 ConnectionRecord =ConnectionRecord{9544f08 u0 CR !FG UI !VIS io.github.ylimit.droidbotapp/.DroidBotIME:@c0f2cab}
09-24 13:41:00.182  1937  4443 D ActivityManager: mImportantUids connections =1000 by uid = 10092 ConnectionRecord =ConnectionRecord{b9837d9 u0 CR FGS com.qihoo.appstore/.AppStoreNotificationListenerService:@49ae220}
09-24 13:41:00.187  1937  4443 D ActivityManager: mImportantUids connections =1000 by uid = 10401 ConnectionRecord =ConnectionRecord{c72ca51 u0 CR FGSA io.github.ylimit.droidbotapp/io.github.privacystreams.accessibility.PSAccessibilityService:@802d378}
09-24 13:41:00.187  1937  4443 D ActivityManager: mImportantUids connections =1000 by uid = 10401 ConnectionRecord =ConnectionRecord{9544f08 u0 CR !FG UI !VIS io.github.ylimit.droidbotapp/.DroidBotIME:@c0f2cab}
09-24 13:41:00.188  1937  4443 D ActivityManager: mImportantUids connections =1000 by uid = 10092 ConnectionRecord =ConnectionRecord{b9837d9 u0 CR FGS com.qihoo.appstore/.AppStoreNotificationListenerService:@49ae220}
09-24 13:41:00.584 14206 14206 D AndroidRuntime: >>>>>> START com.android.internal.os.RuntimeInit uid 2000 <<<<<<
09-24 13:41:00.593 14206 14206 D AndroidRuntime: CheckJNI is OFF
09-24 13:41:00.652 14206 14206 D ICU     : No timezone override file found: /data/misc/zoneinfo/current/icu/icu_tzdata.dat
09-24 13:41:00.704 14206 14206 I Radio-JNI: register_android_hardware_Radio DONE
09-24 13:41:00.748 14206 14206 D AndroidRuntime: Calling main entry com.android.commands.input.Input
09-24 13:41:00.752 14206 14206 I Input   : injectMotionEvent: MotionEvent { action=ACTION_DOWN, actionButton=0, id[0]=0, x[0]=540.0, y[0]=1817.0, toolType[0]=TOOL_TYPE_UNKNOWN, buttonState=0, metaState=0, flags=0x0, edgeFlags=0x0, pointerCount=1, historySize=0, eventTime=10090706, downTime=10090706, deviceId=0, source=0x1002 }
09-24 13:41:00.759 14206 14206 I Input   : injectMotionEvent: MotionEvent { action=ACTION_MOVE, actionButton=0, id[0]=0, x[0]=540.0, y[0]=1817.0, toolType[0]=TOOL_TYPE_UNKNOWN, buttonState=0, metaState=0, flags=0x0, edgeFlags=0x0, pointerCount=1, historySize=0, eventTime=10090706, downTime=10090706, deviceId=0, source=0x1002 }
09-24 13:41:00.769 14206 14206 I Input   : injectMotionEvent: MotionEvent { action=ACTION_MOVE, actionButton=0, id[0]=0, x[0]=540.0, y[0]=1817.0, toolType[0]=TOOL_TYPE_UNKNOWN, buttonState=0, metaState=0, flags=0x0, edgeFlags=0x0, pointerCount=1, historySize=0, eventTime=10090725, downTime=10090725, deviceId=0, source=0x1002 }
09-24 13:41:00.786 14206 14206 I Input   : injectMotionEvent: MotionEvent { action=ACTION_MOVE, actionButton=0, id[0]=0, x[0]=540.0, y[0]=1817.0, toolType[0]=TOOL_TYPE_UNKNOWN, buttonState=0, metaState=0, flags=0x0, edgeFlags=0x0, pointerCount=1, historySize=0, eventTime=10090742, downTime=10090742, deviceId=0, source=0x1002 }
09-24 13:41:00.803 14206 14206 I Input   : injectMotionEvent: MotionEvent { action=ACTION_MOVE, actionButton=0, id[0]=0, x[0]=540.0, y[0]=1817.0, toolType[0]=TOOL_TYPE_UNKNOWN, buttonState=0, metaState=0, flags=0x0, edgeFlags=0x0, pointerCount=1, historySize=0, eventTime=10090758, downTime=10090758, deviceId=0, source=0x1002 }
09-24 13:41:00.820 14206 14206 I Input   : injectMotionEvent: MotionEvent { action=ACTION_MOVE, actionButton=0, id[0]=0, x[0]=540.0, y[0]=1817.0, toolType[0]=TOOL_TYPE_UNKNOWN, buttonState=0, metaState=0, flags=0x0, edgeFlags=0x0, pointerCount=1, historySize=0, eventTime=10090775, downTime=10090775, deviceId=0, source=0x1002 }
09-24 13:41:00.838 14206 14206 I Input   : injectMotionEvent: MotionEvent { action=ACTION_MOVE, actionButton=0, id[0]=0, x[0]=540.0, y[0]=1817.0, toolType[0]=TOOL_TYPE_UNKNOWN, buttonState=0, metaState=0, flags=0x0, edgeFlags=0x0, pointerCount=1, historySize=0, eventTime=10090792, downTime=10090792, deviceId=0, source=0x1002 }
09-24 13:41:00.856 14206 14206 I Input   : injectMotionEvent: MotionEvent { action=ACTION_MOVE, actionButton=0, id[0]=0, x[0]=540.0, y[0]=1817.0, toolType[0]=TOOL_TYPE_UNKNOWN, buttonState=0, metaState=0, flags=0x0, edgeFlags=0x0, pointerCount=1, historySize=0, eventTime=10090811, downTime=10090811, deviceId=0, source=0x1002 }
09-24 13:41:00.871 14206 14206 I Input   : injectMotionEvent: MotionEvent { action=ACTION_MOVE, actionButton=0, id[0]=0, x[0]=540.0, y[0]=1817.0, toolType[0]=TOOL_TYPE_UNKNOWN, buttonState=0, metaState=0, flags=0x0, edgeFlags=0x0, pointerCount=1, historySize=0, eventTime=10090826, downTime=10090826, deviceId=0, source=0x1002 }
09-24 13:41:00.888 14206 14206 I Input   : injectMotionEvent: MotionEvent { action=ACTION_MOVE, actionButton=0, id[0]=0, x[0]=540.0, y[0]=1817.0, toolType[0]=TOOL_TYPE_UNKNOWN, buttonState=0, metaState=0, flags=0x0, edgeFlags=0x0, pointerCount=1, historySize=0, eventTime=10090843, downTime=10090843, deviceId=0, source=0x1002 }
09-24 13:41:00.905 14206 14206 I Input   : injectMotionEvent: MotionEvent { action=ACTION_MOVE, actionButton=0, id[0]=0, x[0]=540.0, y[0]=1817.0, toolType[0]=TOOL_TYPE_UNKNOWN, buttonState=0, metaState=0, flags=0x0, edgeFlags=0x0, pointerCount=1, historySize=0, eventTime=10090861, downTime=10090861, deviceId=0, source=0x1002 }
09-24 13:41:00.966 14206 14206 I Input   : injectMotionEvent: MotionEvent { action=ACTION_UP, actionButton=0, id[0]=0, x[0]=540.0, y[0]=1817.0, toolType[0]=TOOL_TYPE_UNKNOWN, buttonState=0, metaState=0, flags=0x0, edgeFlags=0x0, pointerCount=1, historySize=0, eventTime=10090921, downTime=10090921, deviceId=0, source=0x1002 }
09-24 13:41:00.978   552  3809 D APM-AudioPolicyManager: getOutput() device 2, stream 1, samplingRate 0, format 0, channelMask 3, flags 0
09-24 13:41:00.978   552  3809 D AudioPolicyManagerCustom: getOutput() The last flag  8
09-24 13:41:00.979   552  3809 D AudioPolicyManagerCustom: getOutputForDevice() returns output 6
09-24 13:41:00.979   552 26482 D APM-AudioPolicyManager: getOutput() device 2, stream 1, samplingRate 0, format 0, channelMask 3, flags 0
09-24 13:41:00.979   552 26482 D AudioPolicyManagerCustom: getOutput() The last flag  8
09-24 13:41:00.979   552 26482 D AudioPolicyManagerCustom: getOutputForDevice() returns output 6
09-24 13:41:00.980   552  3338 D APM-AudioPolicyManager: startOutput() output 2, stream 1, session 20
09-24 13:41:00.980   552  3338 D AudioPolicyManagerCustom: getNewOutputDevice() selected device 2
09-24 13:41:00.980   552  3338 D APM-AudioPolicyManager: setOutputDevice() device 0002 delayMs 0
09-24 13:41:00.980   552  3341 D audio_hw_primary: out_set_parameters: enter: usecase(1: low-latency-playback) kvpairs: routing=2
09-24 13:41:00.980   552  3341 D audio_hw_extn: audio_extn_set_anc_parameters: anc_enabled:0
09-24 13:41:00.982   552  3338 D APM-AudioPolicyManager: startOutput()--
09-24 13:41:00.992   552  3341 D audio_hw_primary: start_output_stream: enter: stream(0xf2d07f00)usecase(1: low-latency-playback) devices(0x2)
09-24 13:41:00.992   552  3341 D audio_hw_primary: select_devices: out_snd_device(2: speaker) in_snd_device(0: )
09-24 13:41:00.992   552  3341 W msm8974_platform: Codec backend bitwidth 16, samplerate 48000
09-24 13:41:00.992   552  3341 D hardware_info: hw_info_append_hw_type : device_name = speaker
09-24 13:41:00.992   552  3341 D audio_hw_primary: enable_snd_device: snd_device(2: speaker)
09-24 13:41:00.992   552  3341 I soundtrigger: audio_extn_sound_trigger_update_device_status: device 0x2 of type 0 for Event 1, with Raise=0
09-24 13:41:00.992   552  3341 I audio_hw_primary: select_devices Selected apptype: 69937
09-24 13:41:00.992   552  3341 D soundtrigger: audio_extn_sound_trigger_update_stream_status: uc_id 1 of type 0 for Event 3, with Raise=0
09-24 13:41:00.992   552  3341 D ACDB-LOADER: ACDB -> send_audio_cal, acdb_id = 15, path =  0
09-24 13:41:00.992   552  3341 D ACDB-LOADER: ACDB -> AUDIO_SET_AUDPROC_VOL_CAL
09-24 13:41:00.992   552  3341 D ACDB-LOADER: ACDB -> send_hw_delay : acdb_id = 15 path = 0
09-24 13:41:00.993   552  3341 I audio_hw_utils: audio_extn_utils_send_app_type_cfg app_type 69937, acdb_dev_id 15, sample_rate 48000
09-24 13:41:00.993   552  3341 D audio_hw_primary: enable_audio_route: apply mixer and update path: low-latency-playback speaker
09-24 13:41:00.994   552  3341 D audio_hw_primary: select_devices: done
09-24 13:41:00.996   552  3341 D msm8974_platform: platform_set_channel_map mixer_ctl_name:Playback Channel Map15
09-24 13:41:00.997   552  3341 D msm8974_platform: platform_set_channel_map: set mapping(1 2 0 0 0 0 0 0) for channel:2
09-24 13:41:01.005  1937  4353 I ActivityManager: START u0 {cmp=com.heaven.thermo/.AcMain} from uid 10451 pid 14037 on display 0
09-24 13:41:01.006  5113  5113 D AbstractProcessor: onBatteryChange Percent:7 State:2 
09-24 13:41:01.006  1937  4353 V WindowManager: just for Front small Window: = Window{9e1393d u0 com.qihoo.appstore}
09-24 13:41:01.006  1937  1937 I DeviceIdleController: updateChargingLocked: charging=true
09-24 13:41:01.006  1937  1937 I DeviceIdleController: becomeActiveLocked, reason = charging
09-24 13:41:01.012  1937  4353 V WindowManager: just for Front small Window: = Window{9e1393d u0 com.qihoo.appstore}
09-24 13:41:01.016  1937  4353 V WindowManager: just for Front small Window: = Window{9e1393d u0 com.qihoo.appstore}
09-24 13:41:01.027 14206 14206 D AndroidRuntime: Shutting down VM
09-24 13:41:01.028  3689  3689 I StatusBarIconController:  appTransitionPending
09-24 13:41:01.031 14037 14219 E AbstractTracker: Can't create handler inside thread that has not called Looper.prepare()
09-24 13:41:01.031 14037 14219 D AppTracker: App Event: stop
09-24 13:41:01.032  1937  4443 D ActivityManager: mImportantUids connections =1000 by uid = 10401 ConnectionRecord =ConnectionRecord{c72ca51 u0 CR FGSA io.github.ylimit.droidbotapp/io.github.privacystreams.accessibility.PSAccessibilityService:@802d378}
09-24 13:41:01.032  1937  4443 D ActivityManager: mImportantUids connections =1000 by uid = 10401 ConnectionRecord =ConnectionRecord{9544f08 u0 CR !FG UI !VIS io.github.ylimit.droidbotapp/.DroidBotIME:@c0f2cab}
09-24 13:41:01.032  1937  4443 D ActivityManager: mImportantUids connections =1000 by uid = 10092 ConnectionRecord =ConnectionRecord{b9837d9 u0 CR FGS com.qihoo.appstore/.AppStoreNotificationListenerService:@49ae220}
09-24 13:41:01.043  3689  3689 I StatusBarIconController:  appTransitionPending
09-24 13:41:01.051   552  3341 D audio_hw_primary: start_output_stream: exit
09-24 13:41:01.058   863   863 I MSM-irqbalance: Decided to move IRQ137 from CPU0 to CPU1
09-24 13:41:01.174 14037 14233 W Settings: Setting install_non_market_apps has moved from android.provider.Settings.Global to android.provider.Settings.Secure, returning read-only value.
09-24 13:41:01.182 14037 14234 W Settings: Setting install_non_market_apps has moved from android.provider.Settings.Global to android.provider.Settings.Secure, returning read-only value.
09-24 13:41:01.198 14037 14234 I DpmTcmClient: RegisterTcmMonitor from: com.android.okhttp.TcmIdleTimerMonitor
09-24 13:41:01.210  1937  3354 D ActivityManager: mImportantUids connections =1000 by uid = 10401 ConnectionRecord =ConnectionRecord{c72ca51 u0 CR FGSA io.github.ylimit.droidbotapp/io.github.privacystreams.accessibility.PSAccessibilityService:@802d378}
09-24 13:41:01.211  1937  3354 D ActivityManager: mImportantUids connections =1000 by uid = 10401 ConnectionRecord =ConnectionRecord{9544f08 u0 CR !FG UI !VIS io.github.ylimit.droidbotapp/.DroidBotIME:@c0f2cab}
09-24 13:41:01.211  1937  3354 D ActivityManager: mImportantUids connections =1000 by uid = 10092 ConnectionRecord =ConnectionRecord{b9837d9 u0 CR FGS com.qihoo.appstore/.AppStoreNotificationListenerService:@49ae220}
09-24 13:41:01.218  1937  4456 D ActivityManager: mImportantUids connections =1000 by uid = 10401 ConnectionRecord =ConnectionRecord{c72ca51 u0 CR FGSA io.github.ylimit.droidbotapp/io.github.privacystreams.accessibility.PSAccessibilityService:@802d378}
09-24 13:41:01.218  1937  4456 D ActivityManager: mImportantUids connections =1000 by uid = 10401 ConnectionRecord =ConnectionRecord{9544f08 u0 CR !FG UI !VIS io.github.ylimit.droidbotapp/.DroidBotIME:@c0f2cab}
09-24 13:41:01.219  1937  4456 D ActivityManager: mImportantUids connections =1000 by uid = 10092 ConnectionRecord =ConnectionRecord{b9837d9 u0 CR FGS com.qihoo.appstore/.AppStoreNotificationListenerService:@49ae220}
09-24 13:41:01.230  1937  4456 D ActivityManager: mImportantUids connections =1000 by uid = 10401 ConnectionRecord =ConnectionRecord{c72ca51 u0 CR FGSA io.github.ylimit.droidbotapp/io.github.privacystreams.accessibility.PSAccessibilityService:@802d378}
09-24 13:41:01.230  1937  4456 D ActivityManager: mImportantUids connections =1000 by uid = 10401 ConnectionRecord =ConnectionRecord{9544f08 u0 CR !FG UI !VIS io.github.ylimit.droidbotapp/.DroidBotIME:@c0f2cab}
09-24 13:41:01.230  1937  4456 D ActivityManager: mImportantUids connections =1000 by uid = 10092 ConnectionRecord =ConnectionRecord{b9837d9 u0 CR FGS com.qihoo.appstore/.AppStoreNotificationListenerService:@49ae220}
09-24 13:41:01.299  1937  4386 I ActivityManager: START u0 {cmp=com.heaven.thermo/.AcRateMeWith5Stars} from uid 10451 pid 14037 on display 0
09-24 13:41:01.299  1937  4386 V WindowManager: just for Front small Window: = Window{9e1393d u0 com.qihoo.appstore}
09-24 13:41:01.301  3689  3689 I StatusBarIconController:  appTransitionPending
09-24 13:41:01.305  1937  4386 V WindowManager: just for Front small Window: = Window{9e1393d u0 com.qihoo.appstore}
09-24 13:41:01.308   552  3338 D APM-AudioPolicyManager: stopOutput() output 2, stream 1, session 20
09-24 13:41:01.308   552  3338 D AudioPolicyManagerCustom: getNewOutputDevice() selected device 0
09-24 13:41:01.308   552  3338 D APM-AudioPolicyManager: setOutputDevice() device 0000 delayMs 96
09-24 13:41:01.309  1937  4386 V WindowManager: just for Front small Window: = Window{9e1393d u0 com.qihoo.appstore}
09-24 13:41:01.349  1937  4329 V WindowManager: just for Front small Window: = Window{9e1393d u0 com.qihoo.appstore}
09-24 13:41:01.350   358   358 W auditd  : type=1400 "Binder_5""socket:[602109]""sockfs"
09-24 13:41:01.351   358   358 W auditd  : type=1400 "Binder_5""socket:[602109]""sockfs"
09-24 13:41:01.354 14037 14037 I WebViewFactory: Loading com.google.android.webview version 52.0.2743.98 (code 275609850)
09-24 13:41:01.393 14037 14037 W System  : ClassLoader referenced unknown path: /system/app/WebViewGoogle/lib/arm64
09-24 13:41:01.398 14037 14037 E Theme   : Different package name.com.heaven.thermo,com.google.android.webview
09-24 13:41:01.410 14037 14037 I art     : Rejecting re-init on previously-failed class java.lang.Class<com.android.webview.chromium.ServiceWorkerControllerAdapter>
09-24 13:41:01.411 14037 14037 I art     : Rejecting re-init on previously-failed class java.lang.Class<com.android.webview.chromium.ServiceWorkerControllerAdapter>
09-24 13:41:01.415 14037 14037 I art     : Rejecting re-init on previously-failed class java.lang.Class<com.android.webview.chromium.TokenBindingManagerAdapter>
09-24 13:41:01.415 14037 14037 I art     : Rejecting re-init on previously-failed class java.lang.Class<com.android.webview.chromium.TokenBindingManagerAdapter>
09-24 13:41:01.426 14037 14037 I cr_LibraryLoader: Time to load native libraries: 3 ms (timestamps 1378-1381)
09-24 13:41:01.426 14037 14037 I cr_LibraryLoader: Expected native library version number "52.0.2743.98", actual native library version number "52.0.2743.98"
09-24 13:41:01.435 14037 14037 V WebViewChromiumFactoryProvider: Binding Chromium to main looper Looper (main, tid 1) {db031f5}
09-24 13:41:01.435 14037 14037 I cr_LibraryLoader: Expected native library version number "52.0.2743.98", actual native library version number "52.0.2743.98"
09-24 13:41:01.435 14037 14037 I chromium: [INFO:library_loader_hooks.cc(143)] Chromium logging enabled: level = 0, default verbosity = 0
09-24 13:41:01.460 14037 14037 I cr_BrowserStartup: Initializing chromium process, singleProcess=true
09-24 13:41:01.463  3950  3950 D wpa_supplicant: wlan0: Control interface command 'SIGNAL_POLL'
09-24 13:41:01.465  3950  3950 D wpa_supplicant: CTRL-DEBUG: global_ctrl_sock-sendto: sock=12 sndbuf=212992 outq=0 send_len=48
09-24 13:41:01.538 14037 14249 W cr_media: Requires BLUETOOTH permission
09-24 13:41:01.546 14037 14253 E ActivityThread: Failed to find provider info for com.google.settings
09-24 13:41:01.585  1937  3351 D ConnectivityService: listenForNetwork for Listen from uid/pid:10451/14037 for NetworkRequest [ id=80, legacyType=-1, [ Capabilities: INTERNET&NOT_RESTRICTED&TRUSTED] ]
09-24 13:41:01.586  1937  3592 D ConnectivityService: rematching NetworkAgentInfo [WIFI () - 100]
09-24 13:41:01.586  1937  3592 D ConnectivityService:  network has: [ Transports: WIFI Capabilities: INTERNET&NOT_RESTRICTED&TRUSTED&NOT_VPN&VALIDATED LinkUpBandwidth>=1048576Kbps LinkDnBandwidth>=1048576Kbps SignalStrength: -59]
09-24 13:41:01.586  1937  3592 D ConnectivityService: Network NetworkAgentInfo [WIFI () - 100] was already satisfying request 1. No change.
09-24 13:41:01.586  1937  3592 D ConnectivityService:   checking if request is satisfied: NetworkRequest [ id=80, legacyType=-1, [ Capabilities: INTERNET&NOT_RESTRICTED&TRUSTED] ]
09-24 13:41:01.586  1937  3592 D ConnectivityService:   checking if request is satisfied: NetworkRequest [ id=4, legacyType=-1, [ Transports: WIFI Capabilities: INTERNET&NOT_RESTRICTED&TRUSTED&NOT_VPN] ]
09-24 13:41:01.586  1937  3592 D ConnectivityService:   checking if request is satisfied: NetworkRequest [ id=3, legacyType=-1, [] ]
09-24 13:41:01.586  1937  3592 D ConnectivityService:   checking if request is satisfied: NetworkRequest [ id=5, legacyType=-1, [ Transports: CELLULAR Capabilities: INTERNET&NOT_RESTRICTED&TRUSTED&NOT_VPN] ]
09-24 13:41:01.586  1937  3592 D ConnectivityService: sending notification AVAILABLE for NetworkRequest [ id=80, legacyType=-1, [ Capabilities: INTERNET&NOT_RESTRICTED&TRUSTED] ]
09-24 13:41:01.608 14037 14037 W cr_AwContents: onDetachedFromWindow called when already detached. Ignoring
09-24 13:41:01.659 14037 14037 E Parcel  : Reading a NULL string not supported here.
09-24 13:41:01.666 14037 14037 E Parcel  : Reading a NULL string not supported here.
09-24 13:41:01.707 14037 14037 W cr_AwContents: onDetachedFromWindow called when already detached. Ignoring
09-24 13:41:01.728 14037 14037 W cr_AwContents: onDetachedFromWindow called when already detached. Ignoring
09-24 13:41:01.740 14037 14258 E AbstractTracker: Can't create handler inside thread that has not called Looper.prepare()
09-24 13:41:01.740 14037 14258 D AppTracker: App Event: start
09-24 13:41:01.745   358   358 W auditd  : type=1400 "Binder_F""socket:[605198]""sockfs"
09-24 13:41:01.746   358   358 W auditd  : type=1400 "Binder_F""socket:[605198]""sockfs"
09-24 13:41:01.756 14037 14259 E AbstractTracker: Can't create handler inside thread that has not called Looper.prepare()
09-24 13:41:01.756 14037 14259 D AppTracker: App Event: stop
09-24 13:41:01.761  1937  4443 D ActivityManager: mImportantUids connections =1000 by uid = 10401 ConnectionRecord =ConnectionRecord{c72ca51 u0 CR FGSA io.github.ylimit.droidbotapp/io.github.privacystreams.accessibility.PSAccessibilityService:@802d378}
09-24 13:41:01.761  1937  4443 D ActivityManager: mImportantUids connections =1000 by uid = 10401 ConnectionRecord =ConnectionRecord{9544f08 u0 CR !FG UI !VIS io.github.ylimit.droidbotapp/.DroidBotIME:@c0f2cab}
09-24 13:41:01.761  1937  4443 D ActivityManager: mImportantUids connections =1000 by uid = 10092 ConnectionRecord =ConnectionRecord{b9837d9 u0 CR FGS com.qihoo.appstore/.AppStoreNotificationListenerService:@49ae220}
09-24 13:41:01.766  3689  3689 I StatusBarIconController:  appTransitionPending
09-24 13:41:01.786  1937  4456 V WindowManager: just for Front small Window: = Window{9e1393d u0 com.qihoo.appstore}
09-24 13:41:01.804  1937  3351 V WindowManager: just for Front small Window: = Window{9e1393d u0 com.qihoo.appstore}
09-24 13:41:01.839  1937  3351 D ConnectivityService: listenForNetwork for Listen from uid/pid:10451/14037 for NetworkRequest [ id=81, legacyType=-1, [ Capabilities: INTERNET&NOT_RESTRICTED&TRUSTED] ]
09-24 13:41:01.839  1937  3592 D ConnectivityService: rematching NetworkAgentInfo [WIFI () - 100]
09-24 13:41:01.839  1937  3592 D ConnectivityService:  network has: [ Transports: WIFI Capabilities: INTERNET&NOT_RESTRICTED&TRUSTED&NOT_VPN&VALIDATED LinkUpBandwidth>=1048576Kbps LinkDnBandwidth>=1048576Kbps SignalStrength: -59]
09-24 13:41:01.839  1937  3592 D ConnectivityService: Network NetworkAgentInfo [WIFI () - 100] was already satisfying request 1. No change.
09-24 13:41:01.839  1937  3592 D ConnectivityService:   checking if request is satisfied: NetworkRequest [ id=80, legacyType=-1, [ Capabilities: INTERNET&NOT_RESTRICTED&TRUSTED] ]
09-24 13:41:01.839  1937  3592 D ConnectivityService:   checking if request is satisfied: NetworkRequest [ id=4, legacyType=-1, [ Transports: WIFI Capabilities: INTERNET&NOT_RESTRICTED&TRUSTED&NOT_VPN] ]
09-24 13:41:01.839  1937  3592 D ConnectivityService:   checking if request is satisfied: NetworkRequest [ id=3, legacyType=-1, [] ]
09-24 13:41:01.839  1937  3592 D ConnectivityService:   checking if request is satisfied: NetworkRequest [ id=5, legacyType=-1, [ Transports: CELLULAR Capabilities: INTERNET&NOT_RESTRICTED&TRUSTED&NOT_VPN] ]
09-24 13:41:01.839  1937  3592 D ConnectivityService:   checking if request is satisfied: NetworkRequest [ id=81, legacyType=-1, [ Capabilities: INTERNET&NOT_RESTRICTED&TRUSTED] ]
09-24 13:41:01.840  1937  3592 D ConnectivityService: sending notification AVAILABLE for NetworkRequest [ id=81, legacyType=-1, [ Capabilities: INTERNET&NOT_RESTRICTED&TRUSTED] ]
09-24 13:41:01.896 14037 14051 E AbstractTracker: Can't create handler inside thread that has not called Looper.prepare()
09-24 13:41:01.900   358   358 W auditd  : type=1400 "Binder_A""socket:[603490]""sockfs"
09-24 13:41:01.896 14037 14051 D AppTracker: App Event: start
09-24 13:41:01.900   358   358 W auditd  : type=1400 "Binder_A""socket:[603490]""sockfs"
09-24 13:41:02.115  1937  4336 V WindowManager: just for Front small Window: = Window{9e1393d u0 com.qihoo.appstore}
09-24 13:41:02.181 30869 30884 D PrivacyStreams: Accepted a socket client.
09-24 13:41:02.184 14037 14290 W Settings: Setting install_non_market_apps has moved from android.provider.Settings.Global to android.provider.Settings.Secure, returning read-only value.
09-24 13:41:02.185 14037 14287 W Settings: Setting install_non_market_apps has moved from android.provider.Settings.Global to android.provider.Settings.Secure, returning read-only value.
09-24 13:41:02.188 14037 14289 W Settings: Setting install_non_market_apps has moved from android.provider.Settings.Global to android.provider.Settings.Secure, returning read-only value.
09-24 13:41:02.264  1937  3361 V WindowManager: just for Front small Window: = Window{9e1393d u0 com.qihoo.appstore}
09-24 13:41:02.267   358   358 W auditd  : type=1400 "Binder_4""socket:[604170]""sockfs"
09-24 13:41:02.267   358   358 W auditd  : type=1400 "Binder_4""socket:[604170]""sockfs"
09-24 13:41:02.274  1937  3361 I ActivityManager: Displayed com.heaven.thermo/.AcRateMeWith5Stars: +514ms (total +1s243ms)
09-24 13:41:02.275  3689  3689 I StatusBarIconController: appTransitionStarting
09-24 13:41:02.306  1937  4388 V WindowManager: just for Front small Window: = Window{9e1393d u0 com.qihoo.appstore}
09-24 13:41:02.325  1937  4369 D ActivityManager: mImportantUids connections =1000 by uid = 10401 ConnectionRecord =ConnectionRecord{c72ca51 u0 CR FGSA io.github.ylimit.droidbotapp/io.github.privacystreams.accessibility.PSAccessibilityService:@802d378}
09-24 13:41:02.325  1937  4369 D ActivityManager: mImportantUids connections =1000 by uid = 10401 ConnectionRecord =ConnectionRecord{9544f08 u0 CR !FG UI !VIS io.github.ylimit.droidbotapp/.DroidBotIME:@c0f2cab}
09-24 13:41:02.325  1937  4369 D ActivityManager: mImportantUids connections =1000 by uid = 10092 ConnectionRecord =ConnectionRecord{b9837d9 u0 CR FGS com.qihoo.appstore/.AppStoreNotificationListenerService:@49ae220}
09-24 13:41:02.340  1937  4369 D ActivityManager: mImportantUids connections =1000 by uid = 10401 ConnectionRecord =ConnectionRecord{c72ca51 u0 CR FGSA io.github.ylimit.droidbotapp/io.github.privacystreams.accessibility.PSAccessibilityService:@802d378}
09-24 13:41:02.342  1937  4369 D ActivityManager: mImportantUids connections =1000 by uid = 10401 ConnectionRecord =ConnectionRecord{9544f08 u0 CR !FG UI !VIS io.github.ylimit.droidbotapp/.DroidBotIME:@c0f2cab}
09-24 13:41:02.343  1937  4369 D ActivityManager: mImportantUids connections =1000 by uid = 10092 ConnectionRecord =ConnectionRecord{b9837d9 u0 CR FGS com.qihoo.appstore/.AppStoreNotificationListenerService:@49ae220}
09-24 13:41:02.511 14037 14037 W cr_AwContents: onDetachedFromWindow called when already detached. Ignoring
09-24 13:41:02.522 14037 14294 W Settings: Setting install_non_market_apps has moved from android.provider.Settings.Global to android.provider.Settings.Secure, returning read-only value.
09-24 13:41:02.541 14037 14037 W cr_AwContents: onDetachedFromWindow called when already detached. Ignoring
09-24 13:41:02.554 14037 14037 I cr_Ime  : ImeThread is not enabled.
09-24 13:41:02.560  1937  3361 V WindowManager: just for Front small Window: = Window{9e1393d u0 com.qihoo.appstore}
09-24 13:41:02.570  1937  3354 D ActivityManager: mImportantUids connections =1000 by uid = 10401 ConnectionRecord =ConnectionRecord{c72ca51 u0 CR FGSA io.github.ylimit.droidbotapp/io.github.privacystreams.accessibility.PSAccessibilityService:@802d378}
09-24 13:41:02.570  1937  3354 D ActivityManager: mImportantUids connections =1000 by uid = 10401 ConnectionRecord =ConnectionRecord{9544f08 u0 CR !FG UI !VIS io.github.ylimit.droidbotapp/.DroidBotIME:@c0f2cab}
09-24 13:41:02.571  1937  3354 D ActivityManager: mImportantUids connections =1000 by uid = 10092 ConnectionRecord =ConnectionRecord{b9837d9 u0 CR FGS com.qihoo.appstore/.AppStoreNotificationListenerService:@49ae220}
09-24 13:41:02.591  1937  4369 V WindowManager: just for Front small Window: = Window{9e1393d u0 com.qihoo.appstore}
09-24 13:41:02.609  1937  4329 D ActivityManager: mImportantUids connections =1000 by uid = 10401 ConnectionRecord =ConnectionRecord{c72ca51 u0 CR FGSA io.github.ylimit.droidbotapp/io.github.privacystreams.accessibility.PSAccessibilityService:@802d378}
09-24 13:41:02.609  1937  4329 D ActivityManager: mImportantUids connections =1000 by uid = 10401 ConnectionRecord =ConnectionRecord{9544f08 u0 CR !FG UI !VIS io.github.ylimit.droidbotapp/.DroidBotIME:@c0f2cab}
09-24 13:41:02.609  1937  4329 D ActivityManager: mImportantUids connections =1000 by uid = 10092 ConnectionRecord =ConnectionRecord{b9837d9 u0 CR FGS com.qihoo.appstore/.AppStoreNotificationListenerService:@49ae220}
