09-24 13:41:19.801 14037 14037 W ResourceType: No known package when getting name for resource number 0x57f00000
09-24 13:41:19.802 14037 14037 W ResourceType: No known package when getting name for resource number 0x57f00001
09-24 13:41:19.810 14037 14037 W ResourceType: No known package when getting name for resource number 0x57f00000
09-24 13:41:19.810 14037 14037 W ResourceType: No known package when getting name for resource number 0x57f00001
09-24 13:41:19.812 14037 14037 W ResourceType: No known package when getting name for resource number 0x57f00000
09-24 13:41:19.813 14037 14037 W ResourceType: No known package when getting name for resource number 0x57f00001
09-24 13:41:19.817 14037 14037 W ResourceType: No known package when getting name for resource number 0x57f00000
09-24 13:41:19.817 14037 14037 W ResourceType: No known package when getting name for resource number 0x57f00001
09-24 13:41:19.824 14037 14037 W ResourceType: No known package when getting name for resource number 0x57f00000
09-24 13:41:19.825 14037 14037 W ResourceType: No known package when getting name for resource number 0x57f00001
09-24 13:41:19.845 14037 14037 W cr_BindingManager: Cannot call determinedVisibility() - never saw a connection for the pid: 14037
09-24 13:41:19.847 14037 14037 W ResourceType: No known package when getting name for resource number 0x57f00000
09-24 13:41:19.847 14037 14037 W ResourceType: No known package when getting name for resource number 0x57f00001
09-24 13:41:19.850 14037 14037 W ResourceType: No known package when getting name for resource number 0x57f00000
09-24 13:41:19.851 14037 14037 W ResourceType: No known package when getting name for resource number 0x57f00001
09-24 13:41:20.026 14037 14037 W ResourceType: No known package when getting name for resource number 0x57f00000
09-24 13:41:20.026 14037 14037 W ResourceType: No known package when getting name for resource number 0x57f00001
09-24 13:41:20.075 14037 14037 W ResourceType: No known package when getting name for resource number 0x57f00000
09-24 13:41:20.076 14037 14037 W ResourceType: No known package when getting name for resource number 0x57f00001
09-24 13:41:20.240  1937  3361 V WindowManager: just for Front small Window: = Window{9e1393d u0 com.qihoo.appstore}
09-24 13:41:20.247  1937  3354 D ActivityManager: mImportantUids connections =1000 by uid = 10401 ConnectionRecord =ConnectionRecord{c72ca51 u0 CR FGSA io.github.ylimit.droidbotapp/io.github.privacystreams.accessibility.PSAccessibilityService:@802d378}
09-24 13:41:20.247  1937  3354 D ActivityManager: mImportantUids connections =1000 by uid = 10401 ConnectionRecord =ConnectionRecord{9544f08 u0 CR !FG UI !VIS io.github.ylimit.droidbotapp/.DroidBotIME:@c0f2cab}
09-24 13:41:20.247  1937  3354 D ActivityManager: mImportantUids connections =1000 by uid = 10092 ConnectionRecord =ConnectionRecord{b9837d9 u0 CR FGS com.qihoo.appstore/.AppStoreNotificationListenerService:@49ae220}
09-24 13:41:20.281  1937  4388 D ActivityManager: mImportantUids connections =1000 by uid = 10401 ConnectionRecord =ConnectionRecord{c72ca51 u0 CR FGSA io.github.ylimit.droidbotapp/io.github.privacystreams.accessibility.PSAccessibilityService:@802d378}
09-24 13:41:20.281  1937  4388 D ActivityManager: mImportantUids connections =1000 by uid = 10401 ConnectionRecord =ConnectionRecord{9544f08 u0 CR !FG UI !VIS io.github.ylimit.droidbotapp/.DroidBotIME:@c0f2cab}
09-24 13:41:20.282  1937  4388 D ActivityManager: mImportantUids connections =1000 by uid = 10092 ConnectionRecord =ConnectionRecord{b9837d9 u0 CR FGS com.qihoo.appstore/.AppStoreNotificationListenerService:@49ae220}
09-24 13:41:20.292  3689  3689 D SystemServicesProxy: exclude com.heaven.thermo
09-24 13:41:20.292  3689  3689 D SystemServicesProxy: exclude com.android.systemui
09-24 13:41:20.292  3689  3689 D SystemServicesProxy: exclude com.android.settings
09-24 13:41:20.292  3689  3689 D SystemServicesProxy: exclude com.android.packageinstaller
09-24 13:41:20.292  3689  3689 D SystemServicesProxy: exclude android
09-24 13:41:20.292  3689  3689 D SystemServicesProxy: exclude android
09-24 13:41:20.292  3689  3689 D SystemServicesProxy: add 11 Task
09-24 13:41:20.292  3689  3689 D RecentsTaskLoadPlan: preloadPlan, 11
09-24 13:41:20.317 14037 14037 W ResourceType: No known package when getting name for resource number 0x57f00000
09-24 13:41:20.317 14037 14037 W ResourceType: No known package when getting name for resource number 0x57f00001
09-24 13:41:20.334 14037 14037 W ResourceType: No known package when getting name for resource number 0x57f00000
09-24 13:41:20.334  1937  4385 D ActivityManager: mImportantUids connections =1000 by uid = 10401 ConnectionRecord =ConnectionRecord{c72ca51 u0 CR FGSA io.github.ylimit.droidbotapp/io.github.privacystreams.accessibility.PSAccessibilityService:@802d378}
09-24 13:41:20.335  1937  4385 D ActivityManager: mImportantUids connections =1000 by uid = 10401 ConnectionRecord =ConnectionRecord{9544f08 u0 CR !FG UI !VIS io.github.ylimit.droidbotapp/.DroidBotIME:@c0f2cab}
09-24 13:41:20.335 14037 14037 W ResourceType: No known package when getting name for resource number 0x57f00001
09-24 13:41:20.335  1937  4385 D ActivityManager: mImportantUids connections =1000 by uid = 10092 ConnectionRecord =ConnectionRecord{b9837d9 u0 CR FGS com.qihoo.appstore/.AppStoreNotificationListenerService:@49ae220}
09-24 13:41:20.350 14037 14037 W ResourceType: No known package when getting name for resource number 0x57f00000
09-24 13:41:20.351 14037 14037 W ResourceType: No known package when getting name for resource number 0x57f00001
09-24 13:41:20.355 14037 14037 W ResourceType: No known package when getting name for resource number 0x57f00000
09-24 13:41:20.356 14037 14037 W ResourceType: No known package when getting name for resource number 0x57f00001
09-24 13:41:20.367 14037 14037 W ResourceType: No known package when getting name for resource number 0x57f00000
09-24 13:41:20.368 14037 14037 W ResourceType: No known package when getting name for resource number 0x57f00001
09-24 13:41:20.371 14037 14037 W ResourceType: No known package when getting name for resource number 0x57f00000
09-24 13:41:20.371 14037 14037 W ResourceType: No known package when getting name for resource number 0x57f00001
09-24 13:41:20.382 14037 14037 W ResourceType: No known package when getting name for resource number 0x57f00000
09-24 13:41:20.383 14037 14037 W ResourceType: No known package when getting name for resource number 0x57f00001
09-24 13:41:20.387 14037 14037 W ResourceType: No known package when getting name for resource number 0x57f00000
09-24 13:41:20.388 14037 14037 W ResourceType: No known package when getting name for resource number 0x57f00001
09-24 13:41:20.405 14037 14037 W ResourceType: No known package when getting name for resource number 0x57f00000
09-24 13:41:20.407 14037 14037 W ResourceType: No known package when getting name for resource number 0x57f00001
09-24 13:41:20.416 14037 14037 W ResourceType: No known package when getting name for resource number 0x57f00000
09-24 13:41:20.417 14037 14037 W ResourceType: No known package when getting name for resource number 0x57f00001
09-24 13:41:20.422 14037 14037 W ResourceType: No known package when getting name for resource number 0x57f00000
09-24 13:41:20.422 14037 14037 W ResourceType: No known package when getting name for resource number 0x57f00001
09-24 13:41:20.433 14037 14037 W ResourceType: No known package when getting name for resource number 0x57f00000
09-24 13:41:20.434 14037 14037 W ResourceType: No known package when getting name for resource number 0x57f00001
09-24 13:41:20.439 14037 14037 W ResourceType: No known package when getting name for resource number 0x57f00000
09-24 13:41:20.440 14037 14037 W ResourceType: No known package when getting name for resource number 0x57f00001
09-24 13:41:20.452 14037 14037 W ResourceType: No known package when getting name for resource number 0x57f00000
09-24 13:41:20.453 14037 14037 W ResourceType: No known package when getting name for resource number 0x57f00001
09-24 13:41:20.463 14037 14037 W ResourceType: No known package when getting name for resource number 0x57f00000
09-24 13:41:20.463 14037 14037 W ResourceType: No known package when getting name for resource number 0x57f00001
09-24 13:41:20.466 14037 14037 W ResourceType: No known package when getting name for resource number 0x57f00000
09-24 13:41:20.467 14037 14037 W ResourceType: No known package when getting name for resource number 0x57f00001
09-24 13:41:20.472 14037 14037 W ResourceType: No known package when getting name for resource number 0x57f00000
09-24 13:41:20.473 14037 14037 W ResourceType: No known package when getting name for resource number 0x57f00001
09-24 13:41:20.485 14037 14037 W ResourceType: No known package when getting name for resource number 0x57f00000
09-24 13:41:20.485 14037 14037 W ResourceType: No known package when getting name for resource number 0x57f00001
09-24 13:41:20.490 14037 14037 W ResourceType: No known package when getting name for resource number 0x57f00000
09-24 13:41:20.490 14037 14037 W ResourceType: No known package when getting name for resource number 0x57f00001
09-24 13:41:20.500 14037 14037 W ResourceType: No known package when getting name for resource number 0x57f00000
09-24 13:41:20.501 14037 14037 W ResourceType: No known package when getting name for resource number 0x57f00001
09-24 13:41:20.505 14037 14037 W ResourceType: No known package when getting name for resource number 0x57f00000
09-24 13:41:20.505 14037 14037 W ResourceType: No known package when getting name for resource number 0x57f00001
09-24 13:41:20.512 14037 14037 W ResourceType: No known package when getting name for resource number 0x57f00000
09-24 13:41:20.513 14037 14037 W ResourceType: No known package when getting name for resource number 0x57f00001
09-24 13:41:20.516 14037 14037 W ResourceType: No known package when getting name for resource number 0x57f00000
09-24 13:41:20.517 14037 14037 W ResourceType: No known package when getting name for resource number 0x57f00001
09-24 13:41:20.520 14037 14037 W ResourceType: No known package when getting name for resource number 0x57f00000
09-24 13:41:20.521 14037 14037 W ResourceType: No known package when getting name for resource number 0x57f00001
09-24 13:41:20.535 14037 14037 W ResourceType: No known package when getting name for resource number 0x57f00000
09-24 13:41:20.535 14037 14037 W ResourceType: No known package when getting name for resource number 0x57f00001
09-24 13:41:20.538 14037 14037 W ResourceType: No known package when getting name for resource number 0x57f00000
09-24 13:41:20.539 14037 14037 W ResourceType: No known package when getting name for resource number 0x57f00001
09-24 13:41:20.634  1937  3585 D NtpTrustedTime: currentTimeMillis() cache hit
09-24 13:41:20.640  1937  3585 I TetherStatsReporting: getTetherStats() called NetworkStats: elapsedRealtime=10110590
09-24 13:41:20.640  1937  3585 I TetherStatsReporting:   [0] iface=wlan0 uid=0 set=DEFAULT tag=0x0 rxBytes=970640 rxPackets=2980 txBytes=128305 txPackets=2527 operations=0
09-24 13:41:20.640  1937  3585 I TetherStatsReporting:   [1] iface=wlan0 uid=0 set=FOREGROUND tag=0x0 rxBytes=0 rxPackets=0 txBytes=0 txPackets=0 operations=0
09-24 13:41:20.640  1937  3585 I TetherStatsReporting:   [2] iface=wlan0 uid=1000 set=DEFAULT tag=0x0 rxBytes=47910 rxPackets=220 txBytes=117354 txPackets=323 operations=0
09-24 13:41:20.640  1937  3585 I TetherStatsReporting:   [3] iface=wlan0 uid=1000 set=FOREGROUND tag=0x0 rxBytes=0 rxPackets=0 txBytes=0 txPackets=0 operations=0
09-24 13:41:20.640  1937  3585 I TetherStatsReporting:   [4] iface=wlan0 uid=10002 set=DEFAULT tag=0x0 rxBytes=1155 rxPackets=4 txBytes=552 txPackets=5 operations=0
09-24 13:41:20.640  1937  3585 I TetherStatsReporting:   [5] iface=wlan0 uid=10002 set=FOREGROUND tag=0x0 rxBytes=0 rxPackets=0 txBytes=0 txPackets=0 operations=0
09-24 13:41:20.640  1937  3585 I TetherStatsReporting:   [6] iface=wlan0 uid=10013 set=DEFAULT tag=0x0 rxBytes=114414 rxPackets=969 txBytes=263846 txPackets=1616 operations=0
09-24 13:41:20.640  1937  3585 I TetherStatsReporting:   [7] iface=wlan0 uid=10013 set=FOREGROUND tag=0x0 rxBytes=20396270 rxPackets=15557 txBytes=727998 txPackets=15179 operations=0
09-24 13:41:20.640  1937  3585 I TetherStatsReporting:   [8] iface=wlan0 uid=10062 set=DEFAULT tag=0x0 rxBytes=30381 rxPackets=131 txBytes=31741 txPackets=268 operations=0
09-24 13:41:20.640  1937  3585 I TetherStatsReporting:   [9] iface=wlan0 uid=10062 set=FOREGROUND tag=0x0 rxBytes=2880100 rxPackets=2729 txBytes=327799 txPackets=3028 operations=0
09-24 13:41:20.640  1937  3585 I TetherStatsReporting:   [10] iface=wlan0 uid=10066 set=DEFAULT tag=0x0 rxBytes=3322 rxPackets=15 txBytes=3487 txPackets=20 operations=0
09-24 13:41:20.640  1937  3585 I TetherStatsReporting:   [11] iface=wlan0 uid=10066 set=FOREGROUND tag=0x0 rxBytes=0 rxPackets=0 txBytes=0 txPackets=0 operations=0
09-24 13:41:20.640  1937  3585 I TetherStatsReporting:   [12] iface=wlan0 uid=10069 set=DEFAULT tag=0x0 rxBytes=259050 rxPackets=340 txBytes=37622 txPackets=394 operations=0
09-24 13:41:20.640  1937  3585 I TetherStatsReporting:   [13] iface=wlan0 uid=10069 set=FOREGROUND tag=0x0 rxBytes=0 rxPackets=0 txBytes=0 txPackets=0 operations=0
09-24 13:41:20.640  1937  3585 I TetherStatsReporting:   [14] iface=wlan0 uid=10092 set=DEFAULT tag=0x0 rxBytes=331851 rxPackets=584 txBytes=130209 txPackets=764 operations=0
09-24 13:41:20.640  1937  3585 I TetherStatsReporting:   [15] iface=wlan0 uid=10092 set=FOREGROUND tag=0x0 rxBytes=9691148 rxPackets=9583 txBytes=1156339 txPackets=10644 operations=0
09-24 13:41:20.640  1937  3585 I TetherStatsReporting:   [16] iface=wlan0 uid=10094 set=DEFAULT tag=0x0 rxBytes=391883 rxPackets=533 txBytes=93708 txPackets=678 operations=0
09-24 13:41:20.640  1937  3585 I TetherStatsReporting:   [17] iface=wlan0 uid=10094 set=FOREGROUND tag=0x0 rxBytes=0 rxPackets=0 txBytes=0 txPackets=0 operations=0
09-24 13:41:20.640  1937  3585 I TetherStatsReporting:   [18] iface=wlan0 uid=10451 set=DEFAULT tag=0x0 rxBytes=104 rxPackets=2 txBytes=80 txPackets=2 operations=0
09-24 13:41:20.640  1937  3585 I TetherStatsReporting:   [19] iface=wlan0 uid=10451 set=FOREGROUND tag=0x0 rxBytes=339782 rxPackets=316 txBytes=33113 txPackets=348 operations=0
09-24 13:41:20.640  1937  3585 I TetherStatsReporting:   [20] iface=wlan0 uid=1000 set=DEFAULT tag=0xa004 rxBytes=5145 rxPackets=12 txBytes=2497 txPackets=14 operations=0
09-24 13:41:20.640  1937  3585 I TetherStatsReporting:   [21] iface=wlan0 uid=1000 set=FOREGROUND tag=0xa004 rxBytes=0 rxPackets=0 txBytes=0 txPackets=0 operations=0
09-24 13:41:20.640  1937  3585 I TetherStatsReporting:   [22] iface=wlan0 uid=10094 set=DEFAULT tag=0xe946e2c rxBytes=312 rxPackets=3 txBytes=1108 txPackets=4 operations=0
09-24 13:41:20.640  1937  3585 I TetherStatsReporting:   [23] iface=wlan0 uid=10094 set=FOREGROUND tag=0xe946e2c rxBytes=0 rxPackets=0 txBytes=0 txPackets=0 operations=0
09-24 13:41:20.640  1937  3585 I TetherStatsReporting:   [24] iface=wlan0 uid=10092 set=DEFAULT tag=0x296022a9 rxBytes=0 rxPackets=0 txBytes=0 txPackets=0 operations=0
09-24 13:41:20.640  1937  3585 I TetherStatsReporting:   [25] iface=wlan0 uid=10092 set=FOREGROUND tag=0x296022a9 rxBytes=2658 rxPackets=22 txBytes=22985 txPackets=22 operations=0
09-24 13:41:20.640  1937  3585 I TetherStatsReporting:   [26] iface=wlan0 uid=10066 set=DEFAULT tag=0x3c9bead5 rxBytes=1163 rxPackets=4 txBytes=476 txPackets=5 operations=0
09-24 13:41:20.640  1937  3585 I TetherStatsReporting:   [27] iface=wlan0 uid=10066 set=FOREGROUND tag=0x3c9bead5 rxBytes=0 rxPackets=0 txBytes=0 txPackets=0 operations=0
09-24 13:41:20.640  1937  3585 I TetherStatsReporting:   [28] iface=wlan0 uid=10092 set=DEFAULT tag=0x4be386bd rxBytes=0 rxPackets=0 txBytes=0 txPackets=0 operations=0
09-24 13:41:20.640  1937  3585 I TetherStatsReporting:   [29] iface=wlan0 uid=10092 set=FOREGROUND tag=0x4be386bd rxBytes=172126 rxPackets=145 txBytes=10829 txPackets=148 operations=0
09-24 13:41:20.640  1937  3585 I TetherStatsReporting:   [30] iface=wlan0 uid=10092 set=DEFAULT tag=0x590b6330 rxBytes=0 rxPackets=0 txBytes=0 txPackets=0 operations=0
09-24 13:41:20.640  1937  3585 I TetherStatsReporting:   [31] iface=wlan0 uid=10092 set=FOREGROUND tag=0x590b6330 rxBytes=5552 rxPackets=17 txBytes=6926 txPackets=24 operations=0
09-24 13:41:20.640  1937  3585 I TetherStatsReporting:   [32] iface=wlan0 uid=10094 set=DEFAULT tag=0x5ecdef17 rxBytes=6807 rxPackets=8 txBytes=1221 txPackets=10 operations=0
09-24 13:41:20.640  1937  3585 I TetherStatsReporting:   [33] iface=wlan0 uid=10094 set=FOREGROUND tag=0x5ecdef17 rxBytes=0 rxPackets=0 txBytes=0 txPackets=0 operations=0
09-24 13:41:20.640  1937  3585 I TetherStatsReporting:   [34] iface=wlan0 uid=10092 set=
09-24 13:41:20.640  1937  3585 I TetherStatsReporting: combining tether stats
09-24 13:41:20.641  4425  4436 D QtiTetherService/IpaWrapper: getStats(false)
09-24 13:41:20.642  1937  3585 D NtpTrustedTime: currentTimeMillis() cache hit
09-24 13:41:20.643  1937  3586 D NtpTrustedTime: currentTimeMillis() cache hit
09-24 13:41:20.643  1937  3586 D NtpTrustedTime: currentTimeMillis() cache hit
09-24 13:41:21.056   863   863 I MSM-irqbalance: Decided to move IRQ215 from CPU1 to CPU0
09-24 13:41:21.376  1937  3352 W ActivityManager_Service: Unable to start service Intent { act=com.googlecode.eyesfree.braille.service.ACTION_SELF_BRAILLE_SERVICE pkg=com.googlecode.eyesfree.brailleback } U=0: not found
09-24 13:41:21.376 14751 14751 E d       : Failed to bind to service
09-24 13:41:22.193 14037 14037 W ResourceType: No known package when getting name for resource number 0x57f00000
09-24 13:41:22.194 14037 14037 W ResourceType: No known package when getting name for resource number 0x57f00001
09-24 13:41:22.441 14037 14037 W ResourceType: No known package when getting name for resource number 0x57f00000
09-24 13:41:22.441 14037 14037 W ResourceType: No known package when getting name for resource number 0x57f00001
09-24 13:41:22.573  3950  3950 D wpa_supplicant: wlan0: Control interface command 'SIGNAL_POLL'
09-24 13:41:22.577  3950  3950 D wpa_supplicant: CTRL-DEBUG: global_ctrl_sock-sendto: sock=12 sndbuf=212992 outq=0 send_len=48
09-24 13:41:22.710 14037 14037 W ResourceType: No known package when getting name for resource number 0x57f00000
09-24 13:41:22.711 14037 14037 W ResourceType: No known package when getting name for resource number 0x57f00001
09-24 13:41:22.956 14037 14037 W ResourceType: No known package when getting name for resource number 0x57f00000
09-24 13:41:22.956 14037 14037 W ResourceType: No known package when getting name for resource number 0x57f00001
09-24 13:41:23.242 14037 14037 W ResourceType: No known package when getting name for resource number 0x57f00000
09-24 13:41:23.242 14037 14037 W ResourceType: No known package when getting name for resource number 0x57f00001
09-24 13:41:23.475 14037 14037 W ResourceType: No known package when getting name for resource number 0x57f00000
09-24 13:41:23.475 14037 14037 W ResourceType: No known package when getting name for resource number 0x57f00001
09-24 13:41:24.570 14523 14523 D AndroidRuntime: >>>>>> START com.android.internal.os.RuntimeInit uid 2000 <<<<<<
09-24 13:41:24.581 14523 14523 D AndroidRuntime: CheckJNI is OFF
09-24 13:41:24.650 14523 14523 D ICU     : No timezone override file found: /data/misc/zoneinfo/current/icu/icu_tzdata.dat
09-24 13:41:24.718 14523 14523 I Radio-JNI: register_android_hardware_Radio DONE
09-24 13:41:24.759 14523 14523 D AndroidRuntime: Calling main entry com.android.commands.input.Input
09-24 13:41:24.762 14523 14523 I Input   : injectKeyEvent: KeyEvent { action=ACTION_DOWN, keyCode=KEYCODE_BACK, scanCode=0, metaState=0, flags=0x0, repeatCount=0, eventTime=10114717, downTime=10114717, deviceId=-1, source=0x101 }
09-24 13:41:24.774 14523 14523 I Input   : injectKeyEvent: KeyEvent { action=ACTION_UP, keyCode=KEYCODE_BACK, scanCode=0, metaState=0, flags=0x0, repeatCount=0, eventTime=10114717, downTime=10114717, deviceId=-1, source=0x101 }
09-24 13:41:24.779  1937  3631 V WindowManager: just for Front small Window: = Window{9e1393d u0 com.qihoo.appstore}
09-24 13:41:24.782  1937  3631 V WindowManager: just for Front small Window: = Window{9e1393d u0 com.qihoo.appstore}
09-24 13:41:24.797  3689  3689 I StatusBarIconController:  appTransitionPending
09-24 13:41:24.800  1937  3631 I ActivityManager_Thumbnails: Setting thumbnail of ActivityRecord{489abcb u0 com.heaven.thermo/com.startapp.android.publish.AppWallActivity t748 f} to android.graphics.Bitmap@74d98a2
09-24 13:41:24.804 14523 14523 D AndroidRuntime: Shutting down VM
09-24 13:41:24.806  1937  4443 W ActivityManager: Finishing task with all activities already finished
09-24 13:41:24.806  1937  4443 W ActivityManager: Duplicate finish request for ActivityRecord{489abcb u0 com.heaven.thermo/com.startapp.android.publish.AppWallActivity t748 f}
09-24 13:41:24.809 14037 14051 E AbstractTracker: Can't create handler inside thread that has not called Looper.prepare()
09-24 13:41:24.809 14037 14051 D AppTracker: App Event: stop
09-24 13:41:24.811  1937  3351 D ActivityManager: mImportantUids connections =1000 by uid = 10401 ConnectionRecord =ConnectionRecord{c72ca51 u0 CR FGSA io.github.ylimit.droidbotapp/io.github.privacystreams.accessibility.PSAccessibilityService:@802d378}
09-24 13:41:24.811  1937  3351 D ActivityManager: mImportantUids connections =1000 by uid = 10401 ConnectionRecord =ConnectionRecord{9544f08 u0 CR !FG UI !VIS io.github.ylimit.droidbotapp/.DroidBotIME:@c0f2cab}
09-24 13:41:24.812  1937  3351 D ActivityManager: mImportantUids connections =1000 by uid = 10092 ConnectionRecord =ConnectionRecord{b9837d9 u0 CR FGS com.qihoo.appstore/.AppStoreNotificationListenerService:@49ae220}
09-24 13:41:24.816  3689  3689 I StatusBarIconController:  appTransitionPending
09-24 13:41:24.827  1937  3351 V WindowManager: just for Front small Window: = Window{9e1393d u0 com.qihoo.appstore}
09-24 13:41:24.827  3689  3689 I StatusBarIconController: appTransitionStarting
09-24 13:41:24.828  1937  3351 V WindowManager: just for Front small Window: = Window{9e1393d u0 com.qihoo.appstore}
09-24 13:41:24.863 14037 14100 E AbstractTracker: Can't create handler inside thread that has not called Looper.prepare()
09-24 13:41:24.863 14037 14100 D AppTracker: App Event: start
09-24 13:41:24.882  1937  3977 V WindowManager: just for Front small Window: = Window{9e1393d u0 com.qihoo.appstore}
09-24 13:41:24.925  1937  1957 I art     : Background partial concurrent mark sweep GC freed 27053(2MB) AllocSpace objects, 18(348KB) LOS objects, 33% free, 19MB/29MB, paused 1.891ms total 127.112ms
09-24 13:41:24.953  1937  4336 D ActivityManager: mImportantUids connections =1000 by uid = 10401 ConnectionRecord =ConnectionRecord{c72ca51 u0 CR FGSA io.github.ylimit.droidbotapp/io.github.privacystreams.accessibility.PSAccessibilityService:@802d378}
09-24 13:41:24.953  1937  4336 D ActivityManager: mImportantUids connections =1000 by uid = 10401 ConnectionRecord =ConnectionRecord{9544f08 u0 CR !FG UI !VIS io.github.ylimit.droidbotapp/.DroidBotIME:@c0f2cab}
09-24 13:41:24.953  1937  4336 D ActivityManager: mImportantUids connections =1000 by uid = 10092 ConnectionRecord =ConnectionRecord{b9837d9 u0 CR FGS com.qihoo.appstore/.AppStoreNotificationListenerService:@49ae220}
09-24 13:41:24.978  1937  4353 V WindowManager: just for Front small Window: = Window{9e1393d u0 com.qihoo.appstore}
09-24 13:41:25.029  1937  1937 I DeviceIdleController: updateChargingLocked: charging=true
09-24 13:41:25.029  1937  1937 I DeviceIdleController: becomeActiveLocked, reason = charging
09-24 13:41:25.030  1937  1937 I ActivityManager: [BgDetect]Batt level 7 to 6
09-24 13:41:25.031  3689  3689 D KeyguardIndicationController: onRefreshBatteryInfo: plugged = true, charged = false, Level = 6, ChargingSpeed =0
09-24 13:41:25.032  5113  5113 D AbstractProcessor: onBatteryChange Percent:6 State:2 
09-24 13:41:25.033  1937  3354 I ActivityManager: [BgDetect]sameple period is less than min check duration of level 0 : 32 secs
09-24 13:41:25.034  3689  3689 D BatteryMeterView: level=6, plug=true, fast=false, style=0
09-24 13:41:25.039  1937  4410 D ActivityManager: mImportantUids connections =1000 by uid = 10092 ConnectionRecord =ConnectionRecord{b9837d9 u0 CR FGS com.qihoo.appstore/.AppStoreNotificationListenerService:@49ae220}
09-24 13:41:25.045  1937  4410 D ActivityManager: mImportantUids connections =1000 by uid = 10401 ConnectionRecord =ConnectionRecord{c72ca51 u0 CR FGSA io.github.ylimit.droidbotapp/io.github.privacystreams.accessibility.PSAccessibilityService:@802d378}
09-24 13:41:25.046  1937  4410 D ActivityManager: mImportantUids connections =1000 by uid = 10401 ConnectionRecord =ConnectionRecord{9544f08 u0 CR !FG UI !VIS io.github.ylimit.droidbotapp/.DroidBotIME:@c0f2cab}
09-24 13:41:25.046  1937  4410 D ActivityManager: mImportantUids connections =1000 by uid = 10092 ConnectionRecord =ConnectionRecord{b9837d9 u0 CR FGS com.qihoo.appstore/.AppStoreNotificationListenerService:@49ae220}
09-24 13:41:25.075  1937  3352 D ActivityManager: mImportantUids connections =1000 by uid = 10401 ConnectionRecord =ConnectionRecord{c72ca51 u0 CR FGSA io.github.ylimit.droidbotapp/io.github.privacystreams.accessibility.PSAccessibilityService:@802d378}
09-24 13:41:25.075  1937  3352 D ActivityManager: mImportantUids connections =1000 by uid = 10401 ConnectionRecord =ConnectionRecord{9544f08 u0 CR !FG UI !VIS io.github.ylimit.droidbotapp/.DroidBotIME:@c0f2cab}
09-24 13:41:25.077  1937  3352 D ActivityManager: mImportantUids connections =1000 by uid = 10092 ConnectionRecord =ConnectionRecord{b9837d9 u0 CR FGS com.qihoo.appstore/.AppStoreNotificationListenerService:@49ae220}
09-24 13:41:25.093  1937  3631 D ActivityManager: mImportantUids connections =1000 by uid = 10092 ConnectionRecord =ConnectionRecord{b9837d9 u0 CR FGS com.qihoo.appstore/.AppStoreNotificationListenerService:@49ae220}
09-24 13:41:25.096  1937  3631 D ActivityManager: mImportantUids connections =1000 by uid = 10401 ConnectionRecord =ConnectionRecord{c72ca51 u0 CR FGSA io.github.ylimit.droidbotapp/io.github.privacystreams.accessibility.PSAccessibilityService:@802d378}
09-24 13:41:25.096  1937  3631 D ActivityManager: mImportantUids connections =1000 by uid = 10401 ConnectionRecord =ConnectionRecord{9544f08 u0 CR !FG UI !VIS io.github.ylimit.droidbotapp/.DroidBotIME:@c0f2cab}
09-24 13:41:25.096  1937  3631 D ActivityManager: mImportantUids connections =1000 by uid = 10092 ConnectionRecord =ConnectionRecord{b9837d9 u0 CR FGS com.qihoo.appstore/.AppStoreNotificationListenerService:@49ae220}
09-24 13:41:25.114  1937  4386 D ActivityManager: mImportantUids connections =1000 by uid = 10401 ConnectionRecord =ConnectionRecord{c72ca51 u0 CR FGSA io.github.ylimit.droidbotapp/io.github.privacystreams.accessibility.PSAccessibilityService:@802d378}
09-24 13:41:25.114  1937  4386 D ActivityManager: mImportantUids connections =1000 by uid = 10401 ConnectionRecord =ConnectionRecord{9544f08 u0 CR !FG UI !VIS io.github.ylimit.droidbotapp/.DroidBotIME:@c0f2cab}
09-24 13:41:25.116  1937  4386 D ActivityManager: mImportantUids connections =1000 by uid = 10092 ConnectionRecord =ConnectionRecord{b9837d9 u0 CR FGS com.qihoo.appstore/.AppStoreNotificationListenerService:@49ae220}
09-24 13:41:25.126  1937  4353 D ActivityManager: mImportantUids connections =1000 by uid = 10092 ConnectionRecord =ConnectionRecord{b9837d9 u0 CR FGS com.qihoo.appstore/.AppStoreNotificationListenerService:@49ae220}
09-24 13:41:25.129  1937  4353 D ActivityManager: mImportantUids connections =1000 by uid = 10401 ConnectionRecord =ConnectionRecord{c72ca51 u0 CR FGSA io.github.ylimit.droidbotapp/io.github.privacystreams.accessibility.PSAccessibilityService:@802d378}
09-24 13:41:25.129  1937  4353 D ActivityManager: mImportantUids connections =1000 by uid = 10401 ConnectionRecord =ConnectionRecord{9544f08 u0 CR !FG UI !VIS io.github.ylimit.droidbotapp/.DroidBotIME:@c0f2cab}
09-24 13:41:25.129  1937  4353 D ActivityManager: mImportantUids connections =1000 by uid = 10092 ConnectionRecord =ConnectionRecord{b9837d9 u0 CR FGS com.qihoo.appstore/.AppStoreNotificationListenerService:@49ae220}
09-24 13:41:25.144  1937  4329 D ActivityManager: mImportantUids connections =1000 by uid = 10401 ConnectionRecord =ConnectionRecord{c72ca51 u0 CR FGSA io.github.ylimit.droidbotapp/io.github.privacystreams.accessibility.PSAccessibilityService:@802d378}
09-24 13:41:25.144  1937  4329 D ActivityManager: mImportantUids connections =1000 by uid = 10401 ConnectionRecord =ConnectionRecord{9544f08 u0 CR !FG UI !VIS io.github.ylimit.droidbotapp/.DroidBotIME:@c0f2cab}
09-24 13:41:25.145  1937  4329 D ActivityManager: mImportantUids connections =1000 by uid = 10092 ConnectionRecord =ConnectionRecord{b9837d9 u0 CR FGS com.qihoo.appstore/.AppStoreNotificationListenerService:@49ae220}
09-24 13:41:25.154  1937  3631 D ActivityManager: mImportantUids connections =1000 by uid = 10092 ConnectionRecord =ConnectionRecord{b9837d9 u0 CR FGS com.qihoo.appstore/.AppStoreNotificationListenerService:@49ae220}
09-24 13:41:25.157  1937  3631 D ActivityManager: mImportantUids connections =1000 by uid = 10401 ConnectionRecord =ConnectionRecord{c72ca51 u0 CR FGSA io.github.ylimit.droidbotapp/io.github.privacystreams.accessibility.PSAccessibilityService:@802d378}
09-24 13:41:25.157  1937  3631 D ActivityManager: mImportantUids connections =1000 by uid = 10401 ConnectionRecord =ConnectionRecord{9544f08 u0 CR !FG UI !VIS io.github.ylimit.droidbotapp/.DroidBotIME:@c0f2cab}
09-24 13:41:25.157  1937  3631 D ActivityManager: mImportantUids connections =1000 by uid = 10092 ConnectionRecord =ConnectionRecord{b9837d9 u0 CR FGS com.qihoo.appstore/.AppStoreNotificationListenerService:@49ae220}
09-24 13:41:25.168  1937  4385 D ActivityManager: mImportantUids connections =1000 by uid = 10401 ConnectionRecord =ConnectionRecord{c72ca51 u0 CR FGSA io.github.ylimit.droidbotapp/io.github.privacystreams.accessibility.PSAccessibilityService:@802d378}
09-24 13:41:25.168  1937  4385 D ActivityManager: mImportantUids connections =1000 by uid = 10401 ConnectionRecord =ConnectionRecord{9544f08 u0 CR !FG UI !VIS io.github.ylimit.droidbotapp/.DroidBotIME:@c0f2cab}
09-24 13:41:25.170  1937  4385 D ActivityManager: mImportantUids connections =1000 by uid = 10092 ConnectionRecord =ConnectionRecord{b9837d9 u0 CR FGS com.qihoo.appstore/.AppStoreNotificationListenerService:@49ae220}
09-24 13:41:25.586  3950  3950 D wpa_supplicant: wlan0: Control interface command 'SIGNAL_POLL'
09-24 13:41:25.590  3950  3950 D wpa_supplicant: CTRL-DEBUG: global_ctrl_sock-sendto: sock=12 sndbuf=212992 outq=0 send_len=48
09-24 13:41:25.848  3689  3689 D SystemServicesProxy: exclude com.android.systemui
09-24 13:41:25.849  3689  3689 D SystemServicesProxy: exclude com.android.settings
09-24 13:41:25.849  3689  3689 D SystemServicesProxy: exclude com.android.packageinstaller
09-24 13:41:25.849  3689  3689 D SystemServicesProxy: exclude android
09-24 13:41:25.849  3689  3689 D SystemServicesProxy: exclude android
09-24 13:41:25.849  3689  3689 D SystemServicesProxy: add 11 Task
09-24 13:41:25.849  3689  3689 D RecentsTaskLoadPlan: preloadPlan, 11
09-24 13:41:26.059   863   863 I MSM-irqbalance: Decided to move IRQ240 from CPU1 to CPU0
09-24 13:41:28.599  3950  3950 D wpa_supplicant: wlan0: Control interface command 'SIGNAL_POLL'
09-24 13:41:28.602  3950  3950 D wpa_supplicant: CTRL-DEBUG: global_ctrl_sock-sendto: sock=12 sndbuf=212992 outq=0 send_len=48
09-24 13:41:29.378  1937  4336 W ActivityManager_Service: Unable to start service Intent { act=com.googlecode.eyesfree.braille.service.ACTION_SELF_BRAILLE_SERVICE pkg=com.googlecode.eyesfree.brailleback } U=0: not found
09-24 13:41:29.379 14751 14751 E d       : Failed to bind to service
09-24 13:41:30.197 14567 14567 D AndroidRuntime: >>>>>> START com.android.internal.os.RuntimeInit uid 2000 <<<<<<
09-24 13:41:30.205 14567 14567 D AndroidRuntime: CheckJNI is OFF
09-24 13:41:30.259 14567 14567 D ICU     : No timezone override file found: /data/misc/zoneinfo/current/icu/icu_tzdata.dat
09-24 13:41:30.305 14567 14567 I Radio-JNI: register_android_hardware_Radio DONE
09-24 13:41:30.342 14567 14567 D AndroidRuntime: Calling main entry com.android.commands.input.Input
09-24 13:41:30.344 14567 14567 I Input   : injectKeyEvent: KeyEvent { action=ACTION_DOWN, keyCode=KEYCODE_BACK, scanCode=0, metaState=0, flags=0x0, repeatCount=0, eventTime=10120300, downTime=10120300, deviceId=-1, source=0x101 }
09-24 13:41:30.350 14567 14567 I Input   : injectKeyEvent: KeyEvent { action=ACTION_UP, keyCode=KEYCODE_BACK, scanCode=0, metaState=0, flags=0x0, repeatCount=0, eventTime=10120300, downTime=10120300, deviceId=-1, source=0x101 }
09-24 13:41:30.354 14567 14567 D AndroidRuntime: Shutting down VM
09-24 13:41:30.355  1937  4353 V WindowManager: just for Front small Window: = Window{9e1393d u0 com.qihoo.appstore}
09-24 13:41:30.358 14037 14037 W InputEventReceiver: Attempted to finish an input event but the input event receiver has already been disposed.
09-24 13:41:30.359   358   358 W auditd  : type=1400 "Binder_2""socket:[604170]""sockfs"
09-24 13:41:30.360   358   358 W auditd  : type=1400 "Binder_2""socket:[604170]""sockfs"
09-24 13:41:31.006  1937  1937 I DeviceIdleController: updateChargingLocked: charging=true
09-24 13:41:31.006  1937  1937 I DeviceIdleController: becomeActiveLocked, reason = charging
09-24 13:41:31.013  5113  5113 D AbstractProcessor: onBatteryChange Percent:6 State:2 
09-24 13:41:31.023  1937  3977 D ActivityManager: mImportantUids connections =1000 by uid = 10092 ConnectionRecord =ConnectionRecord{b9837d9 u0 CR FGS com.qihoo.appstore/.AppStoreNotificationListenerService:@49ae220}
09-24 13:41:31.031  1937  3977 D ActivityManager: mImportantUids connections =1000 by uid = 10401 ConnectionRecord =ConnectionRecord{c72ca51 u0 CR FGSA io.github.ylimit.droidbotapp/io.github.privacystreams.accessibility.PSAccessibilityService:@802d378}
09-24 13:41:31.031  1937  3977 D ActivityManager: mImportantUids connections =1000 by uid = 10401 ConnectionRecord =ConnectionRecord{9544f08 u0 CR !FG UI !VIS io.github.ylimit.droidbotapp/.DroidBotIME:@c0f2cab}
09-24 13:41:31.032  1937  3977 D ActivityManager: mImportantUids connections =1000 by uid = 10092 ConnectionRecord =ConnectionRecord{b9837d9 u0 CR FGS com.qihoo.appstore/.AppStoreNotificationListenerService:@49ae220}
09-24 13:41:31.081  1937  4454 D ActivityManager: mImportantUids connections =1000 by uid = 10401 ConnectionRecord =ConnectionRecord{c72ca51 u0 CR FGSA io.github.ylimit.droidbotapp/io.github.privacystreams.accessibility.PSAccessibilityService:@802d378}
09-24 13:41:31.081  1937  4454 D ActivityManager: mImportantUids connections =1000 by uid = 10401 ConnectionRecord =ConnectionRecord{9544f08 u0 CR !FG UI !VIS io.github.ylimit.droidbotapp/.DroidBotIME:@c0f2cab}
09-24 13:41:31.089  1937  4454 D ActivityManager: mImportantUids connections =1000 by uid = 10092 ConnectionRecord =ConnectionRecord{b9837d9 u0 CR FGS com.qihoo.appstore/.AppStoreNotificationListenerService:@49ae220}
09-24 13:41:31.099  1937  4388 D ActivityManager: mImportantUids connections =1000 by uid = 10092 ConnectionRecord =ConnectionRecord{b9837d9 u0 CR FGS com.qihoo.appstore/.AppStoreNotificationListenerService:@49ae220}
09-24 13:41:31.105  1937  4388 D ActivityManager: mImportantUids connections =1000 by uid = 10401 ConnectionRecord =ConnectionRecord{c72ca51 u0 CR FGSA io.github.ylimit.droidbotapp/io.github.privacystreams.accessibility.PSAccessibilityService:@802d378}
09-24 13:41:31.105  1937  4388 D ActivityManager: mImportantUids connections =1000 by uid = 10401 ConnectionRecord =ConnectionRecord{9544f08 u0 CR !FG UI !VIS io.github.ylimit.droidbotapp/.DroidBotIME:@c0f2cab}
09-24 13:41:31.105  1937  4388 D ActivityManager: mImportantUids connections =1000 by uid = 10092 ConnectionRecord =ConnectionRecord{b9837d9 u0 CR FGS com.qihoo.appstore/.AppStoreNotificationListenerService:@49ae220}
09-24 13:41:31.124  1937  4359 D ActivityManager: mImportantUids connections =1000 by uid = 10401 ConnectionRecord =ConnectionRecord{c72ca51 u0 CR FGSA io.github.ylimit.droidbotapp/io.github.privacystreams.accessibility.PSAccessibilityService:@802d378}
09-24 13:41:31.124  1937  4359 D ActivityManager: mImportantUids connections =1000 by uid = 10401 ConnectionRecord =ConnectionRecord{9544f08 u0 CR !FG UI !VIS io.github.ylimit.droidbotapp/.DroidBotIME:@c0f2cab}
09-24 13:41:31.126  1937  4359 D ActivityManager: mImportantUids connections =1000 by uid = 10092 ConnectionRecord =ConnectionRecord{b9837d9 u0 CR FGS com.qihoo.appstore/.AppStoreNotificationListenerService:@49ae220}
09-24 13:41:31.615  3950  3950 D wpa_supplicant: wlan0: Control interface command 'SIGNAL_POLL'
09-24 13:41:31.622  3950  3950 D wpa_supplicant: CTRL-DEBUG: global_ctrl_sock-sendto: sock=12 sndbuf=212992 outq=0 send_len=48
09-24 13:41:32.329   358   358 W auditd  : type=1400 "ipacm""/dev/socket/ipacm_log_file"
09-24 13:41:32.329   358   358 W auditd  : type=1400 "ipacm""/dev/socket/ipacm_log_file"
09-24 13:41:32.330   358   358 W auditd  : type=1400 "ipacm""/dev/socket/ipacm_log_file"
09-24 13:41:32.330   358   358 W auditd  : type=1400 "ipacm""/dev/socket/ipacm_log_file"
09-24 13:41:32.331   358   358 W auditd  : type=1400 "ipacm""/dev/socket/ipacm_log_file"
09-24 13:41:33.363  1937  3589 D WifiStateMachine: starting scan for "tmliu"-WPA_PSK with 2462
09-24 13:41:33.364  3950  3950 D wpa_supplicant: wlan0: Control interface command 'SCAN TYPE=ONLY freq=2462'
09-24 13:41:33.365  3950  3950 D wpa_supplicant: wlan0: Setting scan request: 0.000000 sec
09-24 13:41:33.365  3950  3950 D wpa_supplicant: CTRL-DEBUG: global_ctrl_sock-sendto: sock=12 sndbuf=212992 outq=0 send_len=3
09-24 13:41:33.365  3950  3950 D wpa_supplicant: wlan0: Starting AP scan for wildcard SSID
09-24 13:41:33.365  3950  3950 D wpa_supplicant: wlan0: Limit manual scan to specified channels
09-24 13:41:33.365  3950  3950 D wpa_supplicant: wlan0: Add radio work 'scan'@0x7f9c4dc320
09-24 13:41:33.365  3950  3950 D wpa_supplicant: wlan0: First radio work item in the queue - schedule start immediately
09-24 13:41:33.365  3950  3950 D wpa_supplicant: wlan0: Starting radio work 'scan'@0x7f9c4dc320 after 0.000175 second wait
09-24 13:41:33.366  3950  3950 D wpa_supplicant: wlan0: nl80211: scan request
09-24 13:41:33.366  3950  3950 D wpa_supplicant: nl80211: Scan SSID - hexdump(len=0): [NULL]
09-24 13:41:33.366  3950  3950 D wpa_supplicant: nl80211: Scan extra IEs - hexdump(len=7): 7f 05 00 00 0a 02 01
09-24 13:41:33.366  3950  3950 D wpa_supplicant: nl80211: Scan frequency 2462 MHz
09-24 13:41:33.367  3950  3950 D wpa_supplicant: Scan requested (ret=0) - scan timeout 30 seconds
09-24 13:41:33.367  3950  3950 D wpa_supplicant: nl80211: Event message available
09-24 13:41:33.367  3950  3950 D wpa_supplicant: nl80211: Drv Event 33 (NL80211_CMD_TRIGGER_SCAN) received for wlan0
09-24 13:41:33.367  3950  3950 D wpa_supplicant: wlan0: nl80211: Scan trigger
09-24 13:41:33.368  3950  3950 D wpa_supplicant: wlan0: Event SCAN_STARTED (47) received
09-24 13:41:33.368  3950  3950 D wpa_supplicant: wlan0: Own scan request started a scan in 0.000462 seconds
09-24 13:41:33.368  3950  3950 D wpa_supplicant: CTRL-DEBUG: ctrl_sock-sendmsg: sock=12 sndbuf=212992 outq=768 send_len=24
09-24 13:41:33.368  3950  3950 D wpa_supplicant: CTRL_IFACE monitor sent successfully to /data/misc/wifi/sockets/wpa_ctrl_725-2\x00
09-24 13:41:33.368  3950  3950 D wpa_supplicant: CTRL-DEBUG: ctrl_sock-sendmsg: sock=12 sndbuf=212992 outq=1536 send_len=24
09-24 13:41:33.368  3950  3950 D wpa_supplicant: CTRL_IFACE monitor sent successfully to /data/misc/wifi/sockets/wpa_ctrl_1937-2\x00
09-24 13:41:33.514  3950  3950 D wpa_supplicant: nl80211: Event message available
09-24 13:41:33.514  3950  3950 D wpa_supplicant: nl80211: Drv Event 34 (NL80211_CMD_NEW_SCAN_RESULTS) received for wlan0
09-24 13:41:33.514  3950  3950 D wpa_supplicant: wlan0: nl80211: New scan results available
09-24 13:41:33.515  3950  3950 D wpa_supplicant: nl80211: Scan included frequencies: 2462
09-24 13:41:33.515  3950  3950 D wpa_supplicant: wlan0: Event SCAN_RESULTS (3) received
09-24 13:41:33.515  3950  3950 D wpa_supplicant: wlan0: Scan completed in 0.146991 seconds
09-24 13:41:33.515  3950  3950 D wpa_supplicant: nl80211: Associated on 2462 MHz
09-24 13:41:33.515  3950  3950 D wpa_supplicant: nl80211: Associated with 24:05:0f:8a:bd:f3
09-24 13:41:33.515  3950  3950 D wpa_supplicant: nl80211: Received scan results (11 BSSes)
09-24 13:41:33.515  3950  3950 D wpa_supplicant: nl80211: Scan results indicate BSS status with 24:05:0f:8a:bd:f3 as associated
09-24 13:41:33.515  3950  3950 D wpa_supplicant: wlan0: BSS: Start scan result update 482
09-24 13:41:33.515  3950  3950 D wpa_supplicant: wlan0: BSS: Add new id 575 BSSID 0c:82:68:a5:78:2c SSID 'TP-LINK_A5782C'
09-24 13:41:33.515  3950  3950 D wpa_supplicant: CTRL-DEBUG: ctrl_sock-sendmsg: sock=12 sndbuf=212992 outq=0 send_len=42
09-24 13:41:33.515  3950  3950 D wpa_supplicant: CTRL_IFACE monitor sent successfully to /data/misc/wifi/sockets/wpa_ctrl_725-2\x00
09-24 13:41:33.515  3950  3950 D wpa_supplicant: CTRL-DEBUG: ctrl_sock-sendmsg: sock=12 sndbuf=212992 outq=768 send_len=42
09-24 13:41:33.516  3950  3950 D wpa_supplicant: CTRL_IFACE monitor sent successfully to /data/misc/wifi/sockets/wpa_ctrl_1937-2\x00
09-24 13:41:33.516  3950  3950 D wpa_supplicant: BSS: last_scan_res_used=11/64
09-24 13:41:33.516  3950  3950 D wpa_supplicant: wlan0: Scan-only results received
09-24 13:41:33.516  3950  3950 D wpa_supplicant: CTRL-DEBUG: ctrl_sock-sendmsg: sock=12 sndbuf=212992 outq=0 send_len=24
09-24 13:41:33.516  3950  3950 D wpa_supplicant: CTRL_IFACE monitor sent successfully to /data/misc/wifi/sockets/wpa_ctrl_725-2\x00
09-24 13:41:33.516  3950  3950 D wpa_supplicant: CTRL-DEBUG: ctrl_sock-sendmsg: sock=12 sndbuf=212992 outq=768 send_len=24
09-24 13:41:33.516  3950  3950 D wpa_supplicant: CTRL_IFACE monitor sent successfully to /data/misc/wifi/sockets/wpa_ctrl_1937-2\x00
09-24 13:41:33.516  3950  3950 D wpa_supplicant: wlan0: Radio work 'scan'@0x7f9c4dc320 done in 0.150546 seconds
09-24 13:41:33.516  3950  3950 D wpa_supplicant: wlan0: Control interface command 'SCAN_RESULTS'
09-24 13:41:33.520  3950  3950 D wpa_supplicant: CTRL-DEBUG: global_ctrl_sock-sendto: sock=12 sndbuf=212992 outq=0 send_len=2016
09-24 13:41:33.520  3950  3950 D wpa_supplicant: wlan0: Control interface command 'SCAN_RESULTS'
09-24 13:41:33.522  3950  3950 D wpa_supplicant: CTRL-DEBUG: global_ctrl_sock-sendto: sock=12 sndbuf=212992 outq=0 send_len=2016
09-24 13:41:33.528  3950  3950 D wpa_supplicant: CTRL-DEBUG: global_ctrl_sock-sendto: sock=12 sndbuf=212992 outq=0 send_len=4036
09-24 13:41:33.532  3950  3950 D wpa_supplicant: CTRL-DEBUG: global_ctrl_sock-sendto: sock=12 sndbuf=212992 outq=0 send_len=3615
09-24 13:41:33.536  3950  3950 D wpa_supplicant: CTRL-DEBUG: global_ctrl_sock-sendto: sock=12 sndbuf=212992 outq=0 send_len=3862
09-24 13:41:33.539  3950  3950 D wpa_supplicant: CTRL-DEBUG: global_ctrl_sock-sendto: sock=12 sndbuf=212992 outq=0 send_len=4007
09-24 13:41:33.547  1937  3589 D HS20    : Caught java.lang.IllegalArgumentException: Element length 48 exceeds payload length 33 @ 93
09-24 13:41:33.553  3950  3950 D wpa_supplicant: EAPOL: EAP Session-Id not available
09-24 13:41:33.553  3950  3950 D wpa_supplicant: CTRL-DEBUG: global_ctrl_sock-sendto: sock=12 sndbuf=212992 outq=0 send_len=268
09-24 13:41:34.629  3950  3950 D wpa_supplicant: wlan0: Control interface command 'SIGNAL_POLL'
09-24 13:41:34.631  3950  3950 D wpa_supplicant: CTRL-DEBUG: global_ctrl_sock-sendto: sock=12 sndbuf=212992 outq=0 send_len=48
09-24 13:41:35.718 14610 14610 D AndroidRuntime: >>>>>> START com.android.internal.os.RuntimeInit uid 2000 <<<<<<
09-24 13:41:35.726 14610 14610 D AndroidRuntime: CheckJNI is OFF
09-24 13:41:35.781 14610 14610 D ICU     : No timezone override file found: /data/misc/zoneinfo/current/icu/icu_tzdata.dat
09-24 13:41:35.827 14610 14610 I Radio-JNI: register_android_hardware_Radio DONE
09-24 13:41:35.865 14610 14610 D AndroidRuntime: Calling main entry com.android.commands.input.Input
09-24 13:41:35.868 14610 14610 I Input   : injectKeyEvent: KeyEvent { action=ACTION_DOWN, keyCode=KEYCODE_BACK, scanCode=0, metaState=0, flags=0x0, repeatCount=0, eventTime=10125824, downTime=10125824, deviceId=-1, source=0x101 }
09-24 13:41:35.876 14610 14610 I Input   : injectKeyEvent: KeyEvent { action=ACTION_UP, keyCode=KEYCODE_BACK, scanCode=0, metaState=0, flags=0x0, repeatCount=0, eventTime=10125824, downTime=10125824, deviceId=-1, source=0x101 }
09-24 13:41:35.879  1937  4456 V WindowManager: just for Front small Window: = Window{9e1393d u0 com.qihoo.appstore}
09-24 13:41:35.882  1937  4456 V WindowManager: just for Front small Window: = Window{9e1393d u0 com.qihoo.appstore}
09-24 13:41:35.883  3689  3689 I StatusBarIconController:  appTransitionPending
09-24 13:41:35.902  1937  4456 I ActivityManager_Thumbnails: Setting thumbnail of ActivityRecord{f67e339 u0 com.heaven.thermo/.AcMain t747 f} to android.graphics.Bitmap@cafa01c
09-24 13:41:35.904 14610 14610 D AndroidRuntime: Shutting down VM
09-24 13:41:35.905 14037 14219 E AbstractTracker: Can't create handler inside thread that has not called Looper.prepare()
09-24 13:41:35.905 14037 14219 D AppTracker: App Event: stop
09-24 13:41:35.908  3689  3689 I StatusBarIconController:  appTransitionPending
09-24 13:41:35.912  1937  3631 D ActivityManager: mImportantUids connections =1000 by uid = 10401 ConnectionRecord =ConnectionRecord{c72ca51 u0 CR FGSA io.github.ylimit.droidbotapp/io.github.privacystreams.accessibility.PSAccessibilityService:@802d378}
09-24 13:41:35.912  1937  3631 D ActivityManager: mImportantUids connections =1000 by uid = 10401 ConnectionRecord =ConnectionRecord{9544f08 u0 CR !FG UI !VIS io.github.ylimit.droidbotapp/.DroidBotIME:@c0f2cab}
09-24 13:41:35.912  1937  3631 D ActivityManager: mImportantUids connections =1000 by uid = 10092 ConnectionRecord =ConnectionRecord{b9837d9 u0 CR FGS com.qihoo.appstore/.AppStoreNotificationListenerService:@49ae220}
09-24 13:41:35.918  1937  3977 V WindowManager: just for Front small Window: = Window{9e1393d u0 com.qihoo.appstore}
09-24 13:41:35.934 14751 26884 E AbstractTracker: Can't create handler inside thread that has not called Looper.prepare()
09-24 13:41:35.936 14751 26884 D AppTracker: App Event: start
09-24 13:41:35.941  1937  3631 V WindowManager: just for Front small Window: = Window{9e1393d u0 com.qihoo.appstore}
09-24 13:41:35.942  3689  3689 D PhoneStatusBar: setSystemUiVisibility vis=2610 mask=ffffffff oldVal=0 newVal=2610 diff=2610
09-24 13:41:35.942  3689  3689 I StatusBarIconController: setIconsDark dark:false animate:true currentDark:false mTransitionPending:true mTransitionDeferring:false mPendingDarkIntensity:0.0
09-24 13:41:35.942  3689  3689 I StatusBarIconController: animateIconTint:0.0 mDarkIntensity:0.0
09-24 13:41:35.970   358   358 W auditd  : type=1400 "Binder_4""socket:[604373]""sockfs"
09-24 13:41:35.981   358   358 W auditd  : type=1400 "Binder_4""socket:[604373]""sockfs"
09-24 13:41:35.985  1937  4385 D ActivityManager: mImportantUids connections =1000 by uid = 10401 ConnectionRecord =ConnectionRecord{c72ca51 u0 CR FGSA io.github.ylimit.droidbotapp/io.github.privacystreams.accessibility.PSAccessibilityService:@802d378}
09-24 13:41:35.985  1937  4385 D ActivityManager: mImportantUids connections =1000 by uid = 10401 ConnectionRecord =ConnectionRecord{9544f08 u0 CR !FG UI !VIS io.github.ylimit.droidbotapp/.DroidBotIME:@c0f2cab}
09-24 13:41:35.986  1937  4385 D ActivityManager: mImportantUids connections =1000 by uid = 10092 ConnectionRecord =ConnectionRecord{b9837d9 u0 CR FGS com.qihoo.appstore/.AppStoreNotificationListenerService:@49ae220}
09-24 13:41:35.996 14751 14751 D TMYGALLERY: viewpager onlayout!
09-24 13:41:36.045  1937  1957 I art     : Background partial concurrent mark sweep GC freed 45286(4MB) AllocSpace objects, 35(756KB) LOS objects, 33% free, 19MB/29MB, paused 1.965ms total 146.293ms
09-24 13:41:36.056   863   863 I MSM-irqbalance: Decided to move IRQ224 from CPU1 to CPU0
09-24 13:41:36.057  1937  4388 D ActivityManager: mImportantUids connections =1000 by uid = 10401 ConnectionRecord =ConnectionRecord{c72ca51 u0 CR FGSA io.github.ylimit.droidbotapp/io.github.privacystreams.accessibility.PSAccessibilityService:@802d378}
09-24 13:41:36.057  1937  4388 D ActivityManager: mImportantUids connections =1000 by uid = 10401 ConnectionRecord =ConnectionRecord{9544f08 u0 CR !FG UI !VIS io.github.ylimit.droidbotapp/.DroidBotIME:@c0f2cab}
09-24 13:41:36.057  1937  4388 D ActivityManager: mImportantUids connections =1000 by uid = 10092 ConnectionRecord =ConnectionRecord{b9837d9 u0 CR FGS com.qihoo.appstore/.AppStoreNotificationListenerService:@49ae220}
09-24 13:41:36.078  1937  3361 V WindowManager: just for Front small Window: = Window{9e1393d u0 com.qihoo.appstore}
09-24 13:41:36.078  1937  3361 V WindowManager: just for Front small Window: = Window{9e1393d u0 com.qihoo.appstore}
09-24 13:41:36.080  3689  3689 D PhoneStatusBar: setSystemUiVisibility vis=a610 mask=ffffffff oldVal=2610 newVal=a610 diff=8000
09-24 13:41:36.080  3689  3689 D PhoneStatusBar: checkBarMode:powerSave=false, getBarState()=0
09-24 13:41:36.080  3689  3689 D BarTransitions.PhoneStatusBarView: MODE_OPAQUE -> MODE_TRANSPARENT animate=true
09-24 13:41:36.080  3689  3689 D BarTransitions.PhoneStatusBarView: applyModeBackground oldMode=MODE_OPAQUE newMode=MODE_TRANSPARENT animate=true
