09-24 13:41:54.202 14867 14867 I Input   : injectMotionEvent: MotionEvent { action=ACTION_MOVE, actionButton=0, id[0]=0, x[0]=873.0, y[0]=1671.0, toolType[0]=TOOL_TYPE_UNKNOWN, buttonState=0, metaState=0, flags=0x0, edgeFlags=0x0, pointerCount=1, historySize=0, eventTime=10144157, downTime=10144157, deviceId=0, source=0x1002 }
09-24 13:41:54.226 14867 14867 I Input   : injectMotionEvent: MotionEvent { action=ACTION_UP, actionButton=0, id[0]=0, x[0]=873.0, y[0]=1671.0, toolType[0]=TOOL_TYPE_UNKNOWN, buttonState=0, metaState=0, flags=0x0, edgeFlags=0x0, pointerCount=1, historySize=0, eventTime=10144181, downTime=10144181, deviceId=0, source=0x1002 }
09-24 13:41:54.234 14867 14867 D AndroidRuntime: Shutting down VM
09-24 13:41:54.238   552  3809 D APM-AudioPolicyManager: getOutput() device 2, stream 1, samplingRate 0, format 0, channelMask 3, flags 0
09-24 13:41:54.239   552  3809 D AudioPolicyManagerCustom: getOutput() The last flag  8
09-24 13:41:54.239   552  3809 D AudioPolicyManagerCustom: getOutputForDevice() returns output 6
09-24 13:41:54.241   552 32131 D APM-AudioPolicyManager: getOutput() device 2, stream 1, samplingRate 0, format 0, channelMask 3, flags 0
09-24 13:41:54.241   552 32131 D AudioPolicyManagerCustom: getOutput() The last flag  8
09-24 13:41:54.241   552 32131 D AudioPolicyManagerCustom: getOutputForDevice() returns output 6
09-24 13:41:54.242   552  3338 D APM-AudioPolicyManager: startOutput() output 2, stream 1, session 20
09-24 13:41:54.242   552  3338 D AudioPolicyManagerCustom: getNewOutputDevice() selected device 2
09-24 13:41:54.242   552  3338 D APM-AudioPolicyManager: setOutputDevice() device 0002 delayMs 0
09-24 13:41:54.243   552  3341 D audio_hw_primary: out_set_parameters: enter: usecase(1: low-latency-playback) kvpairs: routing=2
09-24 13:41:54.243   552  3341 D audio_hw_extn: audio_extn_set_anc_parameters: anc_enabled:0
09-24 13:41:54.244   552  3338 D APM-AudioPolicyManager: startOutput()--
09-24 13:41:54.255   552  3341 D audio_hw_primary: start_output_stream: enter: stream(0xf2d07f00)usecase(1: low-latency-playback) devices(0x2)
09-24 13:41:54.255   552  3341 D audio_hw_primary: select_devices: out_snd_device(2: speaker) in_snd_device(0: )
09-24 13:41:54.255   552  3341 W msm8974_platform: Codec backend bitwidth 16, samplerate 48000
09-24 13:41:54.255   552  3341 D hardware_info: hw_info_append_hw_type : device_name = speaker
09-24 13:41:54.255   552  3341 D audio_hw_primary: enable_snd_device: snd_device(2: speaker)
09-24 13:41:54.255   552  3341 I soundtrigger: audio_extn_sound_trigger_update_device_status: device 0x2 of type 0 for Event 1, with Raise=0
09-24 13:41:54.255   552  3341 I audio_hw_primary: select_devices Selected apptype: 69937
09-24 13:41:54.255   552  3341 D soundtrigger: audio_extn_sound_trigger_update_stream_status: uc_id 1 of type 0 for Event 3, with Raise=0
09-24 13:41:54.255   552  3341 D ACDB-LOADER: ACDB -> send_audio_cal, acdb_id = 15, path =  0
09-24 13:41:54.255   552  3341 D ACDB-LOADER: ACDB -> AUDIO_SET_AUDPROC_VOL_CAL
09-24 13:41:54.255   552  3341 D ACDB-LOADER: ACDB -> send_hw_delay : acdb_id = 15 path = 0
09-24 13:41:54.256   552  3341 I audio_hw_utils: audio_extn_utils_send_app_type_cfg app_type 69937, acdb_dev_id 15, sample_rate 48000
09-24 13:41:54.256   552  3341 D audio_hw_primary: enable_audio_route: apply mixer and update path: low-latency-playback speaker
09-24 13:41:54.257  1937  4456 V WindowManager: just for Front small Window: = Window{9e1393d u0 com.qihoo.appstore}
09-24 13:41:54.257   552  3341 D audio_hw_primary: select_devices: done
09-24 13:41:54.260   552  3341 D msm8974_platform: platform_set_channel_map mixer_ctl_name:Playback Channel Map15
09-24 13:41:54.260   552  3341 D msm8974_platform: platform_set_channel_map: set mapping(1 2 0 0 0 0 0 0) for channel:2
09-24 13:41:54.297   358   358 W auditd  : type=1400 "Binder_D""socket:[604170]""sockfs"
09-24 13:41:54.297   358   358 W auditd  : type=1400 "Binder_D""socket:[604170]""sockfs"
09-24 13:41:54.312   552  3341 D audio_hw_primary: start_output_stream: exit
09-24 13:41:54.337   358   358 W auditd  : type=1400 "ipacm""/dev/socket/ipacm_log_file"
09-24 13:41:54.338   358   358 W auditd  : type=1400 "ipacm""/dev/socket/ipacm_log_file"
09-24 13:41:54.338   358   358 W auditd  : type=1400 "ipacm""/dev/socket/ipacm_log_file"
09-24 13:41:54.338   358   358 W auditd  : type=1400 "ipacm""/dev/socket/ipacm_log_file"
09-24 13:41:54.338   358   358 W auditd  : type=1400 "ipacm""/dev/socket/ipacm_log_file"
09-24 13:41:54.562   552  3338 D APM-AudioPolicyManager: stopOutput() output 2, stream 1, session 20
09-24 13:41:54.562   552  3338 D AudioPolicyManagerCustom: getNewOutputDevice() selected device 0
09-24 13:41:54.563   552  3338 D APM-AudioPolicyManager: setOutputDevice() device 0000 delayMs 96
09-24 13:41:55.722  3950  3950 D wpa_supplicant: wlan0: Control interface command 'SIGNAL_POLL'
09-24 13:41:55.725  3950  3950 D wpa_supplicant: CTRL-DEBUG: global_ctrl_sock-sendto: sock=12 sndbuf=212992 outq=0 send_len=48
09-24 13:41:56.057   863   863 I MSM-irqbalance: Decided to move IRQ163 from CPU1 to CPU0
09-24 13:41:57.485   552  3341 D audio_hw_primary: out_standby: enter: stream (0xf2d07f00) usecase(1: low-latency-playback)
09-24 13:41:57.554   552  3341 D audio_hw_primary: disable_audio_route: reset and update mixer path: low-latency-playback speaker
09-24 13:41:57.555   552  3341 D soundtrigger: audio_extn_sound_trigger_update_stream_status: uc_id 1 of type 0 for Event 2, with Raise=0
09-24 13:41:57.555   552  3341 D hardware_info: hw_info_append_hw_type : device_name = speaker
09-24 13:41:57.555   552  3341 D audio_hw_primary: disable_snd_device: snd_device(2: speaker)
09-24 13:41:57.556   552  3341 I soundtrigger: audio_extn_sound_trigger_update_device_status: device 0x2 of type 0 for Event 0, with Raise=0
09-24 13:41:58.736  3950  3950 D wpa_supplicant: wlan0: Control interface command 'SIGNAL_POLL'
09-24 13:41:58.739  3950  3950 D wpa_supplicant: CTRL-DEBUG: global_ctrl_sock-sendto: sock=12 sndbuf=212992 outq=0 send_len=48
09-24 13:41:59.949 14914 14914 D AndroidRuntime: >>>>>> START com.android.internal.os.RuntimeInit uid 2000 <<<<<<
09-24 13:41:59.957 14914 14914 D AndroidRuntime: CheckJNI is OFF
09-24 13:42:00.000  1937  3458 V AlarmManager: Triggering alarm #0: Alarm{ea3e7ae type 3 when 10149956 android}operation =Intent { act=android.intent.action.TIME_TICK flg=0x50000000 }
09-24 13:42:00.004  1937  1937 D ActivityManager: mImportantUids connections =1000 by uid = 10401 ConnectionRecord =ConnectionRecord{c72ca51 u0 CR FGSA io.github.ylimit.droidbotapp/io.github.privacystreams.accessibility.PSAccessibilityService:@802d378}
09-24 13:42:00.005  1937  1937 D ActivityManager: mImportantUids connections =1000 by uid = 10401 ConnectionRecord =ConnectionRecord{9544f08 u0 CR !FG UI !VIS io.github.ylimit.droidbotapp/.DroidBotIME:@c0f2cab}
09-24 13:42:00.005  1937  1937 D ActivityManager: mImportantUids connections =1000 by uid = 10092 ConnectionRecord =ConnectionRecord{b9837d9 u0 CR FGS com.qihoo.appstore/.AppStoreNotificationListenerService:@49ae220}
09-24 13:42:00.015  1937  4336 D ActivityManager: mImportantUids connections =1000 by uid = 10401 ConnectionRecord =ConnectionRecord{c72ca51 u0 CR FGSA io.github.ylimit.droidbotapp/io.github.privacystreams.accessibility.PSAccessibilityService:@802d378}
09-24 13:42:00.015  1937  4336 D ActivityManager: mImportantUids connections =1000 by uid = 10401 ConnectionRecord =ConnectionRecord{9544f08 u0 CR !FG UI !VIS io.github.ylimit.droidbotapp/.DroidBotIME:@c0f2cab}
09-24 13:42:00.015  1937  4336 D ActivityManager: mImportantUids connections =1000 by uid = 10092 ConnectionRecord =ConnectionRecord{b9837d9 u0 CR FGS com.qihoo.appstore/.AppStoreNotificationListenerService:@49ae220}
09-24 13:42:00.031  1937  4456 D ActivityManager: mImportantUids connections =1000 by uid = 10401 ConnectionRecord =ConnectionRecord{c72ca51 u0 CR FGSA io.github.ylimit.droidbotapp/io.github.privacystreams.accessibility.PSAccessibilityService:@802d378}
09-24 13:42:00.031  1937  4456 D ActivityManager: mImportantUids connections =1000 by uid = 10401 ConnectionRecord =ConnectionRecord{9544f08 u0 CR !FG UI !VIS io.github.ylimit.droidbotapp/.DroidBotIME:@c0f2cab}
09-24 13:42:00.031  1937  4456 D ActivityManager: mImportantUids connections =1000 by uid = 10092 ConnectionRecord =ConnectionRecord{b9837d9 u0 CR FGS com.qihoo.appstore/.AppStoreNotificationListenerService:@49ae220}
09-24 13:42:00.038 14914 14914 D ICU     : No timezone override file found: /data/misc/zoneinfo/current/icu/icu_tzdata.dat
09-24 13:42:00.046  1937  4353 D ActivityManager: mImportantUids connections =1000 by uid = 10401 ConnectionRecord =ConnectionRecord{c72ca51 u0 CR FGSA io.github.ylimit.droidbotapp/io.github.privacystreams.accessibility.PSAccessibilityService:@802d378}
09-24 13:42:00.046  1937  4353 D ActivityManager: mImportantUids connections =1000 by uid = 10401 ConnectionRecord =ConnectionRecord{9544f08 u0 CR !FG UI !VIS io.github.ylimit.droidbotapp/.DroidBotIME:@c0f2cab}
09-24 13:42:00.046  1937  4353 D ActivityManager: mImportantUids connections =1000 by uid = 10092 ConnectionRecord =ConnectionRecord{b9837d9 u0 CR FGS com.qihoo.appstore/.AppStoreNotificationListenerService:@49ae220}
09-24 13:42:00.070  1937  4454 D ActivityManager: mImportantUids connections =1000 by uid = 10401 ConnectionRecord =ConnectionRecord{c72ca51 u0 CR FGSA io.github.ylimit.droidbotapp/io.github.privacystreams.accessibility.PSAccessibilityService:@802d378}
09-24 13:42:00.070  1937  4454 D ActivityManager: mImportantUids connections =1000 by uid = 10401 ConnectionRecord =ConnectionRecord{9544f08 u0 CR !FG UI !VIS io.github.ylimit.droidbotapp/.DroidBotIME:@c0f2cab}
09-24 13:42:00.070  1937  4454 D ActivityManager: mImportantUids connections =1000 by uid = 10092 ConnectionRecord =ConnectionRecord{b9837d9 u0 CR FGS com.qihoo.appstore/.AppStoreNotificationListenerService:@49ae220}
09-24 13:42:00.083  1937  4454 D ActivityManager: mImportantUids connections =1000 by uid = 10401 ConnectionRecord =ConnectionRecord{c72ca51 u0 CR FGSA io.github.ylimit.droidbotapp/io.github.privacystreams.accessibility.PSAccessibilityService:@802d378}
09-24 13:42:00.083  1937  4454 D ActivityManager: mImportantUids connections =1000 by uid = 10401 ConnectionRecord =ConnectionRecord{9544f08 u0 CR !FG UI !VIS io.github.ylimit.droidbotapp/.DroidBotIME:@c0f2cab}
09-24 13:42:00.083  1937  4454 D ActivityManager: mImportantUids connections =1000 by uid = 10092 ConnectionRecord =ConnectionRecord{b9837d9 u0 CR FGS com.qihoo.appstore/.AppStoreNotificationListenerService:@49ae220}
09-24 13:42:00.110  1937  4454 D ActivityManager: mImportantUids connections =1000 by uid = 10401 ConnectionRecord =ConnectionRecord{c72ca51 u0 CR FGSA io.github.ylimit.droidbotapp/io.github.privacystreams.accessibility.PSAccessibilityService:@802d378}
09-24 13:42:00.110  1937  4454 D ActivityManager: mImportantUids connections =1000 by uid = 10401 ConnectionRecord =ConnectionRecord{9544f08 u0 CR !FG UI !VIS io.github.ylimit.droidbotapp/.DroidBotIME:@c0f2cab}
09-24 13:42:00.110  1937  4454 D ActivityManager: mImportantUids connections =1000 by uid = 10092 ConnectionRecord =ConnectionRecord{b9837d9 u0 CR FGS com.qihoo.appstore/.AppStoreNotificationListenerService:@49ae220}
09-24 13:42:00.117  1937  4454 D ActivityManager: mImportantUids connections =1000 by uid = 10401 ConnectionRecord =ConnectionRecord{c72ca51 u0 CR FGSA io.github.ylimit.droidbotapp/io.github.privacystreams.accessibility.PSAccessibilityService:@802d378}
09-24 13:42:00.117  1937  4454 D ActivityManager: mImportantUids connections =1000 by uid = 10401 ConnectionRecord =ConnectionRecord{9544f08 u0 CR !FG UI !VIS io.github.ylimit.droidbotapp/.DroidBotIME:@c0f2cab}
09-24 13:42:00.117  1937  4454 D ActivityManager: mImportantUids connections =1000 by uid = 10092 ConnectionRecord =ConnectionRecord{b9837d9 u0 CR FGS com.qihoo.appstore/.AppStoreNotificationListenerService:@49ae220}
09-24 13:42:00.128 14914 14914 I Radio-JNI: register_android_hardware_Radio DONE
09-24 13:42:00.136 30869 30879 I art     : Background sticky concurrent mark sweep GC freed 62536(4MB) AllocSpace objects, 128(3MB) LOS objects, 27% free, 20MB/27MB, paused 11.815ms total 93.856ms
09-24 13:42:00.139  1937  4454 D ActivityManager: mImportantUids connections =1000 by uid = 10401 ConnectionRecord =ConnectionRecord{c72ca51 u0 CR FGSA io.github.ylimit.droidbotapp/io.github.privacystreams.accessibility.PSAccessibilityService:@802d378}
09-24 13:42:00.140  1937  4454 D ActivityManager: mImportantUids connections =1000 by uid = 10401 ConnectionRecord =ConnectionRecord{9544f08 u0 CR !FG UI !VIS io.github.ylimit.droidbotapp/.DroidBotIME:@c0f2cab}
09-24 13:42:00.140  1937  4454 D ActivityManager: mImportantUids connections =1000 by uid = 10092 ConnectionRecord =ConnectionRecord{b9837d9 u0 CR FGS com.qihoo.appstore/.AppStoreNotificationListenerService:@49ae220}
09-24 13:42:00.158  1937  4454 D ActivityManager: mImportantUids connections =1000 by uid = 10401 ConnectionRecord =ConnectionRecord{c72ca51 u0 CR FGSA io.github.ylimit.droidbotapp/io.github.privacystreams.accessibility.PSAccessibilityService:@802d378}
09-24 13:42:00.158  1937  4454 D ActivityManager: mImportantUids connections =1000 by uid = 10401 ConnectionRecord =ConnectionRecord{9544f08 u0 CR !FG UI !VIS io.github.ylimit.droidbotapp/.DroidBotIME:@c0f2cab}
09-24 13:42:00.158  1937  4454 D ActivityManager: mImportantUids connections =1000 by uid = 10092 ConnectionRecord =ConnectionRecord{b9837d9 u0 CR FGS com.qihoo.appstore/.AppStoreNotificationListenerService:@49ae220}
09-24 13:42:00.165  1937  4454 D ActivityManager: mImportantUids connections =1000 by uid = 10401 ConnectionRecord =ConnectionRecord{c72ca51 u0 CR FGSA io.github.ylimit.droidbotapp/io.github.privacystreams.accessibility.PSAccessibilityService:@802d378}
09-24 13:42:00.165  1937  4454 D ActivityManager: mImportantUids connections =1000 by uid = 10401 ConnectionRecord =ConnectionRecord{9544f08 u0 CR !FG UI !VIS io.github.ylimit.droidbotapp/.DroidBotIME:@c0f2cab}
09-24 13:42:00.166  1937  4454 D ActivityManager: mImportantUids connections =1000 by uid = 10092 ConnectionRecord =ConnectionRecord{b9837d9 u0 CR FGS com.qihoo.appstore/.AppStoreNotificationListenerService:@49ae220}
09-24 13:42:00.174  1937  4454 D ActivityManager: mImportantUids connections =1000 by uid = 10401 ConnectionRecord =ConnectionRecord{c72ca51 u0 CR FGSA io.github.ylimit.droidbotapp/io.github.privacystreams.accessibility.PSAccessibilityService:@802d378}
09-24 13:42:00.174  1937  4454 D ActivityManager: mImportantUids connections =1000 by uid = 10401 ConnectionRecord =ConnectionRecord{9544f08 u0 CR !FG UI !VIS io.github.ylimit.droidbotapp/.DroidBotIME:@c0f2cab}
09-24 13:42:00.175  1937  4454 D ActivityManager: mImportantUids connections =1000 by uid = 10092 ConnectionRecord =ConnectionRecord{b9837d9 u0 CR FGS com.qihoo.appstore/.AppStoreNotificationListenerService:@49ae220}
09-24 13:42:00.182  1937  4454 D ActivityManager: mImportantUids connections =1000 by uid = 10401 ConnectionRecord =ConnectionRecord{c72ca51 u0 CR FGSA io.github.ylimit.droidbotapp/io.github.privacystreams.accessibility.PSAccessibilityService:@802d378}
09-24 13:42:00.182  1937  4454 D ActivityManager: mImportantUids connections =1000 by uid = 10401 ConnectionRecord =ConnectionRecord{9544f08 u0 CR !FG UI !VIS io.github.ylimit.droidbotapp/.DroidBotIME:@c0f2cab}
09-24 13:42:00.182  1937  4454 D ActivityManager: mImportantUids connections =1000 by uid = 10092 ConnectionRecord =ConnectionRecord{b9837d9 u0 CR FGS com.qihoo.appstore/.AppStoreNotificationListenerService:@49ae220}
09-24 13:42:00.190  1937  4454 D ActivityManager: mImportantUids connections =1000 by uid = 10401 ConnectionRecord =ConnectionRecord{c72ca51 u0 CR FGSA io.github.ylimit.droidbotapp/io.github.privacystreams.accessibility.PSAccessibilityService:@802d378}
09-24 13:42:00.190  1937  4454 D ActivityManager: mImportantUids connections =1000 by uid = 10401 ConnectionRecord =ConnectionRecord{9544f08 u0 CR !FG UI !VIS io.github.ylimit.droidbotapp/.DroidBotIME:@c0f2cab}
09-24 13:42:00.190  1937  4454 D ActivityManager: mImportantUids connections =1000 by uid = 10092 ConnectionRecord =ConnectionRecord{b9837d9 u0 CR FGS com.qihoo.appstore/.AppStoreNotificationListenerService:@49ae220}
09-24 13:42:00.198  1937  4454 D ActivityManager: mImportantUids connections =1000 by uid = 10401 ConnectionRecord =ConnectionRecord{c72ca51 u0 CR FGSA io.github.ylimit.droidbotapp/io.github.privacystreams.accessibility.PSAccessibilityService:@802d378}
09-24 13:42:00.198  1937  4454 D ActivityManager: mImportantUids connections =1000 by uid = 10401 ConnectionRecord =ConnectionRecord{9544f08 u0 CR !FG UI !VIS io.github.ylimit.droidbotapp/.DroidBotIME:@c0f2cab}
09-24 13:42:00.198  1937  4454 D ActivityManager: mImportantUids connections =1000 by uid = 10092 ConnectionRecord =ConnectionRecord{b9837d9 u0 CR FGS com.qihoo.appstore/.AppStoreNotificationListenerService:@49ae220}
09-24 13:42:00.206  1937  4454 D ActivityManager: mImportantUids connections =1000 by uid = 10401 ConnectionRecord =ConnectionRecord{c72ca51 u0 CR FGSA io.github.ylimit.droidbotapp/io.github.privacystreams.accessibility.PSAccessibilityService:@802d378}
09-24 13:42:00.206  1937  4454 D ActivityManager: mImportantUids connections =1000 by uid = 10401 ConnectionRecord =ConnectionRecord{9544f08 u0 CR !FG UI !VIS io.github.ylimit.droidbotapp/.DroidBotIME:@c0f2cab}
09-24 13:42:00.206  1937  4454 D ActivityManager: mImportantUids connections =1000 by uid = 10092 ConnectionRecord =ConnectionRecord{b9837d9 u0 CR FGS com.qihoo.appstore/.AppStoreNotificationListenerService:@49ae220}
09-24 13:42:00.212 14914 14914 D AndroidRuntime: Calling main entry com.android.commands.input.Input
09-24 13:42:00.215 14914 14914 I Input   : injectKeyEvent: KeyEvent { action=ACTION_DOWN, keyCode=KEYCODE_BACK, scanCode=0, metaState=0, flags=0x0, repeatCount=0, eventTime=10150171, downTime=10150171, deviceId=-1, source=0x101 }
09-24 13:42:00.220  1937  3631 D ActivityManager: mImportantUids connections =1000 by uid = 10401 ConnectionRecord =ConnectionRecord{c72ca51 u0 CR FGSA io.github.ylimit.droidbotapp/io.github.privacystreams.accessibility.PSAccessibilityService:@802d378}
09-24 13:42:00.220  1937  3631 D ActivityManager: mImportantUids connections =1000 by uid = 10401 ConnectionRecord =ConnectionRecord{9544f08 u0 CR !FG UI !VIS io.github.ylimit.droidbotapp/.DroidBotIME:@c0f2cab}
09-24 13:42:00.220  1937  3631 D ActivityManager: mImportantUids connections =1000 by uid = 10092 ConnectionRecord =ConnectionRecord{b9837d9 u0 CR FGS com.qihoo.appstore/.AppStoreNotificationListenerService:@49ae220}
09-24 13:42:00.228  1937  4456 D ActivityManager: mImportantUids connections =1000 by uid = 10401 ConnectionRecord =ConnectionRecord{c72ca51 u0 CR FGSA io.github.ylimit.droidbotapp/io.github.privacystreams.accessibility.PSAccessibilityService:@802d378}
09-24 13:42:00.229  1937  4456 D ActivityManager: mImportantUids connections =1000 by uid = 10401 ConnectionRecord =ConnectionRecord{9544f08 u0 CR !FG UI !VIS io.github.ylimit.droidbotapp/.DroidBotIME:@c0f2cab}
09-24 13:42:00.229  1937  4456 D ActivityManager: mImportantUids connections =1000 by uid = 10092 ConnectionRecord =ConnectionRecord{b9837d9 u0 CR FGS com.qihoo.appstore/.AppStoreNotificationListenerService:@49ae220}
09-24 13:42:00.232 14914 14914 I Input   : injectKeyEvent: KeyEvent { action=ACTION_UP, keyCode=KEYCODE_BACK, scanCode=0, metaState=0, flags=0x0, repeatCount=0, eventTime=10150171, downTime=10150171, deviceId=-1, source=0x101 }
09-24 13:42:00.236  1937  4410 V WindowManager: just for Front small Window: = Window{9e1393d u0 com.qihoo.appstore}
09-24 13:42:00.240  1937  4410 V WindowManager: just for Front small Window: = Window{9e1393d u0 com.qihoo.appstore}
09-24 13:42:00.241  3689  3689 I StatusBarIconController:  appTransitionPending
09-24 13:42:00.266  1937  4410 I ActivityManager_Thumbnails: Setting thumbnail of ActivityRecord{54e1002 u0 com.heaven.thermo/.AcMain t749 f} to android.graphics.Bitmap@af4d94f
09-24 13:42:00.268  1937  4456 D ActivityManager: mImportantUids connections =1000 by uid = 10401 ConnectionRecord =ConnectionRecord{c72ca51 u0 CR FGSA io.github.ylimit.droidbotapp/io.github.privacystreams.accessibility.PSAccessibilityService:@802d378}
09-24 13:42:00.268  1937  4456 D ActivityManager: mImportantUids connections =1000 by uid = 10401 ConnectionRecord =ConnectionRecord{9544f08 u0 CR !FG UI !VIS io.github.ylimit.droidbotapp/.DroidBotIME:@c0f2cab}
09-24 13:42:00.269  1937  4456 D ActivityManager: mImportantUids connections =1000 by uid = 10092 ConnectionRecord =ConnectionRecord{b9837d9 u0 CR FGS com.qihoo.appstore/.AppStoreNotificationListenerService:@49ae220}
09-24 13:42:00.271 14914 14914 D AndroidRuntime: Shutting down VM
09-24 13:42:00.280 14037 14259 E AbstractTracker: Can't create handler inside thread that has not called Looper.prepare()
09-24 13:42:00.280 14037 14259 D AppTracker: App Event: stop
09-24 13:42:00.282  1937  4456 D ActivityManager: mImportantUids connections =1000 by uid = 10401 ConnectionRecord =ConnectionRecord{c72ca51 u0 CR FGSA io.github.ylimit.droidbotapp/io.github.privacystreams.accessibility.PSAccessibilityService:@802d378}
09-24 13:42:00.282  1937  4456 D ActivityManager: mImportantUids connections =1000 by uid = 10401 ConnectionRecord =ConnectionRecord{9544f08 u0 CR !FG UI !VIS io.github.ylimit.droidbotapp/.DroidBotIME:@c0f2cab}
09-24 13:42:00.282  1937  4456 D ActivityManager: mImportantUids connections =1000 by uid = 10092 ConnectionRecord =ConnectionRecord{b9837d9 u0 CR FGS com.qihoo.appstore/.AppStoreNotificationListenerService:@49ae220}
09-24 13:42:00.288  3689  3689 I StatusBarIconController:  appTransitionPending
09-24 13:42:00.290  1937  4388 D ActivityManager: mImportantUids connections =1000 by uid = 10401 ConnectionRecord =ConnectionRecord{c72ca51 u0 CR FGSA io.github.ylimit.droidbotapp/io.github.privacystreams.accessibility.PSAccessibilityService:@802d378}
09-24 13:42:00.290  1937  4388 D ActivityManager: mImportantUids connections =1000 by uid = 10401 ConnectionRecord =ConnectionRecord{9544f08 u0 CR !FG UI !VIS io.github.ylimit.droidbotapp/.DroidBotIME:@c0f2cab}
09-24 13:42:00.291  1937  4388 D ActivityManager: mImportantUids connections =1000 by uid = 10092 ConnectionRecord =ConnectionRecord{b9837d9 u0 CR FGS com.qihoo.appstore/.AppStoreNotificationListenerService:@49ae220}
09-24 13:42:00.300  1937  4454 V WindowManager: just for Front small Window: = Window{9e1393d u0 com.qihoo.appstore}
09-24 13:42:00.305  1937  4456 D ActivityManager: mImportantUids connections =1000 by uid = 10401 ConnectionRecord =ConnectionRecord{c72ca51 u0 CR FGSA io.github.ylimit.droidbotapp/io.github.privacystreams.accessibility.PSAccessibilityService:@802d378}
09-24 13:42:00.305  1937  4456 D ActivityManager: mImportantUids connections =1000 by uid = 10401 ConnectionRecord =ConnectionRecord{9544f08 u0 CR !FG UI !VIS io.github.ylimit.droidbotapp/.DroidBotIME:@c0f2cab}
09-24 13:42:00.306  1937  4456 D ActivityManager: mImportantUids connections =1000 by uid = 10092 ConnectionRecord =ConnectionRecord{b9837d9 u0 CR FGS com.qihoo.appstore/.AppStoreNotificationListenerService:@49ae220}
09-24 13:42:00.311  1937  4456 D ActivityManager: mImportantUids connections =1000 by uid = 10401 ConnectionRecord =ConnectionRecord{c72ca51 u0 CR FGSA io.github.ylimit.droidbotapp/io.github.privacystreams.accessibility.PSAccessibilityService:@802d378}
09-24 13:42:00.311  1937  4456 D ActivityManager: mImportantUids connections =1000 by uid = 10401 ConnectionRecord =ConnectionRecord{9544f08 u0 CR !FG UI !VIS io.github.ylimit.droidbotapp/.DroidBotIME:@c0f2cab}
09-24 13:42:00.311  1937  4456 D ActivityManager: mImportantUids connections =1000 by uid = 10092 ConnectionRecord =ConnectionRecord{b9837d9 u0 CR FGS com.qihoo.appstore/.AppStoreNotificationListenerService:@49ae220}
09-24 13:42:00.332  1937  4456 D ActivityManager: mImportantUids connections =1000 by uid = 10401 ConnectionRecord =ConnectionRecord{c72ca51 u0 CR FGSA io.github.ylimit.droidbotapp/io.github.privacystreams.accessibility.PSAccessibilityService:@802d378}
09-24 13:42:00.332  1937  4456 D ActivityManager: mImportantUids connections =1000 by uid = 10401 ConnectionRecord =ConnectionRecord{9544f08 u0 CR !FG UI !VIS io.github.ylimit.droidbotapp/.DroidBotIME:@c0f2cab}
09-24 13:42:00.333  1937  4456 D ActivityManager: mImportantUids connections =1000 by uid = 10092 ConnectionRecord =ConnectionRecord{b9837d9 u0 CR FGS com.qihoo.appstore/.AppStoreNotificationListenerService:@49ae220}
09-24 13:42:00.342  1937  4456 D ActivityManager: mImportantUids connections =1000 by uid = 10401 ConnectionRecord =ConnectionRecord{c72ca51 u0 CR FGSA io.github.ylimit.droidbotapp/io.github.privacystreams.accessibility.PSAccessibilityService:@802d378}
09-24 13:42:00.342  1937  4456 D ActivityManager: mImportantUids connections =1000 by uid = 10401 ConnectionRecord =ConnectionRecord{9544f08 u0 CR !FG UI !VIS io.github.ylimit.droidbotapp/.DroidBotIME:@c0f2cab}
09-24 13:42:00.342  1937  4456 D ActivityManager: mImportantUids connections =1000 by uid = 10092 ConnectionRecord =ConnectionRecord{b9837d9 u0 CR FGS com.qihoo.appstore/.AppStoreNotificationListenerService:@49ae220}
09-24 13:42:00.327 14751 14768 E AbstractTracker: Can't create handler inside thread that has not called Looper.prepare()
09-24 13:42:00.343 14751 14768 D AppTracker: App Event: start
09-24 13:42:00.348  1937  4385 V WindowManager: just for Front small Window: = Window{9e1393d u0 com.qihoo.appstore}
09-24 13:42:00.349  3689  3689 D PhoneStatusBar: setSystemUiVisibility vis=2610 mask=ffffffff oldVal=0 newVal=2610 diff=2610
09-24 13:42:00.349  3689  3689 I StatusBarIconController: setIconsDark dark:false animate:true currentDark:false mTransitionPending:true mTransitionDeferring:false mPendingDarkIntensity:0.0
09-24 13:42:00.349  3689  3689 I StatusBarIconController: animateIconTint:0.0 mDarkIntensity:0.0
09-24 13:42:00.398 14751 14751 D TMYGALLERY: viewpager onlayout!
09-24 13:42:00.434   358   358 W auditd  : type=1400 "Binder_1""socket:[604373]""sockfs"
09-24 13:42:00.454   358   358 W auditd  : type=1400 "Binder_1""socket:[604373]""sockfs"
09-24 13:42:00.484  1937  1957 I art     : Background partial concurrent mark sweep GC freed 44955(4MB) AllocSpace objects, 32(640KB) LOS objects, 33% free, 19MB/29MB, paused 7.564ms total 222.496ms
09-24 13:42:00.538  1937  3361 V WindowManager: just for Front small Window: = Window{9e1393d u0 com.qihoo.appstore}
09-24 13:42:00.538  1937  3361 V WindowManager: just for Front small Window: = Window{9e1393d u0 com.qihoo.appstore}
09-24 13:42:00.556  3689  3689 D PhoneStatusBar: setSystemUiVisibility vis=a610 mask=ffffffff oldVal=2610 newVal=a610 diff=8000
09-24 13:42:00.556  3689  3689 D PhoneStatusBar: checkBarMode:powerSave=false, getBarState()=0
09-24 13:42:00.556  3689  3689 D BarTransitions.PhoneStatusBarView: MODE_OPAQUE -> MODE_TRANSPARENT animate=true
09-24 13:42:00.556  3689  3689 D BarTransitions.PhoneStatusBarView: applyModeBackground oldMode=MODE_OPAQUE newMode=MODE_TRANSPARENT animate=true
09-24 13:42:00.557  3689  3689 I StatusBarIconController: setIconsDark dark:true animate:true currentDark:false mTransitionPending:true mTransitionDeferring:false mPendingDarkIntensity:0.0
09-24 13:42:00.557  3689  3689 I StatusBarIconController: animateIconTint:1.0 mDarkIntensity:0.0
09-24 13:42:00.557  3689  3689 I StatusBarIconController: setIconTintInternal:0.0
09-24 13:42:00.561  1937  4336 V WindowManager: just for Front small Window: = Window{9e1393d u0 com.qihoo.appstore}
09-24 13:42:00.564  1937  3352 D ActivityManager: mImportantUids connections =1000 by uid = 10401 ConnectionRecord =ConnectionRecord{c72ca51 u0 CR FGSA io.github.ylimit.droidbotapp/io.github.privacystreams.accessibility.PSAccessibilityService:@802d378}
09-24 13:42:00.564  1937  3352 D ActivityManager: mImportantUids connections =1000 by uid = 10401 ConnectionRecord =ConnectionRecord{9544f08 u0 CR !FG UI !VIS io.github.ylimit.droidbotapp/.DroidBotIME:@c0f2cab}
09-24 13:42:00.565  1937  3352 D ActivityManager: mImportantUids connections =1000 by uid = 10092 ConnectionRecord =ConnectionRecord{b9837d9 u0 CR FGS com.qihoo.appstore/.AppStoreNotificationListenerService:@49ae220}
09-24 13:42:00.572  3689  3689 I StatusBarIconController: setIconTintInternal:0.0
09-24 13:42:00.585  3689  3689 D BarBackgroundDrawable: BarTransitions: draw: mode=MODE_TRANSPARENT, targetColor=0x0
09-24 13:42:00.585  3689  3689 D BarBackgroundDrawable: BarTransitions: drawColor:0xda000000
09-24 13:42:00.589  3689  3689 I StatusBarIconController: appTransitionStarting
09-24 13:42:00.605  1937  4410 D ActivityManager: mImportantUids connections =1000 by uid = 10401 ConnectionRecord =ConnectionRecord{c72ca51 u0 CR FGSA io.github.ylimit.droidbotapp/io.github.privacystreams.accessibility.PSAccessibilityService:@802d378}
09-24 13:42:00.605  1937  4410 D ActivityManager: mImportantUids connections =1000 by uid = 10401 ConnectionRecord =ConnectionRecord{9544f08 u0 CR !FG UI !VIS io.github.ylimit.droidbotapp/.DroidBotIME:@c0f2cab}
09-24 13:42:00.605  1937  4410 D ActivityManager: mImportantUids connections =1000 by uid = 10092 ConnectionRecord =ConnectionRecord{b9837d9 u0 CR FGS com.qihoo.appstore/.AppStoreNotificationListenerService:@49ae220}
09-24 13:42:00.615  3689  3689 I StatusBarIconController: setIconTintInternal:0.05827403
09-24 13:42:00.622  1937  4410 D ActivityManager: mImportantUids connections =1000 by uid = 10401 ConnectionRecord =ConnectionRecord{c72ca51 u0 CR FGSA io.github.ylimit.droidbotapp/io.github.privacystreams.accessibility.PSAccessibilityService:@802d378}
09-24 13:42:00.622  1937  4410 D ActivityManager: mImportantUids connections =1000 by uid = 10401 ConnectionRecord =ConnectionRecord{9544f08 u0 CR !FG UI !VIS io.github.ylimit.droidbotapp/.DroidBotIME:@c0f2cab}
09-24 13:42:00.623  1937  4410 D ActivityManager: mImportantUids connections =1000 by uid = 10092 ConnectionRecord =ConnectionRecord{b9837d9 u0 CR FGS com.qihoo.appstore/.AppStoreNotificationListenerService:@49ae220}
09-24 13:42:00.624  3689  3689 D BarBackgroundDrawable: BarTransitions: draw: mode=MODE_TRANSPARENT, targetColor=0x0
09-24 13:42:00.624  3689  3689 D BarBackgroundDrawable: BarTransitions: drawColor:0xa8000000
09-24 13:42:00.625  3689  3689 W PathParser: Points are too far apart 4.030360828967057
09-24 13:42:00.625  3689  3689 W PathParser: Points are too far apart 4.030360538880159
09-24 13:42:00.631  3689  3689 I StatusBarIconController: setIconTintInternal:0.8394938
09-24 13:42:00.641  3689  3689 D BarBackgroundDrawable: BarTransitions: draw: mode=MODE_TRANSPARENT, targetColor=0x0
09-24 13:42:00.641  3689  3689 D BarBackgroundDrawable: BarTransitions: drawColor:0x92000000
09-24 13:42:00.643  3689  3689 W PathParser: Points are too far apart 4.030360828967057
09-24 13:42:00.643  3689  3689 W PathParser: Points are too far apart 4.030360538880159
09-24 13:42:00.650  3689  3689 I StatusBarIconController: setIconTintInternal:0.9378363
09-24 13:42:00.657  3689  3689 D BarBackgroundDrawable: BarTransitions: draw: mode=MODE_TRANSPARENT, targetColor=0x0
09-24 13:42:00.658  3689  3689 D BarBackgroundDrawable: BarTransitions: drawColor:0x7e000000
09-24 13:42:00.658  3689  3689 W PathParser: Points are too far apart 4.030360828967057
09-24 13:42:00.658  3689  3689 W PathParser: Points are too far apart 4.030360538880159
09-24 13:42:00.666  3689  3689 I StatusBarIconController: setIconTintInternal:0.98444164
09-24 13:42:00.673  3689  3689 D BarBackgroundDrawable: BarTransitions: draw: mode=MODE_TRANSPARENT, targetColor=0x0
09-24 13:42:00.674  3689  3689 D BarBackgroundDrawable: BarTransitions: drawColor:0x69000000
09-24 13:42:00.675  3689  3689 W PathParser: Points are too far apart 4.030360828967057
09-24 13:42:00.675  3689  3689 W PathParser: Points are too far apart 4.030360538880159
09-24 13:42:00.685  1937  4454 V WindowManager: just for Front small Window: = Window{9e1393d u0 com.qihoo.appstore}
09-24 13:42:00.714   358   358 W auditd  : type=1400 "MemoryCheckThre""mem""debugfs"
09-24 13:42:00.714   358   358 W auditd  : type=1400 "MemoryCheckThre""mem""debugfs"
09-24 13:42:00.777  1937  4329 D ActivityManager: mImportantUids connections =1000 by uid = 10401 ConnectionRecord =ConnectionRecord{c72ca51 u0 CR FGSA io.github.ylimit.droidbotapp/io.github.privacystreams.accessibility.PSAccessibilityService:@802d378}
09-24 13:42:00.777  1937  4329 D ActivityManager: mImportantUids connections =1000 by uid = 10401 ConnectionRecord =ConnectionRecord{9544f08 u0 CR !FG UI !VIS io.github.ylimit.droidbotapp/.DroidBotIME:@c0f2cab}
09-24 13:42:00.778  1937  4329 D ActivityManager: mImportantUids connections =1000 by uid = 10092 ConnectionRecord =ConnectionRecord{b9837d9 u0 CR FGS com.qihoo.appstore/.AppStoreNotificationListenerService:@49ae220}
09-24 13:42:00.784  3689  3689 I StatusBarIconController: setIconTintInternal:1.0
09-24 13:42:00.802  3689  3689 D BarBackgroundDrawable: BarTransitions: draw: mode=MODE_TRANSPARENT, targetColor=0x0
09-24 13:42:00.803  3689  3689 W PathParser: Points are too far apart 4.030360828967057
09-24 13:42:00.803  3689  3689 W PathParser: Points are too far apart 4.030360538880159
09-24 13:42:00.840  1937  4359 D ActivityManager: mImportantUids connections =1000 by uid = 10401 ConnectionRecord =ConnectionRecord{c72ca51 u0 CR FGSA io.github.ylimit.droidbotapp/io.github.privacystreams.accessibility.PSAccessibilityService:@802d378}
09-24 13:42:00.840  1937  4359 D ActivityManager: mImportantUids connections =1000 by uid = 10401 ConnectionRecord =ConnectionRecord{9544f08 u0 CR !FG UI !VIS io.github.ylimit.droidbotapp/.DroidBotIME:@c0f2cab}
09-24 13:42:00.840  1937  4359 D ActivityManager: mImportantUids connections =1000 by uid = 10092 ConnectionRecord =ConnectionRecord{b9837d9 u0 CR FGS com.qihoo.appstore/.AppStoreNotificationListenerService:@49ae220}
09-24 13:42:00.860  1937  3631 D ActivityManager: mImportantUids connections =1000 by uid = 10401 ConnectionRecord =ConnectionRecord{c72ca51 u0 CR FGSA io.github.ylimit.droidbotapp/io.github.privacystreams.accessibility.PSAccessibilityService:@802d378}
09-24 13:42:00.860  1937  3631 D ActivityManager: mImportantUids connections =1000 by uid = 10401 ConnectionRecord =ConnectionRecord{9544f08 u0 CR !FG UI !VIS io.github.ylimit.droidbotapp/.DroidBotIME:@c0f2cab}
09-24 13:42:00.861  1937  3631 D ActivityManager: mImportantUids connections =1000 by uid = 10092 ConnectionRecord =ConnectionRecord{b9837d9 u0 CR FGS com.qihoo.appstore/.AppStoreNotificationListenerService:@49ae220}
09-24 13:42:00.914  1937  4369 D ActivityManager: mImportantUids connections =1000 by uid = 10401 ConnectionRecord =ConnectionRecord{c72ca51 u0 CR FGSA io.github.ylimit.droidbotapp/io.github.privacystreams.accessibility.PSAccessibilityService:@802d378}
09-24 13:42:00.914  1937  4369 D ActivityManager: mImportantUids connections =1000 by uid = 10401 ConnectionRecord =ConnectionRecord{9544f08 u0 CR !FG UI !VIS io.github.ylimit.droidbotapp/.DroidBotIME:@c0f2cab}
09-24 13:42:00.914  1937  4369 D ActivityManager: mImportantUids connections =1000 by uid = 10092 ConnectionRecord =ConnectionRecord{b9837d9 u0 CR FGS com.qihoo.appstore/.AppStoreNotificationListenerService:@49ae220}
09-24 13:42:00.925   358   358 W auditd  : type=1400 "MemoryCheckThre""mem""debugfs"
09-24 13:42:00.925   358   358 W auditd  : type=1400 "MemoryCheckThre""mem""debugfs"
09-24 13:42:00.944  1937  4386 D ActivityManager: mImportantUids connections =1000 by uid = 10401 ConnectionRecord =ConnectionRecord{c72ca51 u0 CR FGSA io.github.ylimit.droidbotapp/io.github.privacystreams.accessibility.PSAccessibilityService:@802d378}
09-24 13:42:00.944  1937  4386 D ActivityManager: mImportantUids connections =1000 by uid = 10401 ConnectionRecord =ConnectionRecord{9544f08 u0 CR !FG UI !VIS io.github.ylimit.droidbotapp/.DroidBotIME:@c0f2cab}
09-24 13:42:00.945  1937  4386 D ActivityManager: mImportantUids connections =1000 by uid = 10092 ConnectionRecord =ConnectionRecord{b9837d9 u0 CR FGS com.qihoo.appstore/.AppStoreNotificationListenerService:@49ae220}
09-24 13:42:00.974  1937  4336 D ActivityManager: mImportantUids connections =1000 by uid = 10401 ConnectionRecord =ConnectionRecord{c72ca51 u0 CR FGSA io.github.ylimit.droidbotapp/io.github.privacystreams.accessibility.PSAccessibilityService:@802d378}
09-24 13:42:00.974  1937  4336 D ActivityManager: mImportantUids connections =1000 by uid = 10401 ConnectionRecord =ConnectionRecord{9544f08 u0 CR !FG UI !VIS io.github.ylimit.droidbotapp/.DroidBotIME:@c0f2cab}
09-24 13:42:00.974  1937  4336 D ActivityManager: mImportantUids connections =1000 by uid = 10092 ConnectionRecord =ConnectionRecord{b9837d9 u0 CR FGS com.qihoo.appstore/.AppStoreNotificationListenerService:@49ae220}
09-24 13:42:01.005  1937  1937 I DeviceIdleController: updateChargingLocked: charging=true
09-24 13:42:01.006  1937  1937 I DeviceIdleController: becomeActiveLocked, reason = charging
09-24 13:42:01.011  5113  5113 D AbstractProcessor: onBatteryChange Percent:6 State:2 
09-24 13:42:01.029  1937  4443 D ActivityManager: mImportantUids connections =1000 by uid = 10401 ConnectionRecord =ConnectionRecord{c72ca51 u0 CR FGSA io.github.ylimit.droidbotapp/io.github.privacystreams.accessibility.PSAccessibilityService:@802d378}
09-24 13:42:01.029  1937  4443 D ActivityManager: mImportantUids connections =1000 by uid = 10401 ConnectionRecord =ConnectionRecord{9544f08 u0 CR !FG UI !VIS io.github.ylimit.droidbotapp/.DroidBotIME:@c0f2cab}
09-24 13:42:01.029  1937  4443 D ActivityManager: mImportantUids connections =1000 by uid = 10092 ConnectionRecord =ConnectionRecord{b9837d9 u0 CR FGS com.qihoo.appstore/.AppStoreNotificationListenerService:@49ae220}
09-24 13:42:01.061  1937  4369 D ActivityManager: mImportantUids connections =1000 by uid = 10092 ConnectionRecord =ConnectionRecord{b9837d9 u0 CR FGS com.qihoo.appstore/.AppStoreNotificationListenerService:@49ae220}
09-24 13:42:01.072  1937  4369 D ActivityManager: mImportantUids connections =1000 by uid = 10401 ConnectionRecord =ConnectionRecord{c72ca51 u0 CR FGSA io.github.ylimit.droidbotapp/io.github.privacystreams.accessibility.PSAccessibilityService:@802d378}
09-24 13:42:01.073  1937  4369 D ActivityManager: mImportantUids connections =1000 by uid = 10401 ConnectionRecord =ConnectionRecord{9544f08 u0 CR !FG UI !VIS io.github.ylimit.droidbotapp/.DroidBotIME:@c0f2cab}
09-24 13:42:01.073  1937  4369 D ActivityManager: mImportantUids connections =1000 by uid = 10092 ConnectionRecord =ConnectionRecord{b9837d9 u0 CR FGS com.qihoo.appstore/.AppStoreNotificationListenerService:@49ae220}
09-24 13:42:01.120  1937  4369 D ActivityManager: mImportantUids connections =1000 by uid = 10401 ConnectionRecord =ConnectionRecord{c72ca51 u0 CR FGSA io.github.ylimit.droidbotapp/io.github.privacystreams.accessibility.PSAccessibilityService:@802d378}
09-24 13:42:01.120  1937  4369 D ActivityManager: mImportantUids connections =1000 by uid = 10401 ConnectionRecord =ConnectionRecord{9544f08 u0 CR !FG UI !VIS io.github.ylimit.droidbotapp/.DroidBotIME:@c0f2cab}
09-24 13:42:01.121  1937  4369 D ActivityManager: mImportantUids connections =1000 by uid = 10092 ConnectionRecord =ConnectionRecord{b9837d9 u0 CR FGS com.qihoo.appstore/.AppStoreNotificationListenerService:@49ae220}
09-24 13:42:01.153   358   358 W auditd  : type=1400 "MemoryCheckThre""mem""debugfs"
09-24 13:42:01.164   358   358 W auditd  : type=1400 "MemoryCheckThre""mem""debugfs"
09-24 13:42:01.160  1937  3351 D ActivityManager: mImportantUids connections =1000 by uid = 10401 ConnectionRecord =ConnectionRecord{9544f08 u0 CR !FG UI !VIS io.github.ylimit.droidbotapp/.DroidBotIME:@c0f2cab}
09-24 13:42:01.163  1937  3351 D ActivityManager: mImportantUids connections =1000 by uid = 10092 ConnectionRecord =ConnectionRecord{b9837d9 u0 CR FGS com.qihoo.appstore/.AppStoreNotificationListenerService:@49ae220}
09-24 13:42:01.174  1937  4385 D ActivityManager: mImportantUids connections =1000 by uid = 10092 ConnectionRecord =ConnectionRecord{b9837d9 u0 CR FGS com.qihoo.appstore/.AppStoreNotificationListenerService:@49ae220}
09-24 13:42:01.177  1937  4385 D ActivityManager: mImportantUids connections =1000 by uid = 10401 ConnectionRecord =ConnectionRecord{c72ca51 u0 CR FGSA io.github.ylimit.droidbotapp/io.github.privacystreams.accessibility.PSAccessibilityService:@802d378}
09-24 13:42:01.177  1937  4385 D ActivityManager: mImportantUids connections =1000 by uid = 10401 ConnectionRecord =ConnectionRecord{9544f08 u0 CR !FG UI !VIS io.github.ylimit.droidbotapp/.DroidBotIME:@c0f2cab}
09-24 13:42:01.177  1937  4385 D ActivityManager: mImportantUids connections =1000 by uid = 10092 ConnectionRecord =ConnectionRecord{b9837d9 u0 CR FGS com.qihoo.appstore/.AppStoreNotificationListenerService:@49ae220}
09-24 13:42:01.192  1937  3631 D ActivityManager: mImportantUids connections =1000 by uid = 10401 ConnectionRecord =ConnectionRecord{c72ca51 u0 CR FGSA io.github.ylimit.droidbotapp/io.github.privacystreams.accessibility.PSAccessibilityService:@802d378}
09-24 13:42:01.192  1937  3631 D ActivityManager: mImportantUids connections =1000 by uid = 10401 ConnectionRecord =ConnectionRecord{9544f08 u0 CR !FG UI !VIS io.github.ylimit.droidbotapp/.DroidBotIME:@c0f2cab}
09-24 13:42:01.192  1937  3631 D ActivityManager: mImportantUids connections =1000 by uid = 10092 ConnectionRecord =ConnectionRecord{b9837d9 u0 CR FGS com.qihoo.appstore/.AppStoreNotificationListenerService:@49ae220}
09-24 13:42:01.205  1937  4369 D ActivityManager: mImportantUids connections =1000 by uid = 10401 ConnectionRecord =ConnectionRecord{c72ca51 u0 CR FGSA io.github.ylimit.droidbotapp/io.github.privacystreams.accessibility.PSAccessibilityService:@802d378}
09-24 13:42:01.205  1937  4369 D ActivityManager: mImportantUids connections =1000 by uid = 10401 ConnectionRecord =ConnectionRecord{9544f08 u0 CR !FG UI !VIS io.github.ylimit.droidbotapp/.DroidBotIME:@c0f2cab}
09-24 13:42:01.206  1937  4369 D ActivityManager: mImportantUids connections =1000 by uid = 10092 ConnectionRecord =ConnectionRecord{b9837d9 u0 CR FGS com.qihoo.appstore/.AppStoreNotificationListenerService:@49ae220}
09-24 13:42:01.252  1937  4388 D ActivityManager: mImportantUids connections =1000 by uid = 10401 ConnectionRecord =ConnectionRecord{c72ca51 u0 CR FGSA io.github.ylimit.droidbotapp/io.github.privacystreams.accessibility.PSAccessibilityService:@802d378}
09-24 13:42:01.252  1937  4388 D ActivityManager: mImportantUids connections =1000 by uid = 10401 ConnectionRecord =ConnectionRecord{9544f08 u0 CR !FG UI !VIS io.github.ylimit.droidbotapp/.DroidBotIME:@c0f2cab}
09-24 13:42:01.260  1937  4388 D ActivityManager: mImportantUids connections =1000 by uid = 10092 ConnectionRecord =ConnectionRecord{b9837d9 u0 CR FGS com.qihoo.appstore/.AppStoreNotificationListenerService:@49ae220}
09-24 13:42:01.307  3689  3689 D SystemServicesProxy: exclude com.android.systemui
09-24 13:42:01.308  3689  3689 D SystemServicesProxy: exclude com.android.settings
09-24 13:42:01.308  3689  3689 D SystemServicesProxy: exclude com.android.packageinstaller
09-24 13:42:01.308  3689  3689 D SystemServicesProxy: exclude android
09-24 13:42:01.308  3689  3689 D SystemServicesProxy: exclude android
09-24 13:42:01.308  3689  3689 D SystemServicesProxy: add 11 Task
09-24 13:42:01.308  3689  3689 D RecentsTaskLoadPlan: preloadPlan, 11
09-24 13:42:01.714 30869 30879 I art     : Background partial concurrent mark sweep GC freed 118503(5MB) AllocSpace objects, 161(7MB) LOS objects, 40% free, 16MB/28MB, paused 557us total 174.318ms
09-24 13:42:01.747  3950  3950 D wpa_supplicant: wlan0: Control interface command 'SIGNAL_POLL'
09-24 13:42:01.750  3950  3950 D wpa_supplicant: CTRL-DEBUG: global_ctrl_sock-sendto: sock=12 sndbuf=212992 outq=0 send_len=48
09-24 13:42:03.422 14751 14751 W ResourceType: No package identifier when getting name for resource number 0x00018704
09-24 13:42:03.423 14751 14751 W ResourceType: No package identifier when getting name for resource number 0x00000001
09-24 13:42:03.423 14751 14751 W ResourceType: No package identifier when getting name for resource number 0x00000002
09-24 13:42:03.423 14751 14751 W ResourceType: No package identifier when getting name for resource number 0x000f0002
09-24 13:42:03.424 14751 14751 W ResourceType: No package identifier when getting name for resource number 0x00000001
09-24 13:42:03.425 14751 14751 W ResourceType: No package identifier when getting name for resource number 0x000f0001
09-24 13:42:03.425 14751 14751 W ResourceType: No package identifier when getting name for resource number 0x000f0002
09-24 13:42:03.425 14751 14751 W ResourceType: No package identifier when getting name for resource number 0x000f0002
09-24 13:42:03.426 14751 14751 W ResourceType: No package identifier when getting name for resource number 0x00000001
09-24 13:42:03.426 14751 14751 W ResourceType: No package identifier when getting name for resource number 0x00000064
09-24 13:42:03.426 14751 14751 W ResourceType: No package identifier when getting name for resource number 0x00000065
09-24 13:42:03.426 14751 14751 W ResourceType: No package identifier when getting name for resource number 0x00000068
09-24 13:42:03.427 14751 14751 W ResourceType: No package identifier when getting name for resource number 0x00000066
09-24 13:42:03.427 14751 14751 W ResourceType: No package identifier when getting name for resource number 0x00000067
09-24 13:42:03.427 14751 14751 W ResourceType: No package identifier when getting name for resource number 0x0000000c
09-24 13:42:03.427 14751 14751 W ResourceType: No package identifier when getting name for resource number 0x00000064
09-24 13:42:03.427 14751 14751 W ResourceType: No package identifier when getting name for resource number 0x00000065
09-24 13:42:03.428 14751 14751 W ResourceType: No package identifier when getting name for resource number 0x00000069
09-24 13:42:03.428 14751 14751 W ResourceType: No package identifier when getting name for resource number 0x00000067
09-24 13:42:03.428 14751 14751 W ResourceType: No package identifier when getting name for resource number 0x00000073
09-24 13:42:03.428 14751 14751 W ResourceType: No package identifier when getting name for resource number 0x0000006a
09-24 13:42:03.428 14751 14751 W ResourceType: No package identifier when getting name for resource number 0x00000068
09-24 13:42:03.429 14751 14751 W ResourceType: No package identifier when getting name for resource number 0x0000006b
09-24 13:42:03.429 14751 14751 W ResourceType: No package identifier when getting name for resource number 0x0000000b
09-24 13:42:03.429 14751 14751 W ResourceType: No package identifier when getting name for resource number 0x0000000a
09-24 13:42:03.429 14751 14751 W ResourceType: No package identifier when getting name for resource number 0x0000006c
09-24 13:42:03.429 14751 14751 W ResourceType: No package identifier when getting name for resource number 0x0000006d
09-24 13:42:03.430 14751 14751 W ResourceType: No package identifier when getting name for resource number 0x0000006e
09-24 13:42:03.430 14751 14751 W ResourceType: No package identifier when getting name for resource number 0x0000006f
09-24 13:42:03.430 14751 14751 W ResourceType: No package identifier when getting name for resource number 0x00000062
09-24 13:42:03.430 14751 14751 W ResourceType: No package identifier when getting name for resource number 0x000000c8
09-24 13:42:03.430 14751 14751 W ResourceType: No package identifier when getting name for resource number 0x000000ca
09-24 13:42:03.431 14751 14751 W ResourceType: No package identifier when getting name for resource number 0x000000cb
09-24 13:42:03.431 14751 14751 W ResourceType: No package identifier when getting name for resource number 0x000000c9
09-24 13:42:03.431 14751 14751 W ResourceType: No package identifier when getting name for resource number 0x00000061
09-24 13:42:03.635 14751 14751 W ResourceType: No package identifier when getting name for resource number 0x00018704
09-24 13:42:03.636 14751 14751 W ResourceType: No package identifier when getting name for resource number 0x00000001
09-24 13:42:03.636 14751 14751 W ResourceType: No package identifier when getting name for resource number 0x00000002
09-24 13:42:03.636 14751 14751 W ResourceType: No package identifier when getting name for resource number 0x000f0002
09-24 13:42:03.637 14751 14751 W ResourceType: No package identifier when getting name for resource number 0x00000001
09-24 13:42:03.637 14751 14751 W ResourceType: No package identifier when getting name for resource number 0x000f0001
09-24 13:42:03.638 14751 14751 W ResourceType: No package identifier when getting name for resource number 0x000f0002
09-24 13:42:03.638 14751 14751 W ResourceType: No package identifier when getting name for resource number 0x000f0002
09-24 13:42:03.638 14751 14751 W ResourceType: No package identifier when getting name for resource number 0x00000001
09-24 13:42:03.639 14751 14751 W ResourceType: No package identifier when getting name for resource number 0x00000064
09-24 13:42:03.639 14751 14751 W ResourceType: No package identifier when getting name for resource number 0x00000065
09-24 13:42:03.639 14751 14751 W ResourceType: No package identifier when getting name for resource number 0x00000068
09-24 13:42:03.639 14751 14751 W ResourceType: No package identifier when getting name for resource number 0x00000066
09-24 13:42:03.639 14751 14751 W ResourceType: No package identifier when getting name for resource number 0x00000067
09-24 13:42:03.640 14751 14751 W ResourceType: No package identifier when getting name for resource number 0x0000000c
09-24 13:42:03.640 14751 14751 W ResourceType: No package identifier when getting name for resource number 0x00000064
