09-24 13:41:36.081  3689  3689 I StatusBarIconController: setIconsDark dark:true animate:true currentDark:false mTransitionPending:true mTransitionDeferring:false mPendingDarkIntensity:0.0
09-24 13:41:36.081  3689  3689 I StatusBarIconController: animateIconTint:1.0 mDarkIntensity:0.0
09-24 13:41:36.081  3689  3689 I StatusBarIconController: setIconTintInternal:0.0
09-24 13:41:36.092  3689  3689 I StatusBarIconController: setIconTintInternal:0.0
09-24 13:41:36.116  3689  3689 D BarBackgroundDrawable: BarTransitions: draw: mode=MODE_TRANSPARENT, targetColor=0x0
09-24 13:41:36.116  3689  3689 D BarBackgroundDrawable: BarTransitions: drawColor:0xd1000000
09-24 13:41:36.119  3689  3689 I StatusBarIconController: appTransitionStarting
09-24 13:41:36.121  1937  4456 D ActivityManager: mImportantUids connections =1000 by uid = 10401 ConnectionRecord =ConnectionRecord{c72ca51 u0 CR FGSA io.github.ylimit.droidbotapp/io.github.privacystreams.accessibility.PSAccessibilityService:@802d378}
09-24 13:41:36.121  1937  4456 D ActivityManager: mImportantUids connections =1000 by uid = 10401 ConnectionRecord =ConnectionRecord{9544f08 u0 CR !FG UI !VIS io.github.ylimit.droidbotapp/.DroidBotIME:@c0f2cab}
09-24 13:41:36.121  1937  4456 D ActivityManager: mImportantUids connections =1000 by uid = 10092 ConnectionRecord =ConnectionRecord{b9837d9 u0 CR FGS com.qihoo.appstore/.AppStoreNotificationListenerService:@49ae220}
09-24 13:41:36.130  1937  4336 V WindowManager: just for Front small Window: = Window{9e1393d u0 com.qihoo.appstore}
09-24 13:41:36.159   358   358 W auditd  : type=1400 "MemoryCheckThre""mem""debugfs"
09-24 13:41:36.159   358   358 W auditd  : type=1400 "MemoryCheckThre""mem""debugfs"
09-24 13:41:36.150  3689  3689 I StatusBarIconController: setIconTintInternal:0.05827403
09-24 13:41:36.157  3689  3689 D BarBackgroundDrawable: BarTransitions: draw: mode=MODE_TRANSPARENT, targetColor=0x0
09-24 13:41:36.157  3689  3689 D BarBackgroundDrawable: BarTransitions: drawColor:0x9c000000
09-24 13:41:36.158  3689  3689 W PathParser: Points are too far apart 4.030360828967057
09-24 13:41:36.158  3689  3689 W PathParser: Points are too far apart 4.030360538880159
09-24 13:41:36.162 14751 14751 D TMYPAGER: onmeasure
09-24 13:41:36.162 14751 14751 V QBViewPager: Measuring #0 com.tencent.mtt.browser.homepage.a.a.ae{f8446ff V.E...... ......ID 0,0-1080,1530}: 1073742904
09-24 13:41:36.163 14751 14751 D TMYPAGER: onmeasure
09-24 13:41:36.163 14751 14751 V QBViewPager: Measuring #0 com.tencent.mtt.browser.homepage.a.a.ae{f8446ff V.E...... ......ID 0,0-1080,1530}: 1073742904
09-24 13:41:36.164 14751 14751 D QBViewPager: viewpager onlayout!
09-24 13:41:36.166 14751 14751 D TMYGALLERY: viewpager onlayout!
09-24 13:41:36.169  3689  3689 I StatusBarIconController: setIconTintInternal:0.8394938
09-24 13:41:36.180  3689  3689 D BarBackgroundDrawable: BarTransitions: draw: mode=MODE_TRANSPARENT, targetColor=0x0
09-24 13:41:36.181  3689  3689 D BarBackgroundDrawable: BarTransitions: drawColor:0x7f000000
09-24 13:41:36.182  3689  3689 W PathParser: Points are too far apart 4.030360828967057
09-24 13:41:36.182  3689  3689 W PathParser: Points are too far apart 4.030360538880159
09-24 13:41:36.197  3689  3689 I StatusBarIconController: setIconTintInternal:0.9378363
09-24 13:41:36.214  3689  3689 D BarBackgroundDrawable: BarTransitions: draw: mode=MODE_TRANSPARENT, targetColor=0x0
09-24 13:41:36.229  1937  4369 D ActivityManager: mImportantUids connections =1000 by uid = 10401 ConnectionRecord =ConnectionRecord{c72ca51 u0 CR FGSA io.github.ylimit.droidbotapp/io.github.privacystreams.accessibility.PSAccessibilityService:@802d378}
09-24 13:41:36.229  1937  4369 D ActivityManager: mImportantUids connections =1000 by uid = 10401 ConnectionRecord =ConnectionRecord{9544f08 u0 CR !FG UI !VIS io.github.ylimit.droidbotapp/.DroidBotIME:@c0f2cab}
09-24 13:41:36.229  1937  4369 D ActivityManager: mImportantUids connections =1000 by uid = 10092 ConnectionRecord =ConnectionRecord{b9837d9 u0 CR FGS com.qihoo.appstore/.AppStoreNotificationListenerService:@49ae220}
09-24 13:41:36.230  3689  3689 D BarBackgroundDrawable: BarTransitions: drawColor:0x41000000
09-24 13:41:36.231  3689  3689 W PathParser: Points are too far apart 4.030360828967057
09-24 13:41:36.231  3689  3689 W PathParser: Points are too far apart 4.030360538880159
09-24 13:41:36.267  1937  4386 D ActivityManager: mImportantUids connections =1000 by uid = 10401 ConnectionRecord =ConnectionRecord{c72ca51 u0 CR FGSA io.github.ylimit.droidbotapp/io.github.privacystreams.accessibility.PSAccessibilityService:@802d378}
09-24 13:41:36.267  1937  4386 D ActivityManager: mImportantUids connections =1000 by uid = 10401 ConnectionRecord =ConnectionRecord{9544f08 u0 CR !FG UI !VIS io.github.ylimit.droidbotapp/.DroidBotIME:@c0f2cab}
09-24 13:41:36.267  1937  4386 D ActivityManager: mImportantUids connections =1000 by uid = 10092 ConnectionRecord =ConnectionRecord{b9837d9 u0 CR FGS com.qihoo.appstore/.AppStoreNotificationListenerService:@49ae220}
09-24 13:41:36.286  3689  3689 I StatusBarIconController: setIconTintInternal:1.0
09-24 13:41:36.301  3689  3689 D BarBackgroundDrawable: BarTransitions: draw: mode=MODE_TRANSPARENT, targetColor=0x0
09-24 13:41:36.302  3689  3689 W PathParser: Points are too far apart 4.030360828967057
09-24 13:41:36.302  3689  3689 W PathParser: Points are too far apart 4.030360538880159
09-24 13:41:36.314  1937  4443 D ActivityManager: mImportantUids connections =1000 by uid = 10401 ConnectionRecord =ConnectionRecord{c72ca51 u0 CR FGSA io.github.ylimit.droidbotapp/io.github.privacystreams.accessibility.PSAccessibilityService:@802d378}
09-24 13:41:36.314  1937  4443 D ActivityManager: mImportantUids connections =1000 by uid = 10401 ConnectionRecord =ConnectionRecord{9544f08 u0 CR !FG UI !VIS io.github.ylimit.droidbotapp/.DroidBotIME:@c0f2cab}
09-24 13:41:36.315  1937  4443 D ActivityManager: mImportantUids connections =1000 by uid = 10092 ConnectionRecord =ConnectionRecord{b9837d9 u0 CR FGS com.qihoo.appstore/.AppStoreNotificationListenerService:@49ae220}
09-24 13:41:36.378  1937  3631 D ActivityManager: mImportantUids connections =1000 by uid = 10401 ConnectionRecord =ConnectionRecord{c72ca51 u0 CR FGSA io.github.ylimit.droidbotapp/io.github.privacystreams.accessibility.PSAccessibilityService:@802d378}
09-24 13:41:36.378  1937  3631 D ActivityManager: mImportantUids connections =1000 by uid = 10401 ConnectionRecord =ConnectionRecord{9544f08 u0 CR !FG UI !VIS io.github.ylimit.droidbotapp/.DroidBotIME:@c0f2cab}
09-24 13:41:36.378  1937  3631 D ActivityManager: mImportantUids connections =1000 by uid = 10092 ConnectionRecord =ConnectionRecord{b9837d9 u0 CR FGS com.qihoo.appstore/.AppStoreNotificationListenerService:@49ae220}
09-24 13:41:36.398   358   358 W auditd  : type=1400 "MemoryCheckThre""mem""debugfs"
09-24 13:41:36.398   358   358 W auditd  : type=1400 "MemoryCheckThre""mem""debugfs"
09-24 13:41:36.424  1937  4369 D ActivityManager: mImportantUids connections =1000 by uid = 10401 ConnectionRecord =ConnectionRecord{c72ca51 u0 CR FGSA io.github.ylimit.droidbotapp/io.github.privacystreams.accessibility.PSAccessibilityService:@802d378}
09-24 13:41:36.425  1937  4369 D ActivityManager: mImportantUids connections =1000 by uid = 10401 ConnectionRecord =ConnectionRecord{9544f08 u0 CR !FG UI !VIS io.github.ylimit.droidbotapp/.DroidBotIME:@c0f2cab}
09-24 13:41:36.425  1937  4369 D ActivityManager: mImportantUids connections =1000 by uid = 10092 ConnectionRecord =ConnectionRecord{b9837d9 u0 CR FGS com.qihoo.appstore/.AppStoreNotificationListenerService:@49ae220}
09-24 13:41:36.478  1937  4359 D ActivityManager: mImportantUids connections =1000 by uid = 10401 ConnectionRecord =ConnectionRecord{c72ca51 u0 CR FGSA io.github.ylimit.droidbotapp/io.github.privacystreams.accessibility.PSAccessibilityService:@802d378}
09-24 13:41:36.478  1937  4359 D ActivityManager: mImportantUids connections =1000 by uid = 10401 ConnectionRecord =ConnectionRecord{9544f08 u0 CR !FG UI !VIS io.github.ylimit.droidbotapp/.DroidBotIME:@c0f2cab}
09-24 13:41:36.479  1937  4359 D ActivityManager: mImportantUids connections =1000 by uid = 10092 ConnectionRecord =ConnectionRecord{b9837d9 u0 CR FGS com.qihoo.appstore/.AppStoreNotificationListenerService:@49ae220}
09-24 13:41:36.507  1937  4456 D ActivityManager: mImportantUids connections =1000 by uid = 10401 ConnectionRecord =ConnectionRecord{c72ca51 u0 CR FGSA io.github.ylimit.droidbotapp/io.github.privacystreams.accessibility.PSAccessibilityService:@802d378}
09-24 13:41:36.507  1937  4456 D ActivityManager: mImportantUids connections =1000 by uid = 10401 ConnectionRecord =ConnectionRecord{9544f08 u0 CR !FG UI !VIS io.github.ylimit.droidbotapp/.DroidBotIME:@c0f2cab}
09-24 13:41:36.507  1937  4456 D ActivityManager: mImportantUids connections =1000 by uid = 10092 ConnectionRecord =ConnectionRecord{b9837d9 u0 CR FGS com.qihoo.appstore/.AppStoreNotificationListenerService:@49ae220}
09-24 13:41:36.523  1937  3351 D ActivityManager: mImportantUids connections =1000 by uid = 10401 ConnectionRecord =ConnectionRecord{c72ca51 u0 CR FGSA io.github.ylimit.droidbotapp/io.github.privacystreams.accessibility.PSAccessibilityService:@802d378}
09-24 13:41:36.523  1937  3351 D ActivityManager: mImportantUids connections =1000 by uid = 10401 ConnectionRecord =ConnectionRecord{9544f08 u0 CR !FG UI !VIS io.github.ylimit.droidbotapp/.DroidBotIME:@c0f2cab}
09-24 13:41:36.524  1937  3351 D ActivityManager: mImportantUids connections =1000 by uid = 10092 ConnectionRecord =ConnectionRecord{b9837d9 u0 CR FGS com.qihoo.appstore/.AppStoreNotificationListenerService:@49ae220}
09-24 13:41:36.611   358   358 W auditd  : type=1400 "MemoryCheckThre""mem""debugfs"
09-24 13:41:36.612   358   358 W auditd  : type=1400 "MemoryCheckThre""mem""debugfs"
09-24 13:41:36.597  1937  3352 D ActivityManager: mImportantUids connections =1000 by uid = 10401 ConnectionRecord =ConnectionRecord{c72ca51 u0 CR FGSA io.github.ylimit.droidbotapp/io.github.privacystreams.accessibility.PSAccessibilityService:@802d378}
09-24 13:41:36.597  1937  3352 D ActivityManager: mImportantUids connections =1000 by uid = 10401 ConnectionRecord =ConnectionRecord{9544f08 u0 CR !FG UI !VIS io.github.ylimit.droidbotapp/.DroidBotIME:@c0f2cab}
09-24 13:41:36.597  1937  3352 D ActivityManager: mImportantUids connections =1000 by uid = 10092 ConnectionRecord =ConnectionRecord{b9837d9 u0 CR FGS com.qihoo.appstore/.AppStoreNotificationListenerService:@49ae220}
09-24 13:41:36.611  1937  3352 D ActivityManager: mImportantUids connections =1000 by uid = 10401 ConnectionRecord =ConnectionRecord{c72ca51 u0 CR FGSA io.github.ylimit.droidbotapp/io.github.privacystreams.accessibility.PSAccessibilityService:@802d378}
09-24 13:41:36.611  1937  3352 D ActivityManager: mImportantUids connections =1000 by uid = 10401 ConnectionRecord =ConnectionRecord{9544f08 u0 CR !FG UI !VIS io.github.ylimit.droidbotapp/.DroidBotIME:@c0f2cab}
09-24 13:41:36.611  1937  3352 D ActivityManager: mImportantUids connections =1000 by uid = 10092 ConnectionRecord =ConnectionRecord{b9837d9 u0 CR FGS com.qihoo.appstore/.AppStoreNotificationListenerService:@49ae220}
09-24 13:41:36.629  1937  4443 D ActivityManager: mImportantUids connections =1000 by uid = 10401 ConnectionRecord =ConnectionRecord{c72ca51 u0 CR FGSA io.github.ylimit.droidbotapp/io.github.privacystreams.accessibility.PSAccessibilityService:@802d378}
09-24 13:41:36.629  1937  4443 D ActivityManager: mImportantUids connections =1000 by uid = 10401 ConnectionRecord =ConnectionRecord{9544f08 u0 CR !FG UI !VIS io.github.ylimit.droidbotapp/.DroidBotIME:@c0f2cab}
09-24 13:41:36.629  1937  4443 D ActivityManager: mImportantUids connections =1000 by uid = 10092 ConnectionRecord =ConnectionRecord{b9837d9 u0 CR FGS com.qihoo.appstore/.AppStoreNotificationListenerService:@49ae220}
09-24 13:41:36.643  1937  4359 V WindowManager: just for Front small Window: = Window{9e1393d u0 com.qihoo.appstore}
09-24 13:41:36.683 30869 30884 D PrivacyStreams: Accepted a socket client.
09-24 13:41:36.738 30869 14623 W System.err: java.net.SocketException: sendto failed: ECONNRESET (Connection reset by peer)
09-24 13:41:36.738 30869 14623 W System.err: 	at libcore.io.IoBridge.maybeThrowAfterSendto(IoBridge.java:542)
09-24 13:41:36.738 30869 14623 W System.err: 	at libcore.io.IoBridge.sendto(IoBridge.java:511)
09-24 13:41:36.738 30869 14623 W System.err: 	at java.net.PlainSocketImpl.write(PlainSocketImpl.java:500)
09-24 13:41:36.738 30869 14623 W System.err: 	at java.net.PlainSocketImpl.access$100(PlainSocketImpl.java:37)
09-24 13:41:36.738 30869 14623 W System.err: 	at java.net.PlainSocketImpl$PlainSocketOutputStream.write(PlainSocketImpl.java:266)
09-24 13:41:36.738 30869 14623 W System.err: 	at java.io.OutputStream.write(OutputStream.java:82)
09-24 13:41:36.738 30869 14623 W System.err: 	at io.github.privacystreams.utils.PSDebugSocketServer$SocketSendThread.run(PSDebugSocketServer.java:115)
09-24 13:41:36.738 30869 14623 W System.err: Caused by: android.system.ErrnoException: sendto failed: ECONNRESET (Connection reset by peer)
09-24 13:41:36.739 30869 14623 W System.err: 	at libcore.io.Posix.sendtoBytes(Native Method)
09-24 13:41:36.739 30869 14623 W System.err: 	at libcore.io.Posix.sendto(Posix.java:211)
09-24 13:41:36.739 30869 14623 W System.err: 	at libcore.io.BlockGuardOs.sendto(BlockGuardOs.java:278)
09-24 13:41:36.739 30869 14623 W System.err: 	at libcore.io.IoBridge.sendto(IoBridge.java:509)
09-24 13:41:36.739 30869 14623 W System.err: 	... 5 more
09-24 13:41:36.931  3689  3689 D SystemServicesProxy: exclude com.android.systemui
09-24 13:41:36.931  3689  3689 D SystemServicesProxy: exclude com.android.settings
09-24 13:41:36.931  3689  3689 D SystemServicesProxy: exclude com.android.packageinstaller
09-24 13:41:36.931  3689  3689 D SystemServicesProxy: exclude android
09-24 13:41:36.931  3689  3689 D SystemServicesProxy: exclude android
09-24 13:41:36.931  3689  3689 D SystemServicesProxy: add 11 Task
09-24 13:41:36.932  3689  3689 D RecentsTaskLoadPlan: preloadPlan, 11
09-24 13:41:37.005  1937  1937 I DeviceIdleController: updateChargingLocked: charging=true
09-24 13:41:37.005  1937  1937 I DeviceIdleController: becomeActiveLocked, reason = charging
09-24 13:41:37.009  5113  5113 D AbstractProcessor: onBatteryChange Percent:6 State:2 
09-24 13:41:37.030  1937  4353 D ActivityManager: mImportantUids connections =1000 by uid = 10092 ConnectionRecord =ConnectionRecord{b9837d9 u0 CR FGS com.qihoo.appstore/.AppStoreNotificationListenerService:@49ae220}
09-24 13:41:37.035  1937  4353 D ActivityManager: mImportantUids connections =1000 by uid = 10401 ConnectionRecord =ConnectionRecord{c72ca51 u0 CR FGSA io.github.ylimit.droidbotapp/io.github.privacystreams.accessibility.PSAccessibilityService:@802d378}
09-24 13:41:37.035  1937  4353 D ActivityManager: mImportantUids connections =1000 by uid = 10401 ConnectionRecord =ConnectionRecord{9544f08 u0 CR !FG UI !VIS io.github.ylimit.droidbotapp/.DroidBotIME:@c0f2cab}
09-24 13:41:37.035  1937  4353 D ActivityManager: mImportantUids connections =1000 by uid = 10092 ConnectionRecord =ConnectionRecord{b9837d9 u0 CR FGS com.qihoo.appstore/.AppStoreNotificationListenerService:@49ae220}
09-24 13:41:37.069  1937  4329 D ActivityManager: mImportantUids connections =1000 by uid = 10401 ConnectionRecord =ConnectionRecord{c72ca51 u0 CR FGSA io.github.ylimit.droidbotapp/io.github.privacystreams.accessibility.PSAccessibilityService:@802d378}
09-24 13:41:37.069  1937  4329 D ActivityManager: mImportantUids connections =1000 by uid = 10401 ConnectionRecord =ConnectionRecord{9544f08 u0 CR !FG UI !VIS io.github.ylimit.droidbotapp/.DroidBotIME:@c0f2cab}
09-24 13:41:37.070  1937  4329 D ActivityManager: mImportantUids connections =1000 by uid = 10092 ConnectionRecord =ConnectionRecord{b9837d9 u0 CR FGS com.qihoo.appstore/.AppStoreNotificationListenerService:@49ae220}
09-24 13:41:37.086  1937  3977 D ActivityManager: mImportantUids connections =1000 by uid = 10092 ConnectionRecord =ConnectionRecord{b9837d9 u0 CR FGS com.qihoo.appstore/.AppStoreNotificationListenerService:@49ae220}
09-24 13:41:37.089  1937  3977 D ActivityManager: mImportantUids connections =1000 by uid = 10401 ConnectionRecord =ConnectionRecord{c72ca51 u0 CR FGSA io.github.ylimit.droidbotapp/io.github.privacystreams.accessibility.PSAccessibilityService:@802d378}
09-24 13:41:37.089  1937  3977 D ActivityManager: mImportantUids connections =1000 by uid = 10401 ConnectionRecord =ConnectionRecord{9544f08 u0 CR !FG UI !VIS io.github.ylimit.droidbotapp/.DroidBotIME:@c0f2cab}
09-24 13:41:37.089  1937  3977 D ActivityManager: mImportantUids connections =1000 by uid = 10092 ConnectionRecord =ConnectionRecord{b9837d9 u0 CR FGS com.qihoo.appstore/.AppStoreNotificationListenerService:@49ae220}
09-24 13:41:37.105  1937  4388 D ActivityManager: mImportantUids connections =1000 by uid = 10401 ConnectionRecord =ConnectionRecord{c72ca51 u0 CR FGSA io.github.ylimit.droidbotapp/io.github.privacystreams.accessibility.PSAccessibilityService:@802d378}
09-24 13:41:37.106  1937  4388 D ActivityManager: mImportantUids connections =1000 by uid = 10401 ConnectionRecord =ConnectionRecord{9544f08 u0 CR !FG UI !VIS io.github.ylimit.droidbotapp/.DroidBotIME:@c0f2cab}
09-24 13:41:37.107  1937  4388 D ActivityManager: mImportantUids connections =1000 by uid = 10092 ConnectionRecord =ConnectionRecord{b9837d9 u0 CR FGS com.qihoo.appstore/.AppStoreNotificationListenerService:@49ae220}
09-24 13:41:37.640  3950  3950 D wpa_supplicant: wlan0: Control interface command 'SIGNAL_POLL'
09-24 13:41:37.643  3950  3950 D wpa_supplicant: CTRL-DEBUG: global_ctrl_sock-sendto: sock=12 sndbuf=212992 outq=0 send_len=48
09-24 13:41:39.052 14751 14751 W ResourceType: No package identifier when getting name for resource number 0x00018704
09-24 13:41:39.052 14751 14751 W ResourceType: No package identifier when getting name for resource number 0x00000001
09-24 13:41:39.053 14751 14751 W ResourceType: No package identifier when getting name for resource number 0x00000002
09-24 13:41:39.053 14751 14751 W ResourceType: No package identifier when getting name for resource number 0x000f0002
09-24 13:41:39.054 14751 14751 W ResourceType: No package identifier when getting name for resource number 0x00000001
09-24 13:41:39.054 14751 14751 W ResourceType: No package identifier when getting name for resource number 0x000f0001
09-24 13:41:39.054 14751 14751 W ResourceType: No package identifier when getting name for resource number 0x000f0002
09-24 13:41:39.055 14751 14751 W ResourceType: No package identifier when getting name for resource number 0x000f0002
09-24 13:41:39.055 14751 14751 W ResourceType: No package identifier when getting name for resource number 0x00000001
09-24 13:41:39.056 14751 14751 W ResourceType: No package identifier when getting name for resource number 0x00000064
09-24 13:41:39.056 14751 14751 W ResourceType: No package identifier when getting name for resource number 0x00000065
09-24 13:41:39.056 14751 14751 W ResourceType: No package identifier when getting name for resource number 0x00000068
09-24 13:41:39.056 14751 14751 W ResourceType: No package identifier when getting name for resource number 0x00000066
09-24 13:41:39.056 14751 14751 W ResourceType: No package identifier when getting name for resource number 0x00000067
09-24 13:41:39.057 14751 14751 W ResourceType: No package identifier when getting name for resource number 0x0000000c
09-24 13:41:39.057 14751 14751 W ResourceType: No package identifier when getting name for resource number 0x00000064
09-24 13:41:39.057 14751 14751 W ResourceType: No package identifier when getting name for resource number 0x00000065
09-24 13:41:39.057 14751 14751 W ResourceType: No package identifier when getting name for resource number 0x00000069
09-24 13:41:39.058 14751 14751 W ResourceType: No package identifier when getting name for resource number 0x00000067
09-24 13:41:39.058 14751 14751 W ResourceType: No package identifier when getting name for resource number 0x00000073
09-24 13:41:39.058 14751 14751 W ResourceType: No package identifier when getting name for resource number 0x0000006a
09-24 13:41:39.058 14751 14751 W ResourceType: No package identifier when getting name for resource number 0x00000068
09-24 13:41:39.059 14751 14751 W ResourceType: No package identifier when getting name for resource number 0x0000006b
09-24 13:41:39.059 14751 14751 W ResourceType: No package identifier when getting name for resource number 0x0000000b
09-24 13:41:39.059 14751 14751 W ResourceType: No package identifier when getting name for resource number 0x0000000a
09-24 13:41:39.059 14751 14751 W ResourceType: No package identifier when getting name for resource number 0x0000006c
09-24 13:41:39.060 14751 14751 W ResourceType: No package identifier when getting name for resource number 0x0000006d
09-24 13:41:39.060 14751 14751 W ResourceType: No package identifier when getting name for resource number 0x0000006e
09-24 13:41:39.060 14751 14751 W ResourceType: No package identifier when getting name for resource number 0x0000006f
09-24 13:41:39.060 14751 14751 W ResourceType: No package identifier when getting name for resource number 0x00000062
09-24 13:41:39.061 14751 14751 W ResourceType: No package identifier when getting name for resource number 0x000000c8
09-24 13:41:39.062 14751 14751 W ResourceType: No package identifier when getting name for resource number 0x000000ca
09-24 13:41:39.062 14751 14751 W ResourceType: No package identifier when getting name for resource number 0x000000cb
09-24 13:41:39.063 14751 14751 W ResourceType: No package identifier when getting name for resource number 0x000000c9
09-24 13:41:39.063 14751 14751 W ResourceType: No package identifier when getting name for resource number 0x00000061
09-24 13:41:39.280 14751 14751 W ResourceType: No package identifier when getting name for resource number 0x00018704
09-24 13:41:39.281 14751 14751 W ResourceType: No package identifier when getting name for resource number 0x00000001
09-24 13:41:39.281 14751 14751 W ResourceType: No package identifier when getting name for resource number 0x00000002
09-24 13:41:39.281 14751 14751 W ResourceType: No package identifier when getting name for resource number 0x000f0002
09-24 13:41:39.283 14751 14751 W ResourceType: No package identifier when getting name for resource number 0x00000001
09-24 13:41:39.283 14751 14751 W ResourceType: No package identifier when getting name for resource number 0x000f0001
09-24 13:41:39.283 14751 14751 W ResourceType: No package identifier when getting name for resource number 0x000f0002
09-24 13:41:39.284 14751 14751 W ResourceType: No package identifier when getting name for resource number 0x000f0002
09-24 13:41:39.284 14751 14751 W ResourceType: No package identifier when getting name for resource number 0x00000001
09-24 13:41:39.285 14751 14751 W ResourceType: No package identifier when getting name for resource number 0x00000064
09-24 13:41:39.285 14751 14751 W ResourceType: No package identifier when getting name for resource number 0x00000065
09-24 13:41:39.285 14751 14751 W ResourceType: No package identifier when getting name for resource number 0x00000068
09-24 13:41:39.285 14751 14751 W ResourceType: No package identifier when getting name for resource number 0x00000066
09-24 13:41:39.285 14751 14751 W ResourceType: No package identifier when getting name for resource number 0x00000067
09-24 13:41:39.286 14751 14751 W ResourceType: No package identifier when getting name for resource number 0x0000000c
09-24 13:41:39.286 14751 14751 W ResourceType: No package identifier when getting name for resource number 0x00000064
09-24 13:41:39.286 14751 14751 W ResourceType: No package identifier when getting name for resource number 0x00000065
09-24 13:41:39.286 14751 14751 W ResourceType: No package identifier when getting name for resource number 0x00000069
09-24 13:41:39.286 14751 14751 W ResourceType: No package identifier when getting name for resource number 0x00000067
09-24 13:41:39.287 14751 14751 W ResourceType: No package identifier when getting name for resource number 0x00000073
09-24 13:41:39.287 14751 14751 W ResourceType: No package identifier when getting name for resource number 0x0000006a
09-24 13:41:39.287 14751 14751 W ResourceType: No package identifier when getting name for resource number 0x00000068
09-24 13:41:39.287 14751 14751 W ResourceType: No package identifier when getting name for resource number 0x0000006b
09-24 13:41:39.287 14751 14751 W ResourceType: No package identifier when getting name for resource number 0x0000000b
09-24 13:41:39.288 14751 14751 W ResourceType: No package identifier when getting name for resource number 0x0000000a
09-24 13:41:39.288 14751 14751 W ResourceType: No package identifier when getting name for resource number 0x0000006c
09-24 13:41:39.288 14751 14751 W ResourceType: No package identifier when getting name for resource number 0x0000006d
09-24 13:41:39.288 14751 14751 W ResourceType: No package identifier when getting name for resource number 0x0000006e
09-24 13:41:39.288 14751 14751 W ResourceType: No package identifier when getting name for resource number 0x0000006f
09-24 13:41:39.289 14751 14751 W ResourceType: No package identifier when getting name for resource number 0x00000062
09-24 13:41:39.289 14751 14751 W ResourceType: No package identifier when getting name for resource number 0x000000c8
09-24 13:41:39.289 14751 14751 W ResourceType: No package identifier when getting name for resource number 0x000000ca
09-24 13:41:39.290 14751 14751 W ResourceType: No package identifier when getting name for resource number 0x000000cb
09-24 13:41:39.290 14751 14751 W ResourceType: No package identifier when getting name for resource number 0x000000c9
09-24 13:41:39.290 14751 14751 W ResourceType: No package identifier when getting name for resource number 0x00000061
09-24 13:41:39.553 14751 14751 W ResourceType: No package identifier when getting name for resource number 0x00018704
09-24 13:41:39.554 14751 14751 W ResourceType: No package identifier when getting name for resource number 0x00000001
09-24 13:41:39.554 14751 14751 W ResourceType: No package identifier when getting name for resource number 0x00000002
09-24 13:41:39.555 14751 14751 W ResourceType: No package identifier when getting name for resource number 0x000f0002
09-24 13:41:39.555 14751 14751 W ResourceType: No package identifier when getting name for resource number 0x00000001
09-24 13:41:39.556 14751 14751 W ResourceType: No package identifier when getting name for resource number 0x000f0001
09-24 13:41:39.556 14751 14751 W ResourceType: No package identifier when getting name for resource number 0x000f0002
09-24 13:41:39.556 14751 14751 W ResourceType: No package identifier when getting name for resource number 0x000f0002
09-24 13:41:39.557 14751 14751 W ResourceType: No package identifier when getting name for resource number 0x00000001
09-24 13:41:39.557 14751 14751 W ResourceType: No package identifier when getting name for resource number 0x00000064
09-24 13:41:39.557 14751 14751 W ResourceType: No package identifier when getting name for resource number 0x00000065
09-24 13:41:39.557 14751 14751 W ResourceType: No package identifier when getting name for resource number 0x00000068
09-24 13:41:39.558 14751 14751 W ResourceType: No package identifier when getting name for resource number 0x00000066
09-24 13:41:39.558 14751 14751 W ResourceType: No package identifier when getting name for resource number 0x00000067
09-24 13:41:39.558 14751 14751 W ResourceType: No package identifier when getting name for resource number 0x0000000c
09-24 13:41:39.558 14751 14751 W ResourceType: No package identifier when getting name for resource number 0x00000064
09-24 13:41:39.558 14751 14751 W ResourceType: No package identifier when getting name for resource number 0x00000065
09-24 13:41:39.559 14751 14751 W ResourceType: No package identifier when getting name for resource number 0x00000069
09-24 13:41:39.559 14751 14751 W ResourceType: No package identifier when getting name for resource number 0x00000067
09-24 13:41:39.559 14751 14751 W ResourceType: No package identifier when getting name for resource number 0x00000073
09-24 13:41:39.559 14751 14751 W ResourceType: No package identifier when getting name for resource number 0x0000006a
09-24 13:41:39.560 14751 14751 W ResourceType: No package identifier when getting name for resource number 0x00000068
09-24 13:41:39.560 14751 14751 W ResourceType: No package identifier when getting name for resource number 0x0000006b
09-24 13:41:39.560 14751 14751 W ResourceType: No package identifier when getting name for resource number 0x0000000b
09-24 13:41:39.560 14751 14751 W ResourceType: No package identifier when getting name for resource number 0x0000000a
09-24 13:41:39.560 14751 14751 W ResourceType: No package identifier when getting name for resource number 0x0000006c
09-24 13:41:39.561 14751 14751 W ResourceType: No package identifier when getting name for resource number 0x0000006d
09-24 13:41:39.561 14751 14751 W ResourceType: No package identifier when getting name for resource number 0x0000006e
09-24 13:41:39.561 14751 14751 W ResourceType: No package identifier when getting name for resource number 0x0000006f
09-24 13:41:39.561 14751 14751 W ResourceType: No package identifier when getting name for resource number 0x00000062
09-24 13:41:39.562 14751 14751 W ResourceType: No package identifier when getting name for resource number 0x000000c8
09-24 13:41:39.562 14751 14751 W ResourceType: No package identifier when getting name for resource number 0x000000ca
09-24 13:41:39.562 14751 14751 W ResourceType: No package identifier when getting name for resource number 0x000000cb
09-24 13:41:39.564 14751 14751 W ResourceType: No package identifier when getting name for resource number 0x000000c9
09-24 13:41:39.565 14751 14751 W ResourceType: No package identifier when getting name for resource number 0x00000061
09-24 13:41:39.759 14751 14751 W ResourceType: No package identifier when getting name for resource number 0x00018704
09-24 13:41:39.760 14751 14751 W ResourceType: No package identifier when getting name for resource number 0x00000001
09-24 13:41:39.760 14751 14751 W ResourceType: No package identifier when getting name for resource number 0x00000002
09-24 13:41:39.760 14751 14751 W ResourceType: No package identifier when getting name for resource number 0x000f0002
09-24 13:41:39.761 14751 14751 W ResourceType: No package identifier when getting name for resource number 0x00000001
09-24 13:41:39.762 14751 14751 W ResourceType: No package identifier when getting name for resource number 0x000f0001
09-24 13:41:39.762 14751 14751 W ResourceType: No package identifier when getting name for resource number 0x000f0002
09-24 13:41:39.762 14751 14751 W ResourceType: No package identifier when getting name for resource number 0x000f0002
09-24 13:41:39.763 14751 14751 W ResourceType: No package identifier when getting name for resource number 0x00000001
09-24 13:41:39.763 14751 14751 W ResourceType: No package identifier when getting name for resource number 0x00000064
09-24 13:41:39.763 14751 14751 W ResourceType: No package identifier when getting name for resource number 0x00000065
09-24 13:41:39.764 14751 14751 W ResourceType: No package identifier when getting name for resource number 0x00000068
09-24 13:41:39.764 14751 14751 W ResourceType: No package identifier when getting name for resource number 0x00000066
09-24 13:41:39.764 14751 14751 W ResourceType: No package identifier when getting name for resource number 0x00000067
09-24 13:41:39.764 14751 14751 W ResourceType: No package identifier when getting name for resource number 0x0000000c
09-24 13:41:39.764 14751 14751 W ResourceType: No package identifier when getting name for resource number 0x00000064
09-24 13:41:39.765 14751 14751 W ResourceType: No package identifier when getting name for resource number 0x00000065
09-24 13:41:39.765 14751 14751 W ResourceType: No package identifier when getting name for resource number 0x00000069
09-24 13:41:39.765 14751 14751 W ResourceType: No package identifier when getting name for resource number 0x00000067
09-24 13:41:39.765 14751 14751 W ResourceType: No package identifier when getting name for resource number 0x00000073
09-24 13:41:39.765 14751 14751 W ResourceType: No package identifier when getting name for resource number 0x0000006a
09-24 13:41:39.766 14751 14751 W ResourceType: No package identifier when getting name for resource number 0x00000068
09-24 13:41:39.766 14751 14751 W ResourceType: No package identifier when getting name for resource number 0x0000006b
09-24 13:41:39.766 14751 14751 W ResourceType: No package identifier when getting name for resource number 0x0000000b
09-24 13:41:39.766 14751 14751 W ResourceType: No package identifier when getting name for resource number 0x0000000a
09-24 13:41:39.766 14751 14751 W ResourceType: No package identifier when getting name for resource number 0x0000006c
09-24 13:41:39.767 14751 14751 W ResourceType: No package identifier when getting name for resource number 0x0000006d
09-24 13:41:39.767 14751 14751 W ResourceType: No package identifier when getting name for resource number 0x0000006e
09-24 13:41:39.767 14751 14751 W ResourceType: No package identifier when getting name for resource number 0x0000006f
09-24 13:41:39.767 14751 14751 W ResourceType: No package identifier when getting name for resource number 0x00000062
09-24 13:41:39.767 14751 14751 W ResourceType: No package identifier when getting name for resource number 0x000000c8
09-24 13:41:39.768 14751 14751 W ResourceType: No package identifier when getting name for resource number 0x000000ca
09-24 13:41:39.768 14751 14751 W ResourceType: No package identifier when getting name for resource number 0x000000cb
09-24 13:41:39.768 14751 14751 W ResourceType: No package identifier when getting name for resource number 0x000000c9
09-24 13:41:39.768 14751 14751 W ResourceType: No package identifier when getting name for resource number 0x00000061
09-24 13:41:39.997 14751 14751 W ResourceType: No package identifier when getting name for resource number 0x00018704
09-24 13:41:39.998 14751 14751 W ResourceType: No package identifier when getting name for resource number 0x00000001
09-24 13:41:39.998 14751 14751 W ResourceType: No package identifier when getting name for resource number 0x00000002
09-24 13:41:39.998 14751 14751 W ResourceType: No package identifier when getting name for resource number 0x000f0002
09-24 13:41:39.999 14751 14751 W ResourceType: No package identifier when getting name for resource number 0x00000001
09-24 13:41:39.999 14751 14751 W ResourceType: No package identifier when getting name for resource number 0x000f0001
09-24 13:41:40.000 14751 14751 W ResourceType: No package identifier when getting name for resource number 0x000f0002
09-24 13:41:40.000 14751 14751 W ResourceType: No package identifier when getting name for resource number 0x000f0002
09-24 13:41:40.001 14751 14751 W ResourceType: No package identifier when getting name for resource number 0x00000001
09-24 13:41:40.001 14751 14751 W ResourceType: No package identifier when getting name for resource number 0x00000064
09-24 13:41:40.001 14751 14751 W ResourceType: No package identifier when getting name for resource number 0x00000065
09-24 13:41:40.001 14751 14751 W ResourceType: No package identifier when getting name for resource number 0x00000068
09-24 13:41:40.002 14751 14751 W ResourceType: No package identifier when getting name for resource number 0x00000066
09-24 13:41:40.002 14751 14751 W ResourceType: No package identifier when getting name for resource number 0x00000067
09-24 13:41:40.002 14751 14751 W ResourceType: No package identifier when getting name for resource number 0x0000000c
09-24 13:41:40.002 14751 14751 W ResourceType: No package identifier when getting name for resource number 0x00000064
09-24 13:41:40.002 14751 14751 W ResourceType: No package identifier when getting name for resource number 0x00000065
09-24 13:41:40.003 14751 14751 W ResourceType: No package identifier when getting name for resource number 0x00000069
09-24 13:41:40.003 14751 14751 W ResourceType: No package identifier when getting name for resource number 0x00000067
09-24 13:41:40.003 14751 14751 W ResourceType: No package identifier when getting name for resource number 0x00000073
09-24 13:41:40.003 14751 14751 W ResourceType: No package identifier when getting name for resource number 0x0000006a
09-24 13:41:40.003 14751 14751 W ResourceType: No package identifier when getting name for resource number 0x00000068
09-24 13:41:40.004 14751 14751 W ResourceType: No package identifier when getting name for resource number 0x0000006b
09-24 13:41:40.004 14751 14751 W ResourceType: No package identifier when getting name for resource number 0x0000000b
09-24 13:41:40.004 14751 14751 W ResourceType: No package identifier when getting name for resource number 0x0000000a
09-24 13:41:40.004 14751 14751 W ResourceType: No package identifier when getting name for resource number 0x0000006c
09-24 13:41:40.005 14751 14751 W ResourceType: No package identifier when getting name for resource number 0x0000006d
09-24 13:41:40.005 14751 14751 W ResourceType: No package identifier when getting name for resource number 0x0000006e
09-24 13:41:40.005 14751 14751 W ResourceType: No package identifier when getting name for resource number 0x0000006f
09-24 13:41:40.005 14751 14751 W ResourceType: No package identifier when getting name for resource number 0x00000062
09-24 13:41:40.005 14751 14751 W ResourceType: No package identifier when getting name for resource number 0x000000c8
09-24 13:41:40.006 14751 14751 W ResourceType: No package identifier when getting name for resource number 0x000000ca
09-24 13:41:40.006 14751 14751 W ResourceType: No package identifier when getting name for resource number 0x000000cb
09-24 13:41:40.006 14751 14751 W ResourceType: No package identifier when getting name for resource number 0x000000c9
09-24 13:41:40.006 14751 14751 W ResourceType: No package identifier when getting name for resource number 0x00000061
09-24 13:41:40.224 14751 14751 W ResourceType: No package identifier when getting name for resource number 0x00018704
09-24 13:41:40.225 14751 14751 W ResourceType: No package identifier when getting name for resource number 0x00000001
09-24 13:41:40.225 14751 14751 W ResourceType: No package identifier when getting name for resource number 0x00000002
09-24 13:41:40.225 14751 14751 W ResourceType: No package identifier when getting name for resource number 0x000f0002
09-24 13:41:40.226 14751 14751 W ResourceType: No package identifier when getting name for resource number 0x00000001
09-24 13:41:40.226 14751 14751 W ResourceType: No package identifier when getting name for resource number 0x000f0001
09-24 13:41:40.226 14751 14751 W ResourceType: No package identifier when getting name for resource number 0x000f0002
09-24 13:41:40.227 14751 14751 W ResourceType: No package identifier when getting name for resource number 0x000f0002
09-24 13:41:40.227 14751 14751 W ResourceType: No package identifier when getting name for resource number 0x00000001
09-24 13:41:40.228 14751 14751 W ResourceType: No package identifier when getting name for resource number 0x00000064
09-24 13:41:40.228 14751 14751 W ResourceType: No package identifier when getting name for resource number 0x00000065
09-24 13:41:40.229 14751 14751 W ResourceType: No package identifier when getting name for resource number 0x00000068
09-24 13:41:40.229 14751 14751 W ResourceType: No package identifier when getting name for resource number 0x00000066
09-24 13:41:40.229 14751 14751 W ResourceType: No package identifier when getting name for resource number 0x00000067
09-24 13:41:40.229 14751 14751 W ResourceType: No package identifier when getting name for resource number 0x0000000c
09-24 13:41:40.230 14751 14751 W ResourceType: No package identifier when getting name for resource number 0x00000064
09-24 13:41:40.230 14751 14751 W ResourceType: No package identifier when getting name for resource number 0x00000065
09-24 13:41:40.230 14751 14751 W ResourceType: No package identifier when getting name for resource number 0x00000069
09-24 13:41:40.230 14751 14751 W ResourceType: No package identifier when getting name for resource number 0x00000067
09-24 13:41:40.231 14751 14751 W ResourceType: No package identifier when getting name for resource number 0x00000073
09-24 13:41:40.231 14751 14751 W ResourceType: No package identifier when getting name for resource number 0x0000006a
09-24 13:41:40.231 14751 14751 W ResourceType: No package identifier when getting name for resource number 0x00000068
09-24 13:41:40.231 14751 14751 W ResourceType: No package identifier when getting name for resource number 0x0000006b
09-24 13:41:40.231 14751 14751 W ResourceType: No package identifier when getting name for resource number 0x0000000b
09-24 13:41:40.232 14751 14751 W ResourceType: No package identifier when getting name for resource number 0x0000000a
09-24 13:41:40.232 14751 14751 W ResourceType: No package identifier when getting name for resource number 0x0000006c
09-24 13:41:40.232 14751 14751 W ResourceType: No package identifier when getting name for resource number 0x0000006d
09-24 13:41:40.232 14751 14751 W ResourceType: No package identifier when getting name for resource number 0x0000006e
09-24 13:41:40.232 14751 14751 W ResourceType: No package identifier when getting name for resource number 0x0000006f
09-24 13:41:40.233 14751 14751 W ResourceType: No package identifier when getting name for resource number 0x00000062
09-24 13:41:40.233 14751 14751 W ResourceType: No package identifier when getting name for resource number 0x000000c8
09-24 13:41:40.233 14751 14751 W ResourceType: No package identifier when getting name for resource number 0x000000ca
09-24 13:41:40.233 14751 14751 W ResourceType: No package identifier when getting name for resource number 0x000000cb
09-24 13:41:40.234 14751 14751 W ResourceType: No package identifier when getting name for resource number 0x000000c9
09-24 13:41:40.234 14751 14751 W ResourceType: No package identifier when getting name for resource number 0x00000061
09-24 13:41:40.657  3950  3950 D wpa_supplicant: wlan0: Control interface command 'SIGNAL_POLL'
09-24 13:41:40.660  3950  3950 D wpa_supplicant: CTRL-DEBUG: global_ctrl_sock-sendto: sock=12 sndbuf=212992 outq=0 send_len=48
09-24 13:41:41.142 14663 14663 D AndroidRuntime: >>>>>> START com.android.internal.os.RuntimeInit uid 2000 <<<<<<
09-24 13:41:41.148 14663 14663 D AndroidRuntime: CheckJNI is OFF
09-24 13:41:41.197 14663 14663 D ICU     : No timezone override file found: /data/misc/zoneinfo/current/icu/icu_tzdata.dat
09-24 13:41:41.246 14663 14663 I Radio-JNI: register_android_hardware_Radio DONE
09-24 13:41:41.280 14663 14663 D AndroidRuntime: Calling main entry com.android.commands.am.Am
09-24 13:41:41.284  1937  4454 I ActivityManager: START u0 {act=android.intent.action.MAIN cat=[android.intent.category.LAUNCHER] flg=0x10000000 cmp=com.heaven.thermo/.AcCheck} from uid 2000 pid 14663 on display 0
09-24 13:41:41.288  1937  4454 V WindowManager: just for Front small Window: = Window{9e1393d u0 com.qihoo.appstore}
09-24 13:41:41.293  3689  3689 I StatusBarIconController:  appTransitionPending
09-24 13:41:41.302  1937  4454 I ActivityManager_Thumbnails: Setting thumbnail of ActivityRecord{bdaf489 u0 com.android.browser/com.tencent.mtt.MainActivity t676} to android.graphics.Bitmap@46b5bc6
09-24 13:41:41.305  1937  4454 V WindowManager: just for Front small Window: = Window{9e1393d u0 com.qihoo.appstore}
09-24 13:41:41.308 14751 26894 E AbstractTracker: Can't create handler inside thread that has not called Looper.prepare()
09-24 13:41:41.308 14751 26894 D AppTracker: App Event: stop
09-24 13:41:41.312  1937  4454 V WindowManager: just for Front small Window: = Window{9e1393d u0 com.qihoo.appstore}
09-24 13:41:41.312 14663 14663 D AndroidRuntime: Shutting down VM
09-24 13:41:41.319  1937  3631 D ActivityManager: mImportantUids connections =1000 by uid = 10401 ConnectionRecord =ConnectionRecord{c72ca51 u0 CR FGSA io.github.ylimit.droidbotapp/io.github.privacystreams.accessibility.PSAccessibilityService:@802d378}
09-24 13:41:41.319  1937  3631 D ActivityManager: mImportantUids connections =1000 by uid = 10401 ConnectionRecord =ConnectionRecord{9544f08 u0 CR !FG UI !VIS io.github.ylimit.droidbotapp/.DroidBotIME:@c0f2cab}
09-24 13:41:41.319  1937  3631 D ActivityManager: mImportantUids connections =1000 by uid = 10092 ConnectionRecord =ConnectionRecord{b9837d9 u0 CR FGS com.qihoo.appstore/.AppStoreNotificationListenerService:@49ae220}
09-24 13:41:41.330  1937  3361 V WindowManager: just for Front small Window: = Window{9e1393d u0 com.qihoo.appstore}
09-24 13:41:41.349  3689  3689 I StatusBarIconController:  appTransitionPending
09-24 13:41:41.350  1937  3354 D ActivityManager: mImportantUids connections =1000 by uid = 10401 ConnectionRecord =ConnectionRecord{c72ca51 u0 CR FGSA io.github.ylimit.droidbotapp/io.github.privacystreams.accessibility.PSAccessibilityService:@802d378}
09-24 13:41:41.350  1937  3354 D ActivityManager: mImportantUids connections =1000 by uid = 10401 ConnectionRecord =ConnectionRecord{9544f08 u0 CR !FG UI !VIS io.github.ylimit.droidbotapp/.DroidBotIME:@c0f2cab}
09-24 13:41:41.350  1937  3354 D ActivityManager: mImportantUids connections =1000 by uid = 10092 ConnectionRecord =ConnectionRecord{b9837d9 u0 CR FGS com.qihoo.appstore/.AppStoreNotificationListenerService:@49ae220}
09-24 13:41:41.370  1937  4385 I ActivityManager: START u0 {cmp=com.heaven.thermo/.AcMain} from uid 10451 pid 14037 on display 0
09-24 13:41:41.370  1937  4385 V WindowManager: just for Front small Window: = Window{9e1393d u0 com.qihoo.appstore}
09-24 13:41:41.376  1937  4385 V WindowManager: just for Front small Window: = Window{9e1393d u0 com.qihoo.appstore}
09-24 13:41:41.381  1937  4385 V WindowManager: just for Front small Window: = Window{9e1393d u0 com.qihoo.appstore}
09-24 13:41:41.383  1937  4385 V WindowManager: just for Front small Window: = Window{9e1393d u0 com.qihoo.appstore}
09-24 13:41:41.400  3689  3689 I StatusBarIconController:  appTransitionPending
09-24 13:41:41.400  1937  3352 D ActivityManager: mImportantUids connections =1000 by uid = 10401 ConnectionRecord =ConnectionRecord{c72ca51 u0 CR FGSA io.github.ylimit.droidbotapp/io.github.privacystreams.accessibility.PSAccessibilityService:@802d378}
09-24 13:41:41.400  1937  3352 D ActivityManager: mImportantUids connections =1000 by uid = 10401 ConnectionRecord =ConnectionRecord{9544f08 u0 CR !FG UI !VIS io.github.ylimit.droidbotapp/.DroidBotIME:@c0f2cab}
09-24 13:41:41.400  1937  3352 D ActivityManager: mImportantUids connections =1000 by uid = 10092 ConnectionRecord =ConnectionRecord{b9837d9 u0 CR FGS com.qihoo.appstore/.AppStoreNotificationListenerService:@49ae220}
09-24 13:41:41.403  3689  3689 I StatusBarIconController:  appTransitionPending
09-24 13:41:41.413  1937  3352 V WindowManager: just for Front small Window: = Window{9e1393d u0 com.qihoo.appstore}
09-24 13:41:41.417  3689  3689 D PhoneStatusBar: setSystemUiVisibility vis=0 mask=ffffffff oldVal=a610 newVal=0 diff=a610
09-24 13:41:41.417  3689  3689 D PhoneStatusBar: checkBarMode:powerSave=false, getBarState()=0
09-24 13:41:41.417  3689  3689 D BarTransitions.PhoneStatusBarView: MODE_TRANSPARENT -> MODE_OPAQUE animate=true
09-24 13:41:41.417  3689  3689 D BarTransitions.PhoneStatusBarView: applyModeBackground oldMode=MODE_TRANSPARENT newMode=MODE_OPAQUE animate=true
09-24 13:41:41.418  3689  3689 I StatusBarIconController: setIconsDark dark:false animate:true currentDark:true mTransitionPending:true mTransitionDeferring:false mPendingDarkIntensity:0.0
09-24 13:41:41.418  3689  3689 I StatusBarIconController: animateIconTint:0.0 mDarkIntensity:1.0
09-24 13:41:41.418  3689  3689 I StatusBarIconController: setIconTintInternal:1.0
09-24 13:41:41.434  1937  4456 V WindowManager: just for Front small Window: = Window{9e1393d u0 com.qihoo.appstore}
09-24 13:41:41.434  3689  3689 I StatusBarIconController: setIconTintInternal:1.0
09-24 13:41:41.442  3689  3689 D BarBackgroundDrawable: BarTransitions: draw: mode=MODE_OPAQUE, targetColor=0xff000000
09-24 13:41:41.442  3689  3689 D BarBackgroundDrawable: BarTransitions: drawColor:0x1e000000
09-24 13:41:41.444  1937  1957 I art     : Background partial concurrent mark sweep GC freed 26677(2MB) AllocSpace objects, 14(280KB) LOS objects, 33% free, 19MB/29MB, paused 2.348ms total 145.957ms
09-24 13:41:41.460  3689  3689 I StatusBarIconController: appTransitionStarting
09-24 13:41:41.487  3689  3689 I StatusBarIconController: setIconTintInternal:0.94172597
09-24 13:41:41.496  3689  3689 D BarBackgroundDrawable: BarTransitions: draw: mode=MODE_OPAQUE, targetColor=0xff000000
09-24 13:41:41.496  3689  3689 D BarBackgroundDrawable: BarTransitions: drawColor:0x64000000
09-24 13:41:41.497  3689  3689 W PathParser: Points are too far apart 4.030360828967057
09-24 13:41:41.497  3689  3689 W PathParser: Points are too far apart 4.030360538880159
09-24 13:41:41.503  3689  3689 I StatusBarIconController: setIconTintInternal:0.16050619
09-24 13:41:41.511  3689  3689 D BarBackgroundDrawable: BarTransitions: draw: mode=MODE_OPAQUE, targetColor=0xff000000
09-24 13:41:41.511  3689  3689 D BarBackgroundDrawable: BarTransitions: drawColor:0x77000000
09-24 13:41:41.512  3689  3689 W PathParser: Points are too far apart 4.030360828967057
09-24 13:41:41.512  3689  3689 W PathParser: Points are too far apart 4.030360538880159
