09-24 23:23:14.723  1331  4402 D GpsLocationProvider: reportNmea $GPGSV,2,1,07,01,00,000,,03,13,319,,06,00,000,,10,17,180,*7E  timestamp = 1506266594723
09-24 23:23:14.723  1331  4402 D GpsLocationProvider: reportNmea $GPGSV,2,2,07,12,09,037,,14,79,018,,16,00,000,*45  timestamp = 1506266594723
09-24 23:23:14.723  1331  4402 D GpsLocationProvider: reportNmea $GLGSV,3,1,12,74,00,000,,70,73,284,,82,00,000,,73,34,246,*63  timestamp = 1506266594723
09-24 23:23:14.724  1331  4402 D GpsLocationProvider: reportNmea $GLGSV,3,2,12,80,69,329,,79,21,039,,69,37,164,,88,04,022,*63  timestamp = 1506266594724
09-24 23:23:14.724  1331  4402 D GpsLocationProvider: reportNmea $GLGSV,3,3,12,87,00,000,,81,06,068,,71,24,326,,68,00,000,*61  timestamp = 1506266594724
09-24 23:23:14.724  1331  4402 D GpsLocationProvider: reportNmea $GPGSA,A,1,,,,,,,,,,,,,,,*1E  timestamp = 1506266594724
09-24 23:23:14.724  1331  4402 D GpsLocationProvider: reportNmea $GPVTG,,T,,M,,N,,K,N*2C  timestamp = 1506266594724
09-24 23:23:14.724  1331  4402 D GpsLocationProvider: reportNmea $GPRMC,,V,,,,,,,,,,N*53  timestamp = 1506266594724
09-24 23:23:14.724  1331  4402 D GpsLocationProvider: reportNmea $GPGGA,,,,,,0,,,,,,,,*66  timestamp = 1506266594724
09-24 23:23:14.739   357   357 W auditd  : type=1400 "ps""/proc/350""proc"
09-24 23:23:14.739   357   357 W auditd  : type=1400 "ps""task""proc"
09-24 23:23:15.723  1331  4402 D GpsLocationProvider: reportNmea $GPGSV,2,1,07,01,00,000,,03,13,319,,06,00,000,,10,17,180,*7E  timestamp = 1506266595723
09-24 23:23:15.724  1331  4402 D GpsLocationProvider: reportNmea $GPGSV,2,2,07,12,09,037,,14,79,018,,16,00,000,*45  timestamp = 1506266595724
09-24 23:23:15.724  1331  4402 D GpsLocationProvider: reportNmea $GLGSV,3,1,12,74,00,000,,70,73,284,,82,00,000,,73,34,246,*63  timestamp = 1506266595724
09-24 23:23:15.724  1331  4402 D GpsLocationProvider: reportNmea $GLGSV,3,2,12,80,69,329,,79,21,039,,69,37,164,,88,04,022,*63  timestamp = 1506266595724
09-24 23:23:15.724  1331  4402 D GpsLocationProvider: reportNmea $GLGSV,3,3,12,87,00,000,,81,06,068,,71,24,326,,68,00,000,*61  timestamp = 1506266595724
09-24 23:23:15.727  1331  4402 D GpsLocationProvider: reportNmea $GPGSA,A,1,,,,,,,,,,,,,,,*1E  timestamp = 1506266595726
09-24 23:23:15.727  1331  4402 D GpsLocationProvider: reportNmea $GPVTG,,T,,M,,N,,K,N*2C  timestamp = 1506266595727
09-24 23:23:15.727  1331  4402 D GpsLocationProvider: reportNmea $GPRMC,,V,,,,,,,,,,N*53  timestamp = 1506266595727
09-24 23:23:15.727  1331  4402 D GpsLocationProvider: reportNmea $GPGGA,,,,,,0,,,,,,,,*66  timestamp = 1506266595727
09-24 23:23:15.770  4131  4131 D wpa_supplicant: wlan0: Control interface command 'SIGNAL_POLL'
09-24 23:23:15.772  4131  4131 D wpa_supplicant: CTRL-DEBUG: global_ctrl_sock-sendto: sock=12 sndbuf=212992 outq=0 send_len=48
09-24 23:23:16.724  1331  4402 D GpsLocationProvider: reportNmea $GPGSV,2,1,07,01,00,000,,03,13,319,,06,00,000,,10,17,180,*7E  timestamp = 1506266596724
09-24 23:23:16.724  1331  4402 D GpsLocationProvider: reportNmea $GPGSV,2,2,07,12,09,037,,14,79,018,,16,00,000,*45  timestamp = 1506266596724
09-24 23:23:16.725  1331  4402 D GpsLocationProvider: reportNmea $GLGSV,3,1,12,74,00,000,,70,73,284,,82,00,000,,73,34,246,*63  timestamp = 1506266596725
09-24 23:23:16.725  1331  4402 D GpsLocationProvider: reportNmea $GLGSV,3,2,12,80,69,329,,79,21,039,,69,37,164,,88,04,022,*63  timestamp = 1506266596725
09-24 23:23:16.725  1331  4402 D GpsLocationProvider: reportNmea $GLGSV,3,3,12,87,00,000,,81,06,068,,71,24,326,,68,00,000,*61  timestamp = 1506266596725
09-24 23:23:16.725  1331  4402 D GpsLocationProvider: reportNmea $GPGSA,A,1,,,,,,,,,,,,,,,*1E  timestamp = 1506266596725
09-24 23:23:16.725  1331  4402 D GpsLocationProvider: reportNmea $GPVTG,,T,,M,,N,,K,N*2C  timestamp = 1506266596725
09-24 23:23:16.725  1331  4402 D GpsLocationProvider: reportNmea $GPRMC,,V,,,,,,,,,,N*53  timestamp = 1506266596725
09-24 23:23:16.726  1331  4402 D GpsLocationProvider: reportNmea $GPGGA,,,,,,0,,,,,,,,*66  timestamp = 1506266596726
09-24 23:23:17.053  1331  1331 I DeviceIdleController: updateChargingLocked: charging=true
09-24 23:23:17.053  1331  1331 I DeviceIdleController: becomeActiveLocked, reason = charging
09-24 23:23:17.064 26211 26211 D AbstractProcessor: onBatteryChange Percent:39 State:2 
09-24 23:23:17.723  1331  4402 D GpsLocationProvider: reportNmea $GPGSV,2,1,07,01,00,000,,03,13,319,,06,00,000,,10,17,180,*7E  timestamp = 1506266597723
09-24 23:23:17.724  1331  4402 D GpsLocationProvider: reportNmea $GPGSV,2,2,07,12,09,037,,14,79,018,,16,00,000,*45  timestamp = 1506266597724
09-24 23:23:17.724  1331  4402 D GpsLocationProvider: reportNmea $GLGSV,3,1,12,74,00,000,,70,73,284,,82,00,000,,73,34,246,*63  timestamp = 1506266597724
09-24 23:23:17.724  1331  4402 D GpsLocationProvider: reportNmea $GLGSV,3,2,12,80,69,329,,79,21,039,,69,37,164,,88,04,022,*63  timestamp = 1506266597724
09-24 23:23:17.724  1331  4402 D GpsLocationProvider: reportNmea $GLGSV,3,3,12,87,00,000,,81,06,068,,71,24,326,,68,00,000,*61  timestamp = 1506266597724
09-24 23:23:17.730  1331  4402 D GpsLocationProvider: reportNmea $GPGSA,A,1,,,,,,,,,,,,,,,*1E  timestamp = 1506266597729
09-24 23:23:17.730  1331  4402 D GpsLocationProvider: reportNmea $GPVTG,,T,,M,,N,,K,N*2C  timestamp = 1506266597730
09-24 23:23:17.730  1331  4402 D GpsLocationProvider: reportNmea $GPRMC,,V,,,,,,,,,,N*53  timestamp = 1506266597730
09-24 23:23:17.730  1331  4402 D GpsLocationProvider: reportNmea $GPGGA,,,,,,0,,,,,,,,*66  timestamp = 1506266597730
09-24 23:23:18.723  1331  4402 D GpsLocationProvider: reportNmea $GPGSV,2,1,07,01,00,000,,03,13,319,,06,00,000,,10,17,180,*7E  timestamp = 1506266598723
09-24 23:23:18.723  1331  4402 D GpsLocationProvider: reportNmea $GPGSV,2,2,07,12,09,037,,14,79,018,,16,00,000,*45  timestamp = 1506266598723
09-24 23:23:18.724  1331  4402 D GpsLocationProvider: reportNmea $GLGSV,3,1,12,74,00,000,,70,73,284,,82,00,000,,73,34,246,*63  timestamp = 1506266598724
09-24 23:23:18.724  1331  4402 D GpsLocationProvider: reportNmea $GLGSV,3,2,12,80,69,329,,79,21,039,,69,37,164,,88,04,022,*63  timestamp = 1506266598724
09-24 23:23:18.724  1331  4402 D GpsLocationProvider: reportNmea $GLGSV,3,3,12,87,00,000,,81,06,068,,71,24,326,,68,00,000,*61  timestamp = 1506266598724
09-24 23:23:18.724  1331  4402 D GpsLocationProvider: reportNmea $GPGSA,A,1,,,,,,,,,,,,,,,*1E  timestamp = 1506266598724
09-24 23:23:18.724  1331  4402 D GpsLocationProvider: reportNmea $GPVTG,,T,,M,,N,,K,N*2C  timestamp = 1506266598724
09-24 23:23:18.724  1331  4402 D GpsLocationProvider: reportNmea $GPRMC,,V,,,,,,,,,,N*53  timestamp = 1506266598724
09-24 23:23:18.725  1331  4402 D GpsLocationProvider: reportNmea $GPGGA,,,,,,0,,,,,,,,*66  timestamp = 1506266598725
09-24 23:23:18.783  4131  4131 D wpa_supplicant: wlan0: Control interface command 'SIGNAL_POLL'
09-24 23:23:18.785  4131  4131 D wpa_supplicant: CTRL-DEBUG: global_ctrl_sock-sendto: sock=12 sndbuf=212992 outq=0 send_len=48
09-24 23:23:18.833   357   357 W auditd  : type=1400 "ps""/proc/350""proc"
09-24 23:23:18.834   357   357 W auditd  : type=1400 "ps""task""proc"
09-24 23:23:19.405  8010  8010 D AndroidRuntime: >>>>>> START com.android.internal.os.RuntimeInit uid 2000 <<<<<<
09-24 23:23:19.411  8010  8010 D AndroidRuntime: CheckJNI is OFF
09-24 23:23:19.461  8010  8010 D ICU     : No timezone override file found: /data/misc/zoneinfo/current/icu/icu_tzdata.dat
09-24 23:23:19.508  8010  8010 I Radio-JNI: register_android_hardware_Radio DONE
09-24 23:23:19.548  8010  8010 D AndroidRuntime: Calling main entry com.android.commands.input.Input
09-24 23:23:19.552  8010  8010 I Input   : injectKeyEvent: KeyEvent { action=ACTION_DOWN, keyCode=KEYCODE_BACK, scanCode=0, metaState=0, flags=0x0, repeatCount=0, eventTime=25325498, downTime=25325498, deviceId=-1, source=0x101 }
09-24 23:23:19.562  8010  8010 I Input   : injectKeyEvent: KeyEvent { action=ACTION_UP, keyCode=KEYCODE_BACK, scanCode=0, metaState=0, flags=0x0, repeatCount=0, eventTime=25325498, downTime=25325498, deviceId=-1, source=0x101 }
09-24 23:23:19.567  1331  3653 I ActivityManager: START u0 {flg=0x14880000 cmp=com.HomeCleaningGames/com.startapp.android.publish.AppWallActivity (has extras)} from uid 10540 pid 7421 on display 0
09-24 23:23:19.572  3889  3889 I StatusBarIconController:  appTransitionPending
09-24 23:23:19.594  1331  3653 I ActivityManager_Thumbnails: Setting thumbnail of ActivityRecord{dcdd5a6 u0 com.HomeCleaningGames/.MainActivity t1596} to android.graphics.Bitmap@7f40aa9
09-24 23:23:19.599  8010  8010 D AndroidRuntime: Shutting down VM
09-24 23:23:19.600  7421  7457 E AbstractTracker: Can't create handler inside thread that has not called Looper.prepare()
09-24 23:23:19.600  7421  7457 D AppTracker: App Event: stop
09-24 23:23:19.601  3889  3889 I StatusBarIconController:  appTransitionPending
09-24 23:23:19.609  1331  4614 D ActivityManager: mImportantUids connections =1000 by uid = 10401 ConnectionRecord =ConnectionRecord{51b305 u0 CR FGSA io.github.ylimit.droidbotapp/io.github.privacystreams.accessibility.PSAccessibilityService:@a5de7c}
09-24 23:23:19.609  1331  4614 D ActivityManager: mImportantUids connections =1000 by uid = 10401 ConnectionRecord =ConnectionRecord{e0d66 u0 CR !FG UI !VIS io.github.ylimit.droidbotapp/.DroidBotIME:@b0591c1}
09-24 23:23:19.622 25549 25549 D Launcher: onStart
09-24 23:23:19.639 25549 25549 D ClockViewGroup: onWindowVisibilityChanged:0
09-24 23:23:19.646  7421  7421 W cr_AwContents: onDetachedFromWindow called when already detached. Ignoring
09-24 23:23:19.658  3889  3889 D PhoneStatusBar: setSystemUiVisibility vis=600 mask=ffffffff oldVal=0 newVal=600 diff=600
09-24 23:23:19.673  7421  7421 I cr_Ime  : ImeThread is not enabled.
09-24 23:23:19.688   357   357 W auditd  : type=1400 "Binder_A""socket:[1623616]""sockfs"
09-24 23:23:19.688   357   357 W auditd  : type=1400 "Binder_A""socket:[1623616]""sockfs"
09-24 23:23:19.697  7421  7421 W cr_BindingManager: Cannot call determinedVisibility() - never saw a connection for the pid: 7421
09-24 23:23:19.713  3889  3889 D PhoneStatusBar: setSystemUiVisibility vis=0 mask=ffffffff oldVal=600 newVal=0 diff=600
09-24 23:23:19.723  1331  4402 D GpsLocationProvider: reportNmea $GPGSV,2,1,07,01,00,000,,03,13,319,,06,00,000,,10,17,180,*7E  timestamp = 1506266599723
09-24 23:23:19.723  1331  4402 D GpsLocationProvider: reportNmea $GPGSV,2,2,07,12,09,037,,14,79,018,,16,00,000,*45  timestamp = 1506266599723
09-24 23:23:19.723  1331  4402 D GpsLocationProvider: reportNmea $GLGSV,3,1,12,74,00,000,,70,73,284,,82,00,000,,73,34,246,*63  timestamp = 1506266599723
09-24 23:23:19.723  1331  4402 D GpsLocationProvider: reportNmea $GLGSV,3,2,12,80,69,329,,79,21,039,,69,37,164,,88,04,022,*63  timestamp = 1506266599723
09-24 23:23:19.723  1331  4402 D GpsLocationProvider: reportNmea $GLGSV,3,3,12,87,00,000,,81,06,068,,71,24,326,,68,00,000,*61  timestamp = 1506266599723
09-24 23:23:19.726  1331  4402 D GpsLocationProvider: reportNmea $GPGSA,A,1,,,,,,,,,,,,,,,*1E  timestamp = 1506266599726
09-24 23:23:19.726  1331  4402 D GpsLocationProvider: reportNmea $GPVTG,,T,,M,,N,,K,N*2C  timestamp = 1506266599726
09-24 23:23:19.726  1331  4402 D GpsLocationProvider: reportNmea $GPRMC,,V,,,,,,,,,,N*53  timestamp = 1506266599726
09-24 23:23:19.726  1331  4402 D GpsLocationProvider: reportNmea $GPGGA,,,,,,0,,,,,,,,*66  timestamp = 1506266599726
09-24 23:23:19.728  1331  1339 I art     : Background partial concurrent mark sweep GC freed 45993(3MB) AllocSpace objects, 29(580KB) LOS objects, 33% free, 28MB/42MB, paused 2.149ms total 138.078ms
09-24 23:23:19.750   357   357 W auditd  : type=1400 "Binder_C""socket:[1618890]""sockfs"
09-24 23:23:19.750   357   357 W auditd  : type=1400 "Binder_C""socket:[1618890]""sockfs"
09-24 23:23:19.827  1331  4587 W InputMethodManagerService: Focus gain on non-focused client com.android.internal.view.IInputMethodClient$Stub$Proxy@6e3f48c (uid=10050 pid=25549)
09-24 23:23:19.827  1331  3663 I ActivityManager: Displayed com.HomeCleaningGames/com.startapp.android.publish.AppWallActivity: +226ms
09-24 23:23:19.827  3889  3889 I StatusBarIconController: appTransitionStarting
09-24 23:23:19.881  1331  4398 D ActivityManager: mImportantUids connections =1000 by uid = 10401 ConnectionRecord =ConnectionRecord{51b305 u0 CR FGSA io.github.ylimit.droidbotapp/io.github.privacystreams.accessibility.PSAccessibilityService:@a5de7c}
09-24 23:23:19.881  1331  4398 D ActivityManager: mImportantUids connections =1000 by uid = 10401 ConnectionRecord =ConnectionRecord{e0d66 u0 CR !FG UI !VIS io.github.ylimit.droidbotapp/.DroidBotIME:@b0591c1}
09-24 23:23:20.005   774   774 I MSM-irqbalance: Decided to move IRQ65 from CPU3 to CPU2
09-24 23:23:20.110  1331  3656 D ActivityManager: mImportantUids connections =1000 by uid = 10401 ConnectionRecord =ConnectionRecord{51b305 u0 CR FGSA io.github.ylimit.droidbotapp/io.github.privacystreams.accessibility.PSAccessibilityService:@a5de7c}
09-24 23:23:20.110  1331  3656 D ActivityManager: mImportantUids connections =1000 by uid = 10401 ConnectionRecord =ConnectionRecord{e0d66 u0 CR !FG UI !VIS io.github.ylimit.droidbotapp/.DroidBotIME:@b0591c1}
09-24 23:23:20.301 25549 25738 W OpenGLRenderer: Incorrectly called buildLayer on View: ShortcutAndWidgetContainer, destroying layer...
09-24 23:23:20.626  3889  3889 D SystemServicesProxy: exclude com.HomeCleaningGames
09-24 23:23:20.626  3889  3889 D SystemServicesProxy: exclude com.android.packageinstaller
09-24 23:23:20.626  3889  3889 D SystemServicesProxy: add 9 Task
09-24 23:23:20.626  3889  3889 D RecentsTaskLoadPlan: preloadPlan, 9
09-24 23:23:20.722  1331  4402 D GpsLocationProvider: reportNmea $GPGSV,2,1,07,01,00,000,,03,13,319,,06,00,000,,10,17,180,*7E  timestamp = 1506266600722
09-24 23:23:20.722  1331  4402 D GpsLocationProvider: reportNmea $GPGSV,2,2,07,12,09,037,,14,79,018,,16,00,000,*45  timestamp = 1506266600722
09-24 23:23:20.722  1331  4402 D GpsLocationProvider: reportNmea $GLGSV,3,1,12,74,00,000,,70,73,284,,82,00,000,,73,34,246,*63  timestamp = 1506266600722
09-24 23:23:20.724  1331  4402 D GpsLocationProvider: reportNmea $GLGSV,3,2,12,80,69,329,,79,21,039,,69,37,164,,88,04,022,*63  timestamp = 1506266600724
09-24 23:23:20.724  1331  4402 D GpsLocationProvider: reportNmea $GLGSV,3,3,12,87,00,000,,81,06,068,,71,24,326,,68,00,000,*61  timestamp = 1506266600724
09-24 23:23:20.724  1331  4402 D GpsLocationProvider: reportNmea $GPGSA,A,1,,,,,,,,,,,,,,,*1E  timestamp = 1506266600724
09-24 23:23:20.724  1331  4402 D GpsLocationProvider: reportNmea $GPVTG,,T,,M,,N,,K,N*2C  timestamp = 1506266600724
09-24 23:23:20.725  1331  4402 D GpsLocationProvider: reportNmea $GPRMC,,V,,,,,,,,,,N*53  timestamp = 1506266600725
09-24 23:23:20.725  1331  4402 D GpsLocationProvider: reportNmea $GPGGA,,,,,,0,,,,,,,,*66  timestamp = 1506266600725
09-24 23:23:20.847  7421  7507 E AbstractTracker: Can't create handler inside thread that has not called Looper.prepare()
09-24 23:23:20.848  7421  7507 D AppTracker: App Event: start
09-24 23:23:20.915   357   357 W auditd  : type=1400 "ps""/proc/350""proc"
09-24 23:23:20.915   357   357 W auditd  : type=1400 "ps""task""proc"
09-24 23:23:21.143 11743 11743 I Ads     : Ad is not visible. Not refreshing ad.
09-24 23:23:21.143 11743 11743 I Ads     : Scheduling ad refresh 60000 milliseconds from now.
09-24 23:23:21.722  1331  4402 D GpsLocationProvider: reportNmea $GPGSV,2,1,07,01,00,000,,03,13,319,,06,00,000,,10,17,180,*7E  timestamp = 1506266601722
09-24 23:23:21.723  1331  4402 D GpsLocationProvider: reportNmea $GPGSV,2,2,07,12,09,037,,14,79,018,,16,00,000,*45  timestamp = 1506266601722
09-24 23:23:21.723  1331  4402 D GpsLocationProvider: reportNmea $GLGSV,3,1,12,74,00,000,,70,73,284,,82,00,000,,73,34,246,*63  timestamp = 1506266601723
09-24 23:23:21.723  1331  4402 D GpsLocationProvider: reportNmea $GLGSV,3,2,12,80,69,329,,79,21,039,,69,37,164,,88,04,022,*63  timestamp = 1506266601723
09-24 23:23:21.723  1331  4402 D GpsLocationProvider: reportNmea $GLGSV,3,3,12,87,00,000,,81,06,068,,71,24,326,,68,00,000,*61  timestamp = 1506266601723
09-24 23:23:21.723  1331  4402 D GpsLocationProvider: reportNmea $GPGSA,A,1,,,,,,,,,,,,,,,*1E  timestamp = 1506266601723
09-24 23:23:21.723  1331  4402 D GpsLocationProvider: reportNmea $GPVTG,,T,,M,,N,,K,N*2C  timestamp = 1506266601723
09-24 23:23:21.723  1331  4402 D GpsLocationProvider: reportNmea $GPRMC,,V,,,,,,,,,,N*53  timestamp = 1506266601723
09-24 23:23:21.723  1331  4402 D GpsLocationProvider: reportNmea $GPGGA,,,,,,0,,,,,,,,*66  timestamp = 1506266601723
09-24 23:23:21.794  4131  4131 D wpa_supplicant: wlan0: Control interface command 'SIGNAL_POLL'
09-24 23:23:21.797  4131  4131 D wpa_supplicant: CTRL-DEBUG: global_ctrl_sock-sendto: sock=12 sndbuf=212992 outq=0 send_len=48
09-24 23:23:22.704 11743 11770 I GoLog   : Sep 24 15:23:22.703 - 119m55s DEBUG flashlight.config: fetcher.go:69 Fetching cloud config from http://config.getiantem.org/proxies.yaml.gz (http://d2wi0vwulmtn99.cloudfront.net/proxies.yaml.gz) [op=fetch_config root_op=fetch_config]
09-24 23:23:22.704 11743 11770 I GoLog   : Sep 24 15:23:22.704 - 119m55s DEBUG flashlight.proxied: proxied.go:168 Using dual fronter [http_method=GET http_proto=HTTP/1.1 op=chainedandfronted origin=config.getiantem.org root_op=fetch_config]
09-24 23:23:22.705 11743 11770 I GoLog   : Sep 24 15:23:22.705 - 119m55s DEBUG flashlight.proxied: proxied.go:226 In fronted [http_method=GET http_proto=HTTP/1.1 op=dualfetcher origin=config.getiantem.org root_op=fetch_config]
09-24 23:23:22.706 11743 11770 I GoLog   : Sep 24 15:23:22.706 - 119m55s DEBUG flashlight.proxied: proxied.go:236 Sending request via DDF: false [fronted_url=http://d2wi0vwulmtn99.cloudfront.net/proxies.yaml.gz http_method=GET http_proto=HTTP/1.1 op=dualfetcher origin=config.getiantem.org proxy_type=fronted root_op=fetch_config]
09-24 23:23:22.724 11743 11770 I GoLog   : Sep 24 15:23:22.723 - 119m55s DEBUG flashlight.proxied: proxied.go:246 Sending chained request: false [fronted_url=http://d2wi0vwulmtn99.cloudfront.net/proxies.yaml.gz http_method=GET http_proto=HTTP/1.1 op=dualfetcher origin=config.getiantem.org proxy_type=fronted root_op=fetch_config]
09-24 23:23:22.725  1331  4402 D GpsLocationProvider: reportNmea $GPGSV,2,1,07,01,00,000,,03,13,319,,06,00,000,,10,17,180,*7E  timestamp = 1506266602725
09-24 23:23:22.726  1331  4402 D GpsLocationProvider: reportNmea $GPGSV,2,2,07,12,09,037,,14,79,018,,16,00,000,*45  timestamp = 1506266602726
09-24 23:23:22.726  1331  4402 D GpsLocationProvider: reportNmea $GLGSV,3,1,12,74,00,000,,70,73,284,,82,00,000,,73,34,246,*63  timestamp = 1506266602726
09-24 23:23:22.726  1331  4402 D GpsLocationProvider: reportNmea $GLGSV,3,2,12,80,69,329,,79,21,039,,69,37,164,,88,04,022,*63  timestamp = 1506266602726
09-24 23:23:22.726  1331  4402 D GpsLocationProvider: reportNmea $GLGSV,3,3,12,87,00,000,,81,06,068,,71,24,326,,68,00,000,*61  timestamp = 1506266602726
09-24 23:23:22.728  1331  4402 D GpsLocationProvider: reportNmea $GPGSA,A,1,,,,,,,,,,,,,,,*1E  timestamp = 1506266602727
09-24 23:23:22.728  1331  4402 D GpsLocationProvider: reportNmea $GPVTG,,T,,M,,N,,K,N*2C  timestamp = 1506266602728
09-24 23:23:22.728  1331  4402 D GpsLocationProvider: reportNmea $GPRMC,,V,,,,,,,,,,N*53  timestamp = 1506266602728
09-24 23:23:22.728  1331  4402 D GpsLocationProvider: reportNmea $GPGGA,,,,,,0,,,,,,,,*66  timestamp = 1506266602728
09-24 23:23:22.778 11743 11770 I GoLog   : Sep 24 15:23:22.745 - 119m55s DEBUG flashlight.client: handler.go:44 Reverse proxying GET http://config.getiantem.org/proxies.yaml.gz [op=proxy root_op=proxy user_agent=Go-http-client/1.1]
09-24 23:23:22.778 11743 11770 I GoLog   : Sep 24 15:23:22.745 - 119m55s DEBUG balancer: balancer.go:93 Balancer idle for 1m5.307176225s, start checking all dialers [detour=false op=proxied_dialer root_op=proxied_dialer]
09-24 23:23:22.861 11743 11770 I GoLog   : Sep 24 15:23:22.861 - 119m55s DEBUG flashlight.client: client.go:207 Dialing proxy takes 115.432448ms for config.getiantem.org:80 [detour=false op=proxied_dialer root_op=proxied_dialer]
09-24 23:23:22.870   357   357 W auditd  : type=1400 "ps""/proc/350""proc"
09-24 23:23:22.870   357   357 W auditd  : type=1400 "ps""task""proc"
09-24 23:23:23.723  1331  4402 D GpsLocationProvider: reportNmea $GPGSV,2,1,07,01,00,000,,03,13,319,,06,00,000,,10,17,180,*7E  timestamp = 1506266603723
09-24 23:23:23.723  1331  4402 D GpsLocationProvider: reportNmea $GPGSV,2,2,07,12,09,037,,14,79,018,,16,00,000,*45  timestamp = 1506266603723
09-24 23:23:23.723  1331  4402 D GpsLocationProvider: reportNmea $GLGSV,3,1,12,74,00,000,,70,73,284,,82,00,000,,73,34,246,*63  timestamp = 1506266603723
09-24 23:23:23.723  1331  4402 D GpsLocationProvider: reportNmea $GLGSV,3,2,12,80,69,329,,79,21,039,,69,37,164,,88,04,022,*63  timestamp = 1506266603723
09-24 23:23:23.723  1331  4402 D GpsLocationProvider: reportNmea $GLGSV,3,3,12,87,00,000,,81,06,068,,71,24,326,,68,00,000,*61  timestamp = 1506266603723
09-24 23:23:23.723  1331  4402 D GpsLocationProvider: reportNmea $GPGSA,A,1,,,,,,,,,,,,,,,*1E  timestamp = 1506266603723
09-24 23:23:23.723  1331  4402 D GpsLocationProvider: reportNmea $GPVTG,,T,,M,,N,,K,N*2C  timestamp = 1506266603723
09-24 23:23:23.723  1331  4402 D GpsLocationProvider: reportNmea $GPRMC,,V,,,,,,,,,,N*53  timestamp = 1506266603723
09-24 23:23:23.724  1331  4402 D GpsLocationProvider: reportNmea $GPGGA,,,,,,0,,,,,,,,*66  timestamp = 1506266603723
09-24 23:23:23.745  1331  1331 I DeviceIdleController: updateChargingLocked: charging=true
09-24 23:23:23.745  1331  1331 I DeviceIdleController: becomeActiveLocked, reason = charging
09-24 23:23:23.753 26211 26211 D AbstractProcessor: onBatteryChange Percent:39 State:2 
09-24 23:23:23.759 11743 11770 I GoLog   : Sep 24 15:23:23.758 - 119m56s DEBUG fronted: cache.go:63 Caching vetted masquerade for cloudfront.net (52.84.206.180)
09-24 23:23:24.372 11743 11770 I GoLog   : Sep 24 15:23:24.371 - 119m56s DEBUG flashlight.proxied: proxied.go:211 Got successful HTTP call! [fronted_url=http://d2wi0vwulmtn99.cloudfront.net/proxies.yaml.gz http_method=GET http_proto=HTTP/1.1 http_response_status_code=200 op=dualfetcher origin=d2wi0vwulmtn99.cloudfront.net proxy_type=fronted root_op=fetch_config]
09-24 23:23:24.374 11743 11770 I GoLog   : Sep 24 15:23:24.373 - 119m56s DEBUG flashlight.proxied: proxied.go:240 Fronted request succeeded [fronted_url=http://d2wi0vwulmtn99.cloudfront.net/proxies.yaml.gz http_method=GET http_proto=HTTP/1.1 http_response_status_code=200 op=dualfetcher origin=d2wi0vwulmtn99.cloudfront.net proxy_type=fronted root_op=fetch_config]
09-24 23:23:24.376 11743 11770 I GoLog   : Sep 24 15:23:24.376 - 119m56s DEBUG flashlight.proxied: proxied.go:312 Got good first response [fronted_url=http://d2wi0vwulmtn99.cloudfront.net/proxies.yaml.gz http_method=GET http_proto=HTTP/1.1 http_response_status_code=200 op=dualfetcher origin=d2wi0vwulmtn99.cloudfront.net proxy_type=fronted root_op=fetch_config]
09-24 23:23:24.377 11743 11770 I GoLog   : Sep 24 15:23:24.377 - 119m56s DEBUG flashlight.config: fetcher.go:110 Response headers from http://config.getiantem.org/proxies.yaml.gz (http://d2wi0vwulmtn99.cloudfront.net/proxies.yaml.gz):
09-24 23:23:24.377 11743 11770 I GoLog   : HTTP/1.1 200 OK
09-24 23:23:24.377 11743 11770 I GoLog   : Connection: close
09-24 23:23:24.377 11743 11770 I GoLog   : Transfer-Encoding: chunked
09-24 23:23:24.377 11743 11770 I GoLog   : Content-Type: application/gzip
09-24 23:23:24.377 11743 11770 I GoLog   : Date: Sun, 24 Sep 2017 14:20:10 GMT
09-24 23:23:24.377 11743 11770 I GoLog   : Etag: 43ee08c14bc59a679c109f83bcda5f798a6d9e8e
09-24 23:23:24.377 11743 11770 I GoLog   : Server: Aleph/0.4.1
09-24 23:23:24.377 11743 11770 I GoLog   : Via: 1.1 a69a5fa6fffdfa9fb62955dcbf70f5fe.cloudfront.net (CloudFront)
09-24 23:23:24.377 11743 11770 I GoLog   : X-Amz-Cf-Id: jtkc4KXbVLbkm6o3bGbyAVatA0SJnR2hVI0gOpBm_EGUTdjFHtF4fw==
09-24 23:23:24.377 11743 11770 I GoLog   : X-Cache: RefreshHit from cloudfront
09-24 23:23:24.377 11743 11770 I GoLog   : X-Lantern-Etag: 43ee08c14bc59a679c109f83bcda5f798a6d9e8e
09-24 23:23:24.377 11743 11770 I GoLog   :  [op=fetch_config root_op=fetch_config]
09-24 23:23:24.380 11743 11770 I GoLog   : Sep 24 15:23:24.378 - 119m56s DEBUG flashlight.config: fetcher.go:140 Fetched cloud config [op=fetch_config root_op=fetch_config]
09-24 23:23:24.385 11743 11770 I GoLog   : Sep 24 15:23:24.385 - 119m56s DEBUG flashlight.config: config.go:196 Fetched config! map[fp-sbtk1a-20170607-718:0xbf584750]
09-24 23:23:24.386 11743 11770 I GoLog   : Sep 24 15:23:24.386 - 119m56s DEBUG flashlight.config: config.go:201 Sent to save chan
09-24 23:23:24.387 11743 11770 I GoLog   : Sep 24 15:23:24.386 - 119m56s DEBUG flashlight: flashlight.go:95 Applying proxy config with proxies: map[fp-sbtk1a-20170607-718:0xbf584750]
09-24 23:23:24.387 11743 11770 I GoLog   : Sep 24 15:23:24.387 - 119m56s DEBUG flashlight.client: client.go:169 Configure() called
09-24 23:23:24.388 11743 11770 I GoLog   : Sep 24 15:23:24.387 - 119m56s DEBUG flashlight.client: balancer.go:22 Adding 1 chained servers
09-24 23:23:24.389 11743 11770 I GoLog   : Sep 24 15:23:24.389 - 119m56s DEBUG flashlight.client: balancer.go:29 Adding chained server: 47.91.28.210:443
09-24 23:23:24.393 11743 11770 I GoLog   : Sep 24 15:23:24.392 - 119m56s DEBUG flashlight.config: config.go:245 Wrote file at /data/user/0/windvix.com.lantern/files/.lantern/proxies.yaml
09-24 23:23:24.723  1331  4402 D GpsLocationProvider: reportNmea $GPGSV,2,1,07,01,00,000,,03,13,319,,06,00,000,,10,17,180,*7E  timestamp = 1506266604723
09-24 23:23:24.723  1331  4402 D GpsLocationProvider: reportNmea $GPGSV,2,2,07,12,09,037,,14,79,018,,16,00,000,*45  timestamp = 1506266604723
09-24 23:23:24.723  1331  4402 D GpsLocationProvider: reportNmea $GLGSV,3,1,12,74,00,000,,70,73,284,,82,00,000,,73,34,246,*63  timestamp = 1506266604723
09-24 23:23:24.723  1331  4402 D GpsLocationProvider: reportNmea $GLGSV,3,2,12,80,69,329,,79,21,039,,69,37,164,,88,04,022,*63  timestamp = 1506266604723
09-24 23:23:24.724  1331  4402 D GpsLocationProvider: reportNmea $GLGSV,3,3,12,87,00,000,,81,06,068,,71,24,326,,68,00,000,*61  timestamp = 1506266604724
09-24 23:23:24.724  1331  4402 D GpsLocationProvider: reportNmea $GPGSA,A,1,,,,,,,,,,,,,,,*1E  timestamp = 1506266604724
09-24 23:23:24.724  1331  4402 D GpsLocationProvider: reportNmea $GPVTG,,T,,M,,N,,K,N*2C  timestamp = 1506266604724
09-24 23:23:24.724  1331  4402 D GpsLocationProvider: reportNmea $GPRMC,,V,,,,,,,,,,N*53  timestamp = 1506266604724
09-24 23:23:24.724  1331  4402 D GpsLocationProvider: reportNmea $GPGGA,,,,,,0,,,,,,,,*66  timestamp = 1506266604724
09-24 23:23:24.805  4131  4131 D wpa_supplicant: wlan0: Control interface command 'SIGNAL_POLL'
09-24 23:23:24.808  4131  4131 D wpa_supplicant: CTRL-DEBUG: global_ctrl_sock-sendto: sock=12 sndbuf=212992 outq=0 send_len=48
09-24 23:23:25.007   774   774 I MSM-irqbalance: Decided to move IRQ215 from CPU2 to CPU3
09-24 23:23:25.723  1331  4402 D GpsLocationProvider: reportNmea $GPGSV,2,1,07,01,00,000,,03,13,319,,06,00,000,,10,17,180,*7E  timestamp = 1506266605722
09-24 23:23:25.723  1331  4402 D GpsLocationProvider: reportNmea $GPGSV,2,2,07,12,09,037,,14,79,018,,16,00,000,*45  timestamp = 1506266605723
09-24 23:23:25.723  1331  4402 D GpsLocationProvider: reportNmea $GLGSV,3,1,12,74,00,000,,70,73,284,,82,00,000,,73,34,246,*63  timestamp = 1506266605723
09-24 23:23:25.724  1331  4402 D GpsLocationProvider: reportNmea $GLGSV,3,2,12,80,69,329,,79,21,039,,69,37,164,,88,04,022,*63  timestamp = 1506266605723
09-24 23:23:25.724  1331  4402 D GpsLocationProvider: reportNmea $GLGSV,3,3,12,87,00,000,,81,06,068,,71,24,326,,68,00,000,*61  timestamp = 1506266605724
09-24 23:23:25.724  1331  4402 D GpsLocationProvider: reportNmea $GPGSA,A,1,,,,,,,,,,,,,,,*1E  timestamp = 1506266605724
09-24 23:23:25.724  1331  4402 D GpsLocationProvider: reportNmea $GPVTG,,T,,M,,N,,K,N*2C  timestamp = 1506266605724
09-24 23:23:25.724  1331  4402 D GpsLocationProvider: reportNmea $GPRMC,,V,,,,,,,,,,N*53  timestamp = 1506266605724
09-24 23:23:25.724  1331  4402 D GpsLocationProvider: reportNmea $GPGGA,,,,,,0,,,,,,,,*66  timestamp = 1506266605724
09-24 23:23:25.832   357   357 W auditd  : type=1400 "ps""/proc/350""proc"
09-24 23:23:25.832   357   357 W auditd  : type=1400 "ps""task""proc"
09-24 23:23:26.723  1331  4402 D GpsLocationProvider: reportNmea $GPGSV,2,1,07,01,00,000,,03,13,319,,06,00,000,,10,17,180,*7E  timestamp = 1506266606723
09-24 23:23:26.724  1331  4402 D GpsLocationProvider: reportNmea $GPGSV,2,2,07,12,09,037,,14,79,018,,16,00,000,*45  timestamp = 1506266606723
09-24 23:23:26.724  1331  4402 D GpsLocationProvider: reportNmea $GLGSV,3,1,12,74,00,000,,70,73,284,,82,00,000,,73,34,246,*63  timestamp = 1506266606724
09-24 23:23:26.724  1331  4402 D GpsLocationProvider: reportNmea $GLGSV,3,2,12,80,69,329,,79,21,039,,69,37,164,,88,04,022,*63  timestamp = 1506266606724
09-24 23:23:26.724  1331  4402 D GpsLocationProvider: reportNmea $GLGSV,3,3,12,87,00,000,,81,06,068,,71,24,326,,68,00,000,*61  timestamp = 1506266606724
09-24 23:23:26.724  1331  4402 D GpsLocationProvider: reportNmea $GPGSA,A,1,,,,,,,,,,,,,,,*1E  timestamp = 1506266606724
09-24 23:23:26.724  1331  4402 D GpsLocationProvider: reportNmea $GPVTG,,T,,M,,N,,K,N*2C  timestamp = 1506266606724
09-24 23:23:26.724  1331  4402 D GpsLocationProvider: reportNmea $GPRMC,,V,,,,,,,,,,N*53  timestamp = 1506266606724
09-24 23:23:26.724  1331  4402 D GpsLocationProvider: reportNmea $GPGGA,,,,,,0,,,,,,,,*66  timestamp = 1506266606724
09-24 23:23:27.722  1331  4402 D GpsLocationProvider: reportNmea $GPGSV,2,1,07,01,00,000,,03,13,319,,06,00,000,,10,17,180,*7E  timestamp = 1506266607722
09-24 23:23:27.722  1331  4402 D GpsLocationProvider: reportNmea $GPGSV,2,2,07,12,09,037,,14,79,018,,16,00,000,*45  timestamp = 1506266607722
09-24 23:23:27.723  1331  4402 D GpsLocationProvider: reportNmea $GLGSV,3,1,12,74,00,000,,70,73,284,,82,00,000,,73,34,246,*63  timestamp = 1506266607723
09-24 23:23:27.723  1331  4402 D GpsLocationProvider: reportNmea $GLGSV,3,2,12,80,69,329,,79,21,039,,69,37,164,,88,04,022,*63  timestamp = 1506266607723
09-24 23:23:27.724  1331  4402 D GpsLocationProvider: reportNmea $GLGSV,3,3,12,87,00,000,,81,06,068,,71,24,326,,68,00,000,*61  timestamp = 1506266607723
09-24 23:23:27.724  1331  4402 D GpsLocationProvider: reportNmea $GPGSA,A,1,,,,,,,,,,,,,,,*1E  timestamp = 1506266607724
09-24 23:23:27.724  1331  4402 D GpsLocationProvider: reportNmea $GPVTG,,T,,M,,N,,K,N*2C  timestamp = 1506266607724
09-24 23:23:27.724  1331  4402 D GpsLocationProvider: reportNmea $GPRMC,,V,,,,,,,,,,N*53  timestamp = 1506266607724
09-24 23:23:27.724  1331  4402 D GpsLocationProvider: reportNmea $GPGGA,,,,,,0,,,,,,,,*66  timestamp = 1506266607724
09-24 23:23:27.819  4131  4131 D wpa_supplicant: wlan0: Control interface command 'SIGNAL_POLL'
09-24 23:23:27.822  4131  4131 D wpa_supplicant: CTRL-DEBUG: global_ctrl_sock-sendto: sock=12 sndbuf=212992 outq=0 send_len=48
09-24 23:23:27.831   357   357 W auditd  : type=1400 "ps""/proc/350""proc"
09-24 23:23:27.832   357   357 W auditd  : type=1400 "ps""task""proc"
09-24 23:23:28.392  8069  8069 D AndroidRuntime: >>>>>> START com.android.internal.os.RuntimeInit uid 2000 <<<<<<
09-24 23:23:28.399  8069  8069 D AndroidRuntime: CheckJNI is OFF
09-24 23:23:28.402  7421  7421 I Ads     : Ad is not visible. Not refreshing ad.
09-24 23:23:28.402  7421  7421 I Ads     : Scheduling ad refresh 60000 milliseconds from now.
09-24 23:23:28.460  8069  8069 D ICU     : No timezone override file found: /data/misc/zoneinfo/current/icu/icu_tzdata.dat
09-24 23:23:28.508  8069  8069 I Radio-JNI: register_android_hardware_Radio DONE
09-24 23:23:28.552  8069  8069 D AndroidRuntime: Calling main entry com.android.commands.input.Input
09-24 23:23:28.554  8069  8069 I Input   : injectKeyEvent: KeyEvent { action=ACTION_DOWN, keyCode=KEYCODE_BACK, scanCode=0, metaState=0, flags=0x0, repeatCount=0, eventTime=25334501, downTime=25334501, deviceId=-1, source=0x101 }
09-24 23:23:28.573  8069  8069 I Input   : injectKeyEvent: KeyEvent { action=ACTION_UP, keyCode=KEYCODE_BACK, scanCode=0, metaState=0, flags=0x0, repeatCount=0, eventTime=25334501, downTime=25334501, deviceId=-1, source=0x101 }
09-24 23:23:28.580  3889  3889 D PhoneStatusBar: setSystemUiVisibility vis=600 mask=ffffffff oldVal=0 newVal=600 diff=600
09-24 23:23:28.585  3889  3889 D PhoneStatusBar: setSystemUiVisibility vis=8600 mask=ffffffff oldVal=600 newVal=8600 diff=8000
09-24 23:23:28.585  3889  3889 D PhoneStatusBar: checkBarMode:powerSave=false, getBarState()=0
09-24 23:23:28.585  3889  3889 D BarTransitions.PhoneStatusBarView: MODE_OPAQUE -> MODE_TRANSPARENT animate=true
09-24 23:23:28.585  3889  3889 D BarTransitions.PhoneStatusBarView: applyModeBackground oldMode=MODE_OPAQUE newMode=MODE_TRANSPARENT animate=true
09-24 23:23:28.586  3889  3889 I StatusBarIconController: setIconsDark dark:false animate:true currentDark:false mTransitionPending:false mTransitionDeferring:false mPendingDarkIntensity:0.0
09-24 23:23:28.586  3889  3889 I StatusBarIconController: animateIconTint:0.0 mDarkIntensity:0.0
09-24 23:23:28.593   357   357 W auditd  : type=1400 "Binder_C""socket:[1618372]""sockfs"
09-24 23:23:28.593   357   357 W auditd  : type=1400 "Binder_C""socket:[1618372]""sockfs"
09-24 23:23:28.595  3889  3889 D BarBackgroundDrawable: BarTransitions: draw: mode=MODE_TRANSPARENT, targetColor=0x0
09-24 23:23:28.596  3889  3889 D BarBackgroundDrawable: BarTransitions: drawColor:0xf2000000
09-24 23:23:28.598  3889  3889 I StatusBarIconController:  appTransitionPending
09-24 23:23:28.611  1331  4650 I ActivityManager_Thumbnails: Setting thumbnail of ActivityRecord{f8eff73 u0 com.HomeCleaningGames/com.startapp.android.publish.AppWallActivity t1597 f} to android.graphics.Bitmap@8115360
09-24 23:23:28.614  8069  8069 D AndroidRuntime: Shutting down VM
09-24 23:23:28.632  7421  7441 E AbstractTracker: Can't create handler inside thread that has not called Looper.prepare()
09-24 23:23:28.632  7421  7441 D AppTracker: App Event: stop
09-24 23:23:28.634  3889  3889 D BarBackgroundDrawable: BarTransitions: draw: mode=MODE_TRANSPARENT, targetColor=0x0
09-24 23:23:28.634  3889  3889 D BarBackgroundDrawable: BarTransitions: drawColor:0xc1000000
09-24 23:23:28.636  1331  3654 D ActivityManager: mImportantUids connections =1000 by uid = 10401 ConnectionRecord =ConnectionRecord{51b305 u0 CR FGSA io.github.ylimit.droidbotapp/io.github.privacystreams.accessibility.PSAccessibilityService:@a5de7c}
09-24 23:23:28.636  1331  3654 D ActivityManager: mImportantUids connections =1000 by uid = 10401 ConnectionRecord =ConnectionRecord{e0d66 u0 CR !FG UI !VIS io.github.ylimit.droidbotapp/.DroidBotIME:@b0591c1}
09-24 23:23:28.643  3889  3889 I StatusBarIconController:  appTransitionPending
09-24 23:23:28.645  3889  3889 D BarBackgroundDrawable: BarTransitions: draw: mode=MODE_TRANSPARENT, targetColor=0x0
09-24 23:23:28.646  3889  3889 D BarBackgroundDrawable: BarTransitions: drawColor:0xb2000000
09-24 23:23:28.662  3889  3889 D BarBackgroundDrawable: BarTransitions: draw: mode=MODE_TRANSPARENT, targetColor=0x0
09-24 23:23:28.663  3889  3889 D BarBackgroundDrawable: BarTransitions: drawColor:0x9c000000
09-24 23:23:28.667  3889  3889 I StatusBarIconController: appTransitionStarting
09-24 23:23:28.678 25549 25549 D Launcher: onResume
09-24 23:23:28.681  3889  3889 D BarBackgroundDrawable: BarTransitions: draw: mode=MODE_TRANSPARENT, targetColor=0x0
09-24 23:23:28.681  3889  3889 D BarBackgroundDrawable: BarTransitions: drawColor:0x85000000
09-24 23:23:28.684 25549 25549 D Launcher: DynamicIcon doWorkspaceOrFolderIconAnimation be enter
09-24 23:23:28.684 25549 25549 D Launcher.Workspace: DynamicIcon Workspace updateCurrentPageIconState success
09-24 23:23:28.684 25549 25549 D CellLayout: DynamicIcon CellLayout updateDynamicIconState should Update = true
09-24 23:23:28.687 25549 25737 E AbstractTracker: Can't create handler inside thread that has not called Looper.prepare()
09-24 23:23:28.687 25549 25737 D AppTracker: App Event: start
09-24 23:23:28.696  3889  3889 D BarBackgroundDrawable: BarTransitions: draw: mode=MODE_TRANSPARENT, targetColor=0x0
09-24 23:23:28.696  3889  3889 D BarBackgroundDrawable: BarTransitions: drawColor:0x72000000
09-24 23:23:28.721  3889  3889 D BarBackgroundDrawable: BarTransitions: draw: mode=MODE_TRANSPARENT, targetColor=0x0
09-24 23:23:28.721  3889  3889 D BarBackgroundDrawable: BarTransitions: drawColor:0x52000000
09-24 23:23:28.723  1331  4402 D GpsLocationProvider: reportNmea $GPGSV,2,1,07,01,00,000,,03,13,319,,06,00,000,,10,17,180,*7E  timestamp = 1506266608723
09-24 23:23:28.723  1331  4402 D GpsLocationProvider: reportNmea $GPGSV,2,2,07,12,09,037,,14,79,018,,16,00,000,*45  timestamp = 1506266608723
09-24 23:23:28.723  1331  4402 D GpsLocationProvider: reportNmea $GLGSV,3,1,12,74,00,000,,70,73,284,,82,00,000,,73,34,246,*63  timestamp = 1506266608723
09-24 23:23:28.723  1331  4402 D GpsLocationProvider: reportNmea $GLGSV,3,2,12,80,69,329,,79,21,039,,69,37,164,,88,04,022,*63  timestamp = 1506266608723
09-24 23:23:28.723  1331  4402 D GpsLocationProvider: reportNmea $GLGSV,3,3,12,87,00,000,,81,06,068,,71,24,326,,68,00,000,*61  timestamp = 1506266608723
09-24 23:23:28.725  1331  4402 D GpsLocationProvider: reportNmea $GPGSA,A,1,,,,,,,,,,,,,,,*1E  timestamp = 1506266608725
09-24 23:23:28.725  1331  4402 D GpsLocationProvider: reportNmea $GPVTG,,T,,M,,N,,K,N*2C  timestamp = 1506266608725
09-24 23:23:28.725  1331  4402 D GpsLocationProvider: reportNmea $GPRMC,,V,,,,,,,,,,N*53  timestamp = 1506266608725
09-24 23:23:28.725  1331  4402 D GpsLocationProvider: reportNmea $GPGGA,,,,,,0,,,,,,,,*66  timestamp = 1506266608725
09-24 23:23:28.743  3889  3889 D BarBackgroundDrawable: BarTransitions: draw: mode=MODE_TRANSPARENT, targetColor=0x0
09-24 23:23:28.744  3889  3889 D BarBackgroundDrawable: BarTransitions: drawColor:0x35000000
09-24 23:23:28.746  3889  3889 D BarBackgroundDrawable: BarTransitions: draw: mode=MODE_TRANSPARENT, targetColor=0x0
09-24 23:23:28.748  3889  3889 D BarBackgroundDrawable: BarTransitions: drawColor:0x31000000
09-24 23:23:28.763  3889  3889 D BarBackgroundDrawable: BarTransitions: draw: mode=MODE_TRANSPARENT, targetColor=0x0
09-24 23:23:28.763  3889  3889 D BarBackgroundDrawable: BarTransitions: drawColor:0x1d000000
09-24 23:23:28.779  3889  3889 D BarBackgroundDrawable: BarTransitions: draw: mode=MODE_TRANSPARENT, targetColor=0x0
09-24 23:23:28.779  3889  3889 D BarBackgroundDrawable: BarTransitions: drawColor:0x8000000
09-24 23:23:28.780  1331  1339 I art     : Background partial concurrent mark sweep GC freed 20328(1824KB) AllocSpace objects, 14(280KB) LOS objects, 33% free, 28MB/42MB, paused 2.618ms total 173.096ms
09-24 23:23:28.796  3889  3889 D BarBackgroundDrawable: BarTransitions: draw: mode=MODE_TRANSPARENT, targetColor=0x0
09-24 23:23:28.821  1331  3653 D ActivityManager: mImportantUids connections =1000 by uid = 10401 ConnectionRecord =ConnectionRecord{51b305 u0 CR FGSA io.github.ylimit.droidbotapp/io.github.privacystreams.accessibility.PSAccessibilityService:@a5de7c}
09-24 23:23:28.821  1331  3653 D ActivityManager: mImportantUids connections =1000 by uid = 10401 ConnectionRecord =ConnectionRecord{e0d66 u0 CR !FG UI !VIS io.github.ylimit.droidbotapp/.DroidBotIME:@b0591c1}
09-24 23:23:28.844  1331  3653 D ActivityManager: mImportantUids connections =1000 by uid = 10401 ConnectionRecord =ConnectionRecord{51b305 u0 CR FGSA io.github.ylimit.droidbotapp/io.github.privacystreams.accessibility.PSAccessibilityService:@a5de7c}
09-24 23:23:28.844  1331  3653 D ActivityManager: mImportantUids connections =1000 by uid = 10401 ConnectionRecord =ConnectionRecord{e0d66 u0 CR !FG UI !VIS io.github.ylimit.droidbotapp/.DroidBotIME:@b0591c1}
09-24 23:23:29.482 12623 12633 I art     : Background partial concurrent mark sweep GC freed 90082(5MB) AllocSpace objects, 88(4MB) LOS objects, 39% free, 13MB/22MB, paused 1.773ms total 131.557ms
09-24 23:23:29.656  3889  3889 D SystemServicesProxy: exclude com.android.packageinstaller
09-24 23:23:29.656  3889  3889 D SystemServicesProxy: add 9 Task
09-24 23:23:29.656  3889  3889 D RecentsTaskLoadPlan: preloadPlan, 9
09-24 23:23:29.722  1331  4402 D GpsLocationProvider: reportNmea $GPGSV,2,1,07,01,00,000,,03,13,319,,06,00,000,,10,17,180,*7E  timestamp = 1506266609722
09-24 23:23:29.723  1331  4402 D GpsLocationProvider: reportNmea $GPGSV,2,2,07,12,09,037,,14,79,018,,16,00,000,*45  timestamp = 1506266609722
09-24 23:23:29.723  1331  4402 D GpsLocationProvider: reportNmea $GLGSV,3,1,12,74,00,000,,70,73,284,,82,00,000,,73,34,246,*63  timestamp = 1506266609723
09-24 23:23:29.723  1331  4402 D GpsLocationProvider: reportNmea $GLGSV,3,2,12,80,69,329,,79,21,039,,69,37,164,,88,04,022,*63  timestamp = 1506266609723
09-24 23:23:29.723  1331  4402 D GpsLocationProvider: reportNmea $GLGSV,3,3,12,87,00,000,,81,06,068,,71,24,326,,68,00,000,*61  timestamp = 1506266609723
09-24 23:23:29.725  1331  4402 D GpsLocationProvider: reportNmea $GPGSA,A,1,,,,,,,,,,,,,,,*1E  timestamp = 1506266609725
09-24 23:23:29.725  1331  4402 D GpsLocationProvider: reportNmea $GPVTG,,T,,M,,N,,K,N*2C  timestamp = 1506266609725
09-24 23:23:29.725  1331  4402 D GpsLocationProvider: reportNmea $GPRMC,,V,,,,,,,,,,N*53  timestamp = 1506266609725
09-24 23:23:29.725  1331  4402 D GpsLocationProvider: reportNmea $GPGGA,,,,,,0,,,,,,,,*66  timestamp = 1506266609725
09-24 23:23:29.779   357   357 W auditd  : type=1400 "ps""/proc/350""proc"
09-24 23:23:29.779   357   357 W auditd  : type=1400 "ps""task""proc"
09-24 23:23:30.004   774   774 I MSM-irqbalance: Decided to move IRQ304 from CPU2 to CPU3
09-24 23:23:30.724  1331  4402 D GpsLocationProvider: reportNmea $GPGSV,2,1,07,01,00,000,,03,13,319,,06,00,000,,10,17,180,*7E  timestamp = 1506266610724
09-24 23:23:30.724  1331  4402 D GpsLocationProvider: reportNmea $GPGSV,2,2,07,12,09,037,,14,79,018,,16,00,000,*45  timestamp = 1506266610724
09-24 23:23:30.724  1331  4402 D GpsLocationProvider: reportNmea $GLGSV,3,1,12,74,00,000,,70,73,284,,82,00,000,,73,34,246,*63  timestamp = 1506266610724
09-24 23:23:30.724  1331  4402 D GpsLocationProvider: reportNmea $GLGSV,3,2,12,80,69,329,,79,21,039,,69,37,164,,88,04,022,*63  timestamp = 1506266610724
09-24 23:23:30.724  1331  4402 D GpsLocationProvider: reportNmea $GLGSV,3,3,12,87,00,000,,81,06,068,,71,24,326,,68,00,000,*61  timestamp = 1506266610724
09-24 23:23:30.724  1331  4402 D GpsLocationProvider: reportNmea $GPGSA,A,1,,,,,,,,,,,,,,,*1E  timestamp = 1506266610724
09-24 23:23:30.725  1331  4402 D GpsLocationProvider: reportNmea $GPVTG,,T,,M,,N,,K,N*2C  timestamp = 1506266610725
09-24 23:23:30.725  1331  4402 D GpsLocationProvider: reportNmea $GPRMC,,V,,,,,,,,,,N*53  timestamp = 1506266610725
09-24 23:23:30.725  1331  4402 D GpsLocationProvider: reportNmea $GPGGA,,,,,,0,,,,,,,,*66  timestamp = 1506266610725
09-24 23:23:30.829  4131  4131 D wpa_supplicant: wlan0: Control interface command 'SIGNAL_POLL'
09-24 23:23:30.832  4131  4131 D wpa_supplicant: CTRL-DEBUG: global_ctrl_sock-sendto: sock=12 sndbuf=212992 outq=0 send_len=48
09-24 23:23:31.366  1331  3774 D WifiStateMachine: starting scan for "tmliu"-WPA_PSK with 2462
09-24 23:23:31.366  4131  4131 D wpa_supplicant: wlan0: Control interface command 'SCAN TYPE=ONLY freq=2462'
09-24 23:23:31.367  4131  4131 D wpa_supplicant: wlan0: Setting scan request: 0.000000 sec
09-24 23:23:31.367  4131  4131 D wpa_supplicant: CTRL-DEBUG: global_ctrl_sock-sendto: sock=12 sndbuf=212992 outq=0 send_len=3
09-24 23:23:31.367  4131  4131 D wpa_supplicant: wlan0: Starting AP scan for wildcard SSID
09-24 23:23:31.367  4131  4131 D wpa_supplicant: wlan0: Limit manual scan to specified channels
09-24 23:23:31.367  4131  4131 D wpa_supplicant: wlan0: Add radio work 'scan'@0x7f830dc190
09-24 23:23:31.367  4131  4131 D wpa_supplicant: wlan0: First radio work item in the queue - schedule start immediately
09-24 23:23:31.367  4131  4131 D wpa_supplicant: wlan0: Starting radio work 'scan'@0x7f830dc190 after 0.000072 second wait
09-24 23:23:31.367  4131  4131 D wpa_supplicant: wlan0: nl80211: scan request
09-24 23:23:31.367  4131  4131 D wpa_supplicant: nl80211: Scan SSID - hexdump(len=0): [NULL]
09-24 23:23:31.367  4131  4131 D wpa_supplicant: nl80211: Scan extra IEs - hexdump(len=7): 7f 05 00 00 0a 02 01
09-24 23:23:31.367  4131  4131 D wpa_supplicant: nl80211: Scan frequency 2462 MHz
09-24 23:23:31.368  4131  4131 D wpa_supplicant: Scan requested (ret=0) - scan timeout 30 seconds
09-24 23:23:31.368  4131  4131 D wpa_supplicant: nl80211: Event message available
09-24 23:23:31.368  4131  4131 D wpa_supplicant: nl80211: Drv Event 33 (NL80211_CMD_TRIGGER_SCAN) received for wlan0
09-24 23:23:31.368  4131  4131 D wpa_supplicant: wlan0: nl80211: Scan trigger
09-24 23:23:31.368  4131  4131 D wpa_supplicant: wlan0: Event SCAN_STARTED (47) received
09-24 23:23:31.368  4131  4131 D wpa_supplicant: wlan0: Own scan request started a scan in 0.000190 seconds
09-24 23:23:31.368  4131  4131 D wpa_supplicant: CTRL-DEBUG: ctrl_sock-sendmsg: sock=12 sndbuf=212992 outq=0 send_len=24
09-24 23:23:31.368  4131  4131 D wpa_supplicant: CTRL_IFACE monitor sent successfully to /data/misc/wifi/sockets/wpa_ctrl_565-2\x00
09-24 23:23:31.368  4131  4131 D wpa_supplicant: CTRL-DEBUG: ctrl_sock-sendmsg: sock=12 sndbuf=212992 outq=768 send_len=24
09-24 23:23:31.368  4131  4131 D wpa_supplicant: CTRL_IFACE monitor sent successfully to /data/misc/wifi/sockets/wpa_ctrl_1331-2\x00
09-24 23:23:31.518  4131  4131 D wpa_supplicant: nl80211: Event message available
09-24 23:23:31.518  4131  4131 D wpa_supplicant: nl80211: Drv Event 34 (NL80211_CMD_NEW_SCAN_RESULTS) received for wlan0
09-24 23:23:31.518  4131  4131 D wpa_supplicant: wlan0: nl80211: New scan results available
09-24 23:23:31.518  4131  4131 D wpa_supplicant: nl80211: Scan included frequencies: 2462
09-24 23:23:31.518  4131  4131 D wpa_supplicant: wlan0: Event SCAN_RESULTS (3) received
09-24 23:23:31.518  4131  4131 D wpa_supplicant: wlan0: Scan completed in 0.150298 seconds
09-24 23:23:31.519  4131  4131 D wpa_supplicant: nl80211: Associated on 2462 MHz
09-24 23:23:31.519  4131  4131 D wpa_supplicant: nl80211: Associated with 24:05:0f:8a:bd:f3
09-24 23:23:31.519  4131  4131 D wpa_supplicant: nl80211: Received scan results (11 BSSes)
09-24 23:23:31.519  4131  4131 D wpa_supplicant: nl80211: Scan results indicate BSS status with 24:05:0f:8a:bd:f3 as associated
09-24 23:23:31.519  4131  4131 D wpa_supplicant: wlan0: BSS: Start scan result update 1048
09-24 23:23:31.520  4131  4131 D wpa_supplicant: BSS: last_scan_res_used=11/64
09-24 23:23:31.520  4131  4131 D wpa_supplicant: wlan0: Scan-only results received
09-24 23:23:31.520  4131  4131 D wpa_supplicant: CTRL-DEBUG: ctrl_sock-sendmsg: sock=12 sndbuf=212992 outq=0 send_len=24
09-24 23:23:31.522  4131  4131 D wpa_supplicant: CTRL_IFACE monitor sent successfully to /data/misc/wifi/sockets/wpa_ctrl_565-2\x00
09-24 23:23:31.522  4131  4131 D wpa_supplicant: CTRL-DEBUG: ctrl_sock-sendmsg: sock=12 sndbuf=212992 outq=0 send_len=24
09-24 23:23:31.522  4131  4131 D wpa_supplicant: CTRL_IFACE monitor sent successfully to /data/misc/wifi/sockets/wpa_ctrl_1331-2\x00
09-24 23:23:31.522  4131  4131 D wpa_supplicant: wlan0: Radio work 'scan'@0x7f830dc190 done in 0.155190 seconds
09-24 23:23:31.523  4131  4131 D wpa_supplicant: wlan0: Control interface command 'SCAN_RESULTS'
09-24 23:23:31.526  4131  4131 D wpa_supplicant: CTRL-DEBUG: global_ctrl_sock-sendto: sock=12 sndbuf=212992 outq=0 send_len=2429
09-24 23:23:31.527  4131  4131 D wpa_supplicant: wlan0: Control interface command 'SCAN_RESULTS'
09-24 23:23:31.530  4131  4131 D wpa_supplicant: CTRL-DEBUG: global_ctrl_sock-sendto: sock=12 sndbuf=212992 outq=0 send_len=2429
09-24 23:23:31.541  4131  4131 D wpa_supplicant: CTRL-DEBUG: global_ctrl_sock-sendto: sock=12 sndbuf=212992 outq=0 send_len=4040
09-24 23:23:31.551  4131  4131 D wpa_supplicant: CTRL-DEBUG: global_ctrl_sock-sendto: sock=12 sndbuf=212992 outq=0 send_len=3544
09-24 23:23:31.559  4131  4131 D wpa_supplicant: CTRL-DEBUG: global_ctrl_sock-sendto: sock=12 sndbuf=212992 outq=0 send_len=3907
09-24 23:23:31.565  4131  4131 D wpa_supplicant: CTRL-DEBUG: global_ctrl_sock-sendto: sock=12 sndbuf=212992 outq=0 send_len=3938
09-24 23:23:31.568  4131  4131 D wpa_supplicant: CTRL-DEBUG: global_ctrl_sock-sendto: sock=12 sndbuf=212992 outq=0 send_len=3061
09-24 23:23:31.584  4131  4131 D wpa_supplicant: EAPOL: EAP Session-Id not available
09-24 23:23:31.584  4131  4131 D wpa_supplicant: CTRL-DEBUG: global_ctrl_sock-sendto: sock=12 sndbuf=212992 outq=0 send_len=268
09-24 23:23:31.723  1331  4402 D GpsLocationProvider: reportNmea $GPGSV,2,1,07,01,00,000,,03,13,319,,06,00,000,,10,17,180,*7E  timestamp = 1506266611722
09-24 23:23:31.723  1331  4402 D GpsLocationProvider: reportNmea $GPGSV,2,2,07,12,09,037,,14,79,018,,16,00,000,*45  timestamp = 1506266611723
09-24 23:23:31.723  1331  4402 D GpsLocationProvider: reportNmea $GLGSV,3,1,12,74,00,000,,70,73,284,,82,00,000,,73,34,246,*63  timestamp = 1506266611723
09-24 23:23:31.723  1331  4402 D GpsLocationProvider: reportNmea $GLGSV,3,2,12,80,69,329,,79,21,039,,69,37,164,,88,04,022,*63  timestamp = 1506266611723
09-24 23:23:31.723  1331  4402 D GpsLocationProvider: reportNmea $GLGSV,3,3,12,87,00,000,,81,06,068,,71,24,326,,68,00,000,*61  timestamp = 1506266611723
09-24 23:23:31.726  1331  4402 D GpsLocationProvider: reportNmea $GPGSA,A,1,,,,,,,,,,,,,,,*1E  timestamp = 1506266611726
09-24 23:23:31.727  1331  4402 D GpsLocationProvider: reportNmea $GPVTG,,T,,M,,N,,K,N*2C  timestamp = 1506266611727
