09-24 23:23:31.727  1331  4402 D GpsLocationProvider: reportNmea $GPRMC,,V,,,,,,,,,,N*53  timestamp = 1506266611727
09-24 23:23:31.727  1331  4402 D GpsLocationProvider: reportNmea $GPGGA,,,,,,0,,,,,,,,*66  timestamp = 1506266611727
09-24 23:23:31.996  1331  4402 I IzatProviderEngine: LocTech-Label :: OSDC :: Position Report In
09-24 23:23:31.996  1331  4402 I IzatProviderEngine: LocTech-Value :: UTC Time: 1506266612000, Elapsed Real Time Nanos: 25337943666010, Latitude: 39.96383599999999, Longitude: 116.3586, Altitude: 0.0, Speed: 0.0, Bearing: 81.0, Accuracy: 778152.4
09-24 23:23:32.509 25549 25549 W ResourceType: No package identifier when getting name for resource number 0x00000001
09-24 23:23:32.510 25549 25549 W ResourceType: No package identifier when getting name for resource number 0x00000003
09-24 23:23:32.510 25549 25549 W ResourceType: No package identifier when getting name for resource number 0x00000004
09-24 23:23:32.511 25549 25549 W ResourceType: No package identifier when getting name for resource number 0x00000005
09-24 23:23:32.511 25549 25549 W ResourceType: No package identifier when getting name for resource number 0x00000006
09-24 23:23:32.512 25549 25549 W ResourceType: No package identifier when getting name for resource number 0x00000007
09-24 23:23:32.512 25549 25549 W ResourceType: No package identifier when getting name for resource number 0x00000008
09-24 23:23:32.512 25549 25549 W ResourceType: No package identifier when getting name for resource number 0x00000009
09-24 23:23:32.513 25549 25549 W ResourceType: No package identifier when getting name for resource number 0x0000000a
09-24 23:23:32.513 25549 25549 W ResourceType: No package identifier when getting name for resource number 0x0000000b
09-24 23:23:32.514 25549 25549 W ResourceType: No package identifier when getting name for resource number 0x00000019
09-24 23:23:32.514 25549 25549 W ResourceType: No package identifier when getting name for resource number 0x0000001a
09-24 23:23:32.515 25549 25549 W ResourceType: No package identifier when getting name for resource number 0x0000001b
09-24 23:23:32.515 25549 25549 W ResourceType: No package identifier when getting name for resource number 0x0000001c
09-24 23:23:32.516 25549 25549 W ResourceType: No package identifier when getting name for resource number 0x0000001d
09-24 23:23:32.516 25549 25549 W ResourceType: No package identifier when getting name for resource number 0x0000001e
09-24 23:23:32.516 25549 25549 W ResourceType: No package identifier when getting name for resource number 0x0000002b
09-24 23:23:32.517 25549 25549 W ResourceType: No package identifier when getting name for resource number 0x0000000b
09-24 23:23:32.517 25549 25549 W ResourceType: No package identifier when getting name for resource number 0x0000000c
09-24 23:23:32.518 25549 25549 W ResourceType: No package identifier when getting name for resource number 0x0000000d
09-24 23:23:32.518 25549 25549 W ResourceType: No package identifier when getting name for resource number 0x00000018
09-24 23:23:32.724  1331  4402 D GpsLocationProvider: reportNmea $GPGSV,2,1,07,01,00,000,,03,13,319,,06,00,000,,10,17,180,*7E  timestamp = 1506266612724
09-24 23:23:32.724  1331  4402 D GpsLocationProvider: reportNmea $GPGSV,2,2,07,12,09,037,,14,79,018,,16,00,000,*45  timestamp = 1506266612724
09-24 23:23:32.725  1331  4402 D GpsLocationProvider: reportNmea $GLGSV,3,1,12,74,00,000,,70,73,284,,82,00,000,,73,34,246,*63  timestamp = 1506266612724
09-24 23:23:32.725  1331  4402 D GpsLocationProvider: reportNmea $GLGSV,3,2,12,80,69,329,,79,21,039,,69,37,164,,88,04,022,*63  timestamp = 1506266612725
09-24 23:23:32.725  1331  4402 D GpsLocationProvider: reportNmea $GLGSV,3,3,12,87,00,000,,81,06,068,,71,24,326,,68,00,000,*61  timestamp = 1506266612725
09-24 23:23:32.725  1331  4402 D GpsLocationProvider: reportNmea $GPGSA,A,1,,,,,,,,,,,,,,,*1E  timestamp = 1506266612725
09-24 23:23:32.725  1331  4402 D GpsLocationProvider: reportNmea $GPVTG,,T,,M,,N,,K,N*2C  timestamp = 1506266612725
09-24 23:23:32.725  1331  4402 D GpsLocationProvider: reportNmea $GPRMC,,V,,,,,,,,,,N*53  timestamp = 1506266612725
09-24 23:23:32.725  1331  4402 D GpsLocationProvider: reportNmea $GPGGA,,,,,,0,,,,,,,,*66  timestamp = 1506266612725
09-24 23:23:32.745   357   357 W auditd  : type=1400 "ps""/proc/350""proc"
09-24 23:23:32.749   357   357 W auditd  : type=1400 "ps""task""proc"
09-24 23:23:33.724  1331  4402 D GpsLocationProvider: reportNmea $GPGSV,2,1,07,01,00,000,,03,13,319,,06,00,000,,10,17,180,*7E  timestamp = 1506266613723
09-24 23:23:33.724  1331  4402 D GpsLocationProvider: reportNmea $GPGSV,2,2,07,12,09,037,,14,79,018,,16,00,000,*45  timestamp = 1506266613724
09-24 23:23:33.724  1331  4402 D GpsLocationProvider: reportNmea $GLGSV,3,1,12,74,00,000,,70,73,284,,82,00,000,,73,34,246,*63  timestamp = 1506266613724
09-24 23:23:33.724  1331  4402 D GpsLocationProvider: reportNmea $GLGSV,3,2,12,80,69,329,,79,21,039,,69,37,164,,88,04,022,*63  timestamp = 1506266613724
09-24 23:23:33.724  1331  4402 D GpsLocationProvider: reportNmea $GLGSV,3,3,12,87,00,000,,81,06,068,,71,24,326,,68,00,000,*61  timestamp = 1506266613724
09-24 23:23:33.725  1331  4402 D GpsLocationProvider: reportNmea $GPGSA,A,1,,,,,,,,,,,,,,,*1E  timestamp = 1506266613725
09-24 23:23:33.725  1331  4402 D GpsLocationProvider: reportNmea $GPVTG,,T,,M,,N,,K,N*2C  timestamp = 1506266613725
09-24 23:23:33.725  1331  4402 D GpsLocationProvider: reportNmea $GPRMC,,V,,,,,,,,,,N*53  timestamp = 1506266613725
09-24 23:23:33.725  1331  4402 D GpsLocationProvider: reportNmea $GPGGA,,,,,,0,,,,,,,,*66  timestamp = 1506266613725
09-24 23:23:33.842  4131  4131 D wpa_supplicant: wlan0: Control interface command 'SIGNAL_POLL'
09-24 23:23:33.844  4131  4131 D wpa_supplicant: CTRL-DEBUG: global_ctrl_sock-sendto: sock=12 sndbuf=212992 outq=0 send_len=48
09-24 23:23:34.550 25549 25549 W ResourceType: No package identifier when getting name for resource number 0x00000001
09-24 23:23:34.551 25549 25549 W ResourceType: No package identifier when getting name for resource number 0x00000003
09-24 23:23:34.551 25549 25549 W ResourceType: No package identifier when getting name for resource number 0x00000004
09-24 23:23:34.551 25549 25549 W ResourceType: No package identifier when getting name for resource number 0x00000005
09-24 23:23:34.552 25549 25549 W ResourceType: No package identifier when getting name for resource number 0x00000006
09-24 23:23:34.552 25549 25549 W ResourceType: No package identifier when getting name for resource number 0x00000007
09-24 23:23:34.553 25549 25549 W ResourceType: No package identifier when getting name for resource number 0x00000008
09-24 23:23:34.553 25549 25549 W ResourceType: No package identifier when getting name for resource number 0x00000009
09-24 23:23:34.554 25549 25549 W ResourceType: No package identifier when getting name for resource number 0x0000000a
09-24 23:23:34.554 25549 25549 W ResourceType: No package identifier when getting name for resource number 0x0000000b
09-24 23:23:34.554 25549 25549 W ResourceType: No package identifier when getting name for resource number 0x00000019
09-24 23:23:34.555 25549 25549 W ResourceType: No package identifier when getting name for resource number 0x0000001a
09-24 23:23:34.555 25549 25549 W ResourceType: No package identifier when getting name for resource number 0x0000001b
09-24 23:23:34.556 25549 25549 W ResourceType: No package identifier when getting name for resource number 0x0000001c
09-24 23:23:34.556 25549 25549 W ResourceType: No package identifier when getting name for resource number 0x0000001d
09-24 23:23:34.556 25549 25549 W ResourceType: No package identifier when getting name for resource number 0x0000001e
09-24 23:23:34.557 25549 25549 W ResourceType: No package identifier when getting name for resource number 0x0000002b
09-24 23:23:34.557 25549 25549 W ResourceType: No package identifier when getting name for resource number 0x0000000b
09-24 23:23:34.557 25549 25549 W ResourceType: No package identifier when getting name for resource number 0x0000000c
09-24 23:23:34.558 25549 25549 W ResourceType: No package identifier when getting name for resource number 0x0000000d
09-24 23:23:34.558 25549 25549 W ResourceType: No package identifier when getting name for resource number 0x00000018
09-24 23:23:34.725  1331  4402 D GpsLocationProvider: reportNmea $GPGSV,2,1,07,01,00,000,,03,13,319,,06,00,000,,10,17,180,*7E  timestamp = 1506266614725
09-24 23:23:34.725  1331  4402 D GpsLocationProvider: reportNmea $GPGSV,2,2,07,12,09,037,,14,79,018,,16,00,000,*45  timestamp = 1506266614725
09-24 23:23:34.725  1331  4402 D GpsLocationProvider: reportNmea $GLGSV,3,1,12,74,00,000,,70,73,284,,82,00,000,,73,34,246,*63  timestamp = 1506266614725
09-24 23:23:34.726  1331  4402 D GpsLocationProvider: reportNmea $GLGSV,3,2,12,80,69,329,,79,21,039,,69,37,164,,88,04,022,*63  timestamp = 1506266614726
09-24 23:23:34.726  1331  4402 D GpsLocationProvider: reportNmea $GLGSV,3,3,12,87,00,000,,81,06,068,,71,24,326,,68,00,000,*61  timestamp = 1506266614726
09-24 23:23:34.726  1331  4402 D GpsLocationProvider: reportNmea $GPGSA,A,1,,,,,,,,,,,,,,,*1E  timestamp = 1506266614726
09-24 23:23:34.726  1331  4402 D GpsLocationProvider: reportNmea $GPVTG,,T,,M,,N,,K,N*2C  timestamp = 1506266614726
09-24 23:23:34.726  1331  4402 D GpsLocationProvider: reportNmea $GPRMC,,V,,,,,,,,,,N*53  timestamp = 1506266614726
09-24 23:23:34.726  1331  4402 D GpsLocationProvider: reportNmea $GPGGA,,,,,,0,,,,,,,,*66  timestamp = 1506266614726
09-24 23:23:35.010   774   774 I MSM-irqbalance: Decided to move IRQ57 from CPU2 to CPU3
09-24 23:23:35.054  1331  1331 I DeviceIdleController: updateChargingLocked: charging=true
09-24 23:23:35.054  1331  1331 I DeviceIdleController: becomeActiveLocked, reason = charging
09-24 23:23:35.059 26211 26211 D AbstractProcessor: onBatteryChange Percent:39 State:2 
09-24 23:23:35.198  1331  3770 D NtpTrustedTime: currentTimeMillis() cache hit
09-24 23:23:35.204  1331  3770 I TetherStatsReporting: getTetherStats() called NetworkStats: elapsedRealtime=25341145
09-24 23:23:35.204  1331  3770 I TetherStatsReporting:   [0] iface=wlan0 uid=0 set=DEFAULT tag=0x0 rxBytes=2709505 rxPackets=12810 txBytes=449756 txPackets=9650 operations=0
09-24 23:23:35.204  1331  3770 I TetherStatsReporting:   [1] iface=wlan0 uid=0 set=FOREGROUND tag=0x0 rxBytes=0 rxPackets=0 txBytes=0 txPackets=0 operations=0
09-24 23:23:35.204  1331  3770 I TetherStatsReporting:   [2] iface=wlan0 uid=1000 set=DEFAULT tag=0x0 rxBytes=598264 rxPackets=578 txBytes=71332 txPackets=638 operations=0
09-24 23:23:35.204  1331  3770 I TetherStatsReporting:   [3] iface=wlan0 uid=1000 set=FOREGROUND tag=0x0 rxBytes=0 rxPackets=0 txBytes=0 txPackets=0 operations=0
09-24 23:23:35.204  1331  3770 I TetherStatsReporting:   [4] iface=wlan0 uid=10002 set=DEFAULT tag=0x0 rxBytes=1232 rxPackets=4 txBytes=551 txPackets=5 operations=0
09-24 23:23:35.204  1331  3770 I TetherStatsReporting:   [5] iface=wlan0 uid=10002 set=FOREGROUND tag=0x0 rxBytes=0 rxPackets=0 txBytes=0 txPackets=0 operations=0
09-24 23:23:35.204  1331  3770 I TetherStatsReporting:   [6] iface=wlan0 uid=10013 set=DEFAULT tag=0x0 rxBytes=121797 rxPackets=827 txBytes=197305 txPackets=1306 operations=0
09-24 23:23:35.204  1331  3770 I TetherStatsReporting:   [7] iface=wlan0 uid=10013 set=FOREGROUND tag=0x0 rxBytes=2260233 rxPackets=2173 txBytes=199421 txPackets=2310 operations=0
09-24 23:23:35.204  1331  3770 I TetherStatsReporting:   [8] iface=wlan0 uid=10018 set=DEFAULT tag=0x0 rxBytes=1432 rxPackets=10 txBytes=2549 txPackets=13 operations=0
09-24 23:23:35.204  1331  3770 I TetherStatsReporting:   [9] iface=wlan0 uid=10018 set=FOREGROUND tag=0x0 rxBytes=0 rxPackets=0 txBytes=0 txPackets=0 operations=0
09-24 23:23:35.204  1331  3770 I TetherStatsReporting:   [10] iface=wlan0 uid=10048 set=DEFAULT tag=0x0 rxBytes=286 rxPackets=4 txBytes=1253 txPackets=6 operations=0
09-24 23:23:35.204  1331  3770 I TetherStatsReporting:   [11] iface=wlan0 uid=10048 set=FOREGROUND tag=0x0 rxBytes=0 rxPackets=0 txBytes=0 txPackets=0 operations=0
09-24 23:23:35.204  1331  3770 I TetherStatsReporting:   [12] iface=wlan0 uid=10062 set=DEFAULT tag=0x0 rxBytes=5406057 rxPackets=5076 txBytes=499879 txPackets=6022 operations=0
09-24 23:23:35.204  1331  3770 I TetherStatsReporting:   [13] iface=wlan0 uid=10062 set=FOREGROUND tag=0x0 rxBytes=7588368 rxPackets=9108 txBytes=1750283 txPackets=10959 operations=0
09-24 23:23:35.204  1331  3770 I TetherStatsReporting:   [14] iface=wlan0 uid=10066 set=DEFAULT tag=0x0 rxBytes=11781 rxPackets=53 txBytes=13888 txPackets=70 operations=0
09-24 23:23:35.204  1331  3770 I TetherStatsReporting:   [15] iface=wlan0 uid=10066 set=FOREGROUND tag=0x0 rxBytes=0 rxPackets=0 txBytes=0 txPackets=0 operations=0
09-24 23:23:35.204  1331  3770 I TetherStatsReporting:   [16] iface=wlan0 uid=10069 set=DEFAULT tag=0x0 rxBytes=593701 rxPackets=1290 txBytes=192303 txPackets=1625 operations=0
09-24 23:23:35.204  1331  3770 I TetherStatsReporting:   [17] iface=wlan0 uid=10069 set=FOREGROUND tag=0x0 rxBytes=0 rxPackets=0 txBytes=0 txPackets=0 operations=0
09-24 23:23:35.204  1331  3770 I TetherStatsReporting:   [18] iface=wlan0 uid=10071 set=DEFAULT tag=0x0 rxBytes=76 rxPackets=1 txBytes=76 txPackets=1 operations=0
09-24 23:23:35.204  1331  3770 I TetherStatsReporting:   [19] iface=wlan0 uid=10071 set=FOREGROUND tag=0x0 rxBytes=0 rxPackets=0 txBytes=0 txPackets=0 operations=0
09-24 23:23:35.204  1331  3770 I TetherStatsReporting:   [20] iface=wlan0 uid=10072 set=DEFAULT tag=0x0 rxBytes=7739 rxPackets=8 txBytes=756 txPackets=10 operations=0
09-24 23:23:35.204  1331  3770 I TetherStatsReporting:   [21] iface=wlan0 uid=10072 set=FOREGROUND tag=0x0 rxBytes=0 rxPackets=0 txBytes=0 txPackets=0 operations=0
09-24 23:23:35.204  1331  3770 I TetherStatsReporting:   [22] iface=wlan0 uid=10094 set=DEFAULT tag=0x0 rxBytes=726 rxPackets=4 txBytes=1562 txPackets=6 operations=0
09-24 23:23:35.204  1331  3770 I TetherStatsReporting:   [23] iface=wlan0 uid=10094 set=FOREGROUND tag=0x0 rxBytes=0 rxPackets=0 txBytes=0 txPackets=0 operations=0
09-24 23:23:35.204  1331  3770 I TetherStatsReporting:   [24] iface=wlan0 uid=10096 set=DEFAULT tag=0x0 rxBytes=21002 rxPackets=133 txBytes=49439 txPackets=224 operations=0
09-24 23:23:35.204  1331  3770 I TetherStatsReporting:   [25] iface=wlan0 uid=10096 set=FOREGROUND tag=0x0 rxBytes=24732 rxPackets=113 txBytes=33172 txPackets=147 operations=0
09-24 23:23:35.204  1331  3770 I TetherStatsReporting:   [26] iface=wlan0 uid=10197 set=DEFAULT tag=0x0 rxBytes=2104986 rxPackets=13299 txBytes=1472755 txPackets=16494 operations=0
09-24 23:23:35.204  1331  3770 I TetherStatsReporting:   [27] iface=wlan0 uid=10197 set=FOREGROUND tag=0x0 rxBytes=995689 rxPackets=2506 txBytes=280380 txPackets=2975 operations=0
09-24 23:23:35.204  1331  3770 I TetherStatsReporting:   [28] iface=wlan0 uid=10540 set=DEFAULT tag=0x0 rxBytes=260 rxPackets=5 txBytes=311 txPackets=7 operations=0
09-24 23:23:35.204  1331  3770 I TetherStatsReporting:   [29] iface=wlan0 uid=10540 set=FOREGROUND tag=0x0 rxBytes=942289 rxPackets=1009 txBytes=96698 txPackets=1085 operations=0
09-24 23:23:35.204  1331  3770 I TetherStatsReporting:   [30] iface=wlan0 uid=10066 set=DEFAULT tag=0x3c9bead5 rxBytes=4617 rxPackets=12 txBytes=1696 txPackets=16 operations=0
09-24 23:23:35.204  1331  3770 I TetherStatsReporting:   [31] iface=wlan0 uid=10066 set=FOREGROUND tag=0x3c9bead5 rxBytes=0 rxPackets=0 txBytes=0 txPackets=0 operations=0
09-24 23:23:35.204  1331  3770 I TetherStatsReporting:   [32] iface=dummy0 uid=0 set=DEFAULT tag=0x0 rxBytes=0 rxPackets=0 txBytes=168 txPackets=3 operations=0
09-24 23:23:35.204  1331  3770 I TetherStatsReporting:   [33] iface=dummy0 uid=0 set=FOREGROUND tag=0x0 rxBytes=0 rxPackets=0 txBytes=0 txPackets=0 operations=0
09-24 23:23:35.204  1331  3770 I TetherStatsReporting:   [34] iface=lo uid=0 set=DEFAULT tag=0x0 rxBytes=525551 rxPackets=853 txBytes=27440 txPackets=574 ope
09-24 23:23:35.204  1331  3770 I TetherStatsReporting: combining tether stats
09-24 23:23:35.205  4623  4635 D QtiTetherService/IpaWrapper: getStats(false)
09-24 23:23:35.206  1331  3770 D NtpTrustedTime: currentTimeMillis() cache hit
09-24 23:23:35.207  1331  3771 D NtpTrustedTime: currentTimeMillis() cache hit
09-24 23:23:35.207  1331  3771 D NtpTrustedTime: currentTimeMillis() cache hit
09-24 23:23:35.233 25549 25549 W ResourceType: No package identifier when getting name for resource number 0x00000001
09-24 23:23:35.233 25549 25549 W ResourceType: No package identifier when getting name for resource number 0x00000003
09-24 23:23:35.233 25549 25549 W ResourceType: No package identifier when getting name for resource number 0x00000004
09-24 23:23:35.234 25549 25549 W ResourceType: No package identifier when getting name for resource number 0x00000005
09-24 23:23:35.234 25549 25549 W ResourceType: No package identifier when getting name for resource number 0x00000006
09-24 23:23:35.234 25549 25549 W ResourceType: No package identifier when getting name for resource number 0x00000007
09-24 23:23:35.235 25549 25549 W ResourceType: No package identifier when getting name for resource number 0x00000008
09-24 23:23:35.235 25549 25549 W ResourceType: No package identifier when getting name for resource number 0x00000009
09-24 23:23:35.235 25549 25549 W ResourceType: No package identifier when getting name for resource number 0x0000000a
09-24 23:23:35.236 25549 25549 W ResourceType: No package identifier when getting name for resource number 0x0000000b
09-24 23:23:35.236 25549 25549 W ResourceType: No package identifier when getting name for resource number 0x00000019
09-24 23:23:35.236 25549 25549 W ResourceType: No package identifier when getting name for resource number 0x0000001a
09-24 23:23:35.236 25549 25549 W ResourceType: No package identifier when getting name for resource number 0x0000001b
09-24 23:23:35.237 25549 25549 W ResourceType: No package identifier when getting name for resource number 0x0000001c
09-24 23:23:35.237 25549 25549 W ResourceType: No package identifier when getting name for resource number 0x0000001d
09-24 23:23:35.237 25549 25549 W ResourceType: No package identifier when getting name for resource number 0x0000001e
09-24 23:23:35.238 25549 25549 W ResourceType: No package identifier when getting name for resource number 0x0000002b
09-24 23:23:35.238 25549 25549 W ResourceType: No package identifier when getting name for resource number 0x0000000b
09-24 23:23:35.238 25549 25549 W ResourceType: No package identifier when getting name for resource number 0x0000000c
09-24 23:23:35.238 25549 25549 W ResourceType: No package identifier when getting name for resource number 0x0000000d
09-24 23:23:35.239 25549 25549 W ResourceType: No package identifier when getting name for resource number 0x00000018
09-24 23:23:35.387   357   357 W auditd  : type=1400 "ipacm""/dev/socket/ipacm_log_file"
09-24 23:23:35.388   357   357 W auditd  : type=1400 "ipacm""/dev/socket/ipacm_log_file"
09-24 23:23:35.388   357   357 W auditd  : type=1400 "ipacm""/dev/socket/ipacm_log_file"
09-24 23:23:35.388   357   357 W auditd  : type=1400 "ipacm""/dev/socket/ipacm_log_file"
09-24 23:23:35.389   357   357 W auditd  : type=1400 "ipacm""/dev/socket/ipacm_log_file"
09-24 23:23:35.723  1331  4402 D GpsLocationProvider: reportNmea $GPGSV,2,1,07,01,00,000,,03,13,319,,06,00,000,,10,17,180,*7E  timestamp = 1506266615723
09-24 23:23:35.724  1331  4402 D GpsLocationProvider: reportNmea $GPGSV,2,2,07,12,09,037,,14,79,018,,16,00,000,*45  timestamp = 1506266615724
09-24 23:23:35.724  1331  4402 D GpsLocationProvider: reportNmea $GLGSV,3,1,12,74,00,000,,70,73,284,,82,00,000,,73,34,246,*63  timestamp = 1506266615724
09-24 23:23:35.724  1331  4402 D GpsLocationProvider: reportNmea $GLGSV,3,2,12,80,69,329,,79,21,039,,69,37,164,,88,04,022,*63  timestamp = 1506266615724
09-24 23:23:35.724  1331  4402 D GpsLocationProvider: reportNmea $GLGSV,3,3,12,87,00,000,,81,06,068,,71,24,326,,68,00,000,*61  timestamp = 1506266615724
09-24 23:23:35.724  1331  4402 D GpsLocationProvider: reportNmea $GPGSA,A,1,,,,,,,,,,,,,,,*1E  timestamp = 1506266615724
09-24 23:23:35.725  1331  4402 D GpsLocationProvider: reportNmea $GPVTG,,T,,M,,N,,K,N*2C  timestamp = 1506266615725
09-24 23:23:35.725  1331  4402 D GpsLocationProvider: reportNmea $GPRMC,,V,,,,,,,,,,N*53  timestamp = 1506266615725
09-24 23:23:35.725  1331  4402 D GpsLocationProvider: reportNmea $GPGGA,,,,,,0,,,,,,,,*66  timestamp = 1506266615725
09-24 23:23:35.791 25549 25549 W ResourceType: No package identifier when getting name for resource number 0x00000001
09-24 23:23:35.792 25549 25549 W ResourceType: No package identifier when getting name for resource number 0x00000003
09-24 23:23:35.792 25549 25549 W ResourceType: No package identifier when getting name for resource number 0x00000004
09-24 23:23:35.793 25549 25549 W ResourceType: No package identifier when getting name for resource number 0x00000005
09-24 23:23:35.793 25549 25549 W ResourceType: No package identifier when getting name for resource number 0x00000006
09-24 23:23:35.794 25549 25549 W ResourceType: No package identifier when getting name for resource number 0x00000007
09-24 23:23:35.794 25549 25549 W ResourceType: No package identifier when getting name for resource number 0x00000008
09-24 23:23:35.794 25549 25549 W ResourceType: No package identifier when getting name for resource number 0x00000009
09-24 23:23:35.795 25549 25549 W ResourceType: No package identifier when getting name for resource number 0x0000000a
09-24 23:23:35.795 25549 25549 W ResourceType: No package identifier when getting name for resource number 0x0000000b
09-24 23:23:35.796 25549 25549 W ResourceType: No package identifier when getting name for resource number 0x00000019
09-24 23:23:35.796 25549 25549 W ResourceType: No package identifier when getting name for resource number 0x0000001a
09-24 23:23:35.797 25549 25549 W ResourceType: No package identifier when getting name for resource number 0x0000001b
09-24 23:23:35.797 25549 25549 W ResourceType: No package identifier when getting name for resource number 0x0000001c
09-24 23:23:35.798 25549 25549 W ResourceType: No package identifier when getting name for resource number 0x0000001d
09-24 23:23:35.798 25549 25549 W ResourceType: No package identifier when getting name for resource number 0x0000001e
09-24 23:23:35.798 25549 25549 W ResourceType: No package identifier when getting name for resource number 0x0000002b
09-24 23:23:35.799 25549 25549 W ResourceType: No package identifier when getting name for resource number 0x0000000b
09-24 23:23:35.799 25549 25549 W ResourceType: No package identifier when getting name for resource number 0x0000000c
09-24 23:23:35.799 25549 25549 W ResourceType: No package identifier when getting name for resource number 0x0000000d
09-24 23:23:35.800 25549 25549 W ResourceType: No package identifier when getting name for resource number 0x00000018
09-24 23:23:36.725  1331  4402 D GpsLocationProvider: reportNmea $GPGSV,2,1,07,01,00,000,,03,13,319,,06,00,000,,10,17,180,*7E  timestamp = 1506266616725
09-24 23:23:36.725  1331  4402 D GpsLocationProvider: reportNmea $GPGSV,2,2,07,12,09,037,,14,79,018,,16,00,000,*45  timestamp = 1506266616725
09-24 23:23:36.725  1331  4402 D GpsLocationProvider: reportNmea $GLGSV,3,1,12,74,00,000,,70,73,284,,82,00,000,,73,34,246,*63  timestamp = 1506266616725
09-24 23:23:36.725  1331  4402 D GpsLocationProvider: reportNmea $GLGSV,3,2,12,80,69,329,,79,21,039,,69,37,164,,88,04,022,*63  timestamp = 1506266616725
09-24 23:23:36.726  1331  4402 D GpsLocationProvider: reportNmea $GLGSV,3,3,12,87,00,000,,81,06,068,,71,24,326,,68,00,000,*61  timestamp = 1506266616726
09-24 23:23:36.726  1331  4402 D GpsLocationProvider: reportNmea $GPGSA,A,1,,,,,,,,,,,,,,,*1E  timestamp = 1506266616726
09-24 23:23:36.726  1331  4402 D GpsLocationProvider: reportNmea $GPVTG,,T,,M,,N,,K,N*2C  timestamp = 1506266616726
09-24 23:23:36.726  1331  4402 D GpsLocationProvider: reportNmea $GPRMC,,V,,,,,,,,,,N*53  timestamp = 1506266616726
09-24 23:23:36.726  1331  4402 D GpsLocationProvider: reportNmea $GPGGA,,,,,,0,,,,,,,,*66  timestamp = 1506266616726
09-24 23:23:36.832   357   357 W auditd  : type=1400 "ps""/proc/350""proc"
09-24 23:23:36.833   357   357 W auditd  : type=1400 "ps""task""proc"
09-24 23:23:36.854  4131  4131 D wpa_supplicant: wlan0: Control interface command 'SIGNAL_POLL'
09-24 23:23:36.856  4131  4131 D wpa_supplicant: CTRL-DEBUG: global_ctrl_sock-sendto: sock=12 sndbuf=212992 outq=0 send_len=48
09-24 23:23:37.723  1331  4402 D GpsLocationProvider: reportNmea $GPGSV,2,1,07,01,00,000,,03,13,319,,06,00,000,,10,17,180,*7E  timestamp = 1506266617723
09-24 23:23:37.724  1331  4402 D GpsLocationProvider: reportNmea $GPGSV,2,2,07,12,09,037,,14,79,019,,16,00,000,*44  timestamp = 1506266617724
09-24 23:23:37.724  1331  4402 D GpsLocationProvider: reportNmea $GLGSV,3,1,12,74,00,000,,70,73,284,,82,00,000,,73,34,246,*63  timestamp = 1506266617724
09-24 23:23:37.724  1331  4402 D GpsLocationProvider: reportNmea $GLGSV,3,2,12,80,69,329,,79,21,039,,69,37,164,,88,04,022,*63  timestamp = 1506266617724
09-24 23:23:37.724  1331  4402 D GpsLocationProvider: reportNmea $GLGSV,3,3,12,87,00,000,,81,06,068,,71,24,326,,68,00,000,*61  timestamp = 1506266617724
09-24 23:23:37.729  1331  4402 D GpsLocationProvider: reportNmea $GPGSA,A,1,,,,,,,,,,,,,,,*1E  timestamp = 1506266617728
09-24 23:23:37.729  1331  4402 D GpsLocationProvider: reportNmea $GPVTG,,T,,M,,N,,K,N*2C  timestamp = 1506266617729
09-24 23:23:37.729  1331  4402 D GpsLocationProvider: reportNmea $GPRMC,,V,,,,,,,,,,N*53  timestamp = 1506266617729
09-24 23:23:37.729  1331  4402 D GpsLocationProvider: reportNmea $GPGGA,,,,,,0,,,,,,,,*66  timestamp = 1506266617729
09-24 23:23:38.724  1331  4402 D GpsLocationProvider: reportNmea $GPGSV,2,1,07,01,00,000,,03,13,319,,06,00,000,,10,17,180,*7E  timestamp = 1506266618724
09-24 23:23:38.724  1331  4402 D GpsLocationProvider: reportNmea $GPGSV,2,2,07,12,09,037,,14,79,019,,16,00,000,*44  timestamp = 1506266618724
09-24 23:23:38.725  1331  4402 D GpsLocationProvider: reportNmea $GLGSV,3,1,12,74,00,000,,70,73,284,,82,00,000,,73,34,246,*63  timestamp = 1506266618724
09-24 23:23:38.725  1331  4402 D GpsLocationProvider: reportNmea $GLGSV,3,2,12,80,69,329,,79,21,039,,69,37,164,,88,04,022,*63  timestamp = 1506266618725
09-24 23:23:38.725  1331  4402 D GpsLocationProvider: reportNmea $GLGSV,3,3,12,87,00,000,,81,06,068,,71,24,326,,68,00,000,*61  timestamp = 1506266618725
09-24 23:23:38.725  1331  4402 D GpsLocationProvider: reportNmea $GPGSA,A,1,,,,,,,,,,,,,,,*1E  timestamp = 1506266618725
09-24 23:23:38.725  1331  4402 D GpsLocationProvider: reportNmea $GPVTG,,T,,M,,N,,K,N*2C  timestamp = 1506266618725
09-24 23:23:38.725  1331  4402 D GpsLocationProvider: reportNmea $GPRMC,,V,,,,,,,,,,N*53  timestamp = 1506266618725
09-24 23:23:38.725  1331  4402 D GpsLocationProvider: reportNmea $GPGGA,,,,,,0,,,,,,,,*66  timestamp = 1506266618725
09-24 23:23:39.724  1331  4402 D GpsLocationProvider: reportNmea $GPGSV,2,1,07,01,00,000,,03,13,319,,06,00,000,,10,17,180,*7E  timestamp = 1506266619723
09-24 23:23:39.724  1331  4402 D GpsLocationProvider: reportNmea $GPGSV,2,2,07,12,09,037,,14,79,019,,16,00,000,*44  timestamp = 1506266619724
09-24 23:23:39.724  1331  4402 D GpsLocationProvider: reportNmea $GLGSV,3,1,12,74,00,000,,70,73,284,,82,00,000,,73,34,246,*63  timestamp = 1506266619724
09-24 23:23:39.724  1331  4402 D GpsLocationProvider: reportNmea $GLGSV,3,2,12,80,69,329,,79,21,039,,69,37,164,,88,04,022,*63  timestamp = 1506266619724
09-24 23:23:39.724  1331  4402 D GpsLocationProvider: reportNmea $GLGSV,3,3,12,87,00,000,,81,06,068,,71,24,326,,68,00,000,*61  timestamp = 1506266619724
09-24 23:23:39.725  1331  4402 D GpsLocationProvider: reportNmea $GPGSA,A,1,,,,,,,,,,,,,,,*1E  timestamp = 1506266619725
09-24 23:23:39.725  1331  4402 D GpsLocationProvider: reportNmea $GPVTG,,T,,M,,N,,K,N*2C  timestamp = 1506266619725
09-24 23:23:39.725  1331  4402 D GpsLocationProvider: reportNmea $GPRMC,,V,,,,,,,,,,N*53  timestamp = 1506266619725
09-24 23:23:39.725  1331  4402 D GpsLocationProvider: reportNmea $GPGGA,,,,,,0,,,,,,,,*66  timestamp = 1506266619725
09-24 23:23:39.872  4131  4131 D wpa_supplicant: wlan0: Control interface command 'SIGNAL_POLL'
09-24 23:23:39.876  4131  4131 D wpa_supplicant: CTRL-DEBUG: global_ctrl_sock-sendto: sock=12 sndbuf=212992 outq=0 send_len=48
09-24 23:23:40.009   774   774 I MSM-irqbalance: Decided to move IRQ115 from CPU2 to CPU3
09-24 23:23:40.722  1331  4402 D GpsLocationProvider: reportNmea $GPGSV,2,1,07,01,00,000,,03,13,319,,06,00,000,,10,17,180,*7E  timestamp = 1506266620722
09-24 23:23:40.722  1331  4402 D GpsLocationProvider: reportNmea $GPGSV,2,2,07,12,09,037,,14,79,019,,16,00,000,*44  timestamp = 1506266620722
09-24 23:23:40.723  1331  4402 D GpsLocationProvider: reportNmea $GLGSV,3,1,12,74,00,000,,70,73,284,,82,00,000,,73,34,246,*63  timestamp = 1506266620723
09-24 23:23:40.723  1331  4402 D GpsLocationProvider: reportNmea $GLGSV,3,2,12,80,69,329,,79,21,039,,69,37,164,,88,04,022,*63  timestamp = 1506266620723
09-24 23:23:40.723  1331  4402 D GpsLocationProvider: reportNmea $GLGSV,3,3,12,87,00,000,,81,06,068,,71,24,326,,68,00,000,*61  timestamp = 1506266620723
09-24 23:23:40.723  1331  4402 D GpsLocationProvider: reportNmea $GPGSA,A,1,,,,,,,,,,,,,,,*1E  timestamp = 1506266620723
09-24 23:23:40.723  1331  4402 D GpsLocationProvider: reportNmea $GPVTG,,T,,M,,N,,K,N*2C  timestamp = 1506266620723
09-24 23:23:40.723  1331  4402 D GpsLocationProvider: reportNmea $GPRMC,,V,,,,,,,,,,N*53  timestamp = 1506266620723
09-24 23:23:40.724  1331  4402 D GpsLocationProvider: reportNmea $GPGGA,,,,,,0,,,,,,,,*66  timestamp = 1506266620724
09-24 23:23:40.997 11743  8125 D LocationManager: requestLocationUpdates listener=ctl.z@3b2a52b packageName= windvix.com.lantern
09-24 23:23:41.001  1331  4650 E LocationManagerService: requestLocationUpdates: uid=10197, pid=11743, provider=passive, package=windvix.com.lantern listener= android.location.ILocationListener$Stub$Proxy@7ec23db intent= null
09-24 23:23:41.005  1331  4650 D LocationManagerService: DumpUpdateRecord
09-24 23:23:41.054  1331  1331 I DeviceIdleController: updateChargingLocked: charging=true
09-24 23:23:41.054  1331  1331 I DeviceIdleController: becomeActiveLocked, reason = charging
09-24 23:23:41.054 26211 26211 D AbstractProcessor: onBatteryChange Percent:39 State:2 
09-24 23:23:41.234 25549 25549 W ResourceType: No package identifier when getting name for resource number 0x00000001
09-24 23:23:41.234 25549 25549 W ResourceType: No package identifier when getting name for resource number 0x00000003
09-24 23:23:41.235 25549 25549 W ResourceType: No package identifier when getting name for resource number 0x00000004
09-24 23:23:41.235 25549 25549 W ResourceType: No package identifier when getting name for resource number 0x00000005
09-24 23:23:41.235 25549 25549 W ResourceType: No package identifier when getting name for resource number 0x00000006
09-24 23:23:41.235 25549 25549 W ResourceType: No package identifier when getting name for resource number 0x00000007
09-24 23:23:41.236 25549 25549 W ResourceType: No package identifier when getting name for resource number 0x00000008
09-24 23:23:41.236 25549 25549 W ResourceType: No package identifier when getting name for resource number 0x00000009
09-24 23:23:41.236 25549 25549 W ResourceType: No package identifier when getting name for resource number 0x0000000a
09-24 23:23:41.236 25549 25549 W ResourceType: No package identifier when getting name for resource number 0x0000000b
09-24 23:23:41.237 25549 25549 W ResourceType: No package identifier when getting name for resource number 0x00000019
09-24 23:23:41.237 25549 25549 W ResourceType: No package identifier when getting name for resource number 0x0000001a
09-24 23:23:41.237 25549 25549 W ResourceType: No package identifier when getting name for resource number 0x0000001b
09-24 23:23:41.238 25549 25549 W ResourceType: No package identifier when getting name for resource number 0x0000001c
09-24 23:23:41.238 25549 25549 W ResourceType: No package identifier when getting name for resource number 0x0000001d
09-24 23:23:41.238 25549 25549 W ResourceType: No package identifier when getting name for resource number 0x0000001e
09-24 23:23:41.238 25549 25549 W ResourceType: No package identifier when getting name for resource number 0x0000002b
09-24 23:23:41.239 25549 25549 W ResourceType: No package identifier when getting name for resource number 0x0000000b
09-24 23:23:41.239 25549 25549 W ResourceType: No package identifier when getting name for resource number 0x0000000c
09-24 23:23:41.239 25549 25549 W ResourceType: No package identifier when getting name for resource number 0x0000000d
09-24 23:23:41.239 25549 25549 W ResourceType: No package identifier when getting name for resource number 0x00000018
09-24 23:23:41.550 11743 11770 I GoLog   : Sep 24 15:23:41.548 - 120m13s DEBUG flashlight.client: client.go:207 Dialing proxy takes 422.642552ms for lbs.map.qq.com:443 [detour=false op=proxied_dialer origin_host=lbs.map.qq.com origin_port=443 root_op=proxy user_agent=Dalvik/1.6.0 (Linux; U; Android 4.4; Nexus 5 Build/KRT16M)]
09-24 23:23:41.603 25549 25549 W ResourceType: No package identifier when getting name for resource number 0x00000001
09-24 23:23:41.604 25549 25549 W ResourceType: No package identifier when getting name for resource number 0x00000003
09-24 23:23:41.604 25549 25549 W ResourceType: No package identifier when getting name for resource number 0x00000004
09-24 23:23:41.604 25549 25549 W ResourceType: No package identifier when getting name for resource number 0x00000005
09-24 23:23:41.605 25549 25549 W ResourceType: No package identifier when getting name for resource number 0x00000006
09-24 23:23:41.605 25549 25549 W ResourceType: No package identifier when getting name for resource number 0x00000007
09-24 23:23:41.605 25549 25549 W ResourceType: No package identifier when getting name for resource number 0x00000008
09-24 23:23:41.606 25549 25549 W ResourceType: No package identifier when getting name for resource number 0x00000009
09-24 23:23:41.607 25549 25549 W ResourceType: No package identifier when getting name for resource number 0x0000000a
09-24 23:23:41.608 25549 25549 W ResourceType: No package identifier when getting name for resource number 0x0000000b
09-24 23:23:41.609 25549 25549 W ResourceType: No package identifier when getting name for resource number 0x00000019
09-24 23:23:41.610 25549 25549 W ResourceType: No package identifier when getting name for resource number 0x0000001a
09-24 23:23:41.611 25549 25549 W ResourceType: No package identifier when getting name for resource number 0x0000001b
09-24 23:23:41.612 25549 25549 W ResourceType: No package identifier when getting name for resource number 0x0000001c
09-24 23:23:41.612 25549 25549 W ResourceType: No package identifier when getting name for resource number 0x0000001d
09-24 23:23:41.613 25549 25549 W ResourceType: No package identifier when getting name for resource number 0x0000001e
09-24 23:23:41.613 25549 25549 W ResourceType: No package identifier when getting name for resource number 0x0000002b
09-24 23:23:41.614 25549 25549 W ResourceType: No package identifier when getting name for resource number 0x0000000b
09-24 23:23:41.615 25549 25549 W ResourceType: No package identifier when getting name for resource number 0x0000000c
09-24 23:23:41.616 25549 25549 W ResourceType: No package identifier when getting name for resource number 0x0000000d
09-24 23:23:41.617 25549 25549 W ResourceType: No package identifier when getting name for resource number 0x00000018
09-24 23:23:41.724  1331  4402 D GpsLocationProvider: reportNmea $GPGSV,2,1,07,01,00,000,,03,13,319,,06,00,000,,10,17,180,*7E  timestamp = 1506266621723
09-24 23:23:41.724  1331  4402 D GpsLocationProvider: reportNmea $GPGSV,2,2,07,12,09,037,,14,79,019,,16,00,000,*44  timestamp = 1506266621724
09-24 23:23:41.724  1331  4402 D GpsLocationProvider: reportNmea $GLGSV,3,1,12,74,00,000,,70,73,284,,82,00,000,,73,34,246,*63  timestamp = 1506266621724
09-24 23:23:41.724  1331  4402 D GpsLocationProvider: reportNmea $GLGSV,3,2,12,80,69,329,,79,21,039,,69,37,164,,88,04,022,*63  timestamp = 1506266621724
09-24 23:23:41.724  1331  4402 D GpsLocationProvider: reportNmea $GLGSV,3,3,12,87,00,000,,81,06,068,,71,24,326,,68,00,000,*61  timestamp = 1506266621724
09-24 23:23:41.728  1331  4402 D GpsLocationProvider: reportNmea $GPGSA,A,1,,,,,,,,,,,,,,,*1E  timestamp = 1506266621728
09-24 23:23:41.729  1331  4402 D GpsLocationProvider: reportNmea $GPVTG,,T,,M,,N,,K,N*2C  timestamp = 1506266621728
09-24 23:23:41.729  1331  4402 D GpsLocationProvider: reportNmea $GPRMC,,V,,,,,,,,,,N*53  timestamp = 1506266621729
09-24 23:23:41.729  1331  4402 D GpsLocationProvider: reportNmea $GPGGA,,,,,,0,,,,,,,,*66  timestamp = 1506266621729
09-24 23:23:41.836 11743 11743 D LocationManager: removeUpdates listener=ctl.z@3b2a52b packageName=  windvix.com.lantern
09-24 23:23:41.837  1331  4587 E LocationManagerService: removeUpdates: uid=10197, pid=11743, intent=null, package=windvix.com.lantern listener android.location.ILocationListener$Stub$Proxy@7de8951 intent= null
09-24 23:23:41.838  1331  4587 D LocationManagerService: DumpUpdateRecord
09-24 23:23:42.704 11743 11770 I GoLog   : Sep 24 15:23:42.704 - 120m15s DEBUG bandwidth: bandwidth.go:52 Response missing XBQ header, can't read bandwidth quota [op=proxy root_op=proxy user_agent=Go-http-client/1.1]
09-24 23:23:42.711 11743 11770 I GoLog   : Sep 24 15:23:42.711 - 120m15s DEBUG flashlight.proxied: proxied.go:211 Got successful HTTP call! [fronted_url=http://d2wi0vwulmtn99.cloudfront.net/proxies.yaml.gz http_method=GET http_proto=HTTP/1.1 http_response_status_code=304 op=dualfetcher origin=config.getiantem.org proxy_type=fronted root_op=fetch_config]
09-24 23:23:42.713 11743 11770 I GoLog   : Sep 24 15:23:42.712 - 120m15s DEBUG flashlight.proxied: proxied.go:248 Switching to chained fronter for future requests since it succeeded [fronted_url=http://d2wi0vwulmtn99.cloudfront.net/proxies.yaml.gz http_method=GET http_proto=HTTP/1.1 http_response_status_code=304 op=dualfetcher origin=config.getiantem.org proxy_type=fronted root_op=fetch_config]
09-24 23:23:42.715 11743 11770 I GoLog   : Sep 24 15:23:42.714 - 120m15s DEBUG flashlight.proxied: proxied.go:318 Closing second response body [fronted_url=http://d2wi0vwulmtn99.cloudfront.net/proxies.yaml.gz http_method=GET http_proto=HTTP/1.1 http_response_status_code=304 op=dualfetcher origin=config.getiantem.org proxy_type=fronted root_op=fetch_config]
09-24 23:23:42.724  1331  4402 D GpsLocationProvider: reportNmea $GPGSV,2,1,07,01,00,000,,03,13,319,,06,00,000,,10,17,180,*7E  timestamp = 1506266622723
09-24 23:23:42.724  1331  4402 D GpsLocationProvider: reportNmea $GPGSV,2,2,07,12,09,037,,14,79,019,,16,00,000,*44  timestamp = 1506266622724
09-24 23:23:42.724  1331  4402 D GpsLocationProvider: reportNmea $GLGSV,3,1,12,74,00,000,,70,73,284,,82,00,000,,73,34,246,*63  timestamp = 1506266622724
09-24 23:23:42.724  1331  4402 D GpsLocationProvider: reportNmea $GLGSV,3,2,12,80,69,329,,79,21,039,,69,37,164,,88,04,022,*63  timestamp = 1506266622724
09-24 23:23:42.724  1331  4402 D GpsLocationProvider: reportNmea $GLGSV,3,3,12,87,00,000,,81,06,068,,71,24,326,,68,00,000,*61  timestamp = 1506266622724
09-24 23:23:42.724  1331  4402 D GpsLocationProvider: reportNmea $GPGSA,A,1,,,,,,,,,,,,,,,*1E  timestamp = 1506266622724
09-24 23:23:42.724  1331  4402 D GpsLocationProvider: reportNmea $GPVTG,,T,,M,,N,,K,N*2C  timestamp = 1506266622724
09-24 23:23:42.724  1331  4402 D GpsLocationProvider: reportNmea $GPRMC,,V,,,,,,,,,,N*53  timestamp = 1506266622724
09-24 23:23:42.724  1331  4402 D GpsLocationProvider: reportNmea $GPGGA,,,,,,0,,,,,,,,*66  timestamp = 1506266622724
09-24 23:23:42.792   357   357 W auditd  : type=1400 "ps""/proc/350""proc"
09-24 23:23:42.792   357   357 W auditd  : type=1400 "ps""task""proc"
09-24 23:23:42.886  4131  4131 D wpa_supplicant: wlan0: Control interface command 'SIGNAL_POLL'
09-24 23:23:42.887  4131  4131 D wpa_supplicant: CTRL-DEBUG: global_ctrl_sock-sendto: sock=12 sndbuf=212992 outq=0 send_len=48
09-24 23:23:43.492 11743 11743 I chromium: [INFO:CONSOLE(0)] "Application Cache Checking event", source: https://googleads.g.doubleclick.net/mads/static/mad/sdk/native/sdk-core-v40.html (0)
09-24 23:23:43.492 11743 11743 I chromium: [INFO:CONSOLE(0)] "Application Cache Checking event", source: https://googleads.g.doubleclick.net/mads/static/mad/sdk/native/sdk-core-v40.html (0)
09-24 23:23:43.523  8145  8145 D AndroidRuntime: >>>>>> START com.android.internal.os.RuntimeInit uid 2000 <<<<<<
09-24 23:23:43.529  8145  8145 D AndroidRuntime: CheckJNI is OFF
09-24 23:23:43.579  8145  8145 D ICU     : No timezone override file found: /data/misc/zoneinfo/current/icu/icu_tzdata.dat
09-24 23:23:43.627  8145  8145 I Radio-JNI: register_android_hardware_Radio DONE
09-24 23:23:43.669  8145  8145 D AndroidRuntime: Calling main entry com.android.commands.am.Am
09-24 23:23:43.677  1331  3827 I ActivityManager: START u0 {act=android.intent.action.MAIN cat=[android.intent.category.LAUNCHER] flg=0x10000000 cmp=com.HomeCleaningGames/.MainActivity} from uid 2000 pid 8145 on display 0
09-24 23:23:43.681  3889  3889 I StatusBarIconController:  appTransitionPending
09-24 23:23:43.682 25549 25549 D Launcher: onPause
09-24 23:23:43.683 25549 25792 E AbstractTracker: Can't create handler inside thread that has not called Looper.prepare()
09-24 23:23:43.683 25549 25792 D AppTracker: App Event: stop
09-24 23:23:43.688  8145  8145 D AndroidRuntime: Shutting down VM
09-24 23:23:43.705  3889  3889 I StatusBarIconController:  appTransitionPending
09-24 23:23:43.707  1331  4475 D ActivityManager: mImportantUids connections =1000 by uid = 10401 ConnectionRecord =ConnectionRecord{51b305 u0 CR FGSA io.github.ylimit.droidbotapp/io.github.privacystreams.accessibility.PSAccessibilityService:@a5de7c}
09-24 23:23:43.708  1331  4475 D ActivityManager: mImportantUids connections =1000 by uid = 10401 ConnectionRecord =ConnectionRecord{e0d66 u0 CR !FG UI !VIS io.github.ylimit.droidbotapp/.DroidBotIME:@b0591c1}
09-24 23:23:43.720  1331  3656 D ActivityManager: mImportantUids connections =1000 by uid = 10401 ConnectionRecord =ConnectionRecord{51b305 u0 CR FGSA io.github.ylimit.droidbotapp/io.github.privacystreams.accessibility.PSAccessibilityService:@a5de7c}
09-24 23:23:43.720  1331  3656 D ActivityManager: mImportantUids connections =1000 by uid = 10401 ConnectionRecord =ConnectionRecord{e0d66 u0 CR !FG UI !VIS io.github.ylimit.droidbotapp/.DroidBotIME:@b0591c1}
09-24 23:23:43.722  1331  4402 D GpsLocationProvider: reportNmea $GPGSV,2,1,07,01,00,000,,03,13,319,,06,00,000,,10,17,180,*7E  timestamp = 1506266623722
09-24 23:23:43.722  1331  4402 D GpsLocationProvider: reportNmea $GPGSV,2,2,07,12,09,037,,14,79,019,,16,00,000,*44  timestamp = 1506266623722
09-24 23:23:43.722  1331  4402 D GpsLocationProvider: reportNmea $GLGSV,3,1,12,74,00,000,,70,73,284,,82,00,000,,73,34,246,*63  timestamp = 1506266623722
09-24 23:23:43.722  1331  4402 D GpsLocationProvider: reportNmea $GLGSV,3,2,12,80,69,329,,79,21,039,,69,37,164,,88,04,022,*63  timestamp = 1506266623722
09-24 23:23:43.722  1331  4402 D GpsLocationProvider: reportNmea $GLGSV,3,3,12,87,00,000,,81,06,068,,71,24,326,,68,00,000,*61  timestamp = 1506266623722
09-24 23:23:43.723  1331  4402 D GpsLocationProvider: reportNmea $GPGSA,A,1,,,,,,,,,,,,,,,*1E  timestamp = 1506266623723
09-24 23:23:43.723  1331  4402 D GpsLocationProvider: reportNmea $GPVTG,,T,,M,,N,,K,N*2C  timestamp = 1506266623723
09-24 23:23:43.723  1331  4402 D GpsLocationProvider: reportNmea $GPRMC,,V,,,,,,,,,,N*53  timestamp = 1506266623723
09-24 23:23:43.723  1331  4402 D GpsLocationProvider: reportNmea $GPGGA,,,,,,0,,,,,,,,*66  timestamp = 1506266623723
09-24 23:23:43.730  7421  7421 W PopupManager: You have not specified a View to use as content view for popups. Falling back to the Activity content view which may not work properly in future versions of the API. Use setViewForPopups() to set your content view.
09-24 23:23:43.735  3889  3889 D PhoneStatusBar: setSystemUiVisibility vis=0 mask=ffffffff oldVal=8600 newVal=0 diff=8600
09-24 23:23:43.735  3889  3889 D PhoneStatusBar: checkBarMode:powerSave=false, getBarState()=0
09-24 23:23:43.735  3889  3889 D BarTransitions.PhoneStatusBarView: MODE_TRANSPARENT -> MODE_OPAQUE animate=true
09-24 23:23:43.735  3889  3889 D BarTransitions.PhoneStatusBarView: applyModeBackground oldMode=MODE_TRANSPARENT newMode=MODE_OPAQUE animate=true
09-24 23:23:43.737  3889  3889 I StatusBarIconController: setIconsDark dark:false animate:true currentDark:false mTransitionPending:true mTransitionDeferring:false mPendingDarkIntensity:0.0
09-24 23:23:43.737  3889  3889 I StatusBarIconController: animateIconTint:0.0 mDarkIntensity:0.0
09-24 23:23:43.747  7421  7421 W cr_AwContents: onDetachedFromWindow called when already detached. Ignoring
09-24 23:23:43.752  3889  3889 D BarBackgroundDrawable: BarTransitions: draw: mode=MODE_OPAQUE, targetColor=0xff000000
09-24 23:23:43.752  3889  3889 D BarBackgroundDrawable: BarTransitions: drawColor:0x15000000
09-24 23:23:43.753  3889  3889 I StatusBarIconController: appTransitionStarting
09-24 23:23:43.756  7421  7421 W GooglePlayServicesUtil: Google Play Store is missing.
09-24 23:23:43.759 11743 11770 I GoLog   : Sep 24 15:23:43.758 - 120m16s DEBUG flashlight.client: client.go:207 Dialing proxy takes 257.325104ms for googleads.g.doubleclick.net:443 [detour=false op=proxied_dialer origin_host=googleads.g.doubleclick.net origin_port=443 root_op=proxy user_agent=Mozilla/5.0 (Linux; Android 6.0.1; ONE A2001 Build/MMB29M; wv) AppleWebKit/537.36 (KHTML, like Gecko) Version/4.0 Chrome/52.0.2743.98 Mobile Safari/537.36]
09-24 23:23:43.760  7421  7421 I Ads     : Starting ad request.
09-24 23:23:43.760  7421  7421 I Ads     : Use AdRequest.Builder.addTestDevice("5EBC12BF17C41267958295A7114AE10F") to get test ads on this device.
09-24 23:23:43.763  7421  7421 I Ads     : Please set theme of AdActivity to @android:style/Theme.Translucent to enable transparent background interstitial ad.
09-24 23:23:43.766  7421  7421 W GooglePlayServicesUtil: Google Play Store is missing.
09-24 23:23:43.768  7421  7421 I Ads     : Starting ad request.
09-24 23:23:43.768  7421  7421 I Ads     : Use AdRequest.Builder.addTestDevice("5EBC12BF17C41267958295A7114AE10F") to get test ads on this device.
09-24 23:23:43.768 25549 25549 D ClockViewGroup: onWindowVisibilityChanged:8
09-24 23:23:43.772  7421  7421 I Ads     : Please set theme of AdActivity to @android:style/Theme.Translucent to enable transparent background interstitial ad.
09-24 23:23:43.789  3889  3889 D BarBackgroundDrawable: BarTransitions: draw: mode=MODE_OPAQUE, targetColor=0xff000000
09-24 23:23:43.789  3889  3889 D BarBackgroundDrawable: BarTransitions: drawColor:0x44000000
09-24 23:23:43.793  7421  7421 I cr_Ime  : ImeThread is not enabled.
09-24 23:23:43.808  7421  7421 W cr_AwContents: onDetachedFromWindow called when already detached. Ignoring
09-24 23:23:43.814  3889  3889 D BarBackgroundDrawable: BarTransitions: draw: mode=MODE_OPAQUE, targetColor=0xff000000
09-24 23:23:43.814  3889  3889 D BarBackgroundDrawable: BarTransitions: drawColor:0x64000000
09-24 23:23:43.821  3889  3889 D BarBackgroundDrawable: BarTransitions: draw: mode=MODE_OPAQUE, targetColor=0xff000000
09-24 23:23:43.821  3889  3889 D BarBackgroundDrawable: BarTransitions: drawColor:0x6d000000
09-24 23:23:43.839  7421  7421 W cr_AwContents: onDetachedFromWindow called when already detached. Ignoring
09-24 23:23:43.845  3889  3889 D BarBackgroundDrawable: BarTransitions: draw: mode=MODE_OPAQUE, targetColor=0xff000000
09-24 23:23:43.845  3889  3889 D BarBackgroundDrawable: BarTransitions: drawColor:0x8c000000
09-24 23:23:43.851   357   357 W auditd  : type=1400 "Binder_A""socket:[1623837]""sockfs"
09-24 23:23:43.852   357   357 W auditd  : type=1400 "Binder_A""socket:[1623837]""sockfs"
09-24 23:23:43.853  3889  3889 D BarBackgroundDrawable: BarTransitions: draw: mode=MODE_OPAQUE, targetColor=0xff000000
09-24 23:23:43.854  3889  3889 D BarBackgroundDrawable: BarTransitions: drawColor:0x97000000
09-24 23:23:43.883  7421  7509 W Settings: Setting install_non_market_apps has moved from android.provider.Settings.Global to android.provider.Settings.Secure, returning read-only value.
09-24 23:23:43.896  3889  3889 D BarBackgroundDrawable: BarTransitions: draw: mode=MODE_OPAQUE, targetColor=0xff000000
09-24 23:23:43.896  3889  3889 D BarBackgroundDrawable: BarTransitions: drawColor:0xcd000000
09-24 23:23:43.904  3889  3889 D BarBackgroundDrawable: BarTransitions: draw: mode=MODE_OPAQUE, targetColor=0xff000000
09-24 23:23:43.904  3889  3889 D BarBackgroundDrawable: BarTransitions: drawColor:0xd7000000
09-24 23:23:43.921  3889  3889 D BarBackgroundDrawable: BarTransitions: draw: mode=MODE_OPAQUE, targetColor=0xff000000
09-24 23:23:43.922  3889  3889 D BarBackgroundDrawable: BarTransitions: drawColor:0xee000000
09-24 23:23:43.929  1331  3663 I ActivityManager: Displayed com.HomeCleaningGames/.MainActivity: +239ms
09-24 23:23:43.932   357   357 W auditd  : type=1400 "Binder_9""socket:[1618890]""sockfs"
09-24 23:23:43.932   357   357 W auditd  : type=1400 "Binder_9""socket:[1618890]""sockfs"
09-24 23:23:43.938  3889  3889 D BarBackgroundDrawable: BarTransitions: draw: mode=MODE_OPAQUE, targetColor=0xff000000
09-24 23:23:43.938  3889  3889 D BarBackgroundDrawable: BarTransitions: drawColor:0xff000000
