09-24 23:22:47.051  1331  3770 I TetherStatsReporting:   [34] iface=lo uid=0 set=DEFAULT tag=0x0 rxBytes=525141 rxPackets=851 txBytes=27348 txPackets=572 opera
09-24 23:22:47.051  1331  3770 I TetherStatsReporting: combining tether stats
09-24 23:22:47.056  1331  1331 I DeviceIdleController: updateChargingLocked: charging=true
09-24 23:22:47.056  1331  1331 I DeviceIdleController: becomeActiveLocked, reason = charging
09-24 23:22:47.058  4623  4701 D QtiTetherService/IpaWrapper: getStats(false)
09-24 23:22:47.059 26211 26211 D AbstractProcessor: onBatteryChange Percent:39 State:2 
09-24 23:22:47.061  1331  3770 D NtpTrustedTime: currentTimeMillis() cache hit
09-24 23:22:47.064  1331  3771 D NtpTrustedTime: currentTimeMillis() cache hit
09-24 23:22:47.064  1331  3771 D NtpTrustedTime: currentTimeMillis() cache hit
09-24 23:22:47.138  7421  7421 I chromium: [INFO:CONSOLE(0)] "Document was loaded from Application Cache with manifest https://googleads.g.doubleclick.net/mads/static/mad/sdk/native/sdk-core-v40.appcache", source: https://googleads.g.doubleclick.net/mads/static/mad/sdk/native/sdk-core-v40.html (0)
09-24 23:22:47.139  7421  7421 I chromium: [INFO:CONSOLE(0)] "Application Cache Checking event", source: https://googleads.g.doubleclick.net/mads/static/mad/sdk/native/sdk-core-v40.html (0)
09-24 23:22:47.158  7421  7421 I chromium: [INFO:CONSOLE(0)] "Application Cache NoUpdate event", source: https://googleads.g.doubleclick.net/mads/static/mad/sdk/native/sdk-core-v40.html (0)
09-24 23:22:47.245  3889  3889 D SystemServicesProxy: exclude com.android.packageinstaller
09-24 23:22:47.245  3889  3889 D SystemServicesProxy: add 9 Task
09-24 23:22:47.245  3889  3889 D RecentsTaskLoadPlan: preloadPlan, 9
09-24 23:22:47.680  7421  7421 I chromium: [INFO:CONSOLE(0)] "Document was loaded from Application Cache with manifest https://googleads.g.doubleclick.net/mads/static/mad/sdk/native/sdk-core-v40.appcache", source: https://googleads.g.doubleclick.net/mads/static/mad/sdk/native/sdk-core-v40.html (0)
09-24 23:22:47.680  7421  7421 I chromium: [INFO:CONSOLE(0)] "Application Cache Checking event", source: https://googleads.g.doubleclick.net/mads/static/mad/sdk/native/sdk-core-v40.html (0)
09-24 23:22:47.680  7421  7421 I chromium: [INFO:CONSOLE(0)] "Application Cache Checking event", source: https://googleads.g.doubleclick.net/mads/static/mad/sdk/native/sdk-core-v40.html (0)
09-24 23:22:47.681  7421  7421 I chromium: [INFO:CONSOLE(0)] "Application Cache NoUpdate event", source: https://googleads.g.doubleclick.net/mads/static/mad/sdk/native/sdk-core-v40.html (0)
09-24 23:22:47.681  7421  7421 I chromium: [INFO:CONSOLE(0)] "Application Cache NoUpdate event", source: https://googleads.g.doubleclick.net/mads/static/mad/sdk/native/sdk-core-v40.html (0)
09-24 23:22:47.723  1331  4402 D GpsLocationProvider: reportNmea $GPGSV,2,1,07,01,00,000,,03,13,319,,06,00,000,,10,17,180,*7E  timestamp = 1506266567723
09-24 23:22:47.723  1331  4402 D GpsLocationProvider: reportNmea $GPGSV,2,2,07,12,09,037,,14,79,016,,16,00,000,*4B  timestamp = 1506266567723
09-24 23:22:47.723  1331  4402 D GpsLocationProvider: reportNmea $GLGSV,3,1,12,74,00,000,,70,73,284,,82,00,000,,73,34,246,*63  timestamp = 1506266567723
09-24 23:22:47.723  1331  4402 D GpsLocationProvider: reportNmea $GLGSV,3,2,12,80,69,329,,79,21,039,,69,37,164,,88,04,022,*63  timestamp = 1506266567723
09-24 23:22:47.723  1331  4402 D GpsLocationProvider: reportNmea $GLGSV,3,3,12,87,00,000,,81,06,068,,71,24,326,,68,00,000,*61  timestamp = 1506266567723
09-24 23:22:47.725  1331  4402 D GpsLocationProvider: reportNmea $GPGSA,A,1,,,,,,,,,,,,,,,*1E  timestamp = 1506266567725
09-24 23:22:47.725  1331  4402 D GpsLocationProvider: reportNmea $GPVTG,,T,,M,,N,,K,N*2C  timestamp = 1506266567725
09-24 23:22:47.725  1331  4402 D GpsLocationProvider: reportNmea $GPRMC,,V,,,,,,,,,,N*53  timestamp = 1506266567725
09-24 23:22:47.725  1331  4402 D GpsLocationProvider: reportNmea $GPGGA,,,,,,0,,,,,,,,*66  timestamp = 1506266567725
09-24 23:22:47.875  1331  4507 D ActivityManager: mImportantUids connections =1000 by uid = 10401 ConnectionRecord =ConnectionRecord{51b305 u0 CR FGSA io.github.ylimit.droidbotapp/io.github.privacystreams.accessibility.PSAccessibilityService:@a5de7c}
09-24 23:22:47.876  1331  4507 D ActivityManager: mImportantUids connections =1000 by uid = 10401 ConnectionRecord =ConnectionRecord{e0d66 u0 CR !FG UI !VIS io.github.ylimit.droidbotapp/.DroidBotIME:@b0591c1}
09-24 23:22:47.878 25549 25549 D Launcher: onStop
09-24 23:22:47.909 25549 25549 I WallpaperCard: [Trim Memory] wallpaperCard, level:20
09-24 23:22:47.914  1331  3827 D ActivityManager: mImportantUids connections =1000 by uid = 10401 ConnectionRecord =ConnectionRecord{51b305 u0 CR FGSA io.github.ylimit.droidbotapp/io.github.privacystreams.accessibility.PSAccessibilityService:@a5de7c}
09-24 23:22:47.915  1331  3827 D ActivityManager: mImportantUids connections =1000 by uid = 10401 ConnectionRecord =ConnectionRecord{e0d66 u0 CR !FG UI !VIS io.github.ylimit.droidbotapp/.DroidBotIME:@b0591c1}
09-24 23:22:48.446  7421  7421 W cr_ScreenOrientation: Removing an inexistent observer!
09-24 23:22:48.461   357   357 W auditd  : type=1400 "ps""/proc/350""proc"
09-24 23:22:48.464   357   357 W auditd  : type=1400 "ps""task""proc"
09-24 23:22:48.471  7421  7430 I art     : Background partial concurrent mark sweep GC freed 5186(732KB) AllocSpace objects, 6(112KB) LOS objects, 39% free, 3MB/6MB, paused 6.174ms total 44.692ms
09-24 23:22:48.491  7421  7421 W cr_AwContents: onDetachedFromWindow called when already detached. Ignoring
09-24 23:22:48.523  7421  7421 W cr_AwContents: onDetachedFromWindow called when already detached. Ignoring
09-24 23:22:48.544  7421  7421 I cr_Ime  : ImeThread is not enabled.
09-24 23:22:48.550  7421  7421 W cr_ScreenOrientation: Removing an inexistent observer!
09-24 23:22:48.561  7421  7421 I cr_Ime  : ImeThread is not enabled.
09-24 23:22:48.590  7421  7421 W cr_BindingManager: Cannot call determinedVisibility() - never saw a connection for the pid: 7421
09-24 23:22:48.595  7421  7421 W cr_BindingManager: Cannot call determinedVisibility() - never saw a connection for the pid: 7421
09-24 23:22:48.620  4131  4131 D wpa_supplicant: wlan0: Control interface command 'SIGNAL_POLL'
09-24 23:22:48.624  4131  4131 D wpa_supplicant: CTRL-DEBUG: global_ctrl_sock-sendto: sock=12 sndbuf=212992 outq=0 send_len=48
09-24 23:22:48.722  1331  4402 D GpsLocationProvider: reportNmea $GPGSV,2,1,07,01,00,000,,03,13,319,,06,00,000,,10,17,180,*7E  timestamp = 1506266568722
09-24 23:22:48.722  1331  4402 D GpsLocationProvider: reportNmea $GPGSV,2,2,07,12,09,037,,14,79,016,,16,00,000,*4B  timestamp = 1506266568722
09-24 23:22:48.722  1331  4402 D GpsLocationProvider: reportNmea $GLGSV,3,1,12,74,00,000,,70,73,284,,82,00,000,,73,34,246,*63  timestamp = 1506266568722
09-24 23:22:48.723  1331  4402 D GpsLocationProvider: reportNmea $GLGSV,3,2,12,80,69,329,,79,21,039,,69,37,164,,88,04,022,*63  timestamp = 1506266568723
09-24 23:22:48.723  1331  4402 D GpsLocationProvider: reportNmea $GLGSV,3,3,12,87,00,000,,81,06,068,,71,24,326,,68,00,000,*61  timestamp = 1506266568723
09-24 23:22:48.723  1331  4402 D GpsLocationProvider: reportNmea $GPGSA,A,1,,,,,,,,,,,,,,,*1E  timestamp = 1506266568723
09-24 23:22:48.723  1331  4402 D GpsLocationProvider: reportNmea $GPVTG,,T,,M,,N,,K,N*2C  timestamp = 1506266568723
09-24 23:22:48.723  1331  4402 D GpsLocationProvider: reportNmea $GPRMC,,V,,,,,,,,,,N*53  timestamp = 1506266568723
09-24 23:22:48.723  1331  4402 D GpsLocationProvider: reportNmea $GPGGA,,,,,,0,,,,,,,,*66  timestamp = 1506266568723
09-24 23:22:49.723  1331  4402 D GpsLocationProvider: reportNmea $GPGSV,2,1,07,01,00,000,,03,13,319,,06,00,000,,10,17,180,*7E  timestamp = 1506266569723
09-24 23:22:49.723  1331  4402 D GpsLocationProvider: reportNmea $GPGSV,2,2,07,12,09,037,,14,79,016,,16,00,000,*4B  timestamp = 1506266569723
09-24 23:22:49.723  1331  4402 D GpsLocationProvider: reportNmea $GLGSV,3,1,12,74,00,000,,70,73,284,,82,00,000,,73,34,246,*63  timestamp = 1506266569723
09-24 23:22:49.723  1331  4402 D GpsLocationProvider: reportNmea $GLGSV,3,2,12,80,69,329,,79,21,039,,69,37,164,,88,04,022,*63  timestamp = 1506266569723
09-24 23:22:49.723  1331  4402 D GpsLocationProvider: reportNmea $GLGSV,3,3,12,87,00,000,,81,06,068,,71,24,326,,68,00,000,*61  timestamp = 1506266569723
09-24 23:22:49.726  1331  4402 D GpsLocationProvider: reportNmea $GPGSA,A,1,,,,,,,,,,,,,,,*1E  timestamp = 1506266569726
09-24 23:22:49.727  1331  4402 D GpsLocationProvider: reportNmea $GPVTG,,T,,M,,N,,K,N*2C  timestamp = 1506266569727
09-24 23:22:49.727  1331  4402 D GpsLocationProvider: reportNmea $GPRMC,,V,,,,,,,,,,N*53  timestamp = 1506266569727
09-24 23:22:49.727  1331  4402 D GpsLocationProvider: reportNmea $GPGGA,,,,,,0,,,,,,,,*66  timestamp = 1506266569727
09-24 23:22:50.036   357   357 W auditd  : type=1400 "ps""/proc/350""proc"
09-24 23:22:50.037   357   357 W auditd  : type=1400 "ps""task""proc"
09-24 23:22:50.118  7421  7421 I Ads     : Scheduling ad refresh 60000 milliseconds from now.
09-24 23:22:50.137  7421  7421 W cr_AwContents: onDetachedFromWindow called when already detached. Ignoring
09-24 23:22:50.154  7421  7421 I cr_Ime  : ImeThread is not enabled.
09-24 23:22:50.161  7421  7421 I Ads     : Ad finished loading.
09-24 23:22:50.180  7421  7421 I Ads     : Ad finished loading.
09-24 23:22:50.256  7421  7421 W cr_BindingManager: Cannot call determinedVisibility() - never saw a connection for the pid: 7421
09-24 23:22:50.371  7421  7421 I chromium: [INFO:CONSOLE(0)] "Adding master entry to Application Cache with manifest https://googleads.g.doubleclick.net/mads/static/mad/sdk/native/sdk-core-v40.appcache", source: https://googleads.g.doubleclick.net/mads/static/sdk/native/sdk-core-v40.html (0)
09-24 23:22:50.372  7421  7421 I chromium: [INFO:CONSOLE(0)] "Application Cache NoUpdate event", source: https://googleads.g.doubleclick.net/mads/static/sdk/native/sdk-core-v40.html (0)
09-24 23:22:50.722  1331  4402 D GpsLocationProvider: reportNmea $GPGSV,2,1,07,01,00,000,,03,13,319,,06,00,000,,10,17,180,*7E  timestamp = 1506266570722
09-24 23:22:50.723  1331  4402 D GpsLocationProvider: reportNmea $GPGSV,2,2,07,12,09,037,,14,79,016,,16,00,000,*4B  timestamp = 1506266570723
09-24 23:22:50.723  1331  4402 D GpsLocationProvider: reportNmea $GLGSV,3,1,12,74,00,000,,70,73,284,,82,00,000,,73,34,246,*63  timestamp = 1506266570723
09-24 23:22:50.723  1331  4402 D GpsLocationProvider: reportNmea $GLGSV,3,2,12,80,69,329,,79,21,039,,69,37,164,,88,04,022,*63  timestamp = 1506266570723
09-24 23:22:50.723  1331  4402 D GpsLocationProvider: reportNmea $GLGSV,3,3,12,87,00,000,,81,06,068,,71,24,326,,68,00,000,*61  timestamp = 1506266570723
09-24 23:22:50.723  1331  4402 D GpsLocationProvider: reportNmea $GPGSA,A,1,,,,,,,,,,,,,,,*1E  timestamp = 1506266570723
09-24 23:22:50.723  1331  4402 D GpsLocationProvider: reportNmea $GPVTG,,T,,M,,N,,K,N*2C  timestamp = 1506266570723
09-24 23:22:50.724  1331  4402 D GpsLocationProvider: reportNmea $GPRMC,,V,,,,,,,,,,N*53  timestamp = 1506266570724
09-24 23:22:50.724  1331  4402 D GpsLocationProvider: reportNmea $GPGGA,,,,,,0,,,,,,,,*66  timestamp = 1506266570724
09-24 23:22:51.632  4131  4131 D wpa_supplicant: wlan0: Control interface command 'SIGNAL_POLL'
09-24 23:22:51.635  4131  4131 D wpa_supplicant: CTRL-DEBUG: global_ctrl_sock-sendto: sock=12 sndbuf=212992 outq=0 send_len=48
09-24 23:22:51.691   357   357 W auditd  : type=1400 "ps""/proc/350""proc"
09-24 23:22:51.691   357   357 W auditd  : type=1400 "ps""task""proc"
09-24 23:22:51.723  1331  4402 D GpsLocationProvider: reportNmea $GPGSV,2,1,07,01,00,000,,03,13,319,,06,00,000,,10,17,180,*7E  timestamp = 1506266571723
09-24 23:22:51.723  1331  4402 D GpsLocationProvider: reportNmea $GPGSV,2,2,07,12,09,037,,14,79,016,,16,00,000,*4B  timestamp = 1506266571723
09-24 23:22:51.723  1331  4402 D GpsLocationProvider: reportNmea $GLGSV,3,1,12,74,00,000,,70,73,284,,82,00,000,,73,34,246,*63  timestamp = 1506266571723
09-24 23:22:51.723  1331  4402 D GpsLocationProvider: reportNmea $GLGSV,3,2,12,80,69,329,,79,21,039,,69,37,164,,88,04,022,*63  timestamp = 1506266571723
09-24 23:22:51.723  1331  4402 D GpsLocationProvider: reportNmea $GLGSV,3,3,12,87,00,000,,81,06,068,,71,24,326,,68,00,000,*61  timestamp = 1506266571723
09-24 23:22:51.725  1331  4402 D GpsLocationProvider: reportNmea $GPGSA,A,1,,,,,,,,,,,,,,,*1E  timestamp = 1506266571725
09-24 23:22:51.725  1331  4402 D GpsLocationProvider: reportNmea $GPVTG,,T,,M,,N,,K,N*2C  timestamp = 1506266571725
09-24 23:22:51.725  1331  4402 D GpsLocationProvider: reportNmea $GPRMC,,V,,,,,,,,,,N*53  timestamp = 1506266571725
09-24 23:22:51.725  1331  4402 D GpsLocationProvider: reportNmea $GPGGA,,,,,,0,,,,,,,,*66  timestamp = 1506266571725
09-24 23:22:52.125  7779  7779 D AndroidRuntime: >>>>>> START com.android.internal.os.RuntimeInit uid 2000 <<<<<<
09-24 23:22:52.134  7779  7779 D AndroidRuntime: CheckJNI is OFF
09-24 23:22:52.211  7779  7779 D ICU     : No timezone override file found: /data/misc/zoneinfo/current/icu/icu_tzdata.dat
09-24 23:22:52.279  7779  7779 I Radio-JNI: register_android_hardware_Radio DONE
09-24 23:22:52.340  7779  7779 D AndroidRuntime: Calling main entry com.android.commands.input.Input
09-24 23:22:52.343  7779  7779 I Input   : injectKeyEvent: KeyEvent { action=ACTION_DOWN, keyCode=KEYCODE_BACK, scanCode=0, metaState=0, flags=0x0, repeatCount=0, eventTime=25298290, downTime=25298290, deviceId=-1, source=0x101 }
09-24 23:22:52.357  7779  7779 I Input   : injectKeyEvent: KeyEvent { action=ACTION_UP, keyCode=KEYCODE_BACK, scanCode=0, metaState=0, flags=0x0, repeatCount=0, eventTime=25298290, downTime=25298290, deviceId=-1, source=0x101 }
09-24 23:22:52.365  1331  4620 I ActivityManager: START u0 {flg=0x14880000 cmp=com.HomeCleaningGames/com.startapp.android.publish.AppWallActivity (has extras)} from uid 10540 pid 7421 on display 0
09-24 23:22:52.374  3889  3889 I StatusBarIconController:  appTransitionPending
09-24 23:22:52.394  1331  4620 I ActivityManager_Thumbnails: Setting thumbnail of ActivityRecord{5c66d6e u0 com.HomeCleaningGames/.MainActivity t1594} to android.graphics.Bitmap@dd26391
09-24 23:22:52.406  7779  7779 D AndroidRuntime: Shutting down VM
09-24 23:22:52.410  7421  7459 E AbstractTracker: Can't create handler inside thread that has not called Looper.prepare()
09-24 23:22:52.411  7421  7459 D AppTracker: App Event: stop
09-24 23:22:52.413  3889  3889 I StatusBarIconController:  appTransitionPending
09-24 23:22:52.416  1331  4500 D ActivityManager: mImportantUids connections =1000 by uid = 10401 ConnectionRecord =ConnectionRecord{51b305 u0 CR FGSA io.github.ylimit.droidbotapp/io.github.privacystreams.accessibility.PSAccessibilityService:@a5de7c}
09-24 23:22:52.416  1331  4500 D ActivityManager: mImportantUids connections =1000 by uid = 10401 ConnectionRecord =ConnectionRecord{e0d66 u0 CR !FG UI !VIS io.github.ylimit.droidbotapp/.DroidBotIME:@b0591c1}
09-24 23:22:52.431 25549 25549 D Launcher: onStart
09-24 23:22:52.452 25549 25549 D ClockViewGroup: onWindowVisibilityChanged:0
09-24 23:22:52.473  3889  3889 D PhoneStatusBar: setSystemUiVisibility vis=600 mask=ffffffff oldVal=0 newVal=600 diff=600
09-24 23:22:52.479  7421  7421 W cr_AwContents: onDetachedFromWindow called when already detached. Ignoring
09-24 23:22:52.493  7421  7421 I cr_Ime  : ImeThread is not enabled.
09-24 23:22:52.507   357   357 W auditd  : type=1400 "Binder_2""socket:[1622424]""sockfs"
09-24 23:22:52.511   357   357 W auditd  : type=1400 "Binder_2""socket:[1622424]""sockfs"
09-24 23:22:52.539  3889  3889 D PhoneStatusBar: setSystemUiVisibility vis=0 mask=ffffffff oldVal=600 newVal=0 diff=600
09-24 23:22:52.593  7421  7421 W cr_BindingManager: Cannot call determinedVisibility() - never saw a connection for the pid: 7421
09-24 23:22:52.596   357   357 W auditd  : type=1400 "Binder_A""socket:[1618890]""sockfs"
09-24 23:22:52.597   357   357 W auditd  : type=1400 "Binder_A""socket:[1618890]""sockfs"
09-24 23:22:52.646  1331  4525 D ActivityManager: mImportantUids connections =1000 by uid = 10401 ConnectionRecord =ConnectionRecord{51b305 u0 CR FGSA io.github.ylimit.droidbotapp/io.github.privacystreams.accessibility.PSAccessibilityService:@a5de7c}
09-24 23:22:52.647  1331  4525 D ActivityManager: mImportantUids connections =1000 by uid = 10401 ConnectionRecord =ConnectionRecord{e0d66 u0 CR !FG UI !VIS io.github.ylimit.droidbotapp/.DroidBotIME:@b0591c1}
09-24 23:22:52.705  1331  1339 I art     : Background partial concurrent mark sweep GC freed 40650(3MB) AllocSpace objects, 29(584KB) LOS objects, 33% free, 28MB/42MB, paused 5.367ms total 313.926ms
09-24 23:22:52.723  1331  4402 D GpsLocationProvider: reportNmea $GPGSV,2,1,07,01,00,000,,03,13,319,,06,00,000,,10,17,180,*7E  timestamp = 1506266572723
09-24 23:22:52.723  1331  4402 D GpsLocationProvider: reportNmea $GPGSV,2,2,07,12,09,037,,14,79,016,,16,00,000,*4B  timestamp = 1506266572723
09-24 23:22:52.723  1331  4402 D GpsLocationProvider: reportNmea $GLGSV,3,1,12,74,00,000,,70,73,284,,82,00,000,,73,34,246,*63  timestamp = 1506266572723
09-24 23:22:52.724  1331  4402 D GpsLocationProvider: reportNmea $GLGSV,3,2,12,80,69,329,,79,21,039,,69,37,164,,88,04,022,*63  timestamp = 1506266572724
09-24 23:22:52.724  1331  4402 D GpsLocationProvider: reportNmea $GLGSV,3,3,12,87,00,000,,81,06,068,,71,24,326,,68,00,000,*61  timestamp = 1506266572724
09-24 23:22:52.724  1331  4402 D GpsLocationProvider: reportNmea $GPGSA,A,1,,,,,,,,,,,,,,,*1E  timestamp = 1506266572724
09-24 23:22:52.724  1331  4402 D GpsLocationProvider: reportNmea $GPVTG,,T,,M,,N,,K,N*2C  timestamp = 1506266572724
09-24 23:22:52.724  1331  4402 D GpsLocationProvider: reportNmea $GPRMC,,V,,,,,,,,,,N*53  timestamp = 1506266572724
09-24 23:22:52.724  1331  4402 D GpsLocationProvider: reportNmea $GPGGA,,,,,,0,,,,,,,,*66  timestamp = 1506266572724
09-24 23:22:52.790  1331  4614 W InputMethodManagerService: Focus gain on non-focused client com.android.internal.view.IInputMethodClient$Stub$Proxy@6e3f48c (uid=10050 pid=25549)
09-24 23:22:52.790  1331  3663 I ActivityManager: Displayed com.HomeCleaningGames/com.startapp.android.publish.AppWallActivity: +378ms
09-24 23:22:52.791  3889  3889 I StatusBarIconController: appTransitionStarting
09-24 23:22:53.050  1331  1331 I DeviceIdleController: updateChargingLocked: charging=true
09-24 23:22:53.050  1331  1331 I DeviceIdleController: becomeActiveLocked, reason = charging
09-24 23:22:53.055 26211 26211 D AbstractProcessor: onBatteryChange Percent:39 State:2 
09-24 23:22:53.095  1331  3656 D ActivityManager: mImportantUids connections =1000 by uid = 10401 ConnectionRecord =ConnectionRecord{51b305 u0 CR FGSA io.github.ylimit.droidbotapp/io.github.privacystreams.accessibility.PSAccessibilityService:@a5de7c}
09-24 23:22:53.095  1331  3656 D ActivityManager: mImportantUids connections =1000 by uid = 10401 ConnectionRecord =ConnectionRecord{e0d66 u0 CR !FG UI !VIS io.github.ylimit.droidbotapp/.DroidBotIME:@b0591c1}
09-24 23:22:53.238 25549 25738 W OpenGLRenderer: Incorrectly called buildLayer on View: ShortcutAndWidgetContainer, destroying layer...
09-24 23:22:53.318   357   357 W auditd  : type=1400 "ps""/proc/350""proc"
09-24 23:22:53.318   357   357 W auditd  : type=1400 "ps""task""proc"
09-24 23:22:53.394  7421  7441 E AbstractTracker: Can't create handler inside thread that has not called Looper.prepare()
09-24 23:22:53.394  7421  7441 D AppTracker: App Event: start
09-24 23:22:53.433  3889  3889 D SystemServicesProxy: exclude com.HomeCleaningGames
09-24 23:22:53.433  3889  3889 D SystemServicesProxy: exclude com.android.packageinstaller
09-24 23:22:53.433  3889  3889 D SystemServicesProxy: add 9 Task
09-24 23:22:53.433  3889  3889 D RecentsTaskLoadPlan: preloadPlan, 9
09-24 23:22:53.600  3889  3899 I art     : Background partial concurrent mark sweep GC freed 55501(3MB) AllocSpace objects, 0(0B) LOS objects, 28% free, 40MB/56MB, paused 1.082ms total 140.470ms
09-24 23:22:53.723  1331  4402 D GpsLocationProvider: reportNmea $GPGSV,2,1,07,01,00,000,,03,13,319,,06,00,000,,10,17,180,*7E  timestamp = 1506266573723
09-24 23:22:53.723  1331  4402 D GpsLocationProvider: reportNmea $GPGSV,2,2,07,12,09,037,,14,79,016,,16,00,000,*4B  timestamp = 1506266573723
09-24 23:22:53.723  1331  4402 D GpsLocationProvider: reportNmea $GLGSV,3,1,12,74,00,000,,70,73,284,,82,00,000,,73,34,246,*63  timestamp = 1506266573723
09-24 23:22:53.723  1331  4402 D GpsLocationProvider: reportNmea $GLGSV,3,2,12,80,69,329,,79,21,039,,69,37,164,,88,04,022,*63  timestamp = 1506266573723
09-24 23:22:53.723  1331  4402 D GpsLocationProvider: reportNmea $GLGSV,3,3,12,87,00,000,,81,06,068,,71,24,326,,68,00,000,*61  timestamp = 1506266573723
09-24 23:22:53.728  1331  4402 D GpsLocationProvider: reportNmea $GPGSA,A,1,,,,,,,,,,,,,,,*1E  timestamp = 1506266573728
09-24 23:22:53.728  1331  4402 D GpsLocationProvider: reportNmea $GPVTG,,T,,M,,N,,K,N*2C  timestamp = 1506266573728
09-24 23:22:53.728  1331  4402 D GpsLocationProvider: reportNmea $GPRMC,,V,,,,,,,,,,N*53  timestamp = 1506266573728
09-24 23:22:53.733  1331  4402 D GpsLocationProvider: reportNmea $GPGGA,,,,,,0,,,,,,,,*66  timestamp = 1506266573728
09-24 23:22:54.649  4131  4131 D wpa_supplicant: wlan0: Control interface command 'SIGNAL_POLL'
09-24 23:22:54.653  4131  4131 D wpa_supplicant: CTRL-DEBUG: global_ctrl_sock-sendto: sock=12 sndbuf=212992 outq=0 send_len=48
09-24 23:22:54.722  1331  4402 D GpsLocationProvider: reportNmea $GPGSV,2,1,07,01,00,000,,03,13,319,,06,00,000,,10,17,180,*7E  timestamp = 1506266574722
09-24 23:22:54.722  1331  4402 D GpsLocationProvider: reportNmea $GPGSV,2,2,07,12,09,037,,14,79,016,,16,00,000,*4B  timestamp = 1506266574722
09-24 23:22:54.723  1331  4402 D GpsLocationProvider: reportNmea $GLGSV,3,1,12,74,00,000,,70,73,284,,82,00,000,,73,34,246,*63  timestamp = 1506266574722
09-24 23:22:54.724  1331  4402 D GpsLocationProvider: reportNmea $GLGSV,3,2,12,80,69,329,,79,21,039,,69,37,164,,88,04,022,*63  timestamp = 1506266574724
09-24 23:22:54.724  1331  4402 D GpsLocationProvider: reportNmea $GLGSV,3,3,12,87,00,000,,81,06,068,,71,24,326,,68,00,000,*61  timestamp = 1506266574724
09-24 23:22:54.724  1331  4402 D GpsLocationProvider: reportNmea $GPGSA,A,1,,,,,,,,,,,,,,,*1E  timestamp = 1506266574724
09-24 23:22:54.724  1331  4402 D GpsLocationProvider: reportNmea $GPVTG,,T,,M,,N,,K,N*2C  timestamp = 1506266574724
09-24 23:22:54.724  1331  4402 D GpsLocationProvider: reportNmea $GPRMC,,V,,,,,,,,,,N*53  timestamp = 1506266574724
09-24 23:22:54.724  1331  4402 D GpsLocationProvider: reportNmea $GPGGA,,,,,,0,,,,,,,,*66  timestamp = 1506266574724
09-24 23:22:55.006   774   774 I MSM-irqbalance: Decided to move IRQ215 from CPU3 to CPU2
09-24 23:22:55.120   357   357 W auditd  : type=1400 "ps""/proc/350""proc"
09-24 23:22:55.132   357   357 W auditd  : type=1400 "ps""task""proc"
09-24 23:22:55.723  1331  4402 D GpsLocationProvider: reportNmea $GPGSV,2,1,07,01,00,000,,03,13,319,,06,00,000,,10,17,180,*7E  timestamp = 1506266575722
09-24 23:22:55.723  1331  4402 D GpsLocationProvider: reportNmea $GPGSV,2,2,07,12,09,037,,14,79,016,,16,00,000,*4B  timestamp = 1506266575723
09-24 23:22:55.723  1331  4402 D GpsLocationProvider: reportNmea $GLGSV,3,1,12,74,00,000,,70,73,284,,82,00,000,,73,34,246,*63  timestamp = 1506266575723
09-24 23:22:55.723  1331  4402 D GpsLocationProvider: reportNmea $GLGSV,3,2,12,80,69,329,,79,21,039,,69,37,164,,88,04,022,*63  timestamp = 1506266575723
09-24 23:22:55.723  1331  4402 D GpsLocationProvider: reportNmea $GLGSV,3,3,12,87,00,000,,81,06,068,,71,24,326,,68,00,000,*61  timestamp = 1506266575723
09-24 23:22:55.723  1331  4402 D GpsLocationProvider: reportNmea $GPGSA,A,1,,,,,,,,,,,,,,,*1E  timestamp = 1506266575723
09-24 23:22:55.723  1331  4402 D GpsLocationProvider: reportNmea $GPVTG,,T,,M,,N,,K,N*2C  timestamp = 1506266575723
09-24 23:22:55.723  1331  4402 D GpsLocationProvider: reportNmea $GPRMC,,V,,,,,,,,,,N*53  timestamp = 1506266575723
09-24 23:22:55.723  1331  4402 D GpsLocationProvider: reportNmea $GPGGA,,,,,,0,,,,,,,,*66  timestamp = 1506266575723
09-24 23:22:55.990  1331  1331 I DeviceIdleController: updateChargingLocked: charging=true
09-24 23:22:55.990  1331  1331 I DeviceIdleController: becomeActiveLocked, reason = charging
09-24 23:22:56.003 26211 26211 D AbstractProcessor: onBatteryChange Percent:39 State:2 
09-24 23:22:56.722  1331  4402 D GpsLocationProvider: reportNmea $GPGSV,2,1,07,01,00,000,,03,13,319,,06,00,000,,10,17,180,*7E  timestamp = 1506266576722
09-24 23:22:56.722  1331  4402 D GpsLocationProvider: reportNmea $GPGSV,2,2,07,12,09,037,,14,79,016,,16,00,000,*4B  timestamp = 1506266576722
09-24 23:22:56.722  1331  4402 D GpsLocationProvider: reportNmea $GLGSV,3,1,12,74,00,000,,70,73,284,,82,00,000,,73,34,246,*63  timestamp = 1506266576722
09-24 23:22:56.723  1331  4402 D GpsLocationProvider: reportNmea $GLGSV,3,2,12,80,69,329,,79,21,039,,69,37,164,,88,04,022,*63  timestamp = 1506266576723
09-24 23:22:56.723  1331  4402 D GpsLocationProvider: reportNmea $GLGSV,3,3,12,87,00,000,,81,06,068,,71,24,326,,68,00,000,*61  timestamp = 1506266576723
09-24 23:22:56.723  1331  4402 D GpsLocationProvider: reportNmea $GPGSA,A,1,,,,,,,,,,,,,,,*1E  timestamp = 1506266576723
09-24 23:22:56.723  1331  4402 D GpsLocationProvider: reportNmea $GPVTG,,T,,M,,N,,K,N*2C  timestamp = 1506266576723
09-24 23:22:56.723  1331  4402 D GpsLocationProvider: reportNmea $GPRMC,,V,,,,,,,,,,N*53  timestamp = 1506266576723
09-24 23:22:56.723  1331  4402 D GpsLocationProvider: reportNmea $GPGGA,,,,,,0,,,,,,,,*66  timestamp = 1506266576723
09-24 23:22:56.953   357   357 W auditd  : type=1400 "ps""/proc/350""proc"
09-24 23:22:56.953   357   357 W auditd  : type=1400 "ps""task""proc"
09-24 23:22:57.666  4131  4131 D wpa_supplicant: wlan0: Control interface command 'SIGNAL_POLL'
09-24 23:22:57.675  4131  4131 D wpa_supplicant: CTRL-DEBUG: global_ctrl_sock-sendto: sock=12 sndbuf=212992 outq=0 send_len=48
09-24 23:22:57.724  1331  4402 D GpsLocationProvider: reportNmea $GPGSV,2,1,07,01,00,000,,03,13,319,,06,00,000,,10,17,180,*7E  timestamp = 1506266577724
09-24 23:22:57.725  1331  4402 D GpsLocationProvider: reportNmea $GPGSV,2,2,07,12,09,037,,14,79,016,,16,00,000,*4B  timestamp = 1506266577724
09-24 23:22:57.725  1331  4402 D GpsLocationProvider: reportNmea $GLGSV,3,1,12,74,00,000,,70,73,284,,82,00,000,,73,34,246,*63  timestamp = 1506266577725
09-24 23:22:57.725  1331  4402 D GpsLocationProvider: reportNmea $GLGSV,3,2,12,80,69,329,,79,21,039,,69,37,164,,88,04,022,*63  timestamp = 1506266577725
09-24 23:22:57.725  1331  4402 D GpsLocationProvider: reportNmea $GLGSV,3,3,12,87,00,000,,81,06,068,,71,24,326,,68,00,000,*61  timestamp = 1506266577725
09-24 23:22:57.725  1331  4402 D GpsLocationProvider: reportNmea $GPGSA,A,1,,,,,,,,,,,,,,,*1E  timestamp = 1506266577725
09-24 23:22:57.725  1331  4402 D GpsLocationProvider: reportNmea $GPVTG,,T,,M,,N,,K,N*2C  timestamp = 1506266577725
09-24 23:22:57.725  1331  4402 D GpsLocationProvider: reportNmea $GPRMC,,V,,,,,,,,,,N*53  timestamp = 1506266577725
09-24 23:22:57.725  1331  4402 D GpsLocationProvider: reportNmea $GPGGA,,,,,,0,,,,,,,,*66  timestamp = 1506266577725
09-24 23:22:58.722  1331  4402 D GpsLocationProvider: reportNmea $GPGSV,2,1,07,01,00,000,,03,13,319,,06,00,000,,10,17,180,*7E  timestamp = 1506266578722
09-24 23:22:58.723  1331  4402 D GpsLocationProvider: reportNmea $GPGSV,2,2,07,12,09,037,,14,79,016,,16,00,000,*4B  timestamp = 1506266578722
09-24 23:22:58.723  1331  4402 D GpsLocationProvider: reportNmea $GLGSV,3,1,12,74,00,000,,70,73,284,,82,00,000,,73,34,246,*63  timestamp = 1506266578723
09-24 23:22:58.723  1331  4402 D GpsLocationProvider: reportNmea $GLGSV,3,2,12,80,69,329,,79,21,039,,69,37,164,,88,04,022,*63  timestamp = 1506266578723
09-24 23:22:58.723  1331  4402 D GpsLocationProvider: reportNmea $GLGSV,3,3,12,87,00,000,,81,06,068,,71,24,326,,68,00,000,*61  timestamp = 1506266578723
09-24 23:22:58.725  1331  4402 D GpsLocationProvider: reportNmea $GPGSA,A,1,,,,,,,,,,,,,,,*1E  timestamp = 1506266578725
09-24 23:22:58.725  1331  4402 D GpsLocationProvider: reportNmea $GPVTG,,T,,M,,N,,K,N*2C  timestamp = 1506266578725
09-24 23:22:58.725  1331  4402 D GpsLocationProvider: reportNmea $GPRMC,,V,,,,,,,,,,N*53  timestamp = 1506266578725
09-24 23:22:58.725  1331  4402 D GpsLocationProvider: reportNmea $GPGGA,,,,,,0,,,,,,,,*66  timestamp = 1506266578725
09-24 23:22:58.955   357   357 W auditd  : type=1400 "ps""/proc/350""proc"
09-24 23:22:58.962   357   357 W auditd  : type=1400 "ps""task""proc"
09-24 23:22:59.200  7871  7871 D AndroidRuntime: >>>>>> START com.android.internal.os.RuntimeInit uid 2000 <<<<<<
09-24 23:22:59.210  7871  7871 D AndroidRuntime: CheckJNI is OFF
09-24 23:22:59.301  7871  7871 D ICU     : No timezone override file found: /data/misc/zoneinfo/current/icu/icu_tzdata.dat
09-24 23:22:59.383  7871  7871 I Radio-JNI: register_android_hardware_Radio DONE
09-24 23:22:59.444  7871  7871 D AndroidRuntime: Calling main entry com.android.commands.input.Input
09-24 23:22:59.448  7871  7871 I Input   : injectKeyEvent: KeyEvent { action=ACTION_DOWN, keyCode=KEYCODE_BACK, scanCode=0, metaState=0, flags=0x0, repeatCount=0, eventTime=25305394, downTime=25305394, deviceId=-1, source=0x101 }
09-24 23:22:59.457  7871  7871 I Input   : injectKeyEvent: KeyEvent { action=ACTION_UP, keyCode=KEYCODE_BACK, scanCode=0, metaState=0, flags=0x0, repeatCount=0, eventTime=25305394, downTime=25305394, deviceId=-1, source=0x101 }
09-24 23:22:59.461  3889  3889 D PhoneStatusBar: setSystemUiVisibility vis=600 mask=ffffffff oldVal=0 newVal=600 diff=600
09-24 23:22:59.462  3889  3889 D PhoneStatusBar: setSystemUiVisibility vis=8600 mask=ffffffff oldVal=600 newVal=8600 diff=8000
09-24 23:22:59.462  3889  3889 D PhoneStatusBar: checkBarMode:powerSave=false, getBarState()=0
09-24 23:22:59.462  3889  3889 D BarTransitions.PhoneStatusBarView: MODE_OPAQUE -> MODE_TRANSPARENT animate=true
09-24 23:22:59.462  3889  3889 D BarTransitions.PhoneStatusBarView: applyModeBackground oldMode=MODE_OPAQUE newMode=MODE_TRANSPARENT animate=true
09-24 23:22:59.463  3889  3889 I StatusBarIconController: setIconsDark dark:false animate:true currentDark:false mTransitionPending:false mTransitionDeferring:false mPendingDarkIntensity:0.0
09-24 23:22:59.463  3889  3889 I StatusBarIconController: animateIconTint:0.0 mDarkIntensity:0.0
09-24 23:22:59.475  3889  3889 D BarBackgroundDrawable: BarTransitions: draw: mode=MODE_TRANSPARENT, targetColor=0x0
09-24 23:22:59.476  3889  3889 D BarBackgroundDrawable: BarTransitions: drawColor:0xed000000
09-24 23:22:59.487  1331  3827 I ActivityManager_Thumbnails: Setting thumbnail of ActivityRecord{4a7641b u0 com.HomeCleaningGames/com.startapp.android.publish.AppWallActivity t1595 f} to android.graphics.Bitmap@70d50e8
09-24 23:22:59.490   357   357 W auditd  : type=1400 "Binder_6""socket:[1618372]""sockfs"
09-24 23:22:59.491   357   357 W auditd  : type=1400 "Binder_6""socket:[1618372]""sockfs"
09-24 23:22:59.490  7871  7871 D AndroidRuntime: Shutting down VM
09-24 23:22:59.503  7421  7506 E AbstractTracker: Can't create handler inside thread that has not called Looper.prepare()
09-24 23:22:59.503  7421  7506 D AppTracker: App Event: stop
09-24 23:22:59.505  1331  4584 D ActivityManager: mImportantUids connections =1000 by uid = 10401 ConnectionRecord =ConnectionRecord{51b305 u0 CR FGSA io.github.ylimit.droidbotapp/io.github.privacystreams.accessibility.PSAccessibilityService:@a5de7c}
09-24 23:22:59.505  1331  4584 D ActivityManager: mImportantUids connections =1000 by uid = 10401 ConnectionRecord =ConnectionRecord{e0d66 u0 CR !FG UI !VIS io.github.ylimit.droidbotapp/.DroidBotIME:@b0591c1}
09-24 23:22:59.523  3889  3889 D BarBackgroundDrawable: BarTransitions: draw: mode=MODE_TRANSPARENT, targetColor=0x0
09-24 23:22:59.523  3889  3889 D BarBackgroundDrawable: BarTransitions: drawColor:0xb1000000
09-24 23:22:59.527  3889  3889 I StatusBarIconController:  appTransitionPending
09-24 23:22:59.527  3889  3889 I StatusBarIconController: appTransitionStarting
09-24 23:22:59.528  3889  3889 D BarBackgroundDrawable: BarTransitions: draw: mode=MODE_TRANSPARENT, targetColor=0x0
09-24 23:22:59.528  3889  3889 D BarBackgroundDrawable: BarTransitions: drawColor:0xaa000000
09-24 23:22:59.545  3889  3889 D BarBackgroundDrawable: BarTransitions: draw: mode=MODE_TRANSPARENT, targetColor=0x0
09-24 23:22:59.545  3889  3889 D BarBackgroundDrawable: BarTransitions: drawColor:0x95000000
09-24 23:22:59.557 25549 25549 D Launcher: onResume
09-24 23:22:59.560  3889  3889 D BarBackgroundDrawable: BarTransitions: draw: mode=MODE_TRANSPARENT, targetColor=0x0
09-24 23:22:59.561  3889  3889 D BarBackgroundDrawable: BarTransitions: drawColor:0x80000000
09-24 23:22:59.571 25549 25549 D Launcher: DynamicIcon doWorkspaceOrFolderIconAnimation be enter
09-24 23:22:59.571 25549 25549 D Launcher.Workspace: DynamicIcon Workspace updateCurrentPageIconState success
09-24 23:22:59.571 25549 25549 D CellLayout: DynamicIcon CellLayout updateDynamicIconState should Update = true
09-24 23:22:59.571 25549 25791 E AbstractTracker: Can't create handler inside thread that has not called Looper.prepare()
09-24 23:22:59.571 25549 25791 D AppTracker: App Event: start
09-24 23:22:59.575  3889  3889 D BarBackgroundDrawable: BarTransitions: draw: mode=MODE_TRANSPARENT, targetColor=0x0
09-24 23:22:59.575  3889  3889 D BarBackgroundDrawable: BarTransitions: drawColor:0x6d000000
09-24 23:22:59.596  3889  3889 D BarBackgroundDrawable: BarTransitions: draw: mode=MODE_TRANSPARENT, targetColor=0x0
09-24 23:22:59.599  3889  3889 D BarBackgroundDrawable: BarTransitions: drawColor:0x50000000
09-24 23:22:59.645  3889  3889 D BarBackgroundDrawable: BarTransitions: draw: mode=MODE_TRANSPARENT, targetColor=0x0
09-24 23:22:59.645  3889  3889 D BarBackgroundDrawable: BarTransitions: drawColor:0x15000000
09-24 23:22:59.659  3889  3889 D BarBackgroundDrawable: BarTransitions: draw: mode=MODE_TRANSPARENT, targetColor=0x0
09-24 23:22:59.659  3889  3889 D BarBackgroundDrawable: BarTransitions: drawColor:0x3000000
09-24 23:22:59.678  3889  3889 D BarBackgroundDrawable: BarTransitions: draw: mode=MODE_TRANSPARENT, targetColor=0x0
09-24 23:22:59.718  1331  1339 I art     : Background partial concurrent mark sweep GC freed 21547(1874KB) AllocSpace objects, 15(300KB) LOS objects, 33% free, 28MB/42MB, paused 3.260ms total 236.024ms
09-24 23:22:59.729  1331  4402 D GpsLocationProvider: reportNmea $GPGSV,2,1,07,01,00,000,,03,13,319,,06,00,000,,10,17,180,*7E  timestamp = 1506266579729
09-24 23:22:59.729  1331  4402 D GpsLocationProvider: reportNmea $GPGSV,2,2,07,12,09,037,,14,79,016,,16,00,000,*4B  timestamp = 1506266579729
09-24 23:22:59.729  1331  4402 D GpsLocationProvider: reportNmea $GLGSV,3,1,12,74,00,000,,70,73,284,,82,00,000,,73,34,246,*63  timestamp = 1506266579729
09-24 23:22:59.729  1331  4402 D GpsLocationProvider: reportNmea $GLGSV,3,2,12,80,69,329,,79,21,039,,69,37,164,,88,04,022,*63  timestamp = 1506266579729
09-24 23:22:59.729  1331  4402 D GpsLocationProvider: reportNmea $GLGSV,3,3,12,87,00,000,,81,06,068,,71,24,326,,68,00,000,*61  timestamp = 1506266579729
09-24 23:22:59.729  1331  4402 D GpsLocationProvider: reportNmea $GPGSA,A,1,,,,,,,,,,,,,,,*1E  timestamp = 1506266579729
09-24 23:22:59.729  1331  4402 D GpsLocationProvider: reportNmea $GPVTG,,T,,M,,N,,K,N*2C  timestamp = 1506266579729
09-24 23:22:59.729  1331  4402 D GpsLocationProvider: reportNmea $GPRMC,,V,,,,,,,,,,N*53  timestamp = 1506266579729
09-24 23:22:59.729  1331  4402 D GpsLocationProvider: reportNmea $GPGGA,,,,,,0,,,,,,,,*66  timestamp = 1506266579729
09-24 23:22:59.772  1331  4620 D ActivityManager: mImportantUids connections =1000 by uid = 10401 ConnectionRecord =ConnectionRecord{51b305 u0 CR FGSA io.github.ylimit.droidbotapp/io.github.privacystreams.accessibility.PSAccessibilityService:@a5de7c}
09-24 23:22:59.772  1331  4620 D ActivityManager: mImportantUids connections =1000 by uid = 10401 ConnectionRecord =ConnectionRecord{e0d66 u0 CR !FG UI !VIS io.github.ylimit.droidbotapp/.DroidBotIME:@b0591c1}
09-24 23:22:59.794  1331  4620 D ActivityManager: mImportantUids connections =1000 by uid = 10401 ConnectionRecord =ConnectionRecord{51b305 u0 CR FGSA io.github.ylimit.droidbotapp/io.github.privacystreams.accessibility.PSAccessibilityService:@a5de7c}
09-24 23:22:59.794  1331  4620 D ActivityManager: mImportantUids connections =1000 by uid = 10401 ConnectionRecord =ConnectionRecord{e0d66 u0 CR !FG UI !VIS io.github.ylimit.droidbotapp/.DroidBotIME:@b0591c1}
09-24 23:23:00.000  1331  3759 V AlarmManager: Triggering alarm #0: Alarm{ac25301 type 3 when 25305947 android}operation =Intent { act=android.intent.action.TIME_TICK flg=0x50000000 }
09-24 23:23:00.002  1331  1331 D ActivityManager: mImportantUids connections =1000 by uid = 10401 ConnectionRecord =ConnectionRecord{51b305 u0 CR FGSA io.github.ylimit.droidbotapp/io.github.privacystreams.accessibility.PSAccessibilityService:@a5de7c}
09-24 23:23:00.002  1331  1331 D ActivityManager: mImportantUids connections =1000 by uid = 10401 ConnectionRecord =ConnectionRecord{e0d66 u0 CR !FG UI !VIS io.github.ylimit.droidbotapp/.DroidBotIME:@b0591c1}
09-24 23:23:00.006   774   774 I MSM-irqbalance: Decided to move IRQ304 from CPU3 to CPU2
09-24 23:23:00.014  1331  4584 D ActivityManager: mImportantUids connections =1000 by uid = 10401 ConnectionRecord =ConnectionRecord{51b305 u0 CR FGSA io.github.ylimit.droidbotapp/io.github.privacystreams.accessibility.PSAccessibilityService:@a5de7c}
09-24 23:23:00.014  1331  4584 D ActivityManager: mImportantUids connections =1000 by uid = 10401 ConnectionRecord =ConnectionRecord{e0d66 u0 CR !FG UI !VIS io.github.ylimit.droidbotapp/.DroidBotIME:@b0591c1}
09-24 23:23:00.035  1331  4398 D ActivityManager: mImportantUids connections =1000 by uid = 10401 ConnectionRecord =ConnectionRecord{51b305 u0 CR FGSA io.github.ylimit.droidbotapp/io.github.privacystreams.accessibility.PSAccessibilityService:@a5de7c}
09-24 23:23:00.035  1331  4398 D ActivityManager: mImportantUids connections =1000 by uid = 10401 ConnectionRecord =ConnectionRecord{e0d66 u0 CR !FG UI !VIS io.github.ylimit.droidbotapp/.DroidBotIME:@b0591c1}
09-24 23:23:00.048  1331  4620 D ActivityManager: mImportantUids connections =1000 by uid = 10401 ConnectionRecord =ConnectionRecord{51b305 u0 CR FGSA io.github.ylimit.droidbotapp/io.github.privacystreams.accessibility.PSAccessibilityService:@a5de7c}
09-24 23:23:00.048  1331  4620 D ActivityManager: mImportantUids connections =1000 by uid = 10401 ConnectionRecord =ConnectionRecord{e0d66 u0 CR !FG UI !VIS io.github.ylimit.droidbotapp/.DroidBotIME:@b0591c1}
09-24 23:23:00.064  1331  4614 D ActivityManager: mImportantUids connections =1000 by uid = 10401 ConnectionRecord =ConnectionRecord{51b305 u0 CR FGSA io.github.ylimit.droidbotapp/io.github.privacystreams.accessibility.PSAccessibilityService:@a5de7c}
09-24 23:23:00.064  1331  4614 D ActivityManager: mImportantUids connections =1000 by uid = 10401 ConnectionRecord =ConnectionRecord{e0d66 u0 CR !FG UI !VIS io.github.ylimit.droidbotapp/.DroidBotIME:@b0591c1}
09-24 23:23:00.076  1331  4614 D ActivityManager: mImportantUids connections =1000 by uid = 10401 ConnectionRecord =ConnectionRecord{51b305 u0 CR FGSA io.github.ylimit.droidbotapp/io.github.privacystreams.accessibility.PSAccessibilityService:@a5de7c}
09-24 23:23:00.076  1331  4614 D ActivityManager: mImportantUids connections =1000 by uid = 10401 ConnectionRecord =ConnectionRecord{e0d66 u0 CR !FG UI !VIS io.github.ylimit.droidbotapp/.DroidBotIME:@b0591c1}
09-24 23:23:00.098  1331  4614 D ActivityManager: mImportantUids connections =1000 by uid = 10401 ConnectionRecord =ConnectionRecord{51b305 u0 CR FGSA io.github.ylimit.droidbotapp/io.github.privacystreams.accessibility.PSAccessibilityService:@a5de7c}
09-24 23:23:00.098  1331  4614 D ActivityManager: mImportantUids connections =1000 by uid = 10401 ConnectionRecord =ConnectionRecord{e0d66 u0 CR !FG UI !VIS io.github.ylimit.droidbotapp/.DroidBotIME:@b0591c1}
09-24 23:23:00.108  1331  4614 D ActivityManager: mImportantUids connections =1000 by uid = 10401 ConnectionRecord =ConnectionRecord{51b305 u0 CR FGSA io.github.ylimit.droidbotapp/io.github.privacystreams.accessibility.PSAccessibilityService:@a5de7c}
09-24 23:23:00.108  1331  4614 D ActivityManager: mImportantUids connections =1000 by uid = 10401 ConnectionRecord =ConnectionRecord{e0d66 u0 CR !FG UI !VIS io.github.ylimit.droidbotapp/.DroidBotIME:@b0591c1}
09-24 23:23:00.124  1331  4614 D ActivityManager: mImportantUids connections =1000 by uid = 10401 ConnectionRecord =ConnectionRecord{51b305 u0 CR FGSA io.github.ylimit.droidbotapp/io.github.privacystreams.accessibility.PSAccessibilityService:@a5de7c}
09-24 23:23:00.125  1331  4614 D ActivityManager: mImportantUids connections =1000 by uid = 10401 ConnectionRecord =ConnectionRecord{e0d66 u0 CR !FG UI !VIS io.github.ylimit.droidbotapp/.DroidBotIME:@b0591c1}
09-24 23:23:00.133  1331  4614 D ActivityManager: mImportantUids connections =1000 by uid = 10401 ConnectionRecord =ConnectionRecord{51b305 u0 CR FGSA io.github.ylimit.droidbotapp/io.github.privacystreams.accessibility.PSAccessibilityService:@a5de7c}
09-24 23:23:00.133  1331  4614 D ActivityManager: mImportantUids connections =1000 by uid = 10401 ConnectionRecord =ConnectionRecord{e0d66 u0 CR !FG UI !VIS io.github.ylimit.droidbotapp/.DroidBotIME:@b0591c1}
09-24 23:23:00.139  1331  4614 D ActivityManager: mImportantUids connections =1000 by uid = 10401 ConnectionRecord =ConnectionRecord{51b305 u0 CR FGSA io.github.ylimit.droidbotapp/io.github.privacystreams.accessibility.PSAccessibilityService:@a5de7c}
09-24 23:23:00.139  1331  4614 D ActivityManager: mImportantUids connections =1000 by uid = 10401 ConnectionRecord =ConnectionRecord{e0d66 u0 CR !FG UI !VIS io.github.ylimit.droidbotapp/.DroidBotIME:@b0591c1}
09-24 23:23:00.152  1331  4614 D ActivityManager: mImportantUids connections =1000 by uid = 10401 ConnectionRecord =ConnectionRecord{51b305 u0 CR FGSA io.github.ylimit.droidbotapp/io.github.privacystreams.accessibility.PSAccessibilityService:@a5de7c}
09-24 23:23:00.153  1331  4614 D ActivityManager: mImportantUids connections =1000 by uid = 10401 ConnectionRecord =ConnectionRecord{e0d66 u0 CR !FG UI !VIS io.github.ylimit.droidbotapp/.DroidBotIME:@b0591c1}
09-24 23:23:00.168  1331  4614 D ActivityManager: mImportantUids connections =1000 by uid = 10401 ConnectionRecord =ConnectionRecord{51b305 u0 CR FGSA io.github.ylimit.droidbotapp/io.github.privacystreams.accessibility.PSAccessibilityService:@a5de7c}
09-24 23:23:00.168  1331  4614 D ActivityManager: mImportantUids connections =1000 by uid = 10401 ConnectionRecord =ConnectionRecord{e0d66 u0 CR !FG UI !VIS io.github.ylimit.droidbotapp/.DroidBotIME:@b0591c1}
09-24 23:23:00.173  1331  4614 D ActivityManager: mImportantUids connections =1000 by uid = 10401 ConnectionRecord =ConnectionRecord{51b305 u0 CR FGSA io.github.ylimit.droidbotapp/io.github.privacystreams.accessibility.PSAccessibilityService:@a5de7c}
09-24 23:23:00.173  1331  4614 D ActivityManager: mImportantUids connections =1000 by uid = 10401 ConnectionRecord =ConnectionRecord{e0d66 u0 CR !FG UI !VIS io.github.ylimit.droidbotapp/.DroidBotIME:@b0591c1}
09-24 23:23:00.536  3889  3889 D SystemServicesProxy: exclude com.android.packageinstaller
09-24 23:23:00.536  3889  3889 D SystemServicesProxy: add 9 Task
09-24 23:23:00.536  3889  3889 D RecentsTaskLoadPlan: preloadPlan, 9
09-24 23:23:00.601   357   357 W auditd  : type=1400 "ps""/proc/350""proc"
09-24 23:23:00.603   357   357 W auditd  : type=1400 "ps""task""proc"
09-24 23:23:00.687  4131  4131 D wpa_supplicant: wlan0: Control interface command 'SIGNAL_POLL'
09-24 23:23:00.689  4131  4131 D wpa_supplicant: CTRL-DEBUG: global_ctrl_sock-sendto: sock=12 sndbuf=212992 outq=0 send_len=48
09-24 23:23:00.723  1331  4402 D GpsLocationProvider: reportNmea $GPGSV,2,1,07,01,00,000,,03,13,319,,06,00,000,,10,17,180,*7E  timestamp = 1506266580723
09-24 23:23:00.723  1331  4402 D GpsLocationProvider: reportNmea $GPGSV,2,2,07,12,09,037,,14,79,016,,16,00,000,*4B  timestamp = 1506266580723
09-24 23:23:00.724  1331  4402 D GpsLocationProvider: reportNmea $GLGSV,3,1,12,74,00,000,,70,73,284,,82,00,000,,73,34,246,*63  timestamp = 1506266580724
09-24 23:23:00.724  1331  4402 D GpsLocationProvider: reportNmea $GLGSV,3,2,12,80,69,329,,79,21,039,,69,37,164,,88,04,022,*63  timestamp = 1506266580724
09-24 23:23:00.724  1331  4402 D GpsLocationProvider: reportNmea $GLGSV,3,3,12,87,00,000,,81,06,068,,71,24,326,,68,00,000,*61  timestamp = 1506266580724
09-24 23:23:00.726  1331  4402 D GpsLocationProvider: reportNmea $GPGSA,A,1,,,,,,,,,,,,,,,*1E  timestamp = 1506266580726
09-24 23:23:00.726  1331  4402 D GpsLocationProvider: reportNmea $GPVTG,,T,,M,,N,,K,N*2C  timestamp = 1506266580726
09-24 23:23:00.726  1331  4402 D GpsLocationProvider: reportNmea $GPRMC,,V,,,,,,,,,,N*53  timestamp = 1506266580726
09-24 23:23:00.726  1331  4402 D GpsLocationProvider: reportNmea $GPGGA,,,,,,0,,,,,,,,*66  timestamp = 1506266580726
09-24 23:23:00.954  1331  3770 D NtpTrustedTime: currentTimeMillis() cache hit
09-24 23:23:00.962  1331  3770 I TetherStatsReporting: getTetherStats() called NetworkStats: elapsedRealtime=25306901
09-24 23:23:00.962  1331  3770 I TetherStatsReporting:   [0] iface=wlan0 uid=0 set=DEFAULT tag=0x0 rxBytes=2673287 rxPackets=12755 txBytes=448051 txPackets=9609 operations=0
09-24 23:23:00.962  1331  3770 I TetherStatsReporting:   [1] iface=wlan0 uid=0 set=FOREGROUND tag=0x0 rxBytes=0 rxPackets=0 txBytes=0 txPackets=0 operations=0
09-24 23:23:00.962  1331  3770 I TetherStatsReporting:   [2] iface=wlan0 uid=1000 set=DEFAULT tag=0x0 rxBytes=598264 rxPackets=578 txBytes=71332 txPackets=638 operations=0
09-24 23:23:00.962  1331  3770 I TetherStatsReporting:   [3] iface=wlan0 uid=1000 set=FOREGROUND tag=0x0 rxBytes=0 rxPackets=0 txBytes=0 txPackets=0 operations=0
09-24 23:23:00.962  1331  3770 I TetherStatsReporting:   [4] iface=wlan0 uid=10002 set=DEFAULT tag=0x0 rxBytes=1232 rxPackets=4 txBytes=551 txPackets=5 operations=0
09-24 23:23:00.962  1331  3770 I TetherStatsReporting:   [5] iface=wlan0 uid=10002 set=FOREGROUND tag=0x0 rxBytes=0 rxPackets=0 txBytes=0 txPackets=0 operations=0
09-24 23:23:00.962  1331  3770 I TetherStatsReporting:   [6] iface=wlan0 uid=10013 set=DEFAULT tag=0x0 rxBytes=121757 rxPackets=826 txBytes=197265 txPackets=1305 operations=0
09-24 23:23:00.962  1331  3770 I TetherStatsReporting:   [7] iface=wlan0 uid=10013 set=FOREGROUND tag=0x0 rxBytes=2260233 rxPackets=2173 txBytes=199421 txPackets=2310 operations=0
09-24 23:23:00.962  1331  3770 I TetherStatsReporting:   [8] iface=wlan0 uid=10018 set=DEFAULT tag=0x0 rxBytes=1432 rxPackets=10 txBytes=2549 txPackets=13 operations=0
09-24 23:23:00.962  1331  3770 I TetherStatsReporting:   [9] iface=wlan0 uid=10018 set=FOREGROUND tag=0x0 rxBytes=0 rxPackets=0 txBytes=0 txPackets=0 operations=0
09-24 23:23:00.962  1331  3770 I TetherStatsReporting:   [10] iface=wlan0 uid=10048 set=DEFAULT tag=0x0 rxBytes=286 rxPackets=4 txBytes=1253 txPackets=6 operations=0
09-24 23:23:00.962  1331  3770 I TetherStatsReporting:   [11] iface=wlan0 uid=10048 set=FOREGROUND tag=0x0 rxBytes=0 rxPackets=0 txBytes=0 txPackets=0 operations=0
09-24 23:23:00.962  1331  3770 I TetherStatsReporting:   [12] iface=wlan0 uid=10062 set=DEFAULT tag=0x0 rxBytes=5406057 rxPackets=5076 txBytes=499879 txPackets=6022 operations=0
09-24 23:23:00.962  1331  3770 I TetherStatsReporting:   [13] iface=wlan0 uid=10062 set=FOREGROUND tag=0x0 rxBytes=7588368 rxPackets=9108 txBytes=1750283 txPackets=10959 operations=0
09-24 23:23:00.962  1331  3770 I TetherStatsReporting:   [14] iface=wlan0 uid=10066 set=DEFAULT tag=0x0 rxBytes=11781 rxPackets=53 txBytes=13888 txPackets=70 operations=0
09-24 23:23:00.962  1331  3770 I TetherStatsReporting:   [15] iface=wlan0 uid=10066 set=FOREGROUND tag=0x0 rxBytes=0 rxPackets=0 txBytes=0 txPackets=0 operations=0
09-24 23:23:00.962  1331  3770 I TetherStatsReporting:   [16] iface=wlan0 uid=10069 set=DEFAULT tag=0x0 rxBytes=593701 rxPackets=1290 txBytes=192303 txPackets=1625 operations=0
09-24 23:23:00.962  1331  3770 I TetherStatsReporting:   [17] iface=wlan0 uid=10069 set=FOREGROUND tag=0x0 rxBytes=0 rxPackets=0 txBytes=0 txPackets=0 operations=0
09-24 23:23:00.962  1331  3770 I TetherStatsReporting:   [18] iface=wlan0 uid=10071 set=DEFAULT tag=0x0 rxBytes=76 rxPackets=1 txBytes=76 txPackets=1 operations=0
09-24 23:23:00.962  1331  3770 I TetherStatsReporting:   [19] iface=wlan0 uid=10071 set=FOREGROUND tag=0x0 rxBytes=0 rxPackets=0 txBytes=0 txPackets=0 operations=0
09-24 23:23:00.962  1331  3770 I TetherStatsReporting:   [20] iface=wlan0 uid=10072 set=DEFAULT tag=0x0 rxBytes=7739 rxPackets=8 txBytes=756 txPackets=10 operations=0
09-24 23:23:00.962  1331  3770 I TetherStatsReporting:   [21] iface=wlan0 uid=10072 set=FOREGROUND tag=0x0 rxBytes=0 rxPackets=0 txBytes=0 txPackets=0 operations=0
09-24 23:23:00.962  1331  3770 I TetherStatsReporting:   [22] iface=wlan0 uid=10094 set=DEFAULT tag=0x0 rxBytes=726 rxPackets=4 txBytes=1562 txPackets=6 operations=0
09-24 23:23:00.962  1331  3770 I TetherStatsReporting:   [23] iface=wlan0 uid=10094 set=FOREGROUND tag=0x0 rxBytes=0 rxPackets=0 txBytes=0 txPackets=0 operations=0
09-24 23:23:00.962  1331  3770 I TetherStatsReporting:   [24] iface=wlan0 uid=10096 set=DEFAULT tag=0x0 rxBytes=21002 rxPackets=133 txBytes=49439 txPackets=224 operations=0
09-24 23:23:00.962  1331  3770 I TetherStatsReporting:   [25] iface=wlan0 uid=10096 set=FOREGROUND tag=0x0 rxBytes=24732 rxPackets=113 txBytes=33172 txPackets=147 operations=0
