09-24 23:23:00.962  1331  3770 I TetherStatsReporting:   [26] iface=wlan0 uid=10197 set=DEFAULT tag=0x0 rxBytes=2100024 rxPackets=13261 txBytes=1467796 txPackets=16441 operations=0
09-24 23:23:00.962  1331  3770 I TetherStatsReporting:   [27] iface=wlan0 uid=10197 set=FOREGROUND tag=0x0 rxBytes=995689 rxPackets=2506 txBytes=280380 txPackets=2975 operations=0
09-24 23:23:00.962  1331  3770 I TetherStatsReporting:   [28] iface=wlan0 uid=10540 set=DEFAULT tag=0x0 rxBytes=104 rxPackets=2 txBytes=191 txPackets=4 operations=0
09-24 23:23:00.962  1331  3770 I TetherStatsReporting:   [29] iface=wlan0 uid=10540 set=FOREGROUND tag=0x0 rxBytes=678022 rxPackets=756 txBytes=70049 txPackets=799 operations=0
09-24 23:23:00.962  1331  3770 I TetherStatsReporting:   [30] iface=wlan0 uid=10066 set=DEFAULT tag=0x3c9bead5 rxBytes=4617 rxPackets=12 txBytes=1696 txPackets=16 operations=0
09-24 23:23:00.962  1331  3770 I TetherStatsReporting:   [31] iface=wlan0 uid=10066 set=FOREGROUND tag=0x3c9bead5 rxBytes=0 rxPackets=0 txBytes=0 txPackets=0 operations=0
09-24 23:23:00.962  1331  3770 I TetherStatsReporting:   [32] iface=dummy0 uid=0 set=DEFAULT tag=0x0 rxBytes=0 rxPackets=0 txBytes=168 txPackets=3 operations=0
09-24 23:23:00.962  1331  3770 I TetherStatsReporting:   [33] iface=dummy0 uid=0 set=FOREGROUND tag=0x0 rxBytes=0 rxPackets=0 txBytes=0 txPackets=0 operations=0
09-24 23:23:00.962  1331  3770 I TetherStatsReporting:   [34] iface=lo uid=0 set=DEFAULT tag=0x0 rxBytes=525141 rxPackets=851 txBytes=27348 txPackets=572 opera
09-24 23:23:00.963  1331  3770 I TetherStatsReporting: combining tether stats
09-24 23:23:00.963  4623  4701 D QtiTetherService/IpaWrapper: getStats(false)
09-24 23:23:00.965  1331  3770 D NtpTrustedTime: currentTimeMillis() cache hit
09-24 23:23:00.966  1331  3771 D NtpTrustedTime: currentTimeMillis() cache hit
09-24 23:23:00.966  1331  3771 D NtpTrustedTime: currentTimeMillis() cache hit
09-24 23:23:01.278 12623 12633 I art     : Background partial concurrent mark sweep GC freed 86171(3MB) AllocSpace objects, 130(8MB) LOS objects, 40% free, 11MB/19MB, paused 650us total 193.651ms
09-24 23:23:01.724  1331  4402 D GpsLocationProvider: reportNmea $GPGSV,2,1,07,01,00,000,,03,13,319,,06,00,000,,10,17,180,*7E  timestamp = 1506266581723
09-24 23:23:01.724  1331  4402 D GpsLocationProvider: reportNmea $GPGSV,2,2,07,12,09,037,,14,79,016,,16,00,000,*4B  timestamp = 1506266581724
09-24 23:23:01.724  1331  4402 D GpsLocationProvider: reportNmea $GLGSV,3,1,12,74,00,000,,70,73,284,,82,00,000,,73,34,246,*63  timestamp = 1506266581724
09-24 23:23:01.724  1331  4402 D GpsLocationProvider: reportNmea $GLGSV,3,2,12,80,69,329,,79,21,039,,69,37,164,,88,04,022,*63  timestamp = 1506266581724
09-24 23:23:01.724  1331  4402 D GpsLocationProvider: reportNmea $GLGSV,3,3,12,87,00,000,,81,06,068,,71,24,326,,68,00,000,*61  timestamp = 1506266581724
09-24 23:23:01.725  1331  4402 D GpsLocationProvider: reportNmea $GPGSA,A,1,,,,,,,,,,,,,,,*1E  timestamp = 1506266581725
09-24 23:23:01.725  1331  4402 D GpsLocationProvider: reportNmea $GPVTG,,T,,M,,N,,K,N*2C  timestamp = 1506266581725
09-24 23:23:01.725  1331  4402 D GpsLocationProvider: reportNmea $GPRMC,,V,,,,,,,,,,N*53  timestamp = 1506266581725
09-24 23:23:01.725  1331  4402 D GpsLocationProvider: reportNmea $GPGGA,,,,,,0,,,,,,,,*66  timestamp = 1506266581725
09-24 23:23:02.168   357   357 W auditd  : type=1400 "ps""/proc/350""proc"
09-24 23:23:02.169   357   357 W auditd  : type=1400 "ps""task""proc"
09-24 23:23:02.643 25549 25549 W ResourceType: No package identifier when getting name for resource number 0x00000001
09-24 23:23:02.644 25549 25549 W ResourceType: No package identifier when getting name for resource number 0x00000003
09-24 23:23:02.644 25549 25549 W ResourceType: No package identifier when getting name for resource number 0x00000004
09-24 23:23:02.645 25549 25549 W ResourceType: No package identifier when getting name for resource number 0x00000005
09-24 23:23:02.646 25549 25549 W ResourceType: No package identifier when getting name for resource number 0x00000006
09-24 23:23:02.646 25549 25549 W ResourceType: No package identifier when getting name for resource number 0x00000007
09-24 23:23:02.647 25549 25549 W ResourceType: No package identifier when getting name for resource number 0x00000008
09-24 23:23:02.647 25549 25549 W ResourceType: No package identifier when getting name for resource number 0x00000009
09-24 23:23:02.648 25549 25549 W ResourceType: No package identifier when getting name for resource number 0x0000000a
09-24 23:23:02.649 25549 25549 W ResourceType: No package identifier when getting name for resource number 0x0000000b
09-24 23:23:02.650 25549 25549 W ResourceType: No package identifier when getting name for resource number 0x00000019
09-24 23:23:02.650 25549 25549 W ResourceType: No package identifier when getting name for resource number 0x0000001a
09-24 23:23:02.651 25549 25549 W ResourceType: No package identifier when getting name for resource number 0x0000001b
09-24 23:23:02.652 25549 25549 W ResourceType: No package identifier when getting name for resource number 0x0000001c
09-24 23:23:02.652 25549 25549 W ResourceType: No package identifier when getting name for resource number 0x0000001d
09-24 23:23:02.657 25549 25549 W ResourceType: No package identifier when getting name for resource number 0x0000001e
09-24 23:23:02.658 25549 25549 W ResourceType: No package identifier when getting name for resource number 0x0000002b
09-24 23:23:02.658 25549 25549 W ResourceType: No package identifier when getting name for resource number 0x0000000b
09-24 23:23:02.659 25549 25549 W ResourceType: No package identifier when getting name for resource number 0x0000000c
09-24 23:23:02.659 25549 25549 W ResourceType: No package identifier when getting name for resource number 0x0000000d
09-24 23:23:02.660 25549 25549 W ResourceType: No package identifier when getting name for resource number 0x00000018
09-24 23:23:02.724  1331  4402 D GpsLocationProvider: reportNmea $GPGSV,2,1,07,01,00,000,,03,13,319,,06,00,000,,10,17,180,*7E  timestamp = 1506266582724
09-24 23:23:02.724  1331  4402 D GpsLocationProvider: reportNmea $GPGSV,2,2,07,12,09,037,,14,79,016,,16,00,000,*4B  timestamp = 1506266582724
09-24 23:23:02.724  1331  4402 D GpsLocationProvider: reportNmea $GLGSV,3,1,12,74,00,000,,70,73,284,,82,00,000,,73,34,246,*63  timestamp = 1506266582724
09-24 23:23:02.724  1331  4402 D GpsLocationProvider: reportNmea $GLGSV,3,2,12,80,69,329,,79,21,039,,69,37,164,,88,04,022,*63  timestamp = 1506266582724
09-24 23:23:02.724  1331  4402 D GpsLocationProvider: reportNmea $GLGSV,3,3,12,87,00,000,,81,06,068,,71,24,326,,68,00,000,*61  timestamp = 1506266582724
09-24 23:23:02.724  1331  4402 D GpsLocationProvider: reportNmea $GPGSA,A,1,,,,,,,,,,,,,,,*1E  timestamp = 1506266582724
09-24 23:23:02.725  1331  4402 D GpsLocationProvider: reportNmea $GPVTG,,T,,M,,N,,K,N*2C  timestamp = 1506266582725
09-24 23:23:02.725  1331  4402 D GpsLocationProvider: reportNmea $GPRMC,,V,,,,,,,,,,N*53  timestamp = 1506266582725
09-24 23:23:02.725  1331  4402 D GpsLocationProvider: reportNmea $GPGGA,,,,,,0,,,,,,,,*66  timestamp = 1506266582725
09-24 23:23:02.907 25549 25549 W ResourceType: No package identifier when getting name for resource number 0x00000001
09-24 23:23:02.908 25549 25549 W ResourceType: No package identifier when getting name for resource number 0x00000003
09-24 23:23:02.909 25549 25549 W ResourceType: No package identifier when getting name for resource number 0x00000004
09-24 23:23:02.909 25549 25549 W ResourceType: No package identifier when getting name for resource number 0x00000005
09-24 23:23:02.910 25549 25549 W ResourceType: No package identifier when getting name for resource number 0x00000006
09-24 23:23:02.910 25549 25549 W ResourceType: No package identifier when getting name for resource number 0x00000007
09-24 23:23:02.911 25549 25549 W ResourceType: No package identifier when getting name for resource number 0x00000008
09-24 23:23:02.911 25549 25549 W ResourceType: No package identifier when getting name for resource number 0x00000009
09-24 23:23:02.912 25549 25549 W ResourceType: No package identifier when getting name for resource number 0x0000000a
09-24 23:23:02.912 25549 25549 W ResourceType: No package identifier when getting name for resource number 0x0000000b
09-24 23:23:02.913 25549 25549 W ResourceType: No package identifier when getting name for resource number 0x00000019
09-24 23:23:02.913 25549 25549 W ResourceType: No package identifier when getting name for resource number 0x0000001a
09-24 23:23:02.914 25549 25549 W ResourceType: No package identifier when getting name for resource number 0x0000001b
09-24 23:23:02.914 25549 25549 W ResourceType: No package identifier when getting name for resource number 0x0000001c
09-24 23:23:02.915 25549 25549 W ResourceType: No package identifier when getting name for resource number 0x0000001d
09-24 23:23:02.915 25549 25549 W ResourceType: No package identifier when getting name for resource number 0x0000001e
09-24 23:23:02.915 25549 25549 W ResourceType: No package identifier when getting name for resource number 0x0000002b
09-24 23:23:02.916 25549 25549 W ResourceType: No package identifier when getting name for resource number 0x0000000b
09-24 23:23:02.916 25549 25549 W ResourceType: No package identifier when getting name for resource number 0x0000000c
09-24 23:23:02.917 25549 25549 W ResourceType: No package identifier when getting name for resource number 0x0000000d
09-24 23:23:02.917 25549 25549 W ResourceType: No package identifier when getting name for resource number 0x00000018
09-24 23:23:03.253 25549 25549 W ResourceType: No package identifier when getting name for resource number 0x00000001
09-24 23:23:03.254 25549 25549 W ResourceType: No package identifier when getting name for resource number 0x00000003
09-24 23:23:03.254 25549 25549 W ResourceType: No package identifier when getting name for resource number 0x00000004
09-24 23:23:03.255 25549 25549 W ResourceType: No package identifier when getting name for resource number 0x00000005
09-24 23:23:03.255 25549 25549 W ResourceType: No package identifier when getting name for resource number 0x00000006
09-24 23:23:03.256 25549 25549 W ResourceType: No package identifier when getting name for resource number 0x00000007
09-24 23:23:03.257 25549 25549 W ResourceType: No package identifier when getting name for resource number 0x00000008
09-24 23:23:03.257 25549 25549 W ResourceType: No package identifier when getting name for resource number 0x00000009
09-24 23:23:03.258 25549 25549 W ResourceType: No package identifier when getting name for resource number 0x0000000a
09-24 23:23:03.258 25549 25549 W ResourceType: No package identifier when getting name for resource number 0x0000000b
09-24 23:23:03.259 25549 25549 W ResourceType: No package identifier when getting name for resource number 0x00000019
09-24 23:23:03.259 25549 25549 W ResourceType: No package identifier when getting name for resource number 0x0000001a
09-24 23:23:03.260 25549 25549 W ResourceType: No package identifier when getting name for resource number 0x0000001b
09-24 23:23:03.260 25549 25549 W ResourceType: No package identifier when getting name for resource number 0x0000001c
09-24 23:23:03.260 25549 25549 W ResourceType: No package identifier when getting name for resource number 0x0000001d
09-24 23:23:03.261 25549 25549 W ResourceType: No package identifier when getting name for resource number 0x0000001e
09-24 23:23:03.261 25549 25549 W ResourceType: No package identifier when getting name for resource number 0x0000002b
09-24 23:23:03.262 25549 25549 W ResourceType: No package identifier when getting name for resource number 0x0000000b
09-24 23:23:03.262 25549 25549 W ResourceType: No package identifier when getting name for resource number 0x0000000c
09-24 23:23:03.262 25549 25549 W ResourceType: No package identifier when getting name for resource number 0x0000000d
09-24 23:23:03.263 25549 25549 W ResourceType: No package identifier when getting name for resource number 0x00000018
09-24 23:23:03.510 25549 25549 W ResourceType: No package identifier when getting name for resource number 0x00000001
09-24 23:23:03.510 25549 25549 W ResourceType: No package identifier when getting name for resource number 0x00000003
09-24 23:23:03.511 25549 25549 W ResourceType: No package identifier when getting name for resource number 0x00000004
09-24 23:23:03.511 25549 25549 W ResourceType: No package identifier when getting name for resource number 0x00000005
09-24 23:23:03.512 25549 25549 W ResourceType: No package identifier when getting name for resource number 0x00000006
09-24 23:23:03.512 25549 25549 W ResourceType: No package identifier when getting name for resource number 0x00000007
09-24 23:23:03.513 25549 25549 W ResourceType: No package identifier when getting name for resource number 0x00000008
09-24 23:23:03.513 25549 25549 W ResourceType: No package identifier when getting name for resource number 0x00000009
09-24 23:23:03.514 25549 25549 W ResourceType: No package identifier when getting name for resource number 0x0000000a
09-24 23:23:03.514 25549 25549 W ResourceType: No package identifier when getting name for resource number 0x0000000b
09-24 23:23:03.514 25549 25549 W ResourceType: No package identifier when getting name for resource number 0x00000019
09-24 23:23:03.515 25549 25549 W ResourceType: No package identifier when getting name for resource number 0x0000001a
09-24 23:23:03.515 25549 25549 W ResourceType: No package identifier when getting name for resource number 0x0000001b
09-24 23:23:03.516 25549 25549 W ResourceType: No package identifier when getting name for resource number 0x0000001c
09-24 23:23:03.516 25549 25549 W ResourceType: No package identifier when getting name for resource number 0x0000001d
09-24 23:23:03.516 25549 25549 W ResourceType: No package identifier when getting name for resource number 0x0000001e
09-24 23:23:03.517 25549 25549 W ResourceType: No package identifier when getting name for resource number 0x0000002b
09-24 23:23:03.517 25549 25549 W ResourceType: No package identifier when getting name for resource number 0x0000000b
09-24 23:23:03.517 25549 25549 W ResourceType: No package identifier when getting name for resource number 0x0000000c
09-24 23:23:03.518 25549 25549 W ResourceType: No package identifier when getting name for resource number 0x0000000d
09-24 23:23:03.518 25549 25549 W ResourceType: No package identifier when getting name for resource number 0x00000018
09-24 23:23:03.686   357   357 W auditd  : type=1400 "ps""/proc/350""proc"
09-24 23:23:03.687   357   357 W auditd  : type=1400 "ps""task""proc"
09-24 23:23:03.700  4131  4131 D wpa_supplicant: wlan0: Control interface command 'SIGNAL_POLL'
09-24 23:23:03.704  4131  4131 D wpa_supplicant: CTRL-DEBUG: global_ctrl_sock-sendto: sock=12 sndbuf=212992 outq=0 send_len=48
09-24 23:23:03.723  1331  4402 D GpsLocationProvider: reportNmea $GPGSV,2,1,07,01,00,000,,03,13,319,,06,00,000,,10,17,180,*7E  timestamp = 1506266583723
09-24 23:23:03.723  1331  4402 D GpsLocationProvider: reportNmea $GPGSV,2,2,07,12,09,037,,14,79,018,,16,00,000,*45  timestamp = 1506266583723
09-24 23:23:03.723  1331  4402 D GpsLocationProvider: reportNmea $GLGSV,3,1,12,74,00,000,,70,73,284,,82,00,000,,73,34,246,*63  timestamp = 1506266583723
09-24 23:23:03.723  1331  4402 D GpsLocationProvider: reportNmea $GLGSV,3,2,12,80,69,329,,79,21,039,,69,37,164,,88,04,022,*63  timestamp = 1506266583723
09-24 23:23:03.723  1331  4402 D GpsLocationProvider: reportNmea $GLGSV,3,3,12,87,00,000,,81,06,068,,71,24,326,,68,00,000,*61  timestamp = 1506266583723
09-24 23:23:03.726  1331  4402 D GpsLocationProvider: reportNmea $GPGSA,A,1,,,,,,,,,,,,,,,*1E  timestamp = 1506266583726
09-24 23:23:03.726  1331  4402 D GpsLocationProvider: reportNmea $GPVTG,,T,,M,,N,,K,N*2C  timestamp = 1506266583726
09-24 23:23:03.726  1331  4402 D GpsLocationProvider: reportNmea $GPRMC,,V,,,,,,,,,,N*53  timestamp = 1506266583726
09-24 23:23:03.727  1331  4402 D GpsLocationProvider: reportNmea $GPGGA,,,,,,0,,,,,,,,*66  timestamp = 1506266583727
09-24 23:23:03.854 25549 25549 W ResourceType: No package identifier when getting name for resource number 0x00000001
09-24 23:23:03.854 25549 25549 W ResourceType: No package identifier when getting name for resource number 0x00000003
09-24 23:23:03.855 25549 25549 W ResourceType: No package identifier when getting name for resource number 0x00000004
09-24 23:23:03.855 25549 25549 W ResourceType: No package identifier when getting name for resource number 0x00000005
09-24 23:23:03.856 25549 25549 W ResourceType: No package identifier when getting name for resource number 0x00000006
09-24 23:23:03.856 25549 25549 W ResourceType: No package identifier when getting name for resource number 0x00000007
09-24 23:23:03.857 25549 25549 W ResourceType: No package identifier when getting name for resource number 0x00000008
09-24 23:23:03.857 25549 25549 W ResourceType: No package identifier when getting name for resource number 0x00000009
09-24 23:23:03.858 25549 25549 W ResourceType: No package identifier when getting name for resource number 0x0000000a
09-24 23:23:03.859 25549 25549 W ResourceType: No package identifier when getting name for resource number 0x0000000b
09-24 23:23:03.859 25549 25549 W ResourceType: No package identifier when getting name for resource number 0x00000019
09-24 23:23:03.860 25549 25549 W ResourceType: No package identifier when getting name for resource number 0x0000001a
09-24 23:23:03.860 25549 25549 W ResourceType: No package identifier when getting name for resource number 0x0000001b
09-24 23:23:03.861 25549 25549 W ResourceType: No package identifier when getting name for resource number 0x0000001c
09-24 23:23:03.861 25549 25549 W ResourceType: No package identifier when getting name for resource number 0x0000001d
09-24 23:23:03.861 25549 25549 W ResourceType: No package identifier when getting name for resource number 0x0000001e
09-24 23:23:03.862 25549 25549 W ResourceType: No package identifier when getting name for resource number 0x0000002b
09-24 23:23:03.862 25549 25549 W ResourceType: No package identifier when getting name for resource number 0x0000000b
09-24 23:23:03.863 25549 25549 W ResourceType: No package identifier when getting name for resource number 0x0000000c
09-24 23:23:03.864 25549 25549 W ResourceType: No package identifier when getting name for resource number 0x0000000d
09-24 23:23:03.864 25549 25549 W ResourceType: No package identifier when getting name for resource number 0x00000018
09-24 23:23:04.115 25549 25549 W ResourceType: No package identifier when getting name for resource number 0x00000001
09-24 23:23:04.116 25549 25549 W ResourceType: No package identifier when getting name for resource number 0x00000003
09-24 23:23:04.116 25549 25549 W ResourceType: No package identifier when getting name for resource number 0x00000004
09-24 23:23:04.117 25549 25549 W ResourceType: No package identifier when getting name for resource number 0x00000005
09-24 23:23:04.117 25549 25549 W ResourceType: No package identifier when getting name for resource number 0x00000006
09-24 23:23:04.118 25549 25549 W ResourceType: No package identifier when getting name for resource number 0x00000007
09-24 23:23:04.118 25549 25549 W ResourceType: No package identifier when getting name for resource number 0x00000008
09-24 23:23:04.118 25549 25549 W ResourceType: No package identifier when getting name for resource number 0x00000009
09-24 23:23:04.119 25549 25549 W ResourceType: No package identifier when getting name for resource number 0x0000000a
09-24 23:23:04.119 25549 25549 W ResourceType: No package identifier when getting name for resource number 0x0000000b
09-24 23:23:04.120 25549 25549 W ResourceType: No package identifier when getting name for resource number 0x00000019
09-24 23:23:04.120 25549 25549 W ResourceType: No package identifier when getting name for resource number 0x0000001a
09-24 23:23:04.121 25549 25549 W ResourceType: No package identifier when getting name for resource number 0x0000001b
09-24 23:23:04.121 25549 25549 W ResourceType: No package identifier when getting name for resource number 0x0000001c
09-24 23:23:04.121 25549 25549 W ResourceType: No package identifier when getting name for resource number 0x0000001d
09-24 23:23:04.122 25549 25549 W ResourceType: No package identifier when getting name for resource number 0x0000001e
09-24 23:23:04.122 25549 25549 W ResourceType: No package identifier when getting name for resource number 0x0000002b
09-24 23:23:04.123 25549 25549 W ResourceType: No package identifier when getting name for resource number 0x0000000b
09-24 23:23:04.124 25549 25549 W ResourceType: No package identifier when getting name for resource number 0x0000000c
09-24 23:23:04.124 25549 25549 W ResourceType: No package identifier when getting name for resource number 0x0000000d
09-24 23:23:04.124 25549 25549 W ResourceType: No package identifier when getting name for resource number 0x00000018
09-24 23:23:04.386   357   357 W auditd  : type=1400 "ipacm""/dev/socket/ipacm_log_file"
09-24 23:23:04.386   357   357 W auditd  : type=1400 "ipacm""/dev/socket/ipacm_log_file"
09-24 23:23:04.387   357   357 W auditd  : type=1400 "ipacm""/dev/socket/ipacm_log_file"
09-24 23:23:04.387   357   357 W auditd  : type=1400 "ipacm""/dev/socket/ipacm_log_file"
09-24 23:23:04.388   357   357 W auditd  : type=1400 "ipacm""/dev/socket/ipacm_log_file"
09-24 23:23:04.724  1331  4402 D GpsLocationProvider: reportNmea $GPGSV,2,1,07,01,00,000,,03,13,319,,06,00,000,,10,17,180,*7E  timestamp = 1506266584723
09-24 23:23:04.724  1331  4402 D GpsLocationProvider: reportNmea $GPGSV,2,2,07,12,09,037,,14,79,018,,16,00,000,*45  timestamp = 1506266584724
09-24 23:23:04.724  1331  4402 D GpsLocationProvider: reportNmea $GLGSV,3,1,12,74,00,000,,70,73,284,,82,00,000,,73,34,246,*63  timestamp = 1506266584724
09-24 23:23:04.724  1331  4402 D GpsLocationProvider: reportNmea $GLGSV,3,2,12,80,69,329,,79,21,039,,69,37,164,,88,04,022,*63  timestamp = 1506266584724
09-24 23:23:04.724  1331  4402 D GpsLocationProvider: reportNmea $GLGSV,3,3,12,87,00,000,,81,06,068,,71,24,326,,68,00,000,*61  timestamp = 1506266584724
09-24 23:23:04.727  1331  4402 D GpsLocationProvider: reportNmea $GPGSA,A,1,,,,,,,,,,,,,,,*1E  timestamp = 1506266584726
09-24 23:23:04.727  1331  4402 D GpsLocationProvider: reportNmea $GPVTG,,T,,M,,N,,K,N*2C  timestamp = 1506266584727
09-24 23:23:04.727  1331  4402 D GpsLocationProvider: reportNmea $GPRMC,,V,,,,,,,,,,N*53  timestamp = 1506266584727
09-24 23:23:04.727  1331  4402 D GpsLocationProvider: reportNmea $GPGGA,,,,,,0,,,,,,,,*66  timestamp = 1506266584727
09-24 23:23:05.006   774   774 I MSM-irqbalance: Decided to move IRQ115 from CPU3 to CPU2
09-24 23:23:05.052  1331  1331 I DeviceIdleController: updateChargingLocked: charging=true
09-24 23:23:05.052  1331  1331 I DeviceIdleController: becomeActiveLocked, reason = charging
09-24 23:23:05.055 26211 26211 D AbstractProcessor: onBatteryChange Percent:39 State:2 
09-24 23:23:05.216   357   357 W auditd  : type=1400 "ps""/proc/350""proc"
09-24 23:23:05.216   357   357 W auditd  : type=1400 "ps""task""proc"
09-24 23:23:05.433  7938  7938 D AndroidRuntime: >>>>>> START com.android.internal.os.RuntimeInit uid 2000 <<<<<<
09-24 23:23:05.441  7938  7938 D AndroidRuntime: CheckJNI is OFF
09-24 23:23:05.532  7938  7938 D ICU     : No timezone override file found: /data/misc/zoneinfo/current/icu/icu_tzdata.dat
09-24 23:23:05.606  7938  7938 I Radio-JNI: register_android_hardware_Radio DONE
09-24 23:23:05.665  7938  7938 D AndroidRuntime: Calling main entry com.android.commands.am.Am
09-24 23:23:05.673  1331  3827 I ActivityManager: START u0 {act=android.intent.action.MAIN cat=[android.intent.category.LAUNCHER] flg=0x10000000 cmp=com.HomeCleaningGames/.MainActivity} from uid 2000 pid 7938 on display 0
09-24 23:23:05.680  3889  3889 I StatusBarIconController:  appTransitionPending
09-24 23:23:05.683 25549 25549 D Launcher: onPause
09-24 23:23:05.685 25549 25713 E AbstractTracker: Can't create handler inside thread that has not called Looper.prepare()
09-24 23:23:05.685 25549 25713 D AppTracker: App Event: stop
09-24 23:23:05.690  7938  7938 D AndroidRuntime: Shutting down VM
09-24 23:23:05.709  3889  3889 I StatusBarIconController:  appTransitionPending
09-24 23:23:05.715  1331  4587 D ActivityManager: mImportantUids connections =1000 by uid = 10401 ConnectionRecord =ConnectionRecord{51b305 u0 CR FGSA io.github.ylimit.droidbotapp/io.github.privacystreams.accessibility.PSAccessibilityService:@a5de7c}
09-24 23:23:05.716  1331  4587 D ActivityManager: mImportantUids connections =1000 by uid = 10401 ConnectionRecord =ConnectionRecord{e0d66 u0 CR !FG UI !VIS io.github.ylimit.droidbotapp/.DroidBotIME:@b0591c1}
09-24 23:23:05.723  1331  4402 D GpsLocationProvider: reportNmea $GPGSV,2,1,07,01,00,000,,03,13,319,,06,00,000,,10,17,180,*7E  timestamp = 1506266585723
09-24 23:23:05.723  1331  4402 D GpsLocationProvider: reportNmea $GPGSV,2,2,07,12,09,037,,14,79,018,,16,00,000,*45  timestamp = 1506266585723
09-24 23:23:05.723  1331  4402 D GpsLocationProvider: reportNmea $GLGSV,3,1,12,74,00,000,,70,73,284,,82,00,000,,73,34,246,*63  timestamp = 1506266585723
09-24 23:23:05.723  1331  4402 D GpsLocationProvider: reportNmea $GLGSV,3,2,12,80,69,329,,79,21,039,,69,37,164,,88,04,022,*63  timestamp = 1506266585723
09-24 23:23:05.723  1331  4402 D GpsLocationProvider: reportNmea $GLGSV,3,3,12,87,00,000,,81,06,068,,71,24,326,,68,00,000,*61  timestamp = 1506266585723
09-24 23:23:05.723  1331  4402 D GpsLocationProvider: reportNmea $GPGSA,A,1,,,,,,,,,,,,,,,*1E  timestamp = 1506266585723
09-24 23:23:05.723  1331  4402 D GpsLocationProvider: reportNmea $GPVTG,,T,,M,,N,,K,N*2C  timestamp = 1506266585723
09-24 23:23:05.723  1331  4402 D GpsLocationProvider: reportNmea $GPRMC,,V,,,,,,,,,,N*53  timestamp = 1506266585723
09-24 23:23:05.723  1331  4402 D GpsLocationProvider: reportNmea $GPGGA,,,,,,0,,,,,,,,*66  timestamp = 1506266585723
09-24 23:23:05.742  3889  3889 I StatusBarIconController: appTransitionStarting
09-24 23:23:05.750  1331  3656 D ActivityManager: mImportantUids connections =1000 by uid = 10401 ConnectionRecord =ConnectionRecord{51b305 u0 CR FGSA io.github.ylimit.droidbotapp/io.github.privacystreams.accessibility.PSAccessibilityService:@a5de7c}
09-24 23:23:05.750  1331  3656 D ActivityManager: mImportantUids connections =1000 by uid = 10401 ConnectionRecord =ConnectionRecord{e0d66 u0 CR !FG UI !VIS io.github.ylimit.droidbotapp/.DroidBotIME:@b0591c1}
09-24 23:23:05.759  3889  3889 D PhoneStatusBar: setSystemUiVisibility vis=0 mask=ffffffff oldVal=8600 newVal=0 diff=8600
09-24 23:23:05.759  3889  3889 D PhoneStatusBar: checkBarMode:powerSave=false, getBarState()=0
09-24 23:23:05.759  3889  3889 D BarTransitions.PhoneStatusBarView: MODE_TRANSPARENT -> MODE_OPAQUE animate=true
09-24 23:23:05.759  3889  3889 D BarTransitions.PhoneStatusBarView: applyModeBackground oldMode=MODE_TRANSPARENT newMode=MODE_OPAQUE animate=true
09-24 23:23:05.759  3889  3889 I StatusBarIconController: setIconsDark dark:false animate:true currentDark:false mTransitionPending:false mTransitionDeferring:true mPendingDarkIntensity:0.0
09-24 23:23:05.760  3889  3889 I StatusBarIconController: animateIconTint:0.0 mDarkIntensity:0.0
09-24 23:23:05.762  7421  7421 W PopupManager: You have not specified a View to use as content view for popups. Falling back to the Activity content view which may not work properly in future versions of the API. Use setViewForPopups() to set your content view.
09-24 23:23:05.764  3889  3889 D BarBackgroundDrawable: BarTransitions: draw: mode=MODE_OPAQUE, targetColor=0xff000000
09-24 23:23:05.764  3889  3889 D BarBackgroundDrawable: BarTransitions: drawColor:0x7000000
09-24 23:23:05.779  7421  7421 W cr_AwContents: onDetachedFromWindow called when already detached. Ignoring
09-24 23:23:05.783 25549 25549 D ClockViewGroup: onWindowVisibilityChanged:8
09-24 23:23:05.791  7421  7421 W GooglePlayServicesUtil: Google Play Store is missing.
09-24 23:23:05.794  7421  7421 I Ads     : Starting ad request.
09-24 23:23:05.795  7421  7421 I Ads     : Use AdRequest.Builder.addTestDevice("5EBC12BF17C41267958295A7114AE10F") to get test ads on this device.
09-24 23:23:05.797  7421  7421 I Ads     : Please set theme of AdActivity to @android:style/Theme.Translucent to enable transparent background interstitial ad.
09-24 23:23:05.802  7421  7421 W GooglePlayServicesUtil: Google Play Store is missing.
09-24 23:23:05.804  7421  7421 I Ads     : Starting ad request.
09-24 23:23:05.805  7421  7421 I Ads     : Use AdRequest.Builder.addTestDevice("5EBC12BF17C41267958295A7114AE10F") to get test ads on this device.
09-24 23:23:05.807  3889  3889 D BarBackgroundDrawable: BarTransitions: draw: mode=MODE_OPAQUE, targetColor=0xff000000
09-24 23:23:05.807  3889  3889 D BarBackgroundDrawable: BarTransitions: drawColor:0x3d000000
09-24 23:23:05.808  7421  7421 I Ads     : Please set theme of AdActivity to @android:style/Theme.Translucent to enable transparent background interstitial ad.
09-24 23:23:05.815  3889  3889 D BarBackgroundDrawable: BarTransitions: draw: mode=MODE_OPAQUE, targetColor=0xff000000
09-24 23:23:05.815  3889  3889 D BarBackgroundDrawable: BarTransitions: drawColor:0x47000000
09-24 23:23:05.822  7421  7421 I cr_Ime  : ImeThread is not enabled.
09-24 23:23:05.832  3889  3889 D BarBackgroundDrawable: BarTransitions: draw: mode=MODE_OPAQUE, targetColor=0xff000000
09-24 23:23:05.832  3889  3889 D BarBackgroundDrawable: BarTransitions: drawColor:0x5d000000
09-24 23:23:05.851  3889  3889 D BarBackgroundDrawable: BarTransitions: draw: mode=MODE_OPAQUE, targetColor=0xff000000
09-24 23:23:05.851  3889  3889 D BarBackgroundDrawable: BarTransitions: drawColor:0x75000000
09-24 23:23:05.870  3889  3889 D BarBackgroundDrawable: BarTransitions: draw: mode=MODE_OPAQUE, targetColor=0xff000000
09-24 23:23:05.871  3889  3889 D BarBackgroundDrawable: BarTransitions: drawColor:0x8e000000
09-24 23:23:05.881  7421  7421 W cr_AwContents: onDetachedFromWindow called when already detached. Ignoring
09-24 23:23:05.883  3889  3889 D BarBackgroundDrawable: BarTransitions: draw: mode=MODE_OPAQUE, targetColor=0xff000000
09-24 23:23:05.883  3889  3889 D BarBackgroundDrawable: BarTransitions: drawColor:0x9e000000
09-24 23:23:05.902  7421  7421 W cr_AwContents: onDetachedFromWindow called when already detached. Ignoring
09-24 23:23:05.911   357   357 W auditd  : type=1400 "Binder_C""socket:[1623459]""sockfs"
09-24 23:23:05.913   357   357 W auditd  : type=1400 "Binder_C""socket:[1623459]""sockfs"
09-24 23:23:05.922  7421  7443 W Settings: Setting install_non_market_apps has moved from android.provider.Settings.Global to android.provider.Settings.Secure, returning read-only value.
09-24 23:23:05.942  3889  3889 D BarBackgroundDrawable: BarTransitions: draw: mode=MODE_OPAQUE, targetColor=0xff000000
09-24 23:23:05.942  3889  3889 D BarBackgroundDrawable: BarTransitions: drawColor:0xe9000000
09-24 23:23:05.948  3889  3889 D BarBackgroundDrawable: BarTransitions: draw: mode=MODE_OPAQUE, targetColor=0xff000000
09-24 23:23:05.949  3889  3889 D BarBackgroundDrawable: BarTransitions: drawColor:0xf2000000
09-24 23:23:05.966  3889  3889 D BarBackgroundDrawable: BarTransitions: draw: mode=MODE_OPAQUE, targetColor=0xff000000
09-24 23:23:05.966  3889  3889 D BarBackgroundDrawable: BarTransitions: drawColor:0xff000000
09-24 23:23:05.988  1331  3663 I ActivityManager: Displayed com.HomeCleaningGames/.MainActivity: +283ms
09-24 23:23:05.994  7421  7421 W cr_AwContents: onDetachedFromWindow called when already detached. Ignoring
09-24 23:23:06.008  7421  7421 I cr_Ime  : ImeThread is not enabled.
09-24 23:23:06.017   357   357 W auditd  : type=1400 "Binder_5""socket:[1618890]""sockfs"
09-24 23:23:06.018   357   357 W auditd  : type=1400 "Binder_5""socket:[1618890]""sockfs"
09-24 23:23:06.035  7421  7421 W cr_AwContents: onDetachedFromWindow called when already detached. Ignoring
09-24 23:23:06.050  7421  7421 I cr_Ime  : ImeThread is not enabled.
09-24 23:23:06.114  7421  7421 W cr_BindingManager: Cannot call determinedVisibility() - never saw a connection for the pid: 7421
09-24 23:23:06.196  7421  7443 E AbstractTracker: Can't create handler inside thread that has not called Looper.prepare()
09-24 23:23:06.197  7421  7443 D AppTracker: App Event: start
09-24 23:23:06.231  7421  7421 W cr_AwContents: onDetachedFromWindow called when already detached. Ignoring
09-24 23:23:06.237  7421  7421 I cr_Ime  : ImeThread is not enabled.
09-24 23:23:06.276  7421  7421 W cr_BindingManager: Cannot call determinedVisibility() - never saw a connection for the pid: 7421
09-24 23:23:06.278  7421  7421 W cr_BindingManager: Cannot call determinedVisibility() - never saw a connection for the pid: 7421
09-24 23:23:06.307  7421  7421 W cr_BindingManager: Cannot call determinedVisibility() - never saw a connection for the pid: 7421
09-24 23:23:06.416  7421  7421 I chromium: [INFO:CONSOLE(0)] "Document was loaded from Application Cache with manifest https://googleads.g.doubleclick.net/mads/static/mad/sdk/native/sdk-core-v40.appcache", source: https://googleads.g.doubleclick.net/mads/static/mad/sdk/native/sdk-core-v40.html (0)
09-24 23:23:06.431  7421  7421 I chromium: [INFO:CONSOLE(0)] "Application Cache Checking event", source: https://googleads.g.doubleclick.net/mads/static/sdk/native/sdk-core-v40.html (0)
09-24 23:23:06.431  7421  7421 I chromium: [INFO:CONSOLE(0)] "Application Cache Checking event", source: https://googleads.g.doubleclick.net/mads/static/mad/sdk/native/sdk-core-v40.html (0)
09-24 23:23:06.545  7421  7421 I chromium: [INFO:CONSOLE(0)] "Document was loaded from Application Cache with manifest https://googleads.g.doubleclick.net/mads/static/mad/sdk/native/sdk-core-v40.appcache", source: https://googleads.g.doubleclick.net/mads/static/mad/sdk/native/sdk-core-v40.html (0)
09-24 23:23:06.546  7421  7421 I chromium: [INFO:CONSOLE(0)] "Application Cache Checking event", source: https://googleads.g.doubleclick.net/mads/static/mad/sdk/native/sdk-core-v40.html (0)
09-24 23:23:06.546  7421  7421 I chromium: [INFO:CONSOLE(0)] "Application Cache NoUpdate event", source: https://googleads.g.doubleclick.net/mads/static/sdk/native/sdk-core-v40.html (0)
09-24 23:23:06.546  7421  7421 I chromium: [INFO:CONSOLE(0)] "Application Cache NoUpdate event", source: https://googleads.g.doubleclick.net/mads/static/mad/sdk/native/sdk-core-v40.html (0)
09-24 23:23:06.546  7421  7421 I chromium: [INFO:CONSOLE(0)] "Application Cache NoUpdate event", source: https://googleads.g.doubleclick.net/mads/static/mad/sdk/native/sdk-core-v40.html (0)
09-24 23:23:06.715  4131  4131 D wpa_supplicant: wlan0: Control interface command 'SIGNAL_POLL'
09-24 23:23:06.724  4131  4131 D wpa_supplicant: CTRL-DEBUG: global_ctrl_sock-sendto: sock=12 sndbuf=212992 outq=0 send_len=48
09-24 23:23:06.724  1331  4402 D GpsLocationProvider: reportNmea $GPGSV,2,1,07,01,00,000,,03,13,319,,06,00,000,,10,17,180,*7E  timestamp = 1506266586724
09-24 23:23:06.724  1331  4402 D GpsLocationProvider: reportNmea $GPGSV,2,2,07,12,09,037,,14,79,018,,16,00,000,*45  timestamp = 1506266586724
09-24 23:23:06.724  1331  4402 D GpsLocationProvider: reportNmea $GLGSV,3,1,12,74,00,000,,70,73,284,,82,00,000,,73,34,246,*63  timestamp = 1506266586724
09-24 23:23:06.724  1331  4402 D GpsLocationProvider: reportNmea $GLGSV,3,2,12,80,69,329,,79,21,039,,69,37,164,,88,04,022,*63  timestamp = 1506266586724
09-24 23:23:06.724  1331  4402 D GpsLocationProvider: reportNmea $GLGSV,3,3,12,87,00,000,,81,06,068,,71,24,326,,68,00,000,*61  timestamp = 1506266586724
09-24 23:23:06.725  1331  4402 D GpsLocationProvider: reportNmea $GPGSA,A,1,,,,,,,,,,,,,,,*1E  timestamp = 1506266586725
09-24 23:23:06.725  1331  4402 D GpsLocationProvider: reportNmea $GPVTG,,T,,M,,N,,K,N*2C  timestamp = 1506266586725
09-24 23:23:06.725  1331  4402 D GpsLocationProvider: reportNmea $GPRMC,,V,,,,,,,,,,N*53  timestamp = 1506266586725
09-24 23:23:06.725  1331  4402 D GpsLocationProvider: reportNmea $GPGGA,,,,,,0,,,,,,,,*66  timestamp = 1506266586725
09-24 23:23:06.747  3889  3889 D SystemServicesProxy: exclude com.android.packageinstaller
09-24 23:23:06.748  3889  3889 D SystemServicesProxy: add 9 Task
09-24 23:23:06.748  3889  3889 D RecentsTaskLoadPlan: preloadPlan, 9
09-24 23:23:06.813   357   357 W auditd  : type=1400 "ps""/proc/350""proc"
09-24 23:23:06.813   357   357 W auditd  : type=1400 "ps""task""proc"
09-24 23:23:07.169  7421  7421 W cr_AwContents: onDetachedFromWindow called when already detached. Ignoring
09-24 23:23:07.191  7421  7421 W cr_ScreenOrientation: Removing an inexistent observer!
09-24 23:23:07.201  7421  7421 I cr_Ime  : ImeThread is not enabled.
09-24 23:23:07.293  7421  7421 W cr_BindingManager: Cannot call determinedVisibility() - never saw a connection for the pid: 7421
09-24 23:23:07.432 11743 11770 I GoLog   : Sep 24 15:23:07.425 - 119m39s DEBUG flashlight.client: chained.go:128 Proxy connection to config.getiantem.org:80 via 47.74.9.77:443 idle for 45s, closed
09-24 23:23:07.454  7421  7421 W cr_AwContents: onDetachedFromWindow called when already detached. Ignoring
09-24 23:23:07.483  7421  7421 W cr_ScreenOrientation: Removing an inexistent observer!
09-24 23:23:07.490  7421  7421 I cr_Ime  : ImeThread is not enabled.
09-24 23:23:07.500  1331  4507 D ActivityManager: mImportantUids connections =1000 by uid = 10401 ConnectionRecord =ConnectionRecord{51b305 u0 CR FGSA io.github.ylimit.droidbotapp/io.github.privacystreams.accessibility.PSAccessibilityService:@a5de7c}
09-24 23:23:07.500  1331  4507 D ActivityManager: mImportantUids connections =1000 by uid = 10401 ConnectionRecord =ConnectionRecord{e0d66 u0 CR !FG UI !VIS io.github.ylimit.droidbotapp/.DroidBotIME:@b0591c1}
09-24 23:23:07.522 25549 25549 D Launcher: onStop
09-24 23:23:07.536 25549 25549 I WallpaperCard: [Trim Memory] wallpaperCard, level:20
09-24 23:23:07.542  1331  3654 D ActivityManager: mImportantUids connections =1000 by uid = 10401 ConnectionRecord =ConnectionRecord{51b305 u0 CR FGSA io.github.ylimit.droidbotapp/io.github.privacystreams.accessibility.PSAccessibilityService:@a5de7c}
09-24 23:23:07.542  1331  3654 D ActivityManager: mImportantUids connections =1000 by uid = 10401 ConnectionRecord =ConnectionRecord{e0d66 u0 CR !FG UI !VIS io.github.ylimit.droidbotapp/.DroidBotIME:@b0591c1}
09-24 23:23:07.723  1331  4402 D GpsLocationProvider: reportNmea $GPGSV,2,1,07,01,00,000,,03,13,319,,06,00,000,,10,17,180,*7E  timestamp = 1506266587723
09-24 23:23:07.723  1331  4402 D GpsLocationProvider: reportNmea $GPGSV,2,2,07,12,09,037,,14,79,018,,16,00,000,*45  timestamp = 1506266587723
09-24 23:23:07.723  1331  4402 D GpsLocationProvider: reportNmea $GLGSV,3,1,12,74,00,000,,70,73,284,,82,00,000,,73,34,246,*63  timestamp = 1506266587723
09-24 23:23:07.723  1331  4402 D GpsLocationProvider: reportNmea $GLGSV,3,2,12,80,69,329,,79,21,039,,69,37,164,,88,04,022,*63  timestamp = 1506266587723
09-24 23:23:07.723  1331  4402 D GpsLocationProvider: reportNmea $GLGSV,3,3,12,87,00,000,,81,06,068,,71,24,326,,68,00,000,*61  timestamp = 1506266587723
09-24 23:23:07.727  1331  4402 D GpsLocationProvider: reportNmea $GPGSA,A,1,,,,,,,,,,,,,,,*1E  timestamp = 1506266587727
09-24 23:23:07.727  1331  4402 D GpsLocationProvider: reportNmea $GPVTG,,T,,M,,N,,K,N*2C  timestamp = 1506266587727
09-24 23:23:07.727  1331  4402 D GpsLocationProvider: reportNmea $GPRMC,,V,,,,,,,,,,N*53  timestamp = 1506266587727
09-24 23:23:07.727  1331  4402 D GpsLocationProvider: reportNmea $GPGGA,,,,,,0,,,,,,,,*66  timestamp = 1506266587727
09-24 23:23:07.834  7421  7421 I Ads     : Ad finished loading.
09-24 23:23:07.858  7421  7421 W cr_BindingManager: Cannot call determinedVisibility() - never saw a connection for the pid: 7421
09-24 23:23:08.434  7421  7421 I Ads     : Scheduling ad refresh 60000 milliseconds from now.
09-24 23:23:08.451  7421  7421 W cr_AwContents: onDetachedFromWindow called when already detached. Ignoring
09-24 23:23:08.465  7421  7421 I cr_Ime  : ImeThread is not enabled.
09-24 23:23:08.469  7421  7421 I Ads     : Ad finished loading.
09-24 23:23:08.527  7421  7421 W cr_BindingManager: Cannot call determinedVisibility() - never saw a connection for the pid: 7421
09-24 23:23:08.563  7421  7421 I chromium: [INFO:CONSOLE(0)] "Document was loaded from Application Cache with manifest https://googleads.g.doubleclick.net/mads/static/mad/sdk/native/sdk-core-v40.appcache", source: https://googleads.g.doubleclick.net/mads/static/sdk/native/sdk-core-v40.html (0)
09-24 23:23:08.563  7421  7421 I chromium: [INFO:CONSOLE(0)] "Application Cache Checking event", source: https://googleads.g.doubleclick.net/mads/static/sdk/native/sdk-core-v40.html (0)
09-24 23:23:08.563  7421  7421 I chromium: [INFO:CONSOLE(0)] "Application Cache Checking event", source: https://googleads.g.doubleclick.net/mads/static/sdk/native/sdk-core-v40.html (0)
09-24 23:23:08.654  7421  7421 I chromium: [INFO:CONSOLE(0)] "Application Cache NoUpdate event", source: https://googleads.g.doubleclick.net/mads/static/sdk/native/sdk-core-v40.html (0)
09-24 23:23:08.654  7421  7421 I chromium: [INFO:CONSOLE(0)] "Application Cache NoUpdate event", source: https://googleads.g.doubleclick.net/mads/static/sdk/native/sdk-core-v40.html (0)
09-24 23:23:08.724  1331  4402 D GpsLocationProvider: reportNmea $GPGSV,2,1,07,01,00,000,,03,13,319,,06,00,000,,10,17,180,*7E  timestamp = 1506266588724
09-24 23:23:08.724  1331  4402 D GpsLocationProvider: reportNmea $GPGSV,2,2,07,12,09,037,,14,79,018,,16,00,000,*45  timestamp = 1506266588724
09-24 23:23:08.724  1331  4402 D GpsLocationProvider: reportNmea $GLGSV,3,1,12,74,00,000,,70,73,284,,82,00,000,,73,34,246,*63  timestamp = 1506266588724
09-24 23:23:08.725  1331  4402 D GpsLocationProvider: reportNmea $GLGSV,3,2,12,80,69,329,,79,21,039,,69,37,164,,88,04,022,*63  timestamp = 1506266588725
09-24 23:23:08.725  1331  4402 D GpsLocationProvider: reportNmea $GLGSV,3,3,12,87,00,000,,81,06,068,,71,24,326,,68,00,000,*61  timestamp = 1506266588725
09-24 23:23:08.725  1331  4402 D GpsLocationProvider: reportNmea $GPGSA,A,1,,,,,,,,,,,,,,,*1E  timestamp = 1506266588725
09-24 23:23:08.725  1331  4402 D GpsLocationProvider: reportNmea $GPVTG,,T,,M,,N,,K,N*2C  timestamp = 1506266588725
09-24 23:23:08.725  1331  4402 D GpsLocationProvider: reportNmea $GPRMC,,V,,,,,,,,,,N*53  timestamp = 1506266588725
09-24 23:23:08.725  1331  4402 D GpsLocationProvider: reportNmea $GPGGA,,,,,,0,,,,,,,,*66  timestamp = 1506266588725
09-24 23:23:09.723  1331  4402 D GpsLocationProvider: reportNmea $GPGSV,2,1,07,01,00,000,,03,13,319,,06,00,000,,10,17,180,*7E  timestamp = 1506266589723
09-24 23:23:09.724  1331  4402 D GpsLocationProvider: reportNmea $GPGSV,2,2,07,12,09,037,,14,79,018,,16,00,000,*45  timestamp = 1506266589724
09-24 23:23:09.724  1331  4402 D GpsLocationProvider: reportNmea $GLGSV,3,1,12,74,00,000,,70,73,284,,82,00,000,,73,34,246,*63  timestamp = 1506266589724
09-24 23:23:09.724  1331  4402 D GpsLocationProvider: reportNmea $GLGSV,3,2,12,80,69,329,,79,21,039,,69,37,164,,88,04,022,*63  timestamp = 1506266589724
09-24 23:23:09.724  1331  4402 D GpsLocationProvider: reportNmea $GLGSV,3,3,12,87,00,000,,81,06,068,,71,24,326,,68,00,000,*61  timestamp = 1506266589724
09-24 23:23:09.726  1331  4402 D GpsLocationProvider: reportNmea $GPGSA,A,1,,,,,,,,,,,,,,,*1E  timestamp = 1506266589726
09-24 23:23:09.726  1331  4402 D GpsLocationProvider: reportNmea $GPVTG,,T,,M,,N,,K,N*2C  timestamp = 1506266589726
09-24 23:23:09.726  1331  4402 D GpsLocationProvider: reportNmea $GPRMC,,V,,,,,,,,,,N*53  timestamp = 1506266589726
09-24 23:23:09.727  1331  4402 D GpsLocationProvider: reportNmea $GPGGA,,,,,,0,,,,,,,,*66  timestamp = 1506266589727
09-24 23:23:09.740  4131  4131 D wpa_supplicant: wlan0: Control interface command 'SIGNAL_POLL'
09-24 23:23:09.746  4131  4131 D wpa_supplicant: CTRL-DEBUG: global_ctrl_sock-sendto: sock=12 sndbuf=212992 outq=0 send_len=48
09-24 23:23:10.006   774   774 I MSM-irqbalance: Decided to move IRQ57 from CPU3 to CPU2
09-24 23:23:10.638   357   357 W auditd  : type=1400 "ps""/proc/350""proc"
09-24 23:23:10.639   357   357 W auditd  : type=1400 "ps""task""proc"
09-24 23:23:10.724  1331  4402 D GpsLocationProvider: reportNmea $GPGSV,2,1,07,01,00,000,,03,13,319,,06,00,000,,10,17,180,*7E  timestamp = 1506266590724
09-24 23:23:10.725  1331  4402 D GpsLocationProvider: reportNmea $GPGSV,2,2,07,12,09,037,,14,79,018,,16,00,000,*45  timestamp = 1506266590725
09-24 23:23:10.725  1331  4402 D GpsLocationProvider: reportNmea $GLGSV,3,1,12,74,00,000,,70,73,284,,82,00,000,,73,34,246,*63  timestamp = 1506266590725
09-24 23:23:10.725  1331  4402 D GpsLocationProvider: reportNmea $GLGSV,3,2,12,80,69,329,,79,21,039,,69,37,164,,88,04,022,*63  timestamp = 1506266590725
09-24 23:23:10.725  1331  4402 D GpsLocationProvider: reportNmea $GLGSV,3,3,12,87,00,000,,81,06,068,,71,24,326,,68,00,000,*61  timestamp = 1506266590725
09-24 23:23:10.727  1331  4402 D GpsLocationProvider: reportNmea $GPGSA,A,1,,,,,,,,,,,,,,,*1E  timestamp = 1506266590727
09-24 23:23:10.727  1331  4402 D GpsLocationProvider: reportNmea $GPVTG,,T,,M,,N,,K,N*2C  timestamp = 1506266590727
09-24 23:23:10.727  1331  4402 D GpsLocationProvider: reportNmea $GPRMC,,V,,,,,,,,,,N*53  timestamp = 1506266590727
09-24 23:23:10.727  1331  4402 D GpsLocationProvider: reportNmea $GPGGA,,,,,,0,,,,,,,,*66  timestamp = 1506266590727
09-24 23:23:11.054  1331  1331 I DeviceIdleController: updateChargingLocked: charging=true
09-24 23:23:11.054  1331  1331 I DeviceIdleController: becomeActiveLocked, reason = charging
09-24 23:23:11.060 26211 26211 D AbstractProcessor: onBatteryChange Percent:39 State:2 
09-24 23:23:11.724  1331  4402 D GpsLocationProvider: reportNmea $GPGSV,2,1,07,01,00,000,,03,13,319,,06,00,000,,10,17,180,*7E  timestamp = 1506266591724
09-24 23:23:11.725  1331  4402 D GpsLocationProvider: reportNmea $GPGSV,2,2,07,12,09,037,,14,79,018,,16,00,000,*45  timestamp = 1506266591725
09-24 23:23:11.725  1331  4402 D GpsLocationProvider: reportNmea $GLGSV,3,1,12,74,00,000,,70,73,284,,82,00,000,,73,34,246,*63  timestamp = 1506266591725
09-24 23:23:11.725  1331  4402 D GpsLocationProvider: reportNmea $GLGSV,3,2,12,80,69,329,,79,21,039,,69,37,164,,88,04,022,*63  timestamp = 1506266591725
09-24 23:23:11.725  1331  4402 D GpsLocationProvider: reportNmea $GLGSV,3,3,12,87,00,000,,81,06,068,,71,24,326,,68,00,000,*61  timestamp = 1506266591725
09-24 23:23:11.725  1331  4402 D GpsLocationProvider: reportNmea $GPGSA,A,1,,,,,,,,,,,,,,,*1E  timestamp = 1506266591725
09-24 23:23:11.726  1331  4402 D GpsLocationProvider: reportNmea $GPVTG,,T,,M,,N,,K,N*2C  timestamp = 1506266591726
09-24 23:23:11.726  1331  4402 D GpsLocationProvider: reportNmea $GPRMC,,V,,,,,,,,,,N*53  timestamp = 1506266591726
09-24 23:23:11.726  1331  4402 D GpsLocationProvider: reportNmea $GPGGA,,,,,,0,,,,,,,,*66  timestamp = 1506266591726
09-24 23:23:12.722  1331  4402 D GpsLocationProvider: reportNmea $GPGSV,2,1,07,01,00,000,,03,13,319,,06,00,000,,10,17,180,*7E  timestamp = 1506266592722
09-24 23:23:12.722  1331  4402 D GpsLocationProvider: reportNmea $GPGSV,2,2,07,12,09,037,,14,79,018,,16,00,000,*45  timestamp = 1506266592722
09-24 23:23:12.722  1331  4402 D GpsLocationProvider: reportNmea $GLGSV,3,1,12,74,00,000,,70,73,284,,82,00,000,,73,34,246,*63  timestamp = 1506266592722
09-24 23:23:12.723  1331  4402 D GpsLocationProvider: reportNmea $GLGSV,3,2,12,80,69,329,,79,21,039,,69,37,164,,88,04,022,*63  timestamp = 1506266592723
09-24 23:23:12.723  1331  4402 D GpsLocationProvider: reportNmea $GLGSV,3,3,12,87,00,000,,81,06,068,,71,24,326,,68,00,000,*61  timestamp = 1506266592723
09-24 23:23:12.725  1331  4402 D GpsLocationProvider: reportNmea $GPGSA,A,1,,,,,,,,,,,,,,,*1E  timestamp = 1506266592725
09-24 23:23:12.726  1331  4402 D GpsLocationProvider: reportNmea $GPVTG,,T,,M,,N,,K,N*2C  timestamp = 1506266592726
09-24 23:23:12.726  1331  4402 D GpsLocationProvider: reportNmea $GPRMC,,V,,,,,,,,,,N*53  timestamp = 1506266592726
09-24 23:23:12.726  1331  4402 D GpsLocationProvider: reportNmea $GPGGA,,,,,,0,,,,,,,,*66  timestamp = 1506266592726
09-24 23:23:12.758  4131  4131 D wpa_supplicant: wlan0: Control interface command 'SIGNAL_POLL'
09-24 23:23:12.761  4131  4131 D wpa_supplicant: CTRL-DEBUG: global_ctrl_sock-sendto: sock=12 sndbuf=212992 outq=0 send_len=48
09-24 23:23:13.723  1331  4402 D GpsLocationProvider: reportNmea $GPGSV,2,1,07,01,00,000,,03,13,319,,06,00,000,,10,17,180,*7E  timestamp = 1506266593723
09-24 23:23:13.723  1331  4402 D GpsLocationProvider: reportNmea $GPGSV,2,2,07,12,09,037,,14,79,018,,16,00,000,*45  timestamp = 1506266593723
09-24 23:23:13.723  1331  4402 D GpsLocationProvider: reportNmea $GLGSV,3,1,12,74,00,000,,70,73,284,,82,00,000,,73,34,246,*63  timestamp = 1506266593723
09-24 23:23:13.724  1331  4402 D GpsLocationProvider: reportNmea $GLGSV,3,2,12,80,69,329,,79,21,039,,69,37,164,,88,04,022,*63  timestamp = 1506266593724
09-24 23:23:13.724  1331  4402 D GpsLocationProvider: reportNmea $GLGSV,3,3,12,87,00,000,,81,06,068,,71,24,326,,68,00,000,*61  timestamp = 1506266593724
09-24 23:23:13.728  1331  4402 D GpsLocationProvider: reportNmea $GPGSA,A,1,,,,,,,,,,,,,,,*1E  timestamp = 1506266593727
09-24 23:23:13.728  1331  4402 D GpsLocationProvider: reportNmea $GPVTG,,T,,M,,N,,K,N*2C  timestamp = 1506266593728
09-24 23:23:13.728  1331  4402 D GpsLocationProvider: reportNmea $GPRMC,,V,,,,,,,,,,N*53  timestamp = 1506266593728
09-24 23:23:13.728  1331  4402 D GpsLocationProvider: reportNmea $GPGGA,,,,,,0,,,,,,,,*66  timestamp = 1506266593728
