09-24 13:27:53.726  1937  4410 V WindowManager: just for Front small Window: = Window{c7b89fb u0 com.qihoo.appstore}
09-24 13:27:53.729  1937  4410 V WindowManager: just for Front small Window: = Window{c7b89fb u0 com.qihoo.appstore}
09-24 13:27:53.729  3679  3679 D AndroidRuntime: Shutting down VM
09-24 13:27:53.739  1937  3361 V WindowManager: just for Front small Window: = Window{c7b89fb u0 com.qihoo.appstore}
09-24 13:27:53.750  3689  3689 I StatusBarIconController:  appTransitionPending
09-24 13:27:53.751  1937  4443 V BoostFramework: BoostFramework() : mPerf = com.qualcomm.qti.Performance@2ab6f12
09-24 13:27:53.752  1937  4443 I ActivityManager: Start proc 3690:com.sink.apps.girl.voice.changer/u0a448 for activity com.sink.apps.girl.voice.changer/.MainActivity
09-24 13:27:53.786  1937  4336 D ActivityManager: mImportantUids connections =1000 by uid = 10401 ConnectionRecord =ConnectionRecord{b2d4dc0 u0 CR !FG UI !VIS io.github.ylimit.droidbotapp/.DroidBotIME:@b769343}
09-24 13:27:53.786  1937  4336 D ActivityManager: mImportantUids connections =1000 by uid = 10401 ConnectionRecord =ConnectionRecord{c72ca51 u0 CR FGSA io.github.ylimit.droidbotapp/io.github.privacystreams.accessibility.PSAccessibilityService:@802d378}
09-24 13:27:53.786  1937  4336 D ActivityManager: mImportantUids connections =1000 by uid = 10092 ConnectionRecord =ConnectionRecord{b9837d9 u0 CR FGS com.qihoo.appstore/.AppStoreNotificationListenerService:@49ae220}
09-24 13:27:53.795  1937  4336 V WindowManager: just for Front small Window: = Window{c7b89fb u0 com.qihoo.appstore}
09-24 13:27:53.795  3689  3689 I StatusBarIconController: appTransitionStarting
09-24 13:27:53.799  1937  3354 D ActivityManager: mImportantUids connections =1000 by uid = 10401 ConnectionRecord =ConnectionRecord{b2d4dc0 u0 CR !FG UI !VIS io.github.ylimit.droidbotapp/.DroidBotIME:@b769343}
09-24 13:27:53.799  1937  3354 D ActivityManager: mImportantUids connections =1000 by uid = 10401 ConnectionRecord =ConnectionRecord{c72ca51 u0 CR FGSA io.github.ylimit.droidbotapp/io.github.privacystreams.accessibility.PSAccessibilityService:@802d378}
09-24 13:27:53.799  1937  3354 D ActivityManager: mImportantUids connections =1000 by uid = 10092 ConnectionRecord =ConnectionRecord{b9837d9 u0 CR FGS com.qihoo.appstore/.AppStoreNotificationListenerService:@49ae220}
09-24 13:27:53.805  3690  3690 W System  : ClassLoader referenced unknown path: /data/app/com.sink.apps.girl.voice.changer-1/lib/arm64
09-24 13:27:53.810  4464  4464 D ClockViewGroup: onWindowVisibilityChanged:8
09-24 13:27:53.810  3689  3689 D PhoneStatusBar: setSystemUiVisibility vis=0 mask=ffffffff oldVal=8600 newVal=0 diff=8600
09-24 13:27:53.810  3689  3689 D PhoneStatusBar: checkBarMode:powerSave=false, getBarState()=0
09-24 13:27:53.811  3689  3689 D BarTransitions.PhoneStatusBarView: MODE_TRANSPARENT -> MODE_OPAQUE animate=true
09-24 13:27:53.811  3689  3689 D BarTransitions.PhoneStatusBarView: applyModeBackground oldMode=MODE_TRANSPARENT newMode=MODE_OPAQUE animate=true
09-24 13:27:53.811  3689  3689 I StatusBarIconController: setIconsDark dark:false animate:true currentDark:false mTransitionPending:false mTransitionDeferring:true mPendingDarkIntensity:0.0
09-24 13:27:53.811  3689  3689 I StatusBarIconController: animateIconTint:0.0 mDarkIntensity:0.0
09-24 13:27:53.821  1937  4369 V WindowManager: just for Front small Window: = Window{c7b89fb u0 com.qihoo.appstore}
09-24 13:27:53.827  3689  3689 D BarBackgroundDrawable: BarTransitions: draw: mode=MODE_OPAQUE, targetColor=0xff000000
09-24 13:27:53.827  3689  3689 D BarBackgroundDrawable: BarTransitions: drawColor:0x15000000
09-24 13:27:53.861  3689  3689 D BarBackgroundDrawable: BarTransitions: draw: mode=MODE_OPAQUE, targetColor=0xff000000
09-24 13:27:53.861  3689  3689 D BarBackgroundDrawable: BarTransitions: drawColor:0x3f000000
09-24 13:27:53.864  3689  3689 D BarBackgroundDrawable: BarTransitions: draw: mode=MODE_OPAQUE, targetColor=0xff000000
09-24 13:27:53.864  3689  3689 D BarBackgroundDrawable: BarTransitions: drawColor:0x44000000
09-24 13:27:53.879  3689  3689 D BarBackgroundDrawable: BarTransitions: draw: mode=MODE_OPAQUE, targetColor=0xff000000
09-24 13:27:53.879  3689  3689 D BarBackgroundDrawable: BarTransitions: drawColor:0x57000000
09-24 13:27:53.896  3689  3689 D BarBackgroundDrawable: BarTransitions: draw: mode=MODE_OPAQUE, targetColor=0xff000000
09-24 13:27:53.896  3689  3689 D BarBackgroundDrawable: BarTransitions: drawColor:0x6d000000
09-24 13:27:53.913  3689  3689 D BarBackgroundDrawable: BarTransitions: draw: mode=MODE_OPAQUE, targetColor=0xff000000
09-24 13:27:53.913  3689  3689 D BarBackgroundDrawable: BarTransitions: drawColor:0x83000000
09-24 13:27:53.922  3690  3727 W Settings: Setting install_non_market_apps has moved from android.provider.Settings.Global to android.provider.Settings.Secure, returning read-only value.
09-24 13:27:53.935  3689  3689 D BarBackgroundDrawable: BarTransitions: draw: mode=MODE_OPAQUE, targetColor=0xff000000
09-24 13:27:53.935  3689  3689 D BarBackgroundDrawable: BarTransitions: drawColor:0x9f000000
09-24 13:27:53.968   358   358 W auditd  : type=1400 "ps""/proc/349""proc"
09-24 13:27:53.969   358   358 W auditd  : type=1400 "ps""task""proc"
09-24 13:27:53.976  1937  4329 I ActivityManager: START u0 {flg=0x44008000 cmp=com.sink.apps.girl.voice.changer/com.startapp.android.publish.OverlayActivity (has extras)} from uid 10448 pid 3690 on display 0
09-24 13:27:53.988  3689  3689 D BarBackgroundDrawable: BarTransitions: draw: mode=MODE_OPAQUE, targetColor=0xff000000
09-24 13:27:53.988  3689  3689 D BarBackgroundDrawable: BarTransitions: drawColor:0xe2000000
09-24 13:27:53.996  3690  3730 W Settings: Setting install_non_market_apps has moved from android.provider.Settings.Global to android.provider.Settings.Secure, returning read-only value.
09-24 13:27:53.997  3689  3689 D BarBackgroundDrawable: BarTransitions: draw: mode=MODE_OPAQUE, targetColor=0xff000000
09-24 13:27:53.997  3689  3689 D BarBackgroundDrawable: BarTransitions: drawColor:0xed000000
09-24 13:27:54.004  3690  3727 I DpmTcmClient: RegisterTcmMonitor from: com.android.okhttp.TcmIdleTimerMonitor
09-24 13:27:54.013  3689  3689 D BarBackgroundDrawable: BarTransitions: draw: mode=MODE_OPAQUE, targetColor=0xff000000
09-24 13:27:54.013  3689  3689 D BarBackgroundDrawable: BarTransitions: drawColor:0xff000000
09-24 13:27:54.064  1937  4329 V WindowManager: just for Front small Window: = Window{c7b89fb u0 com.qihoo.appstore}
09-24 13:27:54.081  1937  4329 V WindowManager: just for Front small Window: = Window{c7b89fb u0 com.qihoo.appstore}
09-24 13:27:54.217  1937  4329 V WindowManager: just for Front small Window: = Window{c7b89fb u0 com.qihoo.appstore}
09-24 13:27:54.219  1937  4329 V WindowManager: just for Front small Window: = Window{c7b89fb u0 com.qihoo.appstore}
09-24 13:27:54.356  3690  3690 W GooglePlayServicesUtil: Google Play Store is missing.
09-24 13:27:54.382  3950  3950 D wpa_supplicant: wlan0: Control interface command 'SIGNAL_POLL'
09-24 13:27:54.391  3690  3690 W GooglePlayServicesUtil: Google Play Store is missing.
09-24 13:27:54.391  3950  3950 D wpa_supplicant: CTRL-DEBUG: global_ctrl_sock-sendto: sock=12 sndbuf=212992 outq=0 send_len=48
09-24 13:27:54.393  3690  3690 I WebViewFactory: Loading com.google.android.webview version 52.0.2743.98 (code 275609850)
09-24 13:27:54.429  3690  3690 W System  : ClassLoader referenced unknown path: /system/app/WebViewGoogle/lib/arm64
09-24 13:27:54.431  3739  3739 I dex2oat : /system/bin/dex2oat --dex-file=/data/user/0/com.sink.apps.girl.voice.changer/cache/ads1040033013.jar --oat-file=/data/user/0/com.sink.apps.girl.voice.changer/cache/ads1040033013.dex
09-24 13:27:54.432  3690  3690 E Theme   : Different package name.com.sink.apps.girl.voice.changer,com.google.android.webview
09-24 13:27:54.443  3690  3690 I art     : Rejecting re-init on previously-failed class java.lang.Class<com.android.webview.chromium.ServiceWorkerControllerAdapter>
09-24 13:27:54.443  3690  3690 I art     : Rejecting re-init on previously-failed class java.lang.Class<com.android.webview.chromium.ServiceWorkerControllerAdapter>
09-24 13:27:54.447  3690  3690 I art     : Rejecting re-init on previously-failed class java.lang.Class<com.android.webview.chromium.TokenBindingManagerAdapter>
09-24 13:27:54.447  3690  3690 I art     : Rejecting re-init on previously-failed class java.lang.Class<com.android.webview.chromium.TokenBindingManagerAdapter>
09-24 13:27:54.460  3690  3690 I cr_LibraryLoader: Time to load native libraries: 3 ms (timestamps 4412-4415)
09-24 13:27:54.460  3690  3690 I cr_LibraryLoader: Expected native library version number "52.0.2743.98", actual native library version number "52.0.2743.98"
09-24 13:27:54.470  3690  3690 V WebViewChromiumFactoryProvider: Binding Chromium to main looper Looper (main, tid 1) {78be9fd}
09-24 13:27:54.470  3690  3690 I cr_LibraryLoader: Expected native library version number "52.0.2743.98", actual native library version number "52.0.2743.98"
09-24 13:27:54.471  3690  3690 I chromium: [INFO:library_loader_hooks.cc(143)] Chromium logging enabled: level = 0, default verbosity = 0
09-24 13:27:54.496  3690  3690 I cr_BrowserStartup: Initializing chromium process, singleProcess=true
09-24 13:27:54.511  3739  3739 I dex2oat : dex2oat took 80.288ms (threads: 8) arena alloc=379KB java alloc=66KB native alloc=1870KB free=2MB
09-24 13:27:54.521  3690  3690 I Adreno  : QUALCOMM build                   : 183c040, Iff84fb1103
09-24 13:27:54.521  3690  3690 I Adreno  : Build Date                       : 03/18/16
09-24 13:27:54.521  3690  3690 I Adreno  : OpenGL ES Shader Compiler Version: XE031.06.00.02
09-24 13:27:54.521  3690  3690 I Adreno  : Local Branch                     : 
09-24 13:27:54.521  3690  3690 I Adreno  : Remote Branch                    : refs/tags/AU_LINUX_ANDROID_LA.BF64.1.2.2_RB4.06.00.01.180.031
09-24 13:27:54.521  3690  3690 I Adreno  : Remote Branch                    : NONE
09-24 13:27:54.521  3690  3690 I Adreno  : Reconstruct Branch               : NOTHING
09-24 13:27:54.533  1937  3361 V WindowManager: just for Front small Window: = Window{c7b89fb u0 com.qihoo.appstore}
09-24 13:27:54.581  3690  3764 E ActivityThread: Failed to find provider info for com.google.settings
09-24 13:27:54.582  3690  3760 W cr_media: Requires BLUETOOTH permission
09-24 13:27:54.588  3690  3690 I Ads     : Starting ad request.
09-24 13:27:54.589  3690  3690 I Ads     : Use AdRequest.Builder.addTestDevice("5EBC12BF17C41267958295A7114AE10F") to get test ads on this device.
09-24 13:27:54.593  1937  3354 W ActivityManager: Activity pause timeout for ActivityRecord{ac939ae u0 com.sink.apps.girl.voice.changer/.MainActivity t715}
09-24 13:27:54.594  3689  3689 I StatusBarIconController:  appTransitionPending
09-24 13:27:54.594  1937  3354 D ActivityManager: mImportantUids connections =1000 by uid = 10401 ConnectionRecord =ConnectionRecord{b2d4dc0 u0 CR !FG UI !VIS io.github.ylimit.droidbotapp/.DroidBotIME:@b769343}
09-24 13:27:54.594  1937  3354 D ActivityManager: mImportantUids connections =1000 by uid = 10401 ConnectionRecord =ConnectionRecord{c72ca51 u0 CR FGSA io.github.ylimit.droidbotapp/io.github.privacystreams.accessibility.PSAccessibilityService:@802d378}
09-24 13:27:54.595  1937  3354 D ActivityManager: mImportantUids connections =1000 by uid = 10092 ConnectionRecord =ConnectionRecord{b9837d9 u0 CR FGS com.qihoo.appstore/.AppStoreNotificationListenerService:@49ae220}
09-24 13:27:54.605  1937  3354 V WindowManager: just for Front small Window: = Window{c7b89fb u0 com.qihoo.appstore}
09-24 13:27:54.605  3689  3689 I StatusBarIconController: appTransitionStarting
09-24 13:27:54.605  1937  3354 V WindowManager: just for Front small Window: = Window{c7b89fb u0 com.qihoo.appstore}
09-24 13:27:54.634  1937  4456 D ConnectivityService: listenForNetwork for Listen from uid/pid:10448/3690 for NetworkRequest [ id=46, legacyType=-1, [ Capabilities: INTERNET&NOT_RESTRICTED&TRUSTED] ]
09-24 13:27:54.634  1937  3592 D ConnectivityService: rematching NetworkAgentInfo [WIFI () - 100]
09-24 13:27:54.634  1937  3592 D ConnectivityService:  network has: [ Transports: WIFI Capabilities: INTERNET&NOT_RESTRICTED&TRUSTED&NOT_VPN&VALIDATED LinkUpBandwidth>=1048576Kbps LinkDnBandwidth>=1048576Kbps SignalStrength: -59]
09-24 13:27:54.634  1937  3592 D ConnectivityService: Network NetworkAgentInfo [WIFI () - 100] was already satisfying request 1. No change.
09-24 13:27:54.634  1937  3592 D ConnectivityService:   checking if request is satisfied: NetworkRequest [ id=4, legacyType=-1, [ Transports: WIFI Capabilities: INTERNET&NOT_RESTRICTED&TRUSTED&NOT_VPN] ]
09-24 13:27:54.634  1937  3592 D ConnectivityService:   checking if request is satisfied: NetworkRequest [ id=3, legacyType=-1, [] ]
09-24 13:27:54.634  1937  3592 D ConnectivityService:   checking if request is satisfied: NetworkRequest [ id=5, legacyType=-1, [ Transports: CELLULAR Capabilities: INTERNET&NOT_RESTRICTED&TRUSTED&NOT_VPN] ]
09-24 13:27:54.634  1937  3592 D ConnectivityService:   checking if request is satisfied: NetworkRequest [ id=46, legacyType=-1, [ Capabilities: INTERNET&NOT_RESTRICTED&TRUSTED] ]
09-24 13:27:54.635  1937  3592 D ConnectivityService: sending notification AVAILABLE for NetworkRequest [ id=46, legacyType=-1, [ Capabilities: INTERNET&NOT_RESTRICTED&TRUSTED] ]
09-24 13:27:54.649   358   358 W auditd  : type=1400 "Binder_3""socket:[537718]""sockfs"
09-24 13:27:54.653   358   358 W auditd  : type=1400 "Binder_3""socket:[537718]""sockfs"
09-24 13:27:54.658  3690  3690 W cr_AwContents: onDetachedFromWindow called when already detached. Ignoring
09-24 13:27:54.705  3690  3690 E Parcel  : Reading a NULL string not supported here.
09-24 13:27:54.710  3690  3690 E Parcel  : Reading a NULL string not supported here.
09-24 13:27:54.744  3690  3690 W GooglePlayServicesUtil: Google Play Store is missing.
09-24 13:27:54.746  3690  3690 I Ads     : Starting ad request.
09-24 13:27:54.747  3690  3690 I Ads     : Use AdRequest.Builder.addTestDevice("5EBC12BF17C41267958295A7114AE10F") to get test ads on this device.
09-24 13:27:54.767  3690  3690 W cr_AwContents: onDetachedFromWindow called when already detached. Ignoring
09-24 13:27:54.771  3690  3773 E AbstractTracker: Can't create handler inside thread that has not called Looper.prepare()
09-24 13:27:54.771  3690  3773 D AppTracker: App Event: start
09-24 13:27:54.775   358   358 W auditd  : type=1400 "Binder_5""socket:[535065]""sockfs"
09-24 13:27:54.775  3690  3774 D OpenGLRenderer: Use EGL_SWAP_BEHAVIOR_PRESERVED: true
09-24 13:27:54.775   358   358 W auditd  : type=1400 "Binder_5""socket:[535065]""sockfs"
09-24 13:27:54.782   358   358 W auditd  : type=1400 "Binder_E""socket:[535068]""sockfs"
09-24 13:27:54.782   358   358 W auditd  : type=1400 "Binder_E""socket:[535068]""sockfs"
09-24 13:27:54.786  3690  3776 E AbstractTracker: Can't create handler inside thread that has not called Looper.prepare()
09-24 13:27:54.786  3690  3776 D AppTracker: App Event: stop
09-24 13:27:54.798  1937  3977 D ConnectivityService: listenForNetwork for Listen from uid/pid:10448/3690 for NetworkRequest [ id=47, legacyType=-1, [ Capabilities: INTERNET&NOT_RESTRICTED&TRUSTED] ]
09-24 13:27:54.798  1937  3592 D ConnectivityService: rematching NetworkAgentInfo [WIFI () - 100]
09-24 13:27:54.798  1937  3592 D ConnectivityService:  network has: [ Transports: WIFI Capabilities: INTERNET&NOT_RESTRICTED&TRUSTED&NOT_VPN&VALIDATED LinkUpBandwidth>=1048576Kbps LinkDnBandwidth>=1048576Kbps SignalStrength: -59]
09-24 13:27:54.798  1937  3592 D ConnectivityService: Network NetworkAgentInfo [WIFI () - 100] was already satisfying request 1. No change.
09-24 13:27:54.799  1937  3592 D ConnectivityService:   checking if request is satisfied: NetworkRequest [ id=4, legacyType=-1, [ Transports: WIFI Capabilities: INTERNET&NOT_RESTRICTED&TRUSTED&NOT_VPN] ]
09-24 13:27:54.799  1937  3592 D ConnectivityService:   checking if request is satisfied: NetworkRequest [ id=3, legacyType=-1, [] ]
09-24 13:27:54.799  1937  3592 D ConnectivityService:   checking if request is satisfied: NetworkRequest [ id=47, legacyType=-1, [ Capabilities: INTERNET&NOT_RESTRICTED&TRUSTED] ]
09-24 13:27:54.799  1937  3592 D ConnectivityService:   checking if request is satisfied: NetworkRequest [ id=5, legacyType=-1, [ Transports: CELLULAR Capabilities: INTERNET&NOT_RESTRICTED&TRUSTED&NOT_VPN] ]
09-24 13:27:54.799  1937  3592 D ConnectivityService:   checking if request is satisfied: NetworkRequest [ id=46, legacyType=-1, [ Capabilities: INTERNET&NOT_RESTRICTED&TRUSTED] ]
09-24 13:27:54.799  1937  3592 D ConnectivityService: sending notification AVAILABLE for NetworkRequest [ id=47, legacyType=-1, [ Capabilities: INTERNET&NOT_RESTRICTED&TRUSTED] ]
09-24 13:27:54.822  3690  3777 E AbstractTracker: Can't create handler inside thread that has not called Looper.prepare()
09-24 13:27:54.822  3690  3777 D AppTracker: App Event: start
09-24 13:27:54.828   358   358 W auditd  : type=1400 "Binder_2""socket:[537730]""sockfs"
09-24 13:27:54.829   358   358 W auditd  : type=1400 "Binder_2""socket:[537730]""sockfs"
09-24 13:27:54.843  3690  3690 W cr_AwContents: onDetachedFromWindow called when already detached. Ignoring
09-24 13:27:54.864  3690  3690 I cr_Ime  : ImeThread is not enabled.
09-24 13:27:54.885  3690  3690 W cr_AwContents: onDetachedFromWindow called when already detached. Ignoring
09-24 13:27:54.894  3690  3690 I cr_Ime  : ImeThread is not enabled.
09-24 13:27:54.903  1937  4359 V WindowManager: just for Front small Window: = Window{c7b89fb u0 com.qihoo.appstore}
09-24 13:27:54.911  3690  3783 E libEGL  : validate_display:255 error 3008 (EGL_BAD_DISPLAY)
09-24 13:27:54.922  3690  3774 I OpenGLRenderer: Initialized EGL, version 1.4
09-24 13:27:54.941  1937  4353 V WindowManager: just for Front small Window: = Window{c7b89fb u0 com.qihoo.appstore}
09-24 13:27:54.949  3690  3783 W VideoCapabilities: Unrecognized profile 2130706433 for video/avc
09-24 13:27:54.977  3690  3783 W VideoCapabilities: Unrecognized profile/level 0/3 for video/mpeg2
09-24 13:27:54.979  3690  3783 W VideoCapabilities: Unrecognized profile/level 0/3 for video/mpeg2
09-24 13:27:54.984  3690  3783 W VideoCapabilities: Unsupported mime video/x-ms-wmv
09-24 13:27:54.986  3690  3783 W VideoCapabilities: Unsupported mime video/x-ms-wmv
09-24 13:27:54.989  3690  3783 W VideoCapabilities: Unsupported mime video/divx
09-24 13:27:54.992  3690  3783 W VideoCapabilities: Unsupported mime video/divx311
09-24 13:27:54.995  3690  3783 W VideoCapabilities: Unsupported mime video/divx4
09-24 13:27:55.011  3690  3783 W VideoCapabilities: Unsupported mime video/mp4v-esdp
09-24 13:27:55.029  3690  3783 I VideoCapabilities: Unsupported profile 4 for video/mp4v-es
09-24 13:27:55.087  3690  3690 W cr_AwContents: onDetachedFromWindow called when already detached. Ignoring
09-24 13:27:55.090  3690  3690 I cr_Ime  : ImeThread is not enabled.
09-24 13:27:55.116  3690  3690 W cr_AwContents: onDetachedFromWindow called when already detached. Ignoring
09-24 13:27:55.123  3690  3788 W Settings: Setting install_non_market_apps has moved from android.provider.Settings.Global to android.provider.Settings.Secure, returning read-only value.
09-24 13:27:55.315   358   358 W auditd  : type=1400 "ps""/proc/349""proc"
09-24 13:27:55.316   358   358 W auditd  : type=1400 "ps""task""proc"
09-24 13:27:55.327   358   358 W auditd  : type=1400 "Binder_2""socket:[537746]""sockfs"
09-24 13:27:55.328   358   358 W auditd  : type=1400 "Binder_2""socket:[537746]""sockfs"
09-24 13:27:55.317  1937  3361 I ActivityManager: Displayed com.sink.apps.girl.voice.changer/com.startapp.android.publish.OverlayActivity: +722ms (total +1s580ms)
09-24 13:27:55.318  1937  3361 V WindowManager: just for Front small Window: = Window{c7b89fb u0 com.qihoo.appstore}
09-24 13:27:55.331  3690  3690 W cr_BindingManager: Cannot call determinedVisibility() - never saw a connection for the pid: 3690
09-24 13:27:55.392   358   358 W auditd  : type=1400 "Binder_A""socket:[537745]""sockfs"
09-24 13:27:55.399   358   358 W auditd  : type=1400 "Binder_A""socket:[537745]""sockfs"
09-24 13:27:55.614  3689  3689 D SystemServicesProxy: exclude com.android.systemui
09-24 13:27:55.614  3689  3689 D SystemServicesProxy: exclude com.android.settings
09-24 13:27:55.614  3689  3689 D SystemServicesProxy: exclude com.android.packageinstaller
09-24 13:27:55.614  3689  3689 D SystemServicesProxy: exclude android
09-24 13:27:55.614  3689  3689 D SystemServicesProxy: exclude android
09-24 13:27:55.614  3689  3689 D SystemServicesProxy: add 11 Task
09-24 13:27:55.614  3689  3689 D RecentsTaskLoadPlan: preloadPlan, 11
09-24 13:27:55.695  3690  3690 W cr_BindingManager: Cannot call determinedVisibility() - never saw a connection for the pid: 3690
09-24 13:27:55.702  3690  3690 W cr_BindingManager: Cannot call determinedVisibility() - never saw a connection for the pid: 3690
09-24 13:27:55.770  3690  3690 I chromium: [INFO:CONSOLE(0)] "Creating Application Cache with manifest https://googleads.g.doubleclick.net/mads/static/mad/sdk/native/sdk-core-v40.appcache", source: https://googleads.g.doubleclick.net/mads/static/mad/sdk/native/sdk-core-v40.html (0)
09-24 13:27:55.771  3690  3690 I chromium: [INFO:CONSOLE(0)] "Application Cache Checking event", source: https://googleads.g.doubleclick.net/mads/static/mad/sdk/native/sdk-core-v40.html (0)
09-24 13:27:55.777  3690  3690 I chromium: [INFO:CONSOLE(0)] "Creating Application Cache with manifest https://googleads.g.doubleclick.net/mads/static/mad/sdk/native/sdk-core-v40.appcache", source: https://googleads.g.doubleclick.net/mads/static/mad/sdk/native/sdk-core-v40.html (0)
09-24 13:27:55.777  3690  3690 I chromium: [INFO:CONSOLE(0)] "Application Cache Checking event", source: https://googleads.g.doubleclick.net/mads/static/mad/sdk/native/sdk-core-v40.html (0)
09-24 13:27:55.778  3690  3690 I chromium: [INFO:CONSOLE(0)] "Application Cache Downloading event", source: https://googleads.g.doubleclick.net/mads/static/mad/sdk/native/sdk-core-v40.html (0)
09-24 13:27:55.778  3690  3690 I chromium: [INFO:CONSOLE(0)] "Application Cache Downloading event", source: https://googleads.g.doubleclick.net/mads/static/mad/sdk/native/sdk-core-v40.html (0)
09-24 13:27:55.860 15013 15013 I art     : Waiting for a blocking GC DisableMovingGc
09-24 13:27:55.860 15013 15013 I art     : Starting a blocking GC DisableMovingGc
09-24 13:27:55.883  3690  3690 I chromium: [INFO:CONSOLE(0)] "Application Cache Progress event (0 of 2) https://googleads.g.doubleclick.net/mads/static/mad/sdk/native/sdk-core-v40.js", source: https://googleads.g.doubleclick.net/mads/static/mad/sdk/native/sdk-core-v40.html (0)
09-24 13:27:55.883  3690  3690 I chromium: [INFO:CONSOLE(0)] "Application Cache Progress event (0 of 2) https://googleads.g.doubleclick.net/mads/static/mad/sdk/native/sdk-core-v40.js", source: https://googleads.g.doubleclick.net/mads/static/mad/sdk/native/sdk-core-v40.html (0)
09-24 13:27:55.883  3690  3690 I chromium: [INFO:CONSOLE(0)] "Application Cache Progress event (1 of 2) https://googleads.g.doubleclick.net/mads/static/mad/sdk/native/production/sdk-core-v40-impl.js", source: https://googleads.g.doubleclick.net/mads/static/mad/sdk/native/sdk-core-v40.html (0)
09-24 13:27:55.883  3690  3690 I chromium: [INFO:CONSOLE(0)] "Application Cache Progress event (1 of 2) https://googleads.g.doubleclick.net/mads/static/mad/sdk/native/production/sdk-core-v40-impl.js", source: https://googleads.g.doubleclick.net/mads/static/mad/sdk/native/sdk-core-v40.html (0)
09-24 13:27:56.039  3690  3690 W cr_AwContents: onDetachedFromWindow called when already detached. Ignoring
09-24 13:27:56.044  3690  3690 I cr_Ime  : ImeThread is not enabled.
09-24 13:27:56.216  3690  3690 I chromium: [INFO:CONSOLE(0)] "Application Cache Progress event (2 of 2) ", source: https://googleads.g.doubleclick.net/mads/static/mad/sdk/native/sdk-core-v40.html (0)
09-24 13:27:56.216  3690  3690 I chromium: [INFO:CONSOLE(0)] "Application Cache Progress event (2 of 2) ", source: https://googleads.g.doubleclick.net/mads/static/mad/sdk/native/sdk-core-v40.html (0)
09-24 13:27:56.217  3690  3690 I chromium: [INFO:CONSOLE(0)] "Application Cache Cached event", source: https://googleads.g.doubleclick.net/mads/static/mad/sdk/native/sdk-core-v40.html (0)
09-24 13:27:56.217  3690  3690 I chromium: [INFO:CONSOLE(0)] "Application Cache Cached event", source: https://googleads.g.doubleclick.net/mads/static/mad/sdk/native/sdk-core-v40.html (0)
09-24 13:27:56.230  3690  3690 W cr_BindingManager: Cannot call determinedVisibility() - never saw a connection for the pid: 3690
09-24 13:27:56.710   358   358 W auditd  : type=1400 "ps""/proc/349""proc"
09-24 13:27:56.711   358   358 W auditd  : type=1400 "ps""task""proc"
09-24 13:27:56.966  1937  4410 D ActivityManager: mImportantUids connections =1000 by uid = 10401 ConnectionRecord =ConnectionRecord{b2d4dc0 u0 CR !FG UI !VIS io.github.ylimit.droidbotapp/.DroidBotIME:@b769343}
09-24 13:27:56.966  1937  4410 D ActivityManager: mImportantUids connections =1000 by uid = 10401 ConnectionRecord =ConnectionRecord{c72ca51 u0 CR FGSA io.github.ylimit.droidbotapp/io.github.privacystreams.accessibility.PSAccessibilityService:@802d378}
09-24 13:27:56.967  1937  4410 D ActivityManager: mImportantUids connections =1000 by uid = 10092 ConnectionRecord =ConnectionRecord{b9837d9 u0 CR FGS com.qihoo.appstore/.AppStoreNotificationListenerService:@49ae220}
09-24 13:27:57.130  3690  3771 I Ads     : No fill from ad server.
09-24 13:27:57.149  3690  3690 W cr_AwContents: onDetachedFromWindow called when already detached. Ignoring
09-24 13:27:57.157  3690  3690 W Ads     : Failed to load ad: 3
09-24 13:27:57.399  3950  3950 D wpa_supplicant: wlan0: Control interface command 'SIGNAL_POLL'
09-24 13:27:57.407  3950  3950 D wpa_supplicant: CTRL-DEBUG: global_ctrl_sock-sendto: sock=12 sndbuf=212992 outq=0 send_len=48
09-24 13:27:57.585  3690  3690 W cr_AwContents: onDetachedFromWindow called when already detached. Ignoring
09-24 13:27:57.624  3690  3690 I cr_Ime  : ImeThread is not enabled.
09-24 13:27:57.679  3690  3690 W cr_BindingManager: Cannot call determinedVisibility() - never saw a connection for the pid: 3690
09-24 13:27:58.112   358   358 W auditd  : type=1400 "ps""/proc/349""proc"
09-24 13:27:58.114   358   358 W auditd  : type=1400 "ps""task""proc"
09-24 13:27:58.694  3690  3690 I Ads     : Scheduling ad refresh 70000 milliseconds from now.
09-24 13:27:58.720  3690  3690 W cr_AwContents: onDetachedFromWindow called when already detached. Ignoring
09-24 13:27:58.735  3690  3690 I cr_Ime  : ImeThread is not enabled.
09-24 13:27:58.741  3690  3690 I Ads     : Ad finished loading.
09-24 13:27:58.921  3690  3690 W cr_BindingManager: Cannot call determinedVisibility() - never saw a connection for the pid: 3690
09-24 13:27:58.950  3690  3690 I chromium: [INFO:CONSOLE(0)] "Adding master entry to Application Cache with manifest https://googleads.g.doubleclick.net/mads/static/mad/sdk/native/sdk-core-v40.appcache", source: https://googleads.g.doubleclick.net/mads/static/sdk/native/sdk-core-v40.html (0)
09-24 13:27:59.302  3690  3690 I chromium: [INFO:CONSOLE(0)] "Application Cache NoUpdate event", source: https://googleads.g.doubleclick.net/mads/static/sdk/native/sdk-core-v40.html (0)
09-24 13:27:59.385  3854  3854 D AndroidRuntime: >>>>>> START com.android.internal.os.RuntimeInit uid 2000 <<<<<<
09-24 13:27:59.391  3854  3854 D AndroidRuntime: CheckJNI is OFF
09-24 13:27:59.451  3854  3854 D ICU     : No timezone override file found: /data/misc/zoneinfo/current/icu/icu_tzdata.dat
09-24 13:27:59.517  3854  3854 I Radio-JNI: register_android_hardware_Radio DONE
09-24 13:27:59.569  3854  3854 D AndroidRuntime: Calling main entry com.android.commands.input.Input
09-24 13:27:59.571  3854  3854 I Input   : injectKeyEvent: KeyEvent { action=ACTION_DOWN, keyCode=KEYCODE_BACK, scanCode=0, metaState=0, flags=0x0, repeatCount=0, eventTime=9309527, downTime=9309527, deviceId=-1, source=0x101 }
09-24 13:27:59.579  3854  3854 I Input   : injectKeyEvent: KeyEvent { action=ACTION_UP, keyCode=KEYCODE_BACK, scanCode=0, metaState=0, flags=0x0, repeatCount=0, eventTime=9309527, downTime=9309527, deviceId=-1, source=0x101 }
09-24 13:27:59.629  3854  3854 D AndroidRuntime: Shutting down VM
09-24 13:27:59.636   358   358 W auditd  : type=1400 "ps""/proc/349""proc"
09-24 13:27:59.637   358   358 W auditd  : type=1400 "ps""task""proc"
09-24 13:27:59.808  3690  3884 W Settings: Setting install_non_market_apps has moved from android.provider.Settings.Global to android.provider.Settings.Secure, returning read-only value.
09-24 13:27:59.822  3690  3882 W Settings: Setting install_non_market_apps has moved from android.provider.Settings.Global to android.provider.Settings.Secure, returning read-only value.
09-24 13:27:59.846  1937  4385 I ActivityManager: START u0 {flg=0x14880000 cmp=com.sink.apps.girl.voice.changer/com.startapp.android.publish.OverlayActivity (has extras)} from uid 10448 pid 3690 on display 0
09-24 13:27:59.848  1937  4385 V WindowManager: just for Front small Window: = Window{c7b89fb u0 com.qihoo.appstore}
09-24 13:27:59.851  3689  3689 I StatusBarIconController:  appTransitionPending
09-24 13:27:59.873  1937  4385 I ActivityManager_Thumbnails: Setting thumbnail of ActivityRecord{5c36455 u0 com.sink.apps.girl.voice.changer/com.startapp.android.publish.OverlayActivity t715} to android.graphics.Bitmap@13d539c
09-24 13:27:59.875  1937  4385 V WindowManager: just for Front small Window: = Window{c7b89fb u0 com.qihoo.appstore}
09-24 13:27:59.879  1937  4385 V WindowManager: just for Front small Window: = Window{c7b89fb u0 com.qihoo.appstore}
09-24 13:27:59.915  3689  3689 I StatusBarIconController:  appTransitionPending
09-24 13:27:59.918  3690  3891 E AbstractTracker: Can't create handler inside thread that has not called Looper.prepare()
09-24 13:27:59.918  3690  3891 D AppTracker: App Event: stop
09-24 13:27:59.919  1937  4456 D ActivityManager: mImportantUids connections =1000 by uid = 10401 ConnectionRecord =ConnectionRecord{b2d4dc0 u0 CR !FG UI !VIS io.github.ylimit.droidbotapp/.DroidBotIME:@b769343}
09-24 13:27:59.919  1937  4456 D ActivityManager: mImportantUids connections =1000 by uid = 10401 ConnectionRecord =ConnectionRecord{c72ca51 u0 CR FGSA io.github.ylimit.droidbotapp/io.github.privacystreams.accessibility.PSAccessibilityService:@802d378}
09-24 13:27:59.920  1937  4456 D ActivityManager: mImportantUids connections =1000 by uid = 10092 ConnectionRecord =ConnectionRecord{b9837d9 u0 CR FGS com.qihoo.appstore/.AppStoreNotificationListenerService:@49ae220}
09-24 13:28:00.000  1937  3458 V AlarmManager: Triggering alarm #0: Alarm{b07397a type 3 when 9309956 android}operation =Intent { act=android.intent.action.TIME_TICK flg=0x50000000 }
09-24 13:28:00.002  1937  1937 D ActivityManager: mImportantUids connections =1000 by uid = 10401 ConnectionRecord =ConnectionRecord{b2d4dc0 u0 CR !FG UI !VIS io.github.ylimit.droidbotapp/.DroidBotIME:@b769343}
09-24 13:28:00.002  1937  1937 D ActivityManager: mImportantUids connections =1000 by uid = 10401 ConnectionRecord =ConnectionRecord{c72ca51 u0 CR FGSA io.github.ylimit.droidbotapp/io.github.privacystreams.accessibility.PSAccessibilityService:@802d378}
09-24 13:28:00.003  1937  1937 D ActivityManager: mImportantUids connections =1000 by uid = 10092 ConnectionRecord =ConnectionRecord{b9837d9 u0 CR FGS com.qihoo.appstore/.AppStoreNotificationListenerService:@49ae220}
09-24 13:28:00.009  1937  4353 D ActivityManager: mImportantUids connections =1000 by uid = 10401 ConnectionRecord =ConnectionRecord{b2d4dc0 u0 CR !FG UI !VIS io.github.ylimit.droidbotapp/.DroidBotIME:@b769343}
09-24 13:28:00.010  1937  4353 D ActivityManager: mImportantUids connections =1000 by uid = 10401 ConnectionRecord =ConnectionRecord{c72ca51 u0 CR FGSA io.github.ylimit.droidbotapp/io.github.privacystreams.accessibility.PSAccessibilityService:@802d378}
09-24 13:28:00.010  1937  4353 D ActivityManager: mImportantUids connections =1000 by uid = 10092 ConnectionRecord =ConnectionRecord{b9837d9 u0 CR FGS com.qihoo.appstore/.AppStoreNotificationListenerService:@49ae220}
09-24 13:28:00.018  3690  3690 W cr_AwContents: onDetachedFromWindow called when already detached. Ignoring
09-24 13:28:00.028  3690  3690 I cr_Ime  : ImeThread is not enabled.
09-24 13:28:00.028  1937  4359 D ActivityManager: mImportantUids connections =1000 by uid = 10401 ConnectionRecord =ConnectionRecord{b2d4dc0 u0 CR !FG UI !VIS io.github.ylimit.droidbotapp/.DroidBotIME:@b769343}
09-24 13:28:00.028  1937  4359 D ActivityManager: mImportantUids connections =1000 by uid = 10401 ConnectionRecord =ConnectionRecord{c72ca51 u0 CR FGSA io.github.ylimit.droidbotapp/io.github.privacystreams.accessibility.PSAccessibilityService:@802d378}
09-24 13:28:00.029  1937  4359 D ActivityManager: mImportantUids connections =1000 by uid = 10092 ConnectionRecord =ConnectionRecord{b9837d9 u0 CR FGS com.qihoo.appstore/.AppStoreNotificationListenerService:@49ae220}
09-24 13:28:00.043  3690  3894 E AbstractTracker: Can't create handler inside thread that has not called Looper.prepare()
09-24 13:28:00.043  3690  3894 D AppTracker: App Event: start
09-24 13:28:00.059   358   358 W auditd  : type=1400 "Binder_2""socket:[536033]""sockfs"
09-24 13:28:00.060   358   358 W auditd  : type=1400 "Binder_2""socket:[536033]""sockfs"
09-24 13:28:00.061  1937  3977 D ActivityManager: mImportantUids connections =1000 by uid = 10401 ConnectionRecord =ConnectionRecord{b2d4dc0 u0 CR !FG UI !VIS io.github.ylimit.droidbotapp/.DroidBotIME:@b769343}
09-24 13:28:00.061  1937  3977 D ActivityManager: mImportantUids connections =1000 by uid = 10401 ConnectionRecord =ConnectionRecord{c72ca51 u0 CR FGSA io.github.ylimit.droidbotapp/io.github.privacystreams.accessibility.PSAccessibilityService:@802d378}
09-24 13:28:00.061  1937  3977 D ActivityManager: mImportantUids connections =1000 by uid = 10092 ConnectionRecord =ConnectionRecord{b9837d9 u0 CR FGS com.qihoo.appstore/.AppStoreNotificationListenerService:@49ae220}
09-24 13:28:00.067  1937  1957 I art     : Background partial concurrent mark sweep GC freed 75963(6MB) AllocSpace objects, 34(664KB) LOS objects, 33% free, 19MB/29MB, paused 5.197ms total 199.980ms
09-24 13:28:00.071  1937  3977 D ActivityManager: mImportantUids connections =1000 by uid = 10401 ConnectionRecord =ConnectionRecord{b2d4dc0 u0 CR !FG UI !VIS io.github.ylimit.droidbotapp/.DroidBotIME:@b769343}
09-24 13:28:00.071  1937  3977 D ActivityManager: mImportantUids connections =1000 by uid = 10401 ConnectionRecord =ConnectionRecord{c72ca51 u0 CR FGSA io.github.ylimit.droidbotapp/io.github.privacystreams.accessibility.PSAccessibilityService:@802d378}
09-24 13:28:00.071  1937  3977 D ActivityManager: mImportantUids connections =1000 by uid = 10092 ConnectionRecord =ConnectionRecord{b9837d9 u0 CR FGS com.qihoo.appstore/.AppStoreNotificationListenerService:@49ae220}
09-24 13:28:00.086  1937  3977 D ActivityManager: mImportantUids connections =1000 by uid = 10401 ConnectionRecord =ConnectionRecord{b2d4dc0 u0 CR !FG UI !VIS io.github.ylimit.droidbotapp/.DroidBotIME:@b769343}
09-24 13:28:00.087  1937  3977 D ActivityManager: mImportantUids connections =1000 by uid = 10401 ConnectionRecord =ConnectionRecord{c72ca51 u0 CR FGSA io.github.ylimit.droidbotapp/io.github.privacystreams.accessibility.PSAccessibilityService:@802d378}
09-24 13:28:00.087  1937  3977 D ActivityManager: mImportantUids connections =1000 by uid = 10092 ConnectionRecord =ConnectionRecord{b9837d9 u0 CR FGS com.qihoo.appstore/.AppStoreNotificationListenerService:@49ae220}
09-24 13:28:00.102  1937  4410 V WindowManager: just for Front small Window: = Window{c7b89fb u0 com.qihoo.appstore}
09-24 13:28:00.122  1937  3977 D ActivityManager: mImportantUids connections =1000 by uid = 10401 ConnectionRecord =ConnectionRecord{b2d4dc0 u0 CR !FG UI !VIS io.github.ylimit.droidbotapp/.DroidBotIME:@b769343}
09-24 13:28:00.122  1937  3977 D ActivityManager: mImportantUids connections =1000 by uid = 10401 ConnectionRecord =ConnectionRecord{c72ca51 u0 CR FGSA io.github.ylimit.droidbotapp/io.github.privacystreams.accessibility.PSAccessibilityService:@802d378}
09-24 13:28:00.122  1937  3977 D ActivityManager: mImportantUids connections =1000 by uid = 10092 ConnectionRecord =ConnectionRecord{b9837d9 u0 CR FGS com.qihoo.appstore/.AppStoreNotificationListenerService:@49ae220}
09-24 13:28:00.138  1937  3977 D ActivityManager: mImportantUids connections =1000 by uid = 10401 ConnectionRecord =ConnectionRecord{b2d4dc0 u0 CR !FG UI !VIS io.github.ylimit.droidbotapp/.DroidBotIME:@b769343}
09-24 13:28:00.138  1937  3977 D ActivityManager: mImportantUids connections =1000 by uid = 10401 ConnectionRecord =ConnectionRecord{c72ca51 u0 CR FGSA io.github.ylimit.droidbotapp/io.github.privacystreams.accessibility.PSAccessibilityService:@802d378}
09-24 13:28:00.138  1937  3977 D ActivityManager: mImportantUids connections =1000 by uid = 10092 ConnectionRecord =ConnectionRecord{b9837d9 u0 CR FGS com.qihoo.appstore/.AppStoreNotificationListenerService:@49ae220}
09-24 13:28:00.156  1937  3361 V WindowManager: just for Front small Window: = Window{c7b89fb u0 com.qihoo.appstore}
09-24 13:28:00.157  1937  3361 V WindowManager: just for Front small Window: = Window{c7b89fb u0 com.qihoo.appstore}
09-24 13:28:00.167   358   358 W auditd  : type=1400 "Binder_A""socket:[537745]""sockfs"
09-24 13:28:00.167   358   358 W auditd  : type=1400 "Binder_A""socket:[537745]""sockfs"
09-24 13:28:00.165  1937  3977 D ActivityManager: mImportantUids connections =1000 by uid = 10401 ConnectionRecord =ConnectionRecord{b2d4dc0 u0 CR !FG UI !VIS io.github.ylimit.droidbotapp/.DroidBotIME:@b769343}
09-24 13:28:00.166  1937  3977 D ActivityManager: mImportantUids connections =1000 by uid = 10401 ConnectionRecord =ConnectionRecord{c72ca51 u0 CR FGSA io.github.ylimit.droidbotapp/io.github.privacystreams.accessibility.PSAccessibilityService:@802d378}
09-24 13:28:00.166  1937  3977 D ActivityManager: mImportantUids connections =1000 by uid = 10092 ConnectionRecord =ConnectionRecord{b9837d9 u0 CR FGS com.qihoo.appstore/.AppStoreNotificationListenerService:@49ae220}
09-24 13:28:00.170  3690  3690 W ResourceType: No known package when getting name for resource number 0x57f00000
09-24 13:28:00.170  3690  3690 W ResourceType: No known package when getting name for resource number 0x57f00001
09-24 13:28:00.174  1937  3977 D ActivityManager: mImportantUids connections =1000 by uid = 10401 ConnectionRecord =ConnectionRecord{b2d4dc0 u0 CR !FG UI !VIS io.github.ylimit.droidbotapp/.DroidBotIME:@b769343}
09-24 13:28:00.174  1937  3977 D ActivityManager: mImportantUids connections =1000 by uid = 10401 ConnectionRecord =ConnectionRecord{c72ca51 u0 CR FGSA io.github.ylimit.droidbotapp/io.github.privacystreams.accessibility.PSAccessibilityService:@802d378}
09-24 13:28:00.175  1937  3977 D ActivityManager: mImportantUids connections =1000 by uid = 10092 ConnectionRecord =ConnectionRecord{b9837d9 u0 CR FGS com.qihoo.appstore/.AppStoreNotificationListenerService:@49ae220}
09-24 13:28:00.184  1937  3361 I ActivityManager: Displayed com.sink.apps.girl.voice.changer/com.startapp.android.publish.OverlayActivity: +270ms
09-24 13:28:00.185  3689  3689 I StatusBarIconController: appTransitionStarting
09-24 13:28:00.188  1937  3977 D ActivityManager: mImportantUids connections =1000 by uid = 10401 ConnectionRecord =ConnectionRecord{b2d4dc0 u0 CR !FG UI !VIS io.github.ylimit.droidbotapp/.DroidBotIME:@b769343}
09-24 13:28:00.188  1937  3977 D ActivityManager: mImportantUids connections =1000 by uid = 10401 ConnectionRecord =ConnectionRecord{c72ca51 u0 CR FGSA io.github.ylimit.droidbotapp/io.github.privacystreams.accessibility.PSAccessibilityService:@802d378}
09-24 13:28:00.188  1937  3977 D ActivityManager: mImportantUids connections =1000 by uid = 10092 ConnectionRecord =ConnectionRecord{b9837d9 u0 CR FGS com.qihoo.appstore/.AppStoreNotificationListenerService:@49ae220}
09-24 13:28:00.200  3690  3690 W ResourceType: No known package when getting name for resource number 0x57f00000
09-24 13:28:00.201  3690  3690 W ResourceType: No known package when getting name for resource number 0x57f00001
09-24 13:28:00.202  1937  3977 D ActivityManager: mImportantUids connections =1000 by uid = 10401 ConnectionRecord =ConnectionRecord{b2d4dc0 u0 CR !FG UI !VIS io.github.ylimit.droidbotapp/.DroidBotIME:@b769343}
09-24 13:28:00.202  1937  3977 D ActivityManager: mImportantUids connections =1000 by uid = 10401 ConnectionRecord =ConnectionRecord{c72ca51 u0 CR FGSA io.github.ylimit.droidbotapp/io.github.privacystreams.accessibility.PSAccessibilityService:@802d378}
09-24 13:28:00.203  1937  3977 D ActivityManager: mImportantUids connections =1000 by uid = 10092 ConnectionRecord =ConnectionRecord{b9837d9 u0 CR FGS com.qihoo.appstore/.AppStoreNotificationListenerService:@49ae220}
09-24 13:28:00.211  1937  3977 D ActivityManager: mImportantUids connections =1000 by uid = 10401 ConnectionRecord =ConnectionRecord{b2d4dc0 u0 CR !FG UI !VIS io.github.ylimit.droidbotapp/.DroidBotIME:@b769343}
09-24 13:28:00.211  1937  3977 D ActivityManager: mImportantUids connections =1000 by uid = 10401 ConnectionRecord =ConnectionRecord{c72ca51 u0 CR FGSA io.github.ylimit.droidbotapp/io.github.privacystreams.accessibility.PSAccessibilityService:@802d378}
09-24 13:28:00.211  1937  3977 D ActivityManager: mImportantUids connections =1000 by uid = 10092 ConnectionRecord =ConnectionRecord{b9837d9 u0 CR FGS com.qihoo.appstore/.AppStoreNotificationListenerService:@49ae220}
09-24 13:28:00.223  1937  3977 D ActivityManager: mImportantUids connections =1000 by uid = 10401 ConnectionRecord =ConnectionRecord{b2d4dc0 u0 CR !FG UI !VIS io.github.ylimit.droidbotapp/.DroidBotIME:@b769343}
09-24 13:28:00.223  1937  3977 D ActivityManager: mImportantUids connections =1000 by uid = 10401 ConnectionRecord =ConnectionRecord{c72ca51 u0 CR FGSA io.github.ylimit.droidbotapp/io.github.privacystreams.accessibility.PSAccessibilityService:@802d378}
09-24 13:28:00.224  1937  4454 V WindowManager: just for Front small Window: = Window{c7b89fb u0 com.qihoo.appstore}
09-24 13:28:00.228  1937  3977 D ActivityManager: mImportantUids connections =1000 by uid = 10092 ConnectionRecord =ConnectionRecord{b9837d9 u0 CR FGS com.qihoo.appstore/.AppStoreNotificationListenerService:@49ae220}
09-24 13:28:00.234  1937  3977 D ActivityManager: mImportantUids connections =1000 by uid = 10401 ConnectionRecord =ConnectionRecord{b2d4dc0 u0 CR !FG UI !VIS io.github.ylimit.droidbotapp/.DroidBotIME:@b769343}
09-24 13:28:00.234  1937  3977 D ActivityManager: mImportantUids connections =1000 by uid = 10401 ConnectionRecord =ConnectionRecord{c72ca51 u0 CR FGSA io.github.ylimit.droidbotapp/io.github.privacystreams.accessibility.PSAccessibilityService:@802d378}
09-24 13:28:00.235  1937  3977 D ActivityManager: mImportantUids connections =1000 by uid = 10092 ConnectionRecord =ConnectionRecord{b9837d9 u0 CR FGS com.qihoo.appstore/.AppStoreNotificationListenerService:@49ae220}
09-24 13:28:00.242  1937  3977 D ActivityManager: mImportantUids connections =1000 by uid = 10401 ConnectionRecord =ConnectionRecord{b2d4dc0 u0 CR !FG UI !VIS io.github.ylimit.droidbotapp/.DroidBotIME:@b769343}
09-24 13:28:00.243  1937  3977 D ActivityManager: mImportantUids connections =1000 by uid = 10401 ConnectionRecord =ConnectionRecord{c72ca51 u0 CR FGSA io.github.ylimit.droidbotapp/io.github.privacystreams.accessibility.PSAccessibilityService:@802d378}
09-24 13:28:00.245  1937  3977 D ActivityManager: mImportantUids connections =1000 by uid = 10092 ConnectionRecord =ConnectionRecord{b9837d9 u0 CR FGS com.qihoo.appstore/.AppStoreNotificationListenerService:@49ae220}
09-24 13:28:00.251  3690  3690 W ResourceType: No known package when getting name for resource number 0x57f00000
09-24 13:28:00.252  1937  3977 D ActivityManager: mImportantUids connections =1000 by uid = 10401 ConnectionRecord =ConnectionRecord{b2d4dc0 u0 CR !FG UI !VIS io.github.ylimit.droidbotapp/.DroidBotIME:@b769343}
09-24 13:28:00.252  1937  3977 D ActivityManager: mImportantUids connections =1000 by uid = 10401 ConnectionRecord =ConnectionRecord{c72ca51 u0 CR FGSA io.github.ylimit.droidbotapp/io.github.privacystreams.accessibility.PSAccessibilityService:@802d378}
09-24 13:28:00.252  3690  3690 W ResourceType: No known package when getting name for resource number 0x57f00001
09-24 13:28:00.252  1937  3977 D ActivityManager: mImportantUids connections =1000 by uid = 10092 ConnectionRecord =ConnectionRecord{b9837d9 u0 CR FGS com.qihoo.appstore/.AppStoreNotificationListenerService:@49ae220}
09-24 13:28:00.259  1937  3977 D ActivityManager: mImportantUids connections =1000 by uid = 10401 ConnectionRecord =ConnectionRecord{b2d4dc0 u0 CR !FG UI !VIS io.github.ylimit.droidbotapp/.DroidBotIME:@b769343}
09-24 13:28:00.260  1937  3977 D ActivityManager: mImportantUids connections =1000 by uid = 10401 ConnectionRecord =ConnectionRecord{c72ca51 u0 CR FGSA io.github.ylimit.droidbotapp/io.github.privacystreams.accessibility.PSAccessibilityService:@802d378}
09-24 13:28:00.260  1937  3977 D ActivityManager: mImportantUids connections =1000 by uid = 10092 ConnectionRecord =ConnectionRecord{b9837d9 u0 CR FGS com.qihoo.appstore/.AppStoreNotificationListenerService:@49ae220}
09-24 13:28:00.267  3690  3690 W ResourceType: No known package when getting name for resource number 0x57f00000
09-24 13:28:00.268  3690  3690 W ResourceType: No known package when getting name for resource number 0x57f00001
09-24 13:28:00.269  3690  3690 W ResourceType: No known package when getting name for resource number 0x57f00000
09-24 13:28:00.269  3690  3690 W ResourceType: No known package when getting name for resource number 0x57f00001
09-24 13:28:00.271  1937  3977 D ActivityManager: mImportantUids connections =1000 by uid = 10401 ConnectionRecord =ConnectionRecord{b2d4dc0 u0 CR !FG UI !VIS io.github.ylimit.droidbotapp/.DroidBotIME:@b769343}
09-24 13:28:00.271  1937  3977 D ActivityManager: mImportantUids connections =1000 by uid = 10401 ConnectionRecord =ConnectionRecord{c72ca51 u0 CR FGSA io.github.ylimit.droidbotapp/io.github.privacystreams.accessibility.PSAccessibilityService:@802d378}
09-24 13:28:00.271  1937  3977 D ActivityManager: mImportantUids connections =1000 by uid = 10092 ConnectionRecord =ConnectionRecord{b9837d9 u0 CR FGS com.qihoo.appstore/.AppStoreNotificationListenerService:@49ae220}
09-24 13:28:00.283  1937  3977 D ActivityManager: mImportantUids connections =1000 by uid = 10401 ConnectionRecord =ConnectionRecord{b2d4dc0 u0 CR !FG UI !VIS io.github.ylimit.droidbotapp/.DroidBotIME:@b769343}
09-24 13:28:00.283  1937  3977 D ActivityManager: mImportantUids connections =1000 by uid = 10401 ConnectionRecord =ConnectionRecord{c72ca51 u0 CR FGSA io.github.ylimit.droidbotapp/io.github.privacystreams.accessibility.PSAccessibilityService:@802d378}
09-24 13:28:00.283  1937  3977 D ActivityManager: mImportantUids connections =1000 by uid = 10092 ConnectionRecord =ConnectionRecord{b9837d9 u0 CR FGS com.qihoo.appstore/.AppStoreNotificationListenerService:@49ae220}
09-24 13:28:00.291  3690  3690 W ResourceType: No known package when getting name for resource number 0x57f00000
09-24 13:28:00.292  3690  3690 W ResourceType: No known package when getting name for resource number 0x57f00001
09-24 13:28:00.295  1937  3977 D ActivityManager: mImportantUids connections =1000 by uid = 10401 ConnectionRecord =ConnectionRecord{b2d4dc0 u0 CR !FG UI !VIS io.github.ylimit.droidbotapp/.DroidBotIME:@b769343}
09-24 13:28:00.295  1937  3977 D ActivityManager: mImportantUids connections =1000 by uid = 10401 ConnectionRecord =ConnectionRecord{c72ca51 u0 CR FGSA io.github.ylimit.droidbotapp/io.github.privacystreams.accessibility.PSAccessibilityService:@802d378}
09-24 13:28:00.296  1937  3977 D ActivityManager: mImportantUids connections =1000 by uid = 10092 ConnectionRecord =ConnectionRecord{b9837d9 u0 CR FGS com.qihoo.appstore/.AppStoreNotificationListenerService:@49ae220}
09-24 13:28:00.298  3690  3690 W cr_BindingManager: Cannot call determinedVisibility() - never saw a connection for the pid: 3690
09-24 13:28:00.312  1937  3977 D ActivityManager: mImportantUids connections =1000 by uid = 10401 ConnectionRecord =ConnectionRecord{b2d4dc0 u0 CR !FG UI !VIS io.github.ylimit.droidbotapp/.DroidBotIME:@b769343}
09-24 13:28:00.312  1937  3977 D ActivityManager: mImportantUids connections =1000 by uid = 10401 ConnectionRecord =ConnectionRecord{c72ca51 u0 CR FGSA io.github.ylimit.droidbotapp/io.github.privacystreams.accessibility.PSAccessibilityService:@802d378}
09-24 13:28:00.313  1937  3977 D ActivityManager: mImportantUids connections =1000 by uid = 10092 ConnectionRecord =ConnectionRecord{b9837d9 u0 CR FGS com.qihoo.appstore/.AppStoreNotificationListenerService:@49ae220}
09-24 13:28:00.320  1937  3977 D ActivityManager: mImportantUids connections =1000 by uid = 10401 ConnectionRecord =ConnectionRecord{b2d4dc0 u0 CR !FG UI !VIS io.github.ylimit.droidbotapp/.DroidBotIME:@b769343}
09-24 13:28:00.321  1937  3977 D ActivityManager: mImportantUids connections =1000 by uid = 10401 ConnectionRecord =ConnectionRecord{c72ca51 u0 CR FGSA io.github.ylimit.droidbotapp/io.github.privacystreams.accessibility.PSAccessibilityService:@802d378}
09-24 13:28:00.321  1937  3977 D ActivityManager: mImportantUids connections =1000 by uid = 10092 ConnectionRecord =ConnectionRecord{b9837d9 u0 CR FGS com.qihoo.appstore/.AppStoreNotificationListenerService:@49ae220}
09-24 13:28:00.329  1937  3977 D ActivityManager: mImportantUids connections =1000 by uid = 10401 ConnectionRecord =ConnectionRecord{b2d4dc0 u0 CR !FG UI !VIS io.github.ylimit.droidbotapp/.DroidBotIME:@b769343}
