09-24 13:29:22.648  1937  4456 D ActivityManager: mImportantUids connections =1000 by uid = 10092 ConnectionRecord =ConnectionRecord{b9837d9 u0 CR FGS com.qihoo.appstore/.AppStoreNotificationListenerService:@49ae220}
09-24 13:29:22.663  1937  4456 D ActivityManager: mImportantUids connections =1000 by uid = 10401 ConnectionRecord =ConnectionRecord{b2d4dc0 u0 CR !FG UI !VIS io.github.ylimit.droidbotapp/.DroidBotIME:@b769343}
09-24 13:29:22.663  1937  4456 D ActivityManager: mImportantUids connections =1000 by uid = 10401 ConnectionRecord =ConnectionRecord{c72ca51 u0 CR FGSA io.github.ylimit.droidbotapp/io.github.privacystreams.accessibility.PSAccessibilityService:@802d378}
09-24 13:29:22.664  1937  4456 D ActivityManager: mImportantUids connections =1000 by uid = 10092 ConnectionRecord =ConnectionRecord{b9837d9 u0 CR FGS com.qihoo.appstore/.AppStoreNotificationListenerService:@49ae220}
09-24 13:29:22.699  3690  3690 I chromium: [INFO:CONSOLE(0)] "Document was loaded from Application Cache with manifest https://googleads.g.doubleclick.net/mads/static/mad/sdk/native/sdk-core-v40.appcache", source: https://googleads.g.doubleclick.net/mads/static/mad/sdk/native/sdk-core-v40.html (0)
09-24 13:29:22.699  3690  3690 I chromium: [INFO:CONSOLE(0)] "Application Cache Checking event", source: https://googleads.g.doubleclick.net/mads/static/mad/sdk/native/sdk-core-v40.html (0)
09-24 13:29:22.699  3690  3690 I chromium: [INFO:CONSOLE(0)] "Application Cache Checking event", source: https://googleads.g.doubleclick.net/mads/static/sdk/native/sdk-core-v40.html (0)
09-24 13:29:22.780 14751 14822 I memcheck: needTrimMemory: trimFrom = 0, vmSize = 1796720, totalPss = 98923, avail = 1646868, sRunningMemAgressiveGrowthLimit = 2277924, sRunningMemGentleGrowthLimit = 2277924, sAvailableMemoryThreshold = 221184
09-24 13:29:22.785   358   358 W auditd  : type=1400 "MemoryCheckThre""mem""debugfs"
09-24 13:29:22.786   358   358 W auditd  : type=1400 "MemoryCheckThre""mem""debugfs"
09-24 13:29:22.789  1937  3361 V WindowManager: just for Front small Window: = Window{c7b89fb u0 com.qihoo.appstore}
09-24 13:29:22.794  3690  3690 I chromium: [INFO:CONSOLE(0)] "Application Cache NoUpdate event", source: https://googleads.g.doubleclick.net/mads/static/mad/sdk/native/sdk-core-v40.html (0)
09-24 13:29:22.794  3690  3690 I chromium: [INFO:CONSOLE(0)] "Application Cache NoUpdate event", source: https://googleads.g.doubleclick.net/mads/static/sdk/native/sdk-core-v40.html (0)
09-24 13:29:22.803  1937  3354 D ActivityManager: mImportantUids connections =1000 by uid = 10401 ConnectionRecord =ConnectionRecord{b2d4dc0 u0 CR !FG UI !VIS io.github.ylimit.droidbotapp/.DroidBotIME:@b769343}
09-24 13:29:22.803  1937  3354 D ActivityManager: mImportantUids connections =1000 by uid = 10401 ConnectionRecord =ConnectionRecord{c72ca51 u0 CR FGSA io.github.ylimit.droidbotapp/io.github.privacystreams.accessibility.PSAccessibilityService:@802d378}
09-24 13:29:22.803  1937  3354 D ActivityManager: mImportantUids connections =1000 by uid = 10092 ConnectionRecord =ConnectionRecord{b9837d9 u0 CR FGS com.qihoo.appstore/.AppStoreNotificationListenerService:@49ae220}
09-24 13:29:22.835  1937  4386 D ActivityManager: mImportantUids connections =1000 by uid = 10401 ConnectionRecord =ConnectionRecord{b2d4dc0 u0 CR !FG UI !VIS io.github.ylimit.droidbotapp/.DroidBotIME:@b769343}
09-24 13:29:22.836  1937  4386 D ActivityManager: mImportantUids connections =1000 by uid = 10401 ConnectionRecord =ConnectionRecord{c72ca51 u0 CR FGSA io.github.ylimit.droidbotapp/io.github.privacystreams.accessibility.PSAccessibilityService:@802d378}
09-24 13:29:22.836  1937  4386 D ActivityManager: mImportantUids connections =1000 by uid = 10092 ConnectionRecord =ConnectionRecord{b9837d9 u0 CR FGS com.qihoo.appstore/.AppStoreNotificationListenerService:@49ae220}
09-24 13:29:23.103   358   358 W auditd  : type=1400 "ps""/proc/349""proc"
09-24 13:29:23.103   358   358 W auditd  : type=1400 "ps""task""proc"
09-24 13:29:23.300  3689  3689 D SystemServicesProxy: exclude com.android.systemui
09-24 13:29:23.300  3689  3689 D SystemServicesProxy: exclude com.android.settings
09-24 13:29:23.300  3689  3689 D SystemServicesProxy: exclude com.android.packageinstaller
09-24 13:29:23.300  3689  3689 D SystemServicesProxy: exclude android
09-24 13:29:23.300  3689  3689 D SystemServicesProxy: exclude android
09-24 13:29:23.300  3689  3689 D SystemServicesProxy: add 12 Task
09-24 13:29:23.300  3689  3689 D RecentsTaskLoadPlan: preloadPlan, 12
09-24 13:29:23.983  3690  3690 W cr_AwContents: onDetachedFromWindow called when already detached. Ignoring
09-24 13:29:24.017  3690  3690 I cr_Ime  : ImeThread is not enabled.
09-24 13:29:24.047  3690  3690 W cr_BindingManager: Cannot call determinedVisibility() - never saw a connection for the pid: 3690
09-24 13:29:24.329  3690  3690 I Ads     : Scheduling ad refresh 60000 milliseconds from now.
09-24 13:29:24.357  3690  3690 W cr_AwContents: onDetachedFromWindow called when already detached. Ignoring
09-24 13:29:24.359   358   358 W auditd  : type=1400 "Binder_D""socket:[537745]""sockfs"
09-24 13:29:24.360   358   358 W auditd  : type=1400 "Binder_D""socket:[537745]""sockfs"
09-24 13:29:24.371  3690  3690 I cr_Ime  : ImeThread is not enabled.
09-24 13:29:24.377  3690  3690 I Ads     : Ad finished loading.
09-24 13:29:24.488  3690  3690 W cr_BindingManager: Cannot call determinedVisibility() - never saw a connection for the pid: 3690
09-24 13:29:24.536  3690  3690 I chromium: [INFO:CONSOLE(0)] "Document was loaded from Application Cache with manifest https://googleads.g.doubleclick.net/mads/static/mad/sdk/native/sdk-core-v40.appcache", source: https://googleads.g.doubleclick.net/mads/static/sdk/native/sdk-core-v40.html (0)
09-24 13:29:24.536  3690  3690 I chromium: [INFO:CONSOLE(0)] "Application Cache Checking event", source: https://googleads.g.doubleclick.net/mads/static/mad/sdk/native/sdk-core-v40.html (0)
09-24 13:29:24.536  3690  3690 I chromium: [INFO:CONSOLE(0)] "Application Cache Checking event", source: https://googleads.g.doubleclick.net/mads/static/sdk/native/sdk-core-v40.html (0)
09-24 13:29:24.537  3690  3690 I chromium: [INFO:CONSOLE(0)] "Application Cache Checking event", source: https://googleads.g.doubleclick.net/mads/static/sdk/native/sdk-core-v40.html (0)
09-24 13:29:24.558  3690  3690 I chromium: [INFO:CONSOLE(0)] "Application Cache NoUpdate event", source: https://googleads.g.doubleclick.net/mads/static/mad/sdk/native/sdk-core-v40.html (0)
09-24 13:29:24.558  3690  3690 I chromium: [INFO:CONSOLE(0)] "Application Cache NoUpdate event", source: https://googleads.g.doubleclick.net/mads/static/sdk/native/sdk-core-v40.html (0)
09-24 13:29:24.558  3690  3690 I chromium: [INFO:CONSOLE(0)] "Application Cache NoUpdate event", source: https://googleads.g.doubleclick.net/mads/static/sdk/native/sdk-core-v40.html (0)
09-24 13:29:24.688   358   358 W auditd  : type=1400 "ps""/proc/349""proc"
09-24 13:29:24.689   358   358 W auditd  : type=1400 "ps""task""proc"
09-24 13:29:24.871  3950  3950 D wpa_supplicant: wlan0: Control interface command 'SIGNAL_POLL'
09-24 13:29:24.875  3950  3950 D wpa_supplicant: CTRL-DEBUG: global_ctrl_sock-sendto: sock=12 sndbuf=212992 outq=0 send_len=48
09-24 13:29:25.001  1937  1937 I DeviceIdleController: updateChargingLocked: charging=true
09-24 13:29:25.001  1937  1937 I DeviceIdleController: becomeActiveLocked, reason = charging
09-24 13:29:25.005  5113  5113 D AbstractProcessor: onBatteryChange Percent:8 State:2 
09-24 13:29:25.076  1937  3352 D ActivityManager: mImportantUids connections =1000 by uid = 10092 ConnectionRecord =ConnectionRecord{b9837d9 u0 CR FGS com.qihoo.appstore/.AppStoreNotificationListenerService:@49ae220}
09-24 13:29:25.089  1937  3352 D ActivityManager: mImportantUids connections =1000 by uid = 10401 ConnectionRecord =ConnectionRecord{b2d4dc0 u0 CR !FG UI !VIS io.github.ylimit.droidbotapp/.DroidBotIME:@b769343}
09-24 13:29:25.089  1937  3352 D ActivityManager: mImportantUids connections =1000 by uid = 10401 ConnectionRecord =ConnectionRecord{c72ca51 u0 CR FGSA io.github.ylimit.droidbotapp/io.github.privacystreams.accessibility.PSAccessibilityService:@802d378}
09-24 13:29:25.089  1937  3352 D ActivityManager: mImportantUids connections =1000 by uid = 10092 ConnectionRecord =ConnectionRecord{b9837d9 u0 CR FGS com.qihoo.appstore/.AppStoreNotificationListenerService:@49ae220}
09-24 13:29:25.190  1937  4385 D ActivityManager: mImportantUids connections =1000 by uid = 10401 ConnectionRecord =ConnectionRecord{b2d4dc0 u0 CR !FG UI !VIS io.github.ylimit.droidbotapp/.DroidBotIME:@b769343}
09-24 13:29:25.190  1937  4385 D ActivityManager: mImportantUids connections =1000 by uid = 10401 ConnectionRecord =ConnectionRecord{c72ca51 u0 CR FGSA io.github.ylimit.droidbotapp/io.github.privacystreams.accessibility.PSAccessibilityService:@802d378}
09-24 13:29:25.194  1937  4385 D ActivityManager: mImportantUids connections =1000 by uid = 10092 ConnectionRecord =ConnectionRecord{b9837d9 u0 CR FGS com.qihoo.appstore/.AppStoreNotificationListenerService:@49ae220}
09-24 13:29:25.236  1937  4329 D ActivityManager: mImportantUids connections =1000 by uid = 10092 ConnectionRecord =ConnectionRecord{b9837d9 u0 CR FGS com.qihoo.appstore/.AppStoreNotificationListenerService:@49ae220}
09-24 13:29:25.242  1937  4329 D ActivityManager: mImportantUids connections =1000 by uid = 10401 ConnectionRecord =ConnectionRecord{b2d4dc0 u0 CR !FG UI !VIS io.github.ylimit.droidbotapp/.DroidBotIME:@b769343}
09-24 13:29:25.242  1937  4329 D ActivityManager: mImportantUids connections =1000 by uid = 10401 ConnectionRecord =ConnectionRecord{c72ca51 u0 CR FGSA io.github.ylimit.droidbotapp/io.github.privacystreams.accessibility.PSAccessibilityService:@802d378}
09-24 13:29:25.242  1937  4329 D ActivityManager: mImportantUids connections =1000 by uid = 10092 ConnectionRecord =ConnectionRecord{b9837d9 u0 CR FGS com.qihoo.appstore/.AppStoreNotificationListenerService:@49ae220}
09-24 13:29:25.269  1937  4336 D ActivityManager: mImportantUids connections =1000 by uid = 10401 ConnectionRecord =ConnectionRecord{b2d4dc0 u0 CR !FG UI !VIS io.github.ylimit.droidbotapp/.DroidBotIME:@b769343}
09-24 13:29:25.269  1937  4336 D ActivityManager: mImportantUids connections =1000 by uid = 10401 ConnectionRecord =ConnectionRecord{c72ca51 u0 CR FGSA io.github.ylimit.droidbotapp/io.github.privacystreams.accessibility.PSAccessibilityService:@802d378}
09-24 13:29:25.274  1937  4336 D ActivityManager: mImportantUids connections =1000 by uid = 10092 ConnectionRecord =ConnectionRecord{b9837d9 u0 CR FGS com.qihoo.appstore/.AppStoreNotificationListenerService:@49ae220}
09-24 13:29:25.496   552  3341 D audio_hw_primary: out_standby: enter: stream (0xf2d07f00) usecase(1: low-latency-playback)
09-24 13:29:25.565   552  3341 D audio_hw_primary: disable_audio_route: reset and update mixer path: low-latency-playback speaker
09-24 13:29:25.566   552  3341 D soundtrigger: audio_extn_sound_trigger_update_stream_status: uc_id 1 of type 0 for Event 2, with Raise=0
09-24 13:29:25.567   552  3341 D hardware_info: hw_info_append_hw_type : device_name = speaker
09-24 13:29:25.567   552  3341 D audio_hw_primary: disable_snd_device: snd_device(2: speaker)
09-24 13:29:25.567   552  3341 I soundtrigger: audio_extn_sound_trigger_update_device_status: device 0x2 of type 0 for Event 0, with Raise=0
09-24 13:29:26.428   358   358 W auditd  : type=1400 "ps""/proc/349""proc"
09-24 13:29:26.428   358   358 W auditd  : type=1400 "ps""task""proc"
09-24 13:29:27.884  3950  3950 D wpa_supplicant: wlan0: Control interface command 'SIGNAL_POLL'
09-24 13:29:27.887  3950  3950 D wpa_supplicant: CTRL-DEBUG: global_ctrl_sock-sendto: sock=12 sndbuf=212992 outq=0 send_len=48
09-24 13:29:28.021   358   358 W auditd  : type=1400 "ps""/proc/349""proc"
09-24 13:29:28.023   358   358 W auditd  : type=1400 "ps""task""proc"
09-24 13:29:28.201  4975  4975 D AndroidRuntime: >>>>>> START com.android.internal.os.RuntimeInit uid 2000 <<<<<<
09-24 13:29:28.210  4975  4975 D AndroidRuntime: CheckJNI is OFF
09-24 13:29:28.293  4975  4975 D ICU     : No timezone override file found: /data/misc/zoneinfo/current/icu/icu_tzdata.dat
09-24 13:29:28.385  4975  4975 I Radio-JNI: register_android_hardware_Radio DONE
09-24 13:29:28.456  4975  4975 D AndroidRuntime: Calling main entry com.android.commands.input.Input
09-24 13:29:28.459  4975  4975 I Input   : injectKeyEvent: KeyEvent { action=ACTION_DOWN, keyCode=KEYCODE_BACK, scanCode=0, metaState=0, flags=0x0, repeatCount=0, eventTime=9398414, downTime=9398414, deviceId=-1, source=0x101 }
09-24 13:29:28.469  4975  4975 I Input   : injectKeyEvent: KeyEvent { action=ACTION_UP, keyCode=KEYCODE_BACK, scanCode=0, metaState=0, flags=0x0, repeatCount=0, eventTime=9398414, downTime=9398414, deviceId=-1, source=0x101 }
09-24 13:29:28.474  1937  4369 V WindowManager: just for Front small Window: = Window{c7b89fb u0 com.qihoo.appstore}
09-24 13:29:28.478  1937  4369 V WindowManager: just for Front small Window: = Window{c7b89fb u0 com.qihoo.appstore}
09-24 13:29:28.479  3689  3689 I StatusBarIconController:  appTransitionPending
09-24 13:29:28.481  4975  4975 D AndroidRuntime: Shutting down VM
09-24 13:29:28.485  3690  3894 E AbstractTracker: Can't create handler inside thread that has not called Looper.prepare()
09-24 13:29:28.485  3690  3894 D AppTracker: App Event: stop
09-24 13:29:28.486  3689  3689 I StatusBarIconController:  appTransitionPending
09-24 13:29:28.487  1937  4443 D ActivityManager: mImportantUids connections =1000 by uid = 10401 ConnectionRecord =ConnectionRecord{b2d4dc0 u0 CR !FG UI !VIS io.github.ylimit.droidbotapp/.DroidBotIME:@b769343}
09-24 13:29:28.487  1937  4443 D ActivityManager: mImportantUids connections =1000 by uid = 10401 ConnectionRecord =ConnectionRecord{c72ca51 u0 CR FGSA io.github.ylimit.droidbotapp/io.github.privacystreams.accessibility.PSAccessibilityService:@802d378}
09-24 13:29:28.487  1937  4443 D ActivityManager: mImportantUids connections =1000 by uid = 10092 ConnectionRecord =ConnectionRecord{b9837d9 u0 CR FGS com.qihoo.appstore/.AppStoreNotificationListenerService:@49ae220}
09-24 13:29:28.505  1937  4454 V WindowManager: just for Front small Window: = Window{c7b89fb u0 com.qihoo.appstore}
09-24 13:29:28.515  3690  3894 E AbstractTracker: Can't create handler inside thread that has not called Looper.prepare()
09-24 13:29:28.515  3690  3894 D AppTracker: App Event: start
09-24 13:29:28.529  1937  4385 V WindowManager: just for Front small Window: = Window{c7b89fb u0 com.qihoo.appstore}
09-24 13:29:28.576  1937  3361 V WindowManager: just for Front small Window: = Window{c7b89fb u0 com.qihoo.appstore}
09-24 13:29:28.585  3689  3689 I StatusBarIconController: appTransitionStarting
09-24 13:29:28.587   358   358 W auditd  : type=1400 "Binder_8""socket:[537745]""sockfs"
09-24 13:29:28.587   358   358 W auditd  : type=1400 "Binder_8""socket:[537745]""sockfs"
09-24 13:29:28.617  1937  4369 V WindowManager: just for Front small Window: = Window{c7b89fb u0 com.qihoo.appstore}
09-24 13:29:28.644  1937  4443 D ActivityManager: mImportantUids connections =1000 by uid = 10401 ConnectionRecord =ConnectionRecord{b2d4dc0 u0 CR !FG UI !VIS io.github.ylimit.droidbotapp/.DroidBotIME:@b769343}
09-24 13:29:28.644  1937  4443 D ActivityManager: mImportantUids connections =1000 by uid = 10401 ConnectionRecord =ConnectionRecord{c72ca51 u0 CR FGSA io.github.ylimit.droidbotapp/io.github.privacystreams.accessibility.PSAccessibilityService:@802d378}
09-24 13:29:28.644  1937  4443 D ActivityManager: mImportantUids connections =1000 by uid = 10092 ConnectionRecord =ConnectionRecord{b9837d9 u0 CR FGS com.qihoo.appstore/.AppStoreNotificationListenerService:@49ae220}
09-24 13:29:28.831  1937  3361 V WindowManager: just for Front small Window: = Window{c7b89fb u0 com.qihoo.appstore}
09-24 13:29:28.841  1937  3354 D ActivityManager: mImportantUids connections =1000 by uid = 10401 ConnectionRecord =ConnectionRecord{b2d4dc0 u0 CR !FG UI !VIS io.github.ylimit.droidbotapp/.DroidBotIME:@b769343}
09-24 13:29:28.841  1937  3354 D ActivityManager: mImportantUids connections =1000 by uid = 10401 ConnectionRecord =ConnectionRecord{c72ca51 u0 CR FGSA io.github.ylimit.droidbotapp/io.github.privacystreams.accessibility.PSAccessibilityService:@802d378}
09-24 13:29:28.843  1937  3354 D ActivityManager: mImportantUids connections =1000 by uid = 10092 ConnectionRecord =ConnectionRecord{b9837d9 u0 CR FGS com.qihoo.appstore/.AppStoreNotificationListenerService:@49ae220}
09-24 13:29:28.888  1937  4336 V WindowManager: just for Front small Window: = Window{c7b89fb u0 com.qihoo.appstore}
09-24 13:29:29.508  3689  3689 D SystemServicesProxy: exclude com.android.systemui
09-24 13:29:29.508  3689  3689 D SystemServicesProxy: exclude com.android.settings
09-24 13:29:29.508  3689  3689 D SystemServicesProxy: exclude com.android.packageinstaller
09-24 13:29:29.508  3689  3689 D SystemServicesProxy: exclude android
09-24 13:29:29.508  3689  3689 D SystemServicesProxy: exclude android
09-24 13:29:29.508  3689  3689 D SystemServicesProxy: add 12 Task
09-24 13:29:29.508  3689  3689 D RecentsTaskLoadPlan: preloadPlan, 12
09-24 13:29:29.668   358   358 W auditd  : type=1400 "ps""/proc/349""proc"
09-24 13:29:29.669   358   358 W auditd  : type=1400 "ps""task""proc"
09-24 13:29:30.898  3950  3950 D wpa_supplicant: wlan0: Control interface command 'SIGNAL_POLL'
09-24 13:29:30.901  3950  3950 D wpa_supplicant: CTRL-DEBUG: global_ctrl_sock-sendto: sock=12 sndbuf=212992 outq=0 send_len=48
09-24 13:29:31.003  1937  1937 I DeviceIdleController: updateChargingLocked: charging=true
09-24 13:29:31.003  1937  1937 I DeviceIdleController: becomeActiveLocked, reason = charging
09-24 13:29:31.006  5113  5113 D AbstractProcessor: onBatteryChange Percent:8 State:2 
09-24 13:29:31.327   358   358 W auditd  : type=1400 "ps""/proc/349""proc"
09-24 13:29:31.327   358   358 W auditd  : type=1400 "ps""task""proc"
09-24 13:29:33.111   358   358 W auditd  : type=1400 "ps""/proc/349""proc"
09-24 13:29:33.117   358   358 W auditd  : type=1400 "ps""task""proc"
09-24 13:29:33.268  1937  3589 D WifiStateMachine: starting scan for "tmliu"-WPA_PSK with 2462
09-24 13:29:33.269  3950  3950 D wpa_supplicant: wlan0: Control interface command 'SCAN TYPE=ONLY freq=2462'
09-24 13:29:33.269  3950  3950 D wpa_supplicant: wlan0: Setting scan request: 0.000000 sec
09-24 13:29:33.269  3950  3950 D wpa_supplicant: CTRL-DEBUG: global_ctrl_sock-sendto: sock=12 sndbuf=212992 outq=0 send_len=3
09-24 13:29:33.269  3950  3950 D wpa_supplicant: wlan0: Starting AP scan for wildcard SSID
09-24 13:29:33.269  3950  3950 D wpa_supplicant: wlan0: Limit manual scan to specified channels
09-24 13:29:33.269  3950  3950 D wpa_supplicant: wlan0: Add radio work 'scan'@0x7f9c4dc280
09-24 13:29:33.269  3950  3950 D wpa_supplicant: wlan0: First radio work item in the queue - schedule start immediately
09-24 13:29:33.269  3950  3950 D wpa_supplicant: wlan0: Starting radio work 'scan'@0x7f9c4dc280 after 0.000077 second wait
09-24 13:29:33.269  3950  3950 D wpa_supplicant: wlan0: nl80211: scan request
09-24 13:29:33.269  3950  3950 D wpa_supplicant: nl80211: Scan SSID - hexdump(len=0): [NULL]
09-24 13:29:33.269  3950  3950 D wpa_supplicant: nl80211: Scan extra IEs - hexdump(len=7): 7f 05 00 00 0a 02 01
09-24 13:29:33.269  3950  3950 D wpa_supplicant: nl80211: Scan frequency 2462 MHz
09-24 13:29:33.270  3950  3950 D wpa_supplicant: Scan requested (ret=0) - scan timeout 30 seconds
09-24 13:29:33.270  3950  3950 D wpa_supplicant: nl80211: Event message available
09-24 13:29:33.270  3950  3950 D wpa_supplicant: nl80211: Drv Event 33 (NL80211_CMD_TRIGGER_SCAN) received for wlan0
09-24 13:29:33.270  3950  3950 D wpa_supplicant: wlan0: nl80211: Scan trigger
09-24 13:29:33.270  3950  3950 D wpa_supplicant: wlan0: Event SCAN_STARTED (47) received
09-24 13:29:33.270  3950  3950 D wpa_supplicant: wlan0: Own scan request started a scan in 0.000193 seconds
09-24 13:29:33.270  3950  3950 D wpa_supplicant: CTRL-DEBUG: ctrl_sock-sendmsg: sock=12 sndbuf=212992 outq=768 send_len=24
09-24 13:29:33.270  3950  3950 D wpa_supplicant: CTRL_IFACE monitor sent successfully to /data/misc/wifi/sockets/wpa_ctrl_725-2\x00
09-24 13:29:33.270  3950  3950 D wpa_supplicant: CTRL-DEBUG: ctrl_sock-sendmsg: sock=12 sndbuf=212992 outq=1536 send_len=24
09-24 13:29:33.270  3950  3950 D wpa_supplicant: CTRL_IFACE monitor sent successfully to /data/misc/wifi/sockets/wpa_ctrl_1937-2\x00
09-24 13:29:33.441  3950  3950 D wpa_supplicant: nl80211: Event message available
09-24 13:29:33.441  3950  3950 D wpa_supplicant: nl80211: Drv Event 34 (NL80211_CMD_NEW_SCAN_RESULTS) received for wlan0
09-24 13:29:33.441  3950  3950 D wpa_supplicant: wlan0: nl80211: New scan results available
09-24 13:29:33.441  3950  3950 D wpa_supplicant: nl80211: Scan included frequencies: 2462
09-24 13:29:33.441  3950  3950 D wpa_supplicant: wlan0: Event SCAN_RESULTS (3) received
09-24 13:29:33.441  3950  3950 D wpa_supplicant: wlan0: Scan completed in 0.171024 seconds
09-24 13:29:33.441  3950  3950 D wpa_supplicant: nl80211: Associated on 2462 MHz
09-24 13:29:33.441  3950  3950 D wpa_supplicant: nl80211: Associated with 24:05:0f:8a:bd:f3
09-24 13:29:33.442  3950  3950 D wpa_supplicant: nl80211: Received scan results (29 BSSes)
09-24 13:29:33.442  3950  3950 D wpa_supplicant: nl80211: Scan results indicate BSS status with 24:05:0f:8a:bd:f3 as associated
09-24 13:29:33.442  3950  3950 D wpa_supplicant: wlan0: BSS: Start scan result update 452
09-24 13:29:33.442  3950  3950 D wpa_supplicant: BSS: last_scan_res_used=29/64
09-24 13:29:33.442  3950  3950 D wpa_supplicant: wlan0: Scan-only results received
09-24 13:29:33.442  3950  3950 D wpa_supplicant: CTRL-DEBUG: ctrl_sock-sendmsg: sock=12 sndbuf=212992 outq=0 send_len=24
09-24 13:29:33.442  3950  3950 D wpa_supplicant: CTRL_IFACE monitor sent successfully to /data/misc/wifi/sockets/wpa_ctrl_725-2\x00
09-24 13:29:33.442  3950  3950 D wpa_supplicant: CTRL-DEBUG: ctrl_sock-sendmsg: sock=12 sndbuf=212992 outq=768 send_len=24
09-24 13:29:33.442  3950  3950 D wpa_supplicant: CTRL_IFACE monitor sent successfully to /data/misc/wifi/sockets/wpa_ctrl_1937-2\x00
09-24 13:29:33.442  3950  3950 D wpa_supplicant: wlan0: Radio work 'scan'@0x7f9c4dc280 done in 0.173308 seconds
09-24 13:29:33.443  3950  3950 D wpa_supplicant: wlan0: Control interface command 'SCAN_RESULTS'
09-24 13:29:33.444  3950  3950 D wpa_supplicant: CTRL-DEBUG: global_ctrl_sock-sendto: sock=12 sndbuf=212992 outq=0 send_len=2213
09-24 13:29:33.447  3950  3950 D wpa_supplicant: wlan0: Control interface command 'SCAN_RESULTS'
09-24 13:29:33.448  3950  3950 D wpa_supplicant: CTRL-DEBUG: global_ctrl_sock-sendto: sock=12 sndbuf=212992 outq=0 send_len=2213
09-24 13:29:33.458  3950  3950 D wpa_supplicant: CTRL-DEBUG: global_ctrl_sock-sendto: sock=12 sndbuf=212992 outq=0 send_len=4036
09-24 13:29:33.468  3950  3950 D wpa_supplicant: CTRL-DEBUG: global_ctrl_sock-sendto: sock=12 sndbuf=212992 outq=0 send_len=3665
09-24 13:29:33.477  3950  3950 D wpa_supplicant: CTRL-DEBUG: global_ctrl_sock-sendto: sock=12 sndbuf=212992 outq=0 send_len=3621
09-24 13:29:33.487  3950  3950 D wpa_supplicant: CTRL-DEBUG: global_ctrl_sock-sendto: sock=12 sndbuf=212992 outq=0 send_len=3797
09-24 13:29:33.490  3950  3950 D wpa_supplicant: CTRL-DEBUG: global_ctrl_sock-sendto: sock=12 sndbuf=212992 outq=0 send_len=1650
09-24 13:29:33.522  3950  3950 D wpa_supplicant: EAPOL: EAP Session-Id not available
09-24 13:29:33.522  3950  3950 D wpa_supplicant: CTRL-DEBUG: global_ctrl_sock-sendto: sock=12 sndbuf=212992 outq=0 send_len=268
09-24 13:29:33.910  3950  3950 D wpa_supplicant: wlan0: Control interface command 'SIGNAL_POLL'
09-24 13:29:33.913  3950  3950 D wpa_supplicant: CTRL-DEBUG: global_ctrl_sock-sendto: sock=12 sndbuf=212992 outq=0 send_len=48
09-24 13:29:34.853   358   358 W auditd  : type=1400 "ps""/proc/349""proc"
09-24 13:29:34.864   358   358 W auditd  : type=1400 "ps""task""proc"
09-24 13:29:35.825  5055  5055 D AndroidRuntime: >>>>>> START com.android.internal.os.RuntimeInit uid 2000 <<<<<<
09-24 13:29:35.834  5055  5055 D AndroidRuntime: CheckJNI is OFF
09-24 13:29:35.931  5055  5055 D ICU     : No timezone override file found: /data/misc/zoneinfo/current/icu/icu_tzdata.dat
09-24 13:29:36.005  5055  5055 I Radio-JNI: register_android_hardware_Radio DONE
09-24 13:29:36.067  5055  5055 D AndroidRuntime: Calling main entry com.android.commands.input.Input
09-24 13:29:36.069  5055  5055 I Input   : injectMotionEvent: MotionEvent { action=ACTION_DOWN, actionButton=0, id[0]=0, x[0]=287.0, y[0]=1561.0, toolType[0]=TOOL_TYPE_UNKNOWN, buttonState=0, metaState=0, flags=0x0, edgeFlags=0x0, pointerCount=1, historySize=0, eventTime=9406024, downTime=9406024, deviceId=0, source=0x1002 }
09-24 13:29:36.090  5055  5055 I Input   : injectMotionEvent: MotionEvent { action=ACTION_MOVE, actionButton=0, id[0]=0, x[0]=287.0, y[0]=1561.0, toolType[0]=TOOL_TYPE_UNKNOWN, buttonState=0, metaState=0, flags=0x0, edgeFlags=0x0, pointerCount=1, historySize=0, eventTime=9406024, downTime=9406024, deviceId=0, source=0x1002 }
09-24 13:29:36.108  5055  5055 I Input   : injectMotionEvent: MotionEvent { action=ACTION_MOVE, actionButton=0, id[0]=0, x[0]=287.0, y[0]=1561.0, toolType[0]=TOOL_TYPE_UNKNOWN, buttonState=0, metaState=0, flags=0x0, edgeFlags=0x0, pointerCount=1, historySize=0, eventTime=9406063, downTime=9406063, deviceId=0, source=0x1002 }
09-24 13:29:36.125  5055  5055 I Input   : injectMotionEvent: MotionEvent { action=ACTION_MOVE, actionButton=0, id[0]=0, x[0]=287.0, y[0]=1561.0, toolType[0]=TOOL_TYPE_UNKNOWN, buttonState=0, metaState=0, flags=0x0, edgeFlags=0x0, pointerCount=1, historySize=0, eventTime=9406080, downTime=9406080, deviceId=0, source=0x1002 }
09-24 13:29:36.141  5055  5055 I Input   : injectMotionEvent: MotionEvent { action=ACTION_MOVE, actionButton=0, id[0]=0, x[0]=287.0, y[0]=1561.0, toolType[0]=TOOL_TYPE_UNKNOWN, buttonState=0, metaState=0, flags=0x0, edgeFlags=0x0, pointerCount=1, historySize=0, eventTime=9406096, downTime=9406096, deviceId=0, source=0x1002 }
09-24 13:29:36.158  5055  5055 I Input   : injectMotionEvent: MotionEvent { action=ACTION_MOVE, actionButton=0, id[0]=0, x[0]=287.0, y[0]=1561.0, toolType[0]=TOOL_TYPE_UNKNOWN, buttonState=0, metaState=0, flags=0x0, edgeFlags=0x0, pointerCount=1, historySize=0, eventTime=9406113, downTime=9406113, deviceId=0, source=0x1002 }
09-24 13:29:36.175  5055  5055 I Input   : injectMotionEvent: MotionEvent { action=ACTION_MOVE, actionButton=0, id[0]=0, x[0]=287.0, y[0]=1561.0, toolType[0]=TOOL_TYPE_UNKNOWN, buttonState=0, metaState=0, flags=0x0, edgeFlags=0x0, pointerCount=1, historySize=0, eventTime=9406130, downTime=9406130, deviceId=0, source=0x1002 }
09-24 13:29:36.191  5055  5055 I Input   : injectMotionEvent: MotionEvent { action=ACTION_MOVE, actionButton=0, id[0]=0, x[0]=287.0, y[0]=1561.0, toolType[0]=TOOL_TYPE_UNKNOWN, buttonState=0, metaState=0, flags=0x0, edgeFlags=0x0, pointerCount=1, historySize=0, eventTime=9406147, downTime=9406147, deviceId=0, source=0x1002 }
09-24 13:29:36.208  5055  5055 I Input   : injectMotionEvent: MotionEvent { action=ACTION_MOVE, actionButton=0, id[0]=0, x[0]=287.0, y[0]=1561.0, toolType[0]=TOOL_TYPE_UNKNOWN, buttonState=0, metaState=0, flags=0x0, edgeFlags=0x0, pointerCount=1, historySize=0, eventTime=9406164, downTime=9406164, deviceId=0, source=0x1002 }
09-24 13:29:36.225  5055  5055 I Input   : injectMotionEvent: MotionEvent { action=ACTION_MOVE, actionButton=0, id[0]=0, x[0]=287.0, y[0]=1561.0, toolType[0]=TOOL_TYPE_UNKNOWN, buttonState=0, metaState=0, flags=0x0, edgeFlags=0x0, pointerCount=1, historySize=0, eventTime=9406180, downTime=9406180, deviceId=0, source=0x1002 }
09-24 13:29:36.241  5055  5055 I Input   : injectMotionEvent: MotionEvent { action=ACTION_MOVE, actionButton=0, id[0]=0, x[0]=287.0, y[0]=1561.0, toolType[0]=TOOL_TYPE_UNKNOWN, buttonState=0, metaState=0, flags=0x0, edgeFlags=0x0, pointerCount=1, historySize=0, eventTime=9406197, downTime=9406197, deviceId=0, source=0x1002 }
09-24 13:29:36.258  5055  5055 I Input   : injectMotionEvent: MotionEvent { action=ACTION_MOVE, actionButton=0, id[0]=0, x[0]=287.0, y[0]=1561.0, toolType[0]=TOOL_TYPE_UNKNOWN, buttonState=0, metaState=0, flags=0x0, edgeFlags=0x0, pointerCount=1, historySize=0, eventTime=9406214, downTime=9406214, deviceId=0, source=0x1002 }
09-24 13:29:36.275  5055  5055 I Input   : injectMotionEvent: MotionEvent { action=ACTION_UP, actionButton=0, id[0]=0, x[0]=287.0, y[0]=1561.0, toolType[0]=TOOL_TYPE_UNKNOWN, buttonState=0, metaState=0, flags=0x0, edgeFlags=0x0, pointerCount=1, historySize=0, eventTime=9406231, downTime=9406231, deviceId=0, source=0x1002 }
09-24 13:29:36.282  5055  5055 D AndroidRuntime: Shutting down VM
09-24 13:29:36.298   552   552 D APM-AudioPolicyManager: getOutput() device 2, stream 1, samplingRate 0, format 0, channelMask 3, flags 0
09-24 13:29:36.299   552   552 D AudioPolicyManagerCustom: getOutput() The last flag  8
09-24 13:29:36.299   552   552 D AudioPolicyManagerCustom: getOutputForDevice() returns output 6
09-24 13:29:36.300   552 26482 D APM-AudioPolicyManager: getOutput() device 2, stream 1, samplingRate 0, format 0, channelMask 3, flags 0
09-24 13:29:36.300   552 26482 D AudioPolicyManagerCustom: getOutput() The last flag  8
09-24 13:29:36.300   552 26482 D AudioPolicyManagerCustom: getOutputForDevice() returns output 6
09-24 13:29:36.302  1937  4410 I ActivityManager: START u0 {act=android.intent.action.VIEW dat=market://search?q=pub:Sink+Apps cmp=com.qihoo.appstore/.distribute.SearchDistributionActivity} from uid 10448 pid 3690 on display 0
09-24 13:29:36.305   552  3338 D APM-AudioPolicyManager: startOutput() output 2, stream 1, session 20
09-24 13:29:36.305   552  3338 D AudioPolicyManagerCustom: getNewOutputDevice() selected device 2
09-24 13:29:36.305   552  3338 D APM-AudioPolicyManager: setOutputDevice() device 0002 delayMs 0
09-24 13:29:36.306   552  3341 D audio_hw_primary: out_set_parameters: enter: usecase(1: low-latency-playback) kvpairs: routing=2
09-24 13:29:36.306   552  3341 D audio_hw_extn: audio_extn_set_anc_parameters: anc_enabled:0
09-24 13:29:36.307   552  3338 D APM-AudioPolicyManager: startOutput()--
09-24 13:29:36.317   552  3341 D audio_hw_primary: start_output_stream: enter: stream(0xf2d07f00)usecase(1: low-latency-playback) devices(0x2)
09-24 13:29:36.317   552  3341 D audio_hw_primary: select_devices: out_snd_device(2: speaker) in_snd_device(0: )
09-24 13:29:36.317   552  3341 W msm8974_platform: Codec backend bitwidth 16, samplerate 48000
09-24 13:29:36.317   552  3341 D hardware_info: hw_info_append_hw_type : device_name = speaker
09-24 13:29:36.317   552  3341 D audio_hw_primary: enable_snd_device: snd_device(2: speaker)
09-24 13:29:36.317   552  3341 I soundtrigger: audio_extn_sound_trigger_update_device_status: device 0x2 of type 0 for Event 1, with Raise=0
09-24 13:29:36.317   552  3341 I audio_hw_primary: select_devices Selected apptype: 69937
09-24 13:29:36.317   552  3341 D soundtrigger: audio_extn_sound_trigger_update_stream_status: uc_id 1 of type 0 for Event 3, with Raise=0
09-24 13:29:36.317   552  3341 D ACDB-LOADER: ACDB -> send_audio_cal, acdb_id = 15, path =  0
09-24 13:29:36.317   552  3341 D ACDB-LOADER: ACDB -> AUDIO_SET_AUDPROC_VOL_CAL
09-24 13:29:36.318   552  3341 D ACDB-LOADER: ACDB -> send_hw_delay : acdb_id = 15 path = 0
09-24 13:29:36.318   552  3341 I audio_hw_utils: audio_extn_utils_send_app_type_cfg app_type 69937, acdb_dev_id 15, sample_rate 48000
09-24 13:29:36.318   552  3341 D audio_hw_primary: enable_audio_route: apply mixer and update path: low-latency-playback speaker
09-24 13:29:36.319   552  3341 D audio_hw_primary: select_devices: done
09-24 13:29:36.322   552  3341 D msm8974_platform: platform_set_channel_map mixer_ctl_name:Playback Channel Map15
09-24 13:29:36.322   552  3341 D msm8974_platform: platform_set_channel_map: set mapping(1 2 0 0 0 0 0 0) for channel:2
09-24 13:29:36.335  1937  4410 V WindowManager: just for Front small Window: = Window{c7b89fb u0 com.qihoo.appstore}
09-24 13:29:36.339  3689  3689 I StatusBarIconController:  appTransitionPending
09-24 13:29:36.341  1937  4410 V WindowManager: just for Front small Window: = Window{c7b89fb u0 com.qihoo.appstore}
09-24 13:29:36.344  1937  4410 V WindowManager: just for Front small Window: = Window{c7b89fb u0 com.qihoo.appstore}
09-24 13:29:36.352  3690  3762 E AbstractTracker: Can't create handler inside thread that has not called Looper.prepare()
09-24 13:29:36.352  3690  3762 D AppTracker: App Event: stop
09-24 13:29:36.356  3689  3689 I StatusBarIconController:  appTransitionPending
09-24 13:29:36.361  1937  4388 D ActivityManager: mImportantUids connections =1000 by uid = 10401 ConnectionRecord =ConnectionRecord{b2d4dc0 u0 CR !FG UI !VIS io.github.ylimit.droidbotapp/.DroidBotIME:@b769343}
09-24 13:29:36.361  1937  4388 D ActivityManager: mImportantUids connections =1000 by uid = 10401 ConnectionRecord =ConnectionRecord{c72ca51 u0 CR FGSA io.github.ylimit.droidbotapp/io.github.privacystreams.accessibility.PSAccessibilityService:@802d378}
09-24 13:29:36.363  1937  4388 D ActivityManager: mImportantUids connections =1000 by uid = 10092 ConnectionRecord =ConnectionRecord{b9837d9 u0 CR FGS com.qihoo.appstore/.AppStoreNotificationListenerService:@49ae220}
09-24 13:29:36.386   552  3341 D audio_hw_primary: start_output_stream: exit
09-24 13:29:36.390  1937  3977 I ActivityManager: START u0 {cmp=com.qihoo.appstore/.home.MainActivity (has extras)} from uid 10092 pid 15013 on display 0
09-24 13:29:36.392  1937  3977 V WindowManager: just for Front small Window: = Window{c7b89fb u0 com.qihoo.appstore}
09-24 13:29:36.399  1937  3977 V WindowManager: just for Front small Window: = Window{c7b89fb u0 com.qihoo.appstore}
09-24 13:29:36.400  3689  3689 I StatusBarIconController:  appTransitionPending
09-24 13:29:36.418  3689  3689 I StatusBarIconController:  appTransitionPending
09-24 13:29:36.418  1937  4385 D ActivityManager: mImportantUids connections =1000 by uid = 10401 ConnectionRecord =ConnectionRecord{b2d4dc0 u0 CR !FG UI !VIS io.github.ylimit.droidbotapp/.DroidBotIME:@b769343}
09-24 13:29:36.418  1937  4385 D ActivityManager: mImportantUids connections =1000 by uid = 10401 ConnectionRecord =ConnectionRecord{c72ca51 u0 CR FGSA io.github.ylimit.droidbotapp/io.github.privacystreams.accessibility.PSAccessibilityService:@802d378}
09-24 13:29:36.418  1937  4385 D ActivityManager: mImportantUids connections =1000 by uid = 10092 ConnectionRecord =ConnectionRecord{b9837d9 u0 CR FGS com.qihoo.appstore/.AppStoreNotificationListenerService:@49ae220}
09-24 13:29:36.433  1937  3354 D ActivityManager: mImportantUids connections =1000 by uid = 10401 ConnectionRecord =ConnectionRecord{b2d4dc0 u0 CR !FG UI !VIS io.github.ylimit.droidbotapp/.DroidBotIME:@b769343}
09-24 13:29:36.433  1937  3354 D ActivityManager: mImportantUids connections =1000 by uid = 10401 ConnectionRecord =ConnectionRecord{c72ca51 u0 CR FGSA io.github.ylimit.droidbotapp/io.github.privacystreams.accessibility.PSAccessibilityService:@802d378}
09-24 13:29:36.433  1937  3354 D ActivityManager: mImportantUids connections =1000 by uid = 10092 ConnectionRecord =ConnectionRecord{b9837d9 u0 CR FGS com.qihoo.appstore/.AppStoreNotificationListenerService:@49ae220}
09-24 13:29:36.451  1937  4388 I ActivityManager: START u0 {cmp=com.qihoo.appstore/.search.SearchActivity (has extras)} from uid 10092 pid 15013 on display 0
09-24 13:29:36.451  1937  4388 V WindowManager: just for Front small Window: = Window{c7b89fb u0 com.qihoo.appstore}
09-24 13:29:36.455  3689  3689 I StatusBarIconController:  appTransitionPending
09-24 13:29:36.457  1937  4388 V WindowManager: just for Front small Window: = Window{c7b89fb u0 com.qihoo.appstore}
09-24 13:29:36.466  1937  4388 V WindowManager: just for Front small Window: = Window{c7b89fb u0 com.qihoo.appstore}
09-24 13:29:36.502 15013 15013 D RePlugin.ws001: query: name=recommend binder=DownloadCallback
09-24 13:29:36.502 15013 15013 D RePlugin.ws001: PStatusC.getStatus(): ps is null. pn=recommend
09-24 13:29:36.502 15013 15013 I RePlugin.ws000: loadLocked(): Initialized, is loaded = true
09-24 13:29:36.502 15013 15013 D RePlugin.ws001: query: name=recommend binder=InstallCallback
09-24 13:29:36.502 15013 15013 D RePlugin.ws001: PStatusC.getStatus(): ps is null. pn=recommend
09-24 13:29:36.502 15013 15013 I RePlugin.ws000: loadLocked(): Initialized, is loaded = true
09-24 13:29:36.503 15013 15013 D RePlugin.ws001: query: name=recommend binder=LocalAppCallback
09-24 13:29:36.503 15013 15013 D RePlugin.ws001: PStatusC.getStatus(): ps is null. pn=recommend
09-24 13:29:36.504 15013 15013 I RePlugin.ws000: loadLocked(): Initialized, is loaded = true
09-24 13:29:36.534 15013  5069 E AbstractTracker: Can't create handler inside thread that has not called Looper.prepare()
09-24 13:29:36.534 15013  5069 D AppTracker: App Event: start
09-24 13:29:36.554  1937  4456 V WindowManager: just for Front small Window: = Window{c7b89fb u0 com.qihoo.appstore}
09-24 13:29:36.639   552  3338 D APM-AudioPolicyManager: stopOutput() output 2, stream 1, session 20
09-24 13:29:36.639   552  3338 D AudioPolicyManagerCustom: getNewOutputDevice() selected device 0
09-24 13:29:36.639   552  3338 D APM-AudioPolicyManager: setOutputDevice() device 0000 delayMs 96
09-24 13:29:36.686   358   358 W auditd  : type=1400 "Binder_E""socket:[541326]""sockfs"
09-24 13:29:36.688   358   358 W auditd  : type=1400 "Binder_E""socket:[541326]""sockfs"
09-24 13:29:36.654 15013  5072 E AbstractTracker: Can't create handler inside thread that has not called Looper.prepare()
09-24 13:29:36.655 15013  5072 D AppTracker: App Event: stop
09-24 13:29:36.656  1937  4359 D ActivityManager: mImportantUids connections =1000 by uid = 10401 ConnectionRecord =ConnectionRecord{b2d4dc0 u0 CR !FG UI !VIS io.github.ylimit.droidbotapp/.DroidBotIME:@b769343}
09-24 13:29:36.656  1937  4359 D ActivityManager: mImportantUids connections =1000 by uid = 10401 ConnectionRecord =ConnectionRecord{c72ca51 u0 CR FGSA io.github.ylimit.droidbotapp/io.github.privacystreams.accessibility.PSAccessibilityService:@802d378}
09-24 13:29:36.656  1937  4359 D ActivityManager: mImportantUids connections =1000 by uid = 10092 ConnectionRecord =ConnectionRecord{b9837d9 u0 CR FGS com.qihoo.appstore/.AppStoreNotificationListenerService:@49ae220}
09-24 13:29:36.676  3689  3689 I StatusBarIconController:  appTransitionPending
09-24 13:29:36.688  1937  4329 D ActivityManager: mImportantUids connections =1000 by uid = 10401 ConnectionRecord =ConnectionRecord{b2d4dc0 u0 CR !FG UI !VIS io.github.ylimit.droidbotapp/.DroidBotIME:@b769343}
09-24 13:29:36.688  1937  4329 D ActivityManager: mImportantUids connections =1000 by uid = 10401 ConnectionRecord =ConnectionRecord{c72ca51 u0 CR FGSA io.github.ylimit.droidbotapp/io.github.privacystreams.accessibility.PSAccessibilityService:@802d378}
09-24 13:29:36.689  1937  4329 D ActivityManager: mImportantUids connections =1000 by uid = 10092 ConnectionRecord =ConnectionRecord{b9837d9 u0 CR FGS com.qihoo.appstore/.AppStoreNotificationListenerService:@49ae220}
09-24 13:29:36.726  1937  4336 D ActivityManager: mImportantUids connections =1000 by uid = 10092 ConnectionRecord =ConnectionRecord{b9837d9 u0 CR FGS com.qihoo.appstore/.AppStoreNotificationListenerService:@49ae220}
09-24 13:29:36.727 15013 15080 W System.err: java.lang.InstantiationException: java.lang.Class<com.qihoo.m.a> has no zero argument constructor
09-24 13:29:36.727 15013 15080 W System.err: 	at java.lang.Class.newInstance(Native Method)
09-24 13:29:36.727 15013 15080 W System.err: 	at com.qihoo.sdk.report.common.d.a(AppStore)
09-24 13:29:36.727 15013 15080 W System.err: 	at com.qihoo.sdk.report.b.a$1.run(AppStore)
09-24 13:29:36.727 15013 15080 W System.err: 	at java.util.concurrent.ThreadPoolExecutor.runWorker(ThreadPoolExecutor.java:1113)
09-24 13:29:36.727 15013 15080 W System.err: 	at java.util.concurrent.ThreadPoolExecutor$Worker.run(ThreadPoolExecutor.java:588)
09-24 13:29:36.727 15013 15080 W System.err: 	at java.lang.Thread.run(Thread.java:818)
09-24 13:29:36.762  1937  4388 D ActivityManager: mImportantUids connections =1000 by uid = 10092 ConnectionRecord =ConnectionRecord{b9837d9 u0 CR FGS com.qihoo.appstore/.AppStoreNotificationListenerService:@49ae220}
09-24 13:29:36.765  1937  3351 D ActivityManager: mImportantUids connections =1000 by uid = 10092 ConnectionRecord =ConnectionRecord{b9837d9 u0 CR FGS com.qihoo.appstore/.AppStoreNotificationListenerService:@49ae220}
09-24 13:29:36.766 15013 15080 W System.err: java.lang.InstantiationException: java.lang.Class<com.qihoo.m.a> has no zero argument constructor
09-24 13:29:36.766 15013 15080 W System.err: 	at java.lang.Class.newInstance(Native Method)
09-24 13:29:36.766 15013 15080 W System.err: 	at com.qihoo.sdk.report.common.d.a(AppStore)
09-24 13:29:36.766 15013 15080 W System.err: 	at com.qihoo.sdk.report.b.a$1.run(AppStore)
09-24 13:29:36.766 15013 15080 W System.err: 	at java.util.concurrent.ThreadPoolExecutor.runWorker(ThreadPoolExecutor.java:1113)
09-24 13:29:36.766 15013 15080 W System.err: 	at java.util.concurrent.ThreadPoolExecutor$Worker.run(ThreadPoolExecutor.java:588)
09-24 13:29:36.766 15013 15080 W System.err: 	at java.lang.Thread.run(Thread.java:818)
09-24 13:29:36.769  1937  3631 D ActivityManager: mImportantUids connections =1000 by uid = 10401 ConnectionRecord =ConnectionRecord{b2d4dc0 u0 CR !FG UI !VIS io.github.ylimit.droidbotapp/.DroidBotIME:@b769343}
09-24 13:29:36.769  1937  3631 D ActivityManager: mImportantUids connections =1000 by uid = 10401 ConnectionRecord =ConnectionRecord{c72ca51 u0 CR FGSA io.github.ylimit.droidbotapp/io.github.privacystreams.accessibility.PSAccessibilityService:@802d378}
09-24 13:29:36.769  1937  3631 D ActivityManager: mImportantUids connections =1000 by uid = 10092 ConnectionRecord =ConnectionRecord{b9837d9 u0 CR FGS com.qihoo.appstore/.AppStoreNotificationListenerService:@49ae220}
09-24 13:29:36.835  1937  4385 D ActivityManager: mImportantUids connections =1000 by uid = 10401 ConnectionRecord =ConnectionRecord{b2d4dc0 u0 CR !FG UI !VIS io.github.ylimit.droidbotapp/.DroidBotIME:@b769343}
09-24 13:29:36.835  1937  4385 D ActivityManager: mImportantUids connections =1000 by uid = 10401 ConnectionRecord =ConnectionRecord{c72ca51 u0 CR FGSA io.github.ylimit.droidbotapp/io.github.privacystreams.accessibility.PSAccessibilityService:@802d378}
09-24 13:29:36.836  1937  4385 D ActivityManager: mImportantUids connections =1000 by uid = 10092 ConnectionRecord =ConnectionRecord{b9837d9 u0 CR FGS com.qihoo.appstore/.AppStoreNotificationListenerService:@49ae220}
09-24 13:29:36.854  1937  4454 D ActivityManager: mImportantUids connections =1000 by uid = 10092 ConnectionRecord =ConnectionRecord{b9837d9 u0 CR FGS com.qihoo.appstore/.AppStoreNotificationListenerService:@49ae220}
09-24 13:29:36.865  1937  4369 D ActivityManager: mImportantUids connections =1000 by uid = 10092 ConnectionRecord =ConnectionRecord{b9837d9 u0 CR FGS com.qihoo.appstore/.AppStoreNotificationListenerService:@49ae220}
09-24 13:29:36.891  1937  4443 D ActivityManager: mImportantUids connections =1000 by uid = 10401 ConnectionRecord =ConnectionRecord{b2d4dc0 u0 CR !FG UI !VIS io.github.ylimit.droidbotapp/.DroidBotIME:@b769343}
09-24 13:29:36.891  1937  4443 D ActivityManager: mImportantUids connections =1000 by uid = 10401 ConnectionRecord =ConnectionRecord{c72ca51 u0 CR FGSA io.github.ylimit.droidbotapp/io.github.privacystreams.accessibility.PSAccessibilityService:@802d378}
09-24 13:29:36.892  1937  4443 D ActivityManager: mImportantUids connections =1000 by uid = 10092 ConnectionRecord =ConnectionRecord{b9837d9 u0 CR FGS com.qihoo.appstore/.AppStoreNotificationListenerService:@49ae220}
09-24 13:29:36.926  3950  3950 D wpa_supplicant: wlan0: Control interface command 'SIGNAL_POLL'
09-24 13:29:36.937  1937  4336 D ActivityManager: mImportantUids connections =1000 by uid = 10092 ConnectionRecord =ConnectionRecord{b9837d9 u0 CR FGS com.qihoo.appstore/.AppStoreNotificationListenerService:@49ae220}
09-24 13:29:36.940  1937  4369 D ActivityManager: mImportantUids connections =1000 by uid = 10401 ConnectionRecord =ConnectionRecord{b2d4dc0 u0 CR !FG UI !VIS io.github.ylimit.droidbotapp/.DroidBotIME:@b769343}
09-24 13:29:36.940  1937  4369 D ActivityManager: mImportantUids connections =1000 by uid = 10401 ConnectionRecord =ConnectionRecord{c72ca51 u0 CR FGSA io.github.ylimit.droidbotapp/io.github.privacystreams.accessibility.PSAccessibilityService:@802d378}
09-24 13:29:36.940  1937  4369 D ActivityManager: mImportantUids connections =1000 by uid = 10092 ConnectionRecord =ConnectionRecord{b9837d9 u0 CR FGS com.qihoo.appstore/.AppStoreNotificationListenerService:@49ae220}
09-24 13:29:36.941  3950  3950 D wpa_supplicant: CTRL-DEBUG: global_ctrl_sock-sendto: sock=12 sndbuf=212992 outq=0 send_len=48
09-24 13:29:36.986  1937  3352 D ActivityManager: mImportantUids connections =1000 by uid = 10092 ConnectionRecord =ConnectionRecord{b9837d9 u0 CR FGS com.qihoo.appstore/.AppStoreNotificationListenerService:@49ae220}
09-24 13:29:37.003  1937  1937 I DeviceIdleController: updateChargingLocked: charging=true
09-24 13:29:37.003  1937  1937 I DeviceIdleController: becomeActiveLocked, reason = charging
09-24 13:29:37.030  5113  5113 D AbstractProcessor: onBatteryChange Percent:8 State:2 
09-24 13:29:37.050  1937  3352 D ActivityManager: mImportantUids connections =1000 by uid = 10401 ConnectionRecord =ConnectionRecord{b2d4dc0 u0 CR !FG UI !VIS io.github.ylimit.droidbotapp/.DroidBotIME:@b769343}
09-24 13:29:37.051  1937  3352 D ActivityManager: mImportantUids connections =1000 by uid = 10401 ConnectionRecord =ConnectionRecord{c72ca51 u0 CR FGSA io.github.ylimit.droidbotapp/io.github.privacystreams.accessibility.PSAccessibilityService:@802d378}
09-24 13:29:37.051  1937  3352 D ActivityManager: mImportantUids connections =1000 by uid = 10092 ConnectionRecord =ConnectionRecord{b9837d9 u0 CR FGS com.qihoo.appstore/.AppStoreNotificationListenerService:@49ae220}
09-24 13:29:37.085 15013 15190 D Volley  : [824] CookiesInterceptor.onRequestInterceptor: ConnectInterceptor
09-24 13:29:37.000   358   358 W auditd  : type=1400 "ps""/proc/349""proc"
09-24 13:29:37.217   358   358 W auditd  : type=1400 "ps""task""proc"
09-24 13:29:37.305  1937  4385 D ActivityManager: mImportantUids connections =1000 by uid = 10401 ConnectionRecord =ConnectionRecord{b2d4dc0 u0 CR !FG UI !VIS io.github.ylimit.droidbotapp/.DroidBotIME:@b769343}
09-24 13:29:37.305  1937  4385 D ActivityManager: mImportantUids connections =1000 by uid = 10401 ConnectionRecord =ConnectionRecord{c72ca51 u0 CR FGSA io.github.ylimit.droidbotapp/io.github.privacystreams.accessibility.PSAccessibilityService:@802d378}
09-24 13:29:37.306  1937  4385 D ActivityManager: mImportantUids connections =1000 by uid = 10092 ConnectionRecord =ConnectionRecord{b9837d9 u0 CR FGS com.qihoo.appstore/.AppStoreNotificationListenerService:@49ae220}
09-24 13:29:37.397 15013 15192 D Volley  : [826] CookiesInterceptor.onRequestInterceptor: ConnectInterceptor
09-24 13:29:37.405  1937  4456 D ActivityManager: mImportantUids connections =1000 by uid = 10401 ConnectionRecord =ConnectionRecord{b2d4dc0 u0 CR !FG UI !VIS io.github.ylimit.droidbotapp/.DroidBotIME:@b769343}
09-24 13:29:37.405  1937  4456 D ActivityManager: mImportantUids connections =1000 by uid = 10401 ConnectionRecord =ConnectionRecord{c72ca51 u0 CR FGSA io.github.ylimit.droidbotapp/io.github.privacystreams.accessibility.PSAccessibilityService:@802d378}
09-24 13:29:37.405  1937  4456 D ActivityManager: mImportantUids connections =1000 by uid = 10092 ConnectionRecord =ConnectionRecord{b9837d9 u0 CR FGS com.qihoo.appstore/.AppStoreNotificationListenerService:@49ae220}
09-24 13:29:37.446  1937  4454 D ActivityManager: mImportantUids connections =1000 by uid = 10092 ConnectionRecord =ConnectionRecord{b9837d9 u0 CR FGS com.qihoo.appstore/.AppStoreNotificationListenerService:@49ae220}
09-24 13:29:37.456 15013  5080 E AbstractTracker: Can't create handler inside thread that has not called Looper.prepare()
09-24 13:29:37.458   358   358 W auditd  : type=1400 "Binder_C""socket:[540545]""sockfs"
09-24 13:29:37.456 15013  5080 D AppTracker: App Event: start
09-24 13:29:37.494   358   358 W auditd  : type=1400 "Binder_C""socket:[540545]""sockfs"
09-24 13:29:37.490  1937  4454 D ActivityManager: mImportantUids connections =1000 by uid = 10092 ConnectionRecord =ConnectionRecord{b9837d9 u0 CR FGS com.qihoo.appstore/.AppStoreNotificationListenerService:@49ae220}
09-24 13:29:37.491  1937  4454 D ActivityManager: mImportantUids connections =1000 by uid = 10401 ConnectionRecord =ConnectionRecord{b2d4dc0 u0 CR !FG UI !VIS io.github.ylimit.droidbotapp/.DroidBotIME:@b769343}
09-24 13:29:37.491  1937  4454 D ActivityManager: mImportantUids connections =1000 by uid = 10401 ConnectionRecord =ConnectionRecord{c72ca51 u0 CR FGSA io.github.ylimit.droidbotapp/io.github.privacystreams.accessibility.PSAccessibilityService:@802d378}
09-24 13:29:37.528  1937  4388 D ActivityManager: mImportantUids connections =1000 by uid = 10092 ConnectionRecord =ConnectionRecord{b9837d9 u0 CR FGS com.qihoo.appstore/.AppStoreNotificationListenerService:@49ae220}
09-24 13:29:37.531  1937  4388 D ActivityManager: mImportantUids connections =1000 by uid = 10401 ConnectionRecord =ConnectionRecord{b2d4dc0 u0 CR !FG UI !VIS io.github.ylimit.droidbotapp/.DroidBotIME:@b769343}
09-24 13:29:37.531  1937  4388 D ActivityManager: mImportantUids connections =1000 by uid = 10401 ConnectionRecord =ConnectionRecord{c72ca51 u0 CR FGSA io.github.ylimit.droidbotapp/io.github.privacystreams.accessibility.PSAccessibilityService:@802d378}
