09-24 13:28:31.341  1937  3354 D ActivityManager: mImportantUids connections =1000 by uid = 10401 ConnectionRecord =ConnectionRecord{b2d4dc0 u0 CR !FG UI !VIS io.github.ylimit.droidbotapp/.DroidBotIME:@b769343}
09-24 13:28:31.341  1937  3354 D ActivityManager: mImportantUids connections =1000 by uid = 10401 ConnectionRecord =ConnectionRecord{c72ca51 u0 CR FGSA io.github.ylimit.droidbotapp/io.github.privacystreams.accessibility.PSAccessibilityService:@802d378}
09-24 13:28:31.341  1937  3354 D ActivityManager: mImportantUids connections =1000 by uid = 10092 ConnectionRecord =ConnectionRecord{b9837d9 u0 CR FGS com.qihoo.appstore/.AppStoreNotificationListenerService:@49ae220}
09-24 13:28:32.392   358   358 W auditd  : type=1400 "ps""/proc/349""proc"
09-24 13:28:32.393   358   358 W auditd  : type=1400 "ps""task""proc"
09-24 13:28:33.261  3950  3950 D wpa_supplicant: wlan0: Control interface command 'SCAN TYPE=ONLY'
09-24 13:28:33.261  3950  3950 D wpa_supplicant: wlan0: Setting scan request: 0.000000 sec
09-24 13:28:33.261  3950  3950 D wpa_supplicant: CTRL-DEBUG: global_ctrl_sock-sendto: sock=12 sndbuf=212992 outq=0 send_len=3
09-24 13:28:33.261  3950  3950 D wpa_supplicant: wlan0: Starting AP scan for wildcard SSID
09-24 13:28:33.261  3950  3950 D wpa_supplicant: wlan0: Add radio work 'scan'@0x7f9c4dc320
09-24 13:28:33.261  3950  3950 D wpa_supplicant: wlan0: First radio work item in the queue - schedule start immediately
09-24 13:28:33.261  3950  3950 D wpa_supplicant: wlan0: Starting radio work 'scan'@0x7f9c4dc320 after 0.000078 second wait
09-24 13:28:33.261  3950  3950 D wpa_supplicant: wlan0: nl80211: scan request
09-24 13:28:33.261  3950  3950 D wpa_supplicant: nl80211: Scan SSID - hexdump(len=0): [NULL]
09-24 13:28:33.261  3950  3950 D wpa_supplicant: nl80211: Scan extra IEs - hexdump(len=7): 7f 05 00 00 0a 02 01
09-24 13:28:33.262  3950  3950 D wpa_supplicant: Scan requested (ret=0) - scan timeout 30 seconds
09-24 13:28:33.262  3950  3950 D wpa_supplicant: nl80211: Event message available
09-24 13:28:33.262  3950  3950 D wpa_supplicant: nl80211: Drv Event 33 (NL80211_CMD_TRIGGER_SCAN) received for wlan0
09-24 13:28:33.263  3950  3950 D wpa_supplicant: wlan0: nl80211: Scan trigger
09-24 13:28:33.263  3950  3950 D wpa_supplicant: wlan0: Event SCAN_STARTED (47) received
09-24 13:28:33.263  3950  3950 D wpa_supplicant: wlan0: Own scan request started a scan in 0.000235 seconds
09-24 13:28:33.263  3950  3950 D wpa_supplicant: CTRL-DEBUG: ctrl_sock-sendmsg: sock=12 sndbuf=212992 outq=0 send_len=24
09-24 13:28:33.263  3950  3950 D wpa_supplicant: CTRL_IFACE monitor sent successfully to /data/misc/wifi/sockets/wpa_ctrl_725-2\x00
09-24 13:28:33.263  3950  3950 D wpa_supplicant: CTRL-DEBUG: ctrl_sock-sendmsg: sock=12 sndbuf=212992 outq=768 send_len=24
09-24 13:28:33.264  3950  3950 D wpa_supplicant: CTRL_IFACE monitor sent successfully to /data/misc/wifi/sockets/wpa_ctrl_1937-2\x00
09-24 13:28:33.455   358   358 W auditd  : type=1400 "Binder_9""socket:[538333]""sockfs"
09-24 13:28:33.458   358   358 W auditd  : type=1400 "Binder_9""socket:[538333]""sockfs"
09-24 13:28:33.453  3689  3689 D SystemServicesProxy: exclude com.android.systemui
09-24 13:28:33.453  3689  3689 D SystemServicesProxy: exclude com.android.settings
09-24 13:28:33.453  3689  3689 D SystemServicesProxy: exclude com.android.packageinstaller
09-24 13:28:33.453  3689  3689 D SystemServicesProxy: exclude android
09-24 13:28:33.453  3689  3689 D SystemServicesProxy: exclude android
09-24 13:28:33.453  3689  3689 D SystemServicesProxy: add 12 Task
09-24 13:28:33.453  3689  3689 D RecentsTaskLoadPlan: preloadPlan, 12
09-24 13:28:33.460 14751 14751 I Choreographer: Skipped 229 frames!  The application may be doing too much work on its main thread.
09-24 13:28:33.548  1937  4369 W InputMethodManagerService: Starting input on non-focused client com.android.internal.view.IInputMethodClient$Stub$Proxy@f7139f6 (uid=10448 pid=3690)
09-24 13:28:33.582 14751 14751 W ResourceType: No known package when getting value for resource number 0x022400ae
09-24 13:28:33.583 14751 14751 W ResourceType: No known package when getting value for resource number 0x022400ae
09-24 13:28:33.587  3950  3950 D wpa_supplicant: wlan0: Control interface command 'SIGNAL_POLL'
09-24 13:28:33.589 14751 14751 W ResourceType: No known package when getting value for resource number 0x022400b4
09-24 13:28:33.589 14751 14751 W ResourceType: No known package when getting value for resource number 0x022400b4
09-24 13:28:33.594 14751 14751 W ResourceType: No known package when getting value for resource number 0x022400b6
09-24 13:28:33.595 14751 14751 W ResourceType: No known package when getting value for resource number 0x022400b6
09-24 13:28:33.597  3950  3950 D wpa_supplicant: CTRL-DEBUG: global_ctrl_sock-sendto: sock=12 sndbuf=212992 outq=0 send_len=48
09-24 13:28:33.599 14751 14751 W ResourceType: No known package when getting value for resource number 0x022400b6
09-24 13:28:33.599 14751 14751 W ResourceType: No known package when getting value for resource number 0x022400b6
09-24 13:28:33.607  1937  3361 V WindowManager: just for Front small Window: = Window{c7b89fb u0 com.qihoo.appstore}
09-24 13:28:33.607  1937  3361 V WindowManager: just for Front small Window: = Window{c7b89fb u0 com.qihoo.appstore}
09-24 13:28:33.612  1937  3361 V WindowState: doAnimation: isFull=false win=Window{9d15b48 u0 StatusBar}
09-24 13:28:33.626  1937  4353 D ActivityManager: mImportantUids connections =1000 by uid = 10401 ConnectionRecord =ConnectionRecord{b2d4dc0 u0 CR !FG UI !VIS io.github.ylimit.droidbotapp/.DroidBotIME:@b769343}
09-24 13:28:33.626  1937  4353 D ActivityManager: mImportantUids connections =1000 by uid = 10401 ConnectionRecord =ConnectionRecord{c72ca51 u0 CR FGSA io.github.ylimit.droidbotapp/io.github.privacystreams.accessibility.PSAccessibilityService:@802d378}
09-24 13:28:33.628  1937  4353 D ActivityManager: mImportantUids connections =1000 by uid = 10092 ConnectionRecord =ConnectionRecord{b9837d9 u0 CR FGS com.qihoo.appstore/.AppStoreNotificationListenerService:@49ae220}
09-24 13:28:33.629 14751 14751 I TextToSpeech: Connected to ComponentInfo{com.svox.pico/com.svox.pico.PicoService}
09-24 13:28:33.651  1937  4353 D ActivityManager: mImportantUids connections =1000 by uid = 10401 ConnectionRecord =ConnectionRecord{b2d4dc0 u0 CR !FG UI !VIS io.github.ylimit.droidbotapp/.DroidBotIME:@b769343}
09-24 13:28:33.651  1937  4353 D ActivityManager: mImportantUids connections =1000 by uid = 10401 ConnectionRecord =ConnectionRecord{c72ca51 u0 CR FGSA io.github.ylimit.droidbotapp/io.github.privacystreams.accessibility.PSAccessibilityService:@802d378}
09-24 13:28:33.651  1937  4353 D ActivityManager: mImportantUids connections =1000 by uid = 10092 ConnectionRecord =ConnectionRecord{b9837d9 u0 CR FGS com.qihoo.appstore/.AppStoreNotificationListenerService:@49ae220}
09-24 13:28:33.655  1937  4369 V WindowManager: just for Front small Window: = Window{c7b89fb u0 com.qihoo.appstore}
09-24 13:28:33.669  1937  4410 V WindowManager: just for Front small Window: = Window{c7b89fb u0 com.qihoo.appstore}
09-24 13:28:33.679  1937  3352 W ActivityManager_Service: Unable to start service Intent { act=com.googlecode.eyesfree.braille.service.ACTION_SELF_BRAILLE_SERVICE pkg=com.googlecode.eyesfree.brailleback } U=0: not found
09-24 13:28:33.679 14751 14823 I TextToSpeech: Set up connection to ComponentInfo{com.svox.pico/com.svox.pico.PicoService}
09-24 13:28:33.680 14751 14751 E d       : Failed to bind to service
09-24 13:28:33.682 14751 14751 W ResourceType: No package identifier when getting name for resource number 0x00018704
09-24 13:28:33.682 14751 14751 W ResourceType: No package identifier when getting name for resource number 0x00000001
09-24 13:28:33.683 14751 14751 W ResourceType: No package identifier when getting name for resource number 0x00000064
09-24 13:28:33.683 14751 14751 W ResourceType: No package identifier when getting name for resource number 0x00000065
09-24 13:28:33.683  3689  3689 D PhoneStatusBar: setSystemUiVisibility vis=a610 mask=ffffffff oldVal=2610 newVal=a610 diff=8000
09-24 13:28:33.683  3689  3689 D PhoneStatusBar: checkBarMode:powerSave=false, getBarState()=0
09-24 13:28:33.683 14751 14751 W ResourceType: No package identifier when getting name for resource number 0x00000068
09-24 13:28:33.684  3689  3689 D BarTransitions.PhoneStatusBarView: MODE_OPAQUE -> MODE_TRANSPARENT animate=false
09-24 13:28:33.684  3689  3689 D BarTransitions.PhoneStatusBarView: applyModeBackground oldMode=MODE_OPAQUE newMode=MODE_TRANSPARENT animate=false
09-24 13:28:33.684 14751 14751 W ResourceType: No package identifier when getting name for resource number 0x00000066
09-24 13:28:33.684 14751 14751 W ResourceType: No package identifier when getting name for resource number 0x00000067
09-24 13:28:33.685 14751 14751 W ResourceType: No package identifier when getting name for resource number 0x0000000c
09-24 13:28:33.685 14751 14751 W ResourceType: No package identifier when getting name for resource number 0x00000064
09-24 13:28:33.685 14751 14751 W ResourceType: No package identifier when getting name for resource number 0x00000065
09-24 13:28:33.686 14751 14751 W ResourceType: No package identifier when getting name for resource number 0x00000069
09-24 13:28:33.686 14751 14751 W ResourceType: No package identifier when getting name for resource number 0x00000067
09-24 13:28:33.686 14751 14751 W ResourceType: No package identifier when getting name for resource number 0x00000073
09-24 13:28:33.687 14751 14751 W ResourceType: No package identifier when getting name for resource number 0x0000006a
09-24 13:28:33.687 14751 14751 W ResourceType: No package identifier when getting name for resource number 0x00000068
09-24 13:28:33.688 14751 14751 W ResourceType: No package identifier when getting name for resource number 0x0000006b
09-24 13:28:33.688 14751 14751 W ResourceType: No package identifier when getting name for resource number 0x0000000b
09-24 13:28:33.688 14751 14751 W ResourceType: No package identifier when getting name for resource number 0x0000000a
09-24 13:28:33.689 14751 14751 W ResourceType: No package identifier when getting name for resource number 0x0000006c
09-24 13:28:33.689 14751 14751 W ResourceType: No package identifier when getting name for resource number 0x0000006d
09-24 13:28:33.689 14751 14751 W ResourceType: No package identifier when getting name for resource number 0x0000006e
09-24 13:28:33.690 14751 14751 W ResourceType: No package identifier when getting name for resource number 0x0000006f
09-24 13:28:33.690 14751 14751 W ResourceType: No package identifier when getting name for resource number 0x00000062
09-24 13:28:33.691 14751 14751 W ResourceType: No package identifier when getting name for resource number 0x000000c8
09-24 13:28:33.692 14751 14751 W ResourceType: No package identifier when getting name for resource number 0x000000ca
09-24 13:28:33.693 14751 14751 W ResourceType: No package identifier when getting name for resource number 0x000000cb
09-24 13:28:33.693 14751 14751 W ResourceType: No package identifier when getting name for resource number 0x000000c9
09-24 13:28:33.693 14751 14751 W ResourceType: No package identifier when getting name for resource number 0x00000061
09-24 13:28:33.713  1937  4369 D ActivityManager: mImportantUids connections =1000 by uid = 10401 ConnectionRecord =ConnectionRecord{b2d4dc0 u0 CR !FG UI !VIS io.github.ylimit.droidbotapp/.DroidBotIME:@b769343}
09-24 13:28:33.717  1937  4369 D ActivityManager: mImportantUids connections =1000 by uid = 10401 ConnectionRecord =ConnectionRecord{c72ca51 u0 CR FGSA io.github.ylimit.droidbotapp/io.github.privacystreams.accessibility.PSAccessibilityService:@802d378}
09-24 13:28:33.723  1937  4369 D ActivityManager: mImportantUids connections =1000 by uid = 10092 ConnectionRecord =ConnectionRecord{b9837d9 u0 CR FGS com.qihoo.appstore/.AppStoreNotificationListenerService:@49ae220}
09-24 13:28:33.739  1937  3977 D ActivityManager: mImportantUids connections =1000 by uid = 10401 ConnectionRecord =ConnectionRecord{b2d4dc0 u0 CR !FG UI !VIS io.github.ylimit.droidbotapp/.DroidBotIME:@b769343}
09-24 13:28:33.739  1937  3977 D ActivityManager: mImportantUids connections =1000 by uid = 10401 ConnectionRecord =ConnectionRecord{c72ca51 u0 CR FGSA io.github.ylimit.droidbotapp/io.github.privacystreams.accessibility.PSAccessibilityService:@802d378}
09-24 13:28:33.740  1937  3977 D ActivityManager: mImportantUids connections =1000 by uid = 10092 ConnectionRecord =ConnectionRecord{b9837d9 u0 CR FGS com.qihoo.appstore/.AppStoreNotificationListenerService:@49ae220}
09-24 13:28:33.744  3689  3689 I StatusBarIconController: setIconsDark dark:true animate:true currentDark:false mTransitionPending:true mTransitionDeferring:false mPendingDarkIntensity:0.0
09-24 13:28:33.744  3689  3689 I StatusBarIconController: animateIconTint:1.0 mDarkIntensity:0.0
09-24 13:28:33.745  3689  3689 I StatusBarIconController: setIconTintInternal:0.0
09-24 13:28:33.753  1937  4369 D ActivityManager: mImportantUids connections =1000 by uid = 10401 ConnectionRecord =ConnectionRecord{b2d4dc0 u0 CR !FG UI !VIS io.github.ylimit.droidbotapp/.DroidBotIME:@b769343}
09-24 13:28:33.753  1937  4369 D ActivityManager: mImportantUids connections =1000 by uid = 10401 ConnectionRecord =ConnectionRecord{c72ca51 u0 CR FGSA io.github.ylimit.droidbotapp/io.github.privacystreams.accessibility.PSAccessibilityService:@802d378}
09-24 13:28:33.753  1937  4369 D ActivityManager: mImportantUids connections =1000 by uid = 10092 ConnectionRecord =ConnectionRecord{b9837d9 u0 CR FGS com.qihoo.appstore/.AppStoreNotificationListenerService:@49ae220}
09-24 13:28:33.763  1937  4369 D ActivityManager: mImportantUids connections =1000 by uid = 10401 ConnectionRecord =ConnectionRecord{b2d4dc0 u0 CR !FG UI !VIS io.github.ylimit.droidbotapp/.DroidBotIME:@b769343}
09-24 13:28:33.763  1937  4369 D ActivityManager: mImportantUids connections =1000 by uid = 10401 ConnectionRecord =ConnectionRecord{c72ca51 u0 CR FGSA io.github.ylimit.droidbotapp/io.github.privacystreams.accessibility.PSAccessibilityService:@802d378}
09-24 13:28:33.763  1937  4369 D ActivityManager: mImportantUids connections =1000 by uid = 10092 ConnectionRecord =ConnectionRecord{b9837d9 u0 CR FGS com.qihoo.appstore/.AppStoreNotificationListenerService:@49ae220}
09-24 13:28:33.773  3689  3689 I StatusBarIconController: appTransitionStarting
09-24 13:28:33.775 14751 14751 D TMYPAGER: onmeasure
09-24 13:28:33.775 14751 14751 V QBViewPager: Measuring #0 com.tencent.mtt.browser.homepage.a.a.ae{f8446ff V.E...... ......ID 0,0-1080,1530}: 1073742904
09-24 13:28:33.775 14751 14751 D QBViewPager: viewpager onlayout!
09-24 13:28:33.775 14751 14751 D QBViewPager: ----------------------
09-24 13:28:33.776 14751 14751 D QBViewPager: scrollTo 0
09-24 13:28:33.776 14751 14751 D QBViewPager: ----------------------
09-24 13:28:33.778  3689  3689 I StatusBarIconController: setIconTintInternal:0.0
09-24 13:28:33.780 14751 14751 D TMYGALLERY: viewpager onlayout!
09-24 13:28:33.805  3689  3689 D BarBackgroundDrawable: BarTransitions: draw: mode=MODE_TRANSPARENT, targetColor=0x0
09-24 13:28:33.811  3689  3689 I StatusBarIconController: setIconTintInternal:0.05827403
09-24 13:28:33.821  3689  3689 W PathParser: Points are too far apart 4.030360828967057
09-24 13:28:33.821  3689  3689 W PathParser: Points are too far apart 4.030360538880159
09-24 13:28:33.829  3689  3689 I StatusBarIconController: setIconTintInternal:0.3219697
09-24 13:28:33.842  3689  3689 W PathParser: Points are too far apart 4.030360828967057
09-24 13:28:33.842  3689  3689 W PathParser: Points are too far apart 4.030360538880159
09-24 13:28:33.849  3689  3689 I StatusBarIconController: setIconTintInternal:0.8394938
09-24 13:28:33.870  3689  3689 W PathParser: Points are too far apart 4.030360828967057
09-24 13:28:33.870  3689  3689 W PathParser: Points are too far apart 4.030360538880159
09-24 13:28:33.876  3689  3689 I StatusBarIconController: setIconTintInternal:0.9378363
09-24 13:28:33.891  3689  3689 W PathParser: Points are too far apart 4.030360828967057
09-24 13:28:33.891  3689  3689 W PathParser: Points are too far apart 4.030360538880159
09-24 13:28:33.904  3689  3689 I StatusBarIconController: setIconTintInternal:0.9990056
09-24 13:28:33.919  3689  3689 W PathParser: Points are too far apart 4.030360828967057
09-24 13:28:33.919  3689  3689 W PathParser: Points are too far apart 4.030360538880159
09-24 13:28:33.924  1937  4353 D ActivityManager: mImportantUids connections =1000 by uid = 10401 ConnectionRecord =ConnectionRecord{b2d4dc0 u0 CR !FG UI !VIS io.github.ylimit.droidbotapp/.DroidBotIME:@b769343}
09-24 13:28:33.924  1937  4353 D ActivityManager: mImportantUids connections =1000 by uid = 10401 ConnectionRecord =ConnectionRecord{c72ca51 u0 CR FGSA io.github.ylimit.droidbotapp/io.github.privacystreams.accessibility.PSAccessibilityService:@802d378}
09-24 13:28:33.925  1937  4353 D ActivityManager: mImportantUids connections =1000 by uid = 10092 ConnectionRecord =ConnectionRecord{b9837d9 u0 CR FGS com.qihoo.appstore/.AppStoreNotificationListenerService:@49ae220}
09-24 13:28:33.926  3689  3689 I StatusBarIconController: setIconTintInternal:1.0
09-24 13:28:33.938  3689  3689 W PathParser: Points are too far apart 4.030360828967057
09-24 13:28:33.938  3689  3689 W PathParser: Points are too far apart 4.030360538880159
09-24 13:28:33.944  1937  3977 D ActivityManager: mImportantUids connections =1000 by uid = 10401 ConnectionRecord =ConnectionRecord{b2d4dc0 u0 CR !FG UI !VIS io.github.ylimit.droidbotapp/.DroidBotIME:@b769343}
09-24 13:28:33.944  1937  3977 D ActivityManager: mImportantUids connections =1000 by uid = 10401 ConnectionRecord =ConnectionRecord{c72ca51 u0 CR FGSA io.github.ylimit.droidbotapp/io.github.privacystreams.accessibility.PSAccessibilityService:@802d378}
09-24 13:28:33.944  1937  3977 D ActivityManager: mImportantUids connections =1000 by uid = 10092 ConnectionRecord =ConnectionRecord{b9837d9 u0 CR FGS com.qihoo.appstore/.AppStoreNotificationListenerService:@49ae220}
09-24 13:28:33.972  1937  4410 D ActivityManager: mImportantUids connections =1000 by uid = 10401 ConnectionRecord =ConnectionRecord{b2d4dc0 u0 CR !FG UI !VIS io.github.ylimit.droidbotapp/.DroidBotIME:@b769343}
09-24 13:28:33.972  1937  4410 D ActivityManager: mImportantUids connections =1000 by uid = 10401 ConnectionRecord =ConnectionRecord{c72ca51 u0 CR FGSA io.github.ylimit.droidbotapp/io.github.privacystreams.accessibility.PSAccessibilityService:@802d378}
09-24 13:28:33.972  1937  4410 D ActivityManager: mImportantUids connections =1000 by uid = 10092 ConnectionRecord =ConnectionRecord{b9837d9 u0 CR FGS com.qihoo.appstore/.AppStoreNotificationListenerService:@49ae220}
09-24 13:28:33.992  1937  4443 D ActivityManager: mImportantUids connections =1000 by uid = 10401 ConnectionRecord =ConnectionRecord{b2d4dc0 u0 CR !FG UI !VIS io.github.ylimit.droidbotapp/.DroidBotIME:@b769343}
09-24 13:28:33.992  1937  4443 D ActivityManager: mImportantUids connections =1000 by uid = 10401 ConnectionRecord =ConnectionRecord{c72ca51 u0 CR FGSA io.github.ylimit.droidbotapp/io.github.privacystreams.accessibility.PSAccessibilityService:@802d378}
09-24 13:28:33.992  1937  4443 D ActivityManager: mImportantUids connections =1000 by uid = 10092 ConnectionRecord =ConnectionRecord{b9837d9 u0 CR FGS com.qihoo.appstore/.AppStoreNotificationListenerService:@49ae220}
09-24 13:28:34.054  1937  3631 D ActivityManager: mImportantUids connections =1000 by uid = 10401 ConnectionRecord =ConnectionRecord{b2d4dc0 u0 CR !FG UI !VIS io.github.ylimit.droidbotapp/.DroidBotIME:@b769343}
09-24 13:28:34.054  1937  3631 D ActivityManager: mImportantUids connections =1000 by uid = 10401 ConnectionRecord =ConnectionRecord{c72ca51 u0 CR FGSA io.github.ylimit.droidbotapp/io.github.privacystreams.accessibility.PSAccessibilityService:@802d378}
09-24 13:28:34.055  1937  3631 D ActivityManager: mImportantUids connections =1000 by uid = 10092 ConnectionRecord =ConnectionRecord{b9837d9 u0 CR FGS com.qihoo.appstore/.AppStoreNotificationListenerService:@49ae220}
09-24 13:28:34.089  1937  4386 D ActivityManager: mImportantUids connections =1000 by uid = 10401 ConnectionRecord =ConnectionRecord{b2d4dc0 u0 CR !FG UI !VIS io.github.ylimit.droidbotapp/.DroidBotIME:@b769343}
09-24 13:28:34.089  1937  4386 D ActivityManager: mImportantUids connections =1000 by uid = 10401 ConnectionRecord =ConnectionRecord{c72ca51 u0 CR FGSA io.github.ylimit.droidbotapp/io.github.privacystreams.accessibility.PSAccessibilityService:@802d378}
09-24 13:28:34.089  1937  4386 D ActivityManager: mImportantUids connections =1000 by uid = 10092 ConnectionRecord =ConnectionRecord{b9837d9 u0 CR FGS com.qihoo.appstore/.AppStoreNotificationListenerService:@49ae220}
09-24 13:28:34.095 14751 14751 W ResourceType: For resource 0x7f02039c, entry index(924) is beyond type entryCount(7)
09-24 13:28:34.095 14751 14751 W ResourceType: Failure getting entry for 0x7f02039c (t=1 e=924) (error -75)
09-24 13:28:34.096 14751 14751 W ResourceType: No package identifier when getting value for resource number 0x00000000
09-24 13:28:34.113  1937  4388 D ActivityManager: mImportantUids connections =1000 by uid = 10401 ConnectionRecord =ConnectionRecord{b2d4dc0 u0 CR !FG UI !VIS io.github.ylimit.droidbotapp/.DroidBotIME:@b769343}
09-24 13:28:34.113  1937  4388 D ActivityManager: mImportantUids connections =1000 by uid = 10401 ConnectionRecord =ConnectionRecord{c72ca51 u0 CR FGSA io.github.ylimit.droidbotapp/io.github.privacystreams.accessibility.PSAccessibilityService:@802d378}
09-24 13:28:34.113  1937  4388 D ActivityManager: mImportantUids connections =1000 by uid = 10092 ConnectionRecord =ConnectionRecord{b9837d9 u0 CR FGS com.qihoo.appstore/.AppStoreNotificationListenerService:@49ae220}
09-24 13:28:34.138 14751 14751 W ResourceType: For resource 0x7f02039c, entry index(924) is beyond type entryCount(7)
09-24 13:28:34.138 14751 14751 W ResourceType: Failure getting entry for 0x7f02039c (t=1 e=924) (error -75)
09-24 13:28:34.138 14751 14751 W ResourceType: No package identifier when getting value for resource number 0x00000000
09-24 13:28:34.160  1937  4329 D ActivityManager: mImportantUids connections =1000 by uid = 10401 ConnectionRecord =ConnectionRecord{b2d4dc0 u0 CR !FG UI !VIS io.github.ylimit.droidbotapp/.DroidBotIME:@b769343}
09-24 13:28:34.160  1937  4329 D ActivityManager: mImportantUids connections =1000 by uid = 10401 ConnectionRecord =ConnectionRecord{c72ca51 u0 CR FGSA io.github.ylimit.droidbotapp/io.github.privacystreams.accessibility.PSAccessibilityService:@802d378}
09-24 13:28:34.160  1937  4329 D ActivityManager: mImportantUids connections =1000 by uid = 10092 ConnectionRecord =ConnectionRecord{b9837d9 u0 CR FGS com.qihoo.appstore/.AppStoreNotificationListenerService:@49ae220}
09-24 13:28:34.179 14751 14751 W ResourceType: No package identifier when getting value for resource number 0x00000000
09-24 13:28:34.185   358   358 W auditd  : type=1400 "Binder_10""socket:[538332]""sockfs"
09-24 13:28:34.185   358   358 W auditd  : type=1400 "Binder_10""socket:[538332]""sockfs"
09-24 13:28:34.185 14751 14751 W ResourceType: No known package when getting value for resource number 0x022400b4
09-24 13:28:34.185 14751 14751 W ResourceType: No known package when getting value for resource number 0x022400b4
09-24 13:28:34.189 14751 14751 W ResourceType: No known package when getting value for resource number 0x022400b6
09-24 13:28:34.189 14751 14751 W ResourceType: No known package when getting value for resource number 0x022400b6
09-24 13:28:34.195 14751 14751 W ResourceType: No known package when getting value for resource number 0x022400b6
09-24 13:28:34.195 14751 14751 W ResourceType: No known package when getting value for resource number 0x022400b6
09-24 13:28:34.298   358   358 W auditd  : type=1400 "ps""/proc/349""proc"
09-24 13:28:34.299   358   358 W auditd  : type=1400 "ps""task""proc"
09-24 13:28:34.300   358   358 W auditd  : type=1400 "MemoryCheckThre""mem""debugfs"
09-24 13:28:34.300   358   358 W auditd  : type=1400 "MemoryCheckThre""mem""debugfs"
09-24 13:28:34.215  1937  4329 D ActivityManager: mImportantUids connections =1000 by uid = 10401 ConnectionRecord =ConnectionRecord{b2d4dc0 u0 CR !FG UI !VIS io.github.ylimit.droidbotapp/.DroidBotIME:@b769343}
09-24 13:28:34.216  1937  4329 D ActivityManager: mImportantUids connections =1000 by uid = 10401 ConnectionRecord =ConnectionRecord{c72ca51 u0 CR FGSA io.github.ylimit.droidbotapp/io.github.privacystreams.accessibility.PSAccessibilityService:@802d378}
09-24 13:28:34.216  1937  4329 D ActivityManager: mImportantUids connections =1000 by uid = 10092 ConnectionRecord =ConnectionRecord{b9837d9 u0 CR FGS com.qihoo.appstore/.AppStoreNotificationListenerService:@49ae220}
09-24 13:28:34.231 14751 14751 W ResourceType: No package identifier when getting name for resource number 0x00018704
09-24 13:28:34.232 14751 14751 W ResourceType: No package identifier when getting name for resource number 0x00000001
09-24 13:28:34.232 14751 14751 W ResourceType: No package identifier when getting name for resource number 0x00000002
09-24 13:28:34.232 14751 14751 W ResourceType: No package identifier when getting name for resource number 0x000f0002
09-24 13:28:34.234 14751 14751 W ResourceType: No package identifier when getting name for resource number 0x00000001
09-24 13:28:34.234 14751 14751 W ResourceType: No package identifier when getting name for resource number 0x000f0001
09-24 13:28:34.235 14751 14751 W ResourceType: No package identifier when getting name for resource number 0x000f0002
09-24 13:28:34.236 14751 14751 W ResourceType: No package identifier when getting name for resource number 0x000f0002
09-24 13:28:34.237 14751 14751 W ResourceType: No package identifier when getting name for resource number 0x00000001
09-24 13:28:34.238 14751 14751 W ResourceType: No package identifier when getting name for resource number 0x00000064
09-24 13:28:34.238 14751 14751 W ResourceType: No package identifier when getting name for resource number 0x00000065
09-24 13:28:34.241 14751 14751 W ResourceType: No package identifier when getting name for resource number 0x00000068
09-24 13:28:34.242 14751 14751 W ResourceType: No package identifier when getting name for resource number 0x00000066
09-24 13:28:34.242 14751 14751 W ResourceType: No package identifier when getting name for resource number 0x00000067
09-24 13:28:34.245 14751 14751 W ResourceType: No package identifier when getting name for resource number 0x0000000c
09-24 13:28:34.246 14751 14751 W ResourceType: No package identifier when getting name for resource number 0x00000064
09-24 13:28:34.246  1937  4353 D ActivityManager: mImportantUids connections =1000 by uid = 10401 ConnectionRecord =ConnectionRecord{b2d4dc0 u0 CR !FG UI !VIS io.github.ylimit.droidbotapp/.DroidBotIME:@b769343}
09-24 13:28:34.246  1937  4353 D ActivityManager: mImportantUids connections =1000 by uid = 10401 ConnectionRecord =ConnectionRecord{c72ca51 u0 CR FGSA io.github.ylimit.droidbotapp/io.github.privacystreams.accessibility.PSAccessibilityService:@802d378}
09-24 13:28:34.246  1937  4353 D ActivityManager: mImportantUids connections =1000 by uid = 10092 ConnectionRecord =ConnectionRecord{b9837d9 u0 CR FGS com.qihoo.appstore/.AppStoreNotificationListenerService:@49ae220}
09-24 13:28:34.246 14751 14751 W ResourceType: No package identifier when getting name for resource number 0x00000065
09-24 13:28:34.246 14751 14751 W ResourceType: No package identifier when getting name for resource number 0x00000069
09-24 13:28:34.247 14751 14751 W ResourceType: No package identifier when getting name for resource number 0x00000067
09-24 13:28:34.247 14751 14751 W ResourceType: No package identifier when getting name for resource number 0x00000073
09-24 13:28:34.248 14751 14751 W ResourceType: No package identifier when getting name for resource number 0x0000006a
09-24 13:28:34.248 14751 14751 W ResourceType: No package identifier when getting name for resource number 0x00000068
09-24 13:28:34.249 14751 14751 W ResourceType: No package identifier when getting name for resource number 0x0000006b
09-24 13:28:34.249 14751 14751 W ResourceType: No package identifier when getting name for resource number 0x0000000b
09-24 13:28:34.250 14751 14751 W ResourceType: No package identifier when getting name for resource number 0x0000000a
09-24 13:28:34.250 14751 14751 W ResourceType: No package identifier when getting name for resource number 0x0000006c
09-24 13:28:34.250 14751 14751 W ResourceType: No package identifier when getting name for resource number 0x0000006d
09-24 13:28:34.251 14751 14751 W ResourceType: No package identifier when getting name for resource number 0x0000006e
09-24 13:28:34.251 14751 14751 W ResourceType: No package identifier when getting name for resource number 0x0000006f
09-24 13:28:34.252 14751 14751 W ResourceType: No package identifier when getting name for resource number 0x00000062
09-24 13:28:34.252 14751 14751 W ResourceType: No package identifier when getting name for resource number 0x000000c8
09-24 13:28:34.253 14751 14751 W ResourceType: No package identifier when getting name for resource number 0x000000ca
09-24 13:28:34.253 14751 14751 W ResourceType: No package identifier when getting name for resource number 0x000000cb
09-24 13:28:34.253 14751 14751 W ResourceType: No package identifier when getting name for resource number 0x000000c9
09-24 13:28:34.254 14751 14751 W ResourceType: No package identifier when getting name for resource number 0x00000061
09-24 13:28:34.254  1937  4329 D ActivityManager: mImportantUids connections =1000 by uid = 10401 ConnectionRecord =ConnectionRecord{b2d4dc0 u0 CR !FG UI !VIS io.github.ylimit.droidbotapp/.DroidBotIME:@b769343}
09-24 13:28:34.254  1937  4329 D ActivityManager: mImportantUids connections =1000 by uid = 10401 ConnectionRecord =ConnectionRecord{c72ca51 u0 CR FGSA io.github.ylimit.droidbotapp/io.github.privacystreams.accessibility.PSAccessibilityService:@802d378}
09-24 13:28:34.255  1937  4329 D ActivityManager: mImportantUids connections =1000 by uid = 10092 ConnectionRecord =ConnectionRecord{b9837d9 u0 CR FGS com.qihoo.appstore/.AppStoreNotificationListenerService:@49ae220}
09-24 13:28:34.327 14751 14751 W ResourceType: No known package when getting value for resource number 0x022400af
09-24 13:28:34.328 14751 14751 W ResourceType: No known package when getting value for resource number 0x022400af
09-24 13:28:34.331 14751 14751 W ResourceType: No known package when getting value for resource number 0x022400b3
09-24 13:28:34.331 14751 14751 W ResourceType: No known package when getting value for resource number 0x022400b3
09-24 13:28:34.436 14751 14751 W ResourceType: No known package when getting value for resource number 0x022400b4
09-24 13:28:34.436 14751 14751 W ResourceType: No known package when getting value for resource number 0x022400b4
09-24 13:28:34.507 14751 14751 W ResourceType: No known package when getting value for resource number 0x022400b6
09-24 13:28:34.507 14751 14751 W ResourceType: No known package when getting value for resource number 0x022400b6
09-24 13:28:34.512 14751 14751 W ResourceType: No known package when getting value for resource number 0x022400b6
09-24 13:28:34.512 14751 14751 W ResourceType: No known package when getting value for resource number 0x022400b6
09-24 13:28:34.592  1937  4336 D ActivityManager: mImportantUids connections =1000 by uid = 10401 ConnectionRecord =ConnectionRecord{b2d4dc0 u0 CR !FG UI !VIS io.github.ylimit.droidbotapp/.DroidBotIME:@b769343}
09-24 13:28:34.592  1937  4336 D ActivityManager: mImportantUids connections =1000 by uid = 10401 ConnectionRecord =ConnectionRecord{c72ca51 u0 CR FGSA io.github.ylimit.droidbotapp/io.github.privacystreams.accessibility.PSAccessibilityService:@802d378}
09-24 13:28:34.593  1937  4336 D ActivityManager: mImportantUids connections =1000 by uid = 10092 ConnectionRecord =ConnectionRecord{b9837d9 u0 CR FGS com.qihoo.appstore/.AppStoreNotificationListenerService:@49ae220}
09-24 13:28:34.655   358   358 W auditd  : type=1400 "MemoryCheckThre""mem""debugfs"
09-24 13:28:34.656   358   358 W auditd  : type=1400 "MemoryCheckThre""mem""debugfs"
09-24 13:28:34.783  1937  3351 W ActivityManager_Service: Unable to start service Intent { act=com.googlecode.eyesfree.braille.service.ACTION_SELF_BRAILLE_SERVICE pkg=com.googlecode.eyesfree.brailleback } U=0: not found
09-24 13:28:34.787 14751 14751 E d       : Failed to bind to service
09-24 13:28:34.978 14751 14751 W ResourceType: No package identifier when getting name for resource number 0x00018704
09-24 13:28:34.978 14751 14751 W ResourceType: No package identifier when getting name for resource number 0x00000001
09-24 13:28:34.979 14751 14751 W ResourceType: No package identifier when getting name for resource number 0x00000002
09-24 13:28:34.979 14751 14751 W ResourceType: No package identifier when getting name for resource number 0x000f0002
09-24 13:28:34.980 14751 14751 W ResourceType: No package identifier when getting name for resource number 0x00000001
09-24 13:28:34.981 14751 14751 W ResourceType: No package identifier when getting name for resource number 0x000f0001
09-24 13:28:34.982 14751 14751 W ResourceType: No package identifier when getting name for resource number 0x000f0002
09-24 13:28:34.982 14751 14751 W ResourceType: No package identifier when getting name for resource number 0x000f0002
09-24 13:28:34.985 14751 14751 W ResourceType: No package identifier when getting name for resource number 0x00000001
09-24 13:28:34.986 14751 14751 W ResourceType: No package identifier when getting name for resource number 0x00000064
09-24 13:28:34.986 14751 14751 W ResourceType: No package identifier when getting name for resource number 0x00000065
09-24 13:28:34.987 14751 14751 W ResourceType: No package identifier when getting name for resource number 0x00000068
09-24 13:28:34.987 14751 14751 W ResourceType: No package identifier when getting name for resource number 0x00000066
09-24 13:28:34.988 14751 14751 W ResourceType: No package identifier when getting name for resource number 0x00000067
09-24 13:28:34.988 14751 14751 W ResourceType: No package identifier when getting name for resource number 0x0000000c
09-24 13:28:34.988 14751 14751 W ResourceType: No package identifier when getting name for resource number 0x00000064
09-24 13:28:34.989 14751 14751 W ResourceType: No package identifier when getting name for resource number 0x00000065
09-24 13:28:34.989 14751 14751 W ResourceType: No package identifier when getting name for resource number 0x00000069
09-24 13:28:34.990 14751 14751 W ResourceType: No package identifier when getting name for resource number 0x00000067
09-24 13:28:34.990 14751 14751 W ResourceType: No package identifier when getting name for resource number 0x00000073
09-24 13:28:34.990 14751 14751 W ResourceType: No package identifier when getting name for resource number 0x0000006a
09-24 13:28:34.991 14751 14751 W ResourceType: No package identifier when getting name for resource number 0x00000068
09-24 13:28:34.991 14751 14751 W ResourceType: No package identifier when getting name for resource number 0x0000006b
09-24 13:28:34.991 14751 14751 W ResourceType: No package identifier when getting name for resource number 0x0000000b
09-24 13:28:34.992 14751 14751 W ResourceType: No package identifier when getting name for resource number 0x0000000a
09-24 13:28:34.992 14751 14751 W ResourceType: No package identifier when getting name for resource number 0x0000006c
09-24 13:28:34.992 14751 14751 W ResourceType: No package identifier when getting name for resource number 0x0000006d
09-24 13:28:34.993 14751 14751 W ResourceType: No package identifier when getting name for resource number 0x0000006e
09-24 13:28:34.993 14751 14751 W ResourceType: No package identifier when getting name for resource number 0x0000006f
09-24 13:28:34.994 14751 14751 W ResourceType: No package identifier when getting name for resource number 0x00000062
09-24 13:28:34.994 14751 14751 W ResourceType: No package identifier when getting name for resource number 0x000000c8
09-24 13:28:34.994 14751 14751 W ResourceType: No package identifier when getting name for resource number 0x000000ca
09-24 13:28:34.995 14751 14751 W ResourceType: No package identifier when getting name for resource number 0x000000cb
09-24 13:28:34.995 14751 14751 W ResourceType: No package identifier when getting name for resource number 0x000000c9
09-24 13:28:34.995 14751 14751 W ResourceType: No package identifier when getting name for resource number 0x00000061
09-24 13:28:34.999   358   358 W auditd  : type=1400 "MemoryCheckThre""mem""debugfs"
09-24 13:28:34.999   358   358 W auditd  : type=1400 "MemoryCheckThre""mem""debugfs"
09-24 13:28:35.294   358   358 W auditd  : type=1400 "MemoryCheckThre""mem""debugfs"
09-24 13:28:35.294   358   358 W auditd  : type=1400 "MemoryCheckThre""mem""debugfs"
09-24 13:28:35.368 14751 14751 W ResourceType: No package identifier when getting name for resource number 0x00018704
09-24 13:28:35.368 14751 14751 W ResourceType: No package identifier when getting name for resource number 0x00000001
09-24 13:28:35.368 14751 14751 W ResourceType: No package identifier when getting name for resource number 0x00000002
09-24 13:28:35.371 14751 14751 W ResourceType: No package identifier when getting name for resource number 0x000f0002
09-24 13:28:35.373 14751 14751 W ResourceType: No package identifier when getting name for resource number 0x00000001
09-24 13:28:35.374 14751 14751 W ResourceType: No package identifier when getting name for resource number 0x000f0001
09-24 13:28:35.375 14751 14751 W ResourceType: No package identifier when getting name for resource number 0x000f0002
09-24 13:28:35.375 14751 14751 W ResourceType: No package identifier when getting name for resource number 0x000f0002
09-24 13:28:35.377 14751 14751 W ResourceType: No package identifier when getting name for resource number 0x00000001
09-24 13:28:35.377 14751 14751 W ResourceType: No package identifier when getting name for resource number 0x00000064
09-24 13:28:35.378 14751 14751 W ResourceType: No package identifier when getting name for resource number 0x00000065
09-24 13:28:35.378 14751 14751 W ResourceType: No package identifier when getting name for resource number 0x00000068
09-24 13:28:35.378 14751 14751 W ResourceType: No package identifier when getting name for resource number 0x00000066
09-24 13:28:35.379 14751 14751 W ResourceType: No package identifier when getting name for resource number 0x00000067
09-24 13:28:35.379 14751 14751 W ResourceType: No package identifier when getting name for resource number 0x0000000c
09-24 13:28:35.379 14751 14751 W ResourceType: No package identifier when getting name for resource number 0x00000064
09-24 13:28:35.380 14751 14751 W ResourceType: No package identifier when getting name for resource number 0x00000065
09-24 13:28:35.380 14751 14751 W ResourceType: No package identifier when getting name for resource number 0x00000069
09-24 13:28:35.380 14751 14751 W ResourceType: No package identifier when getting name for resource number 0x00000067
09-24 13:28:35.381 14751 14751 W ResourceType: No package identifier when getting name for resource number 0x00000073
09-24 13:28:35.381 14751 14751 W ResourceType: No package identifier when getting name for resource number 0x0000006a
09-24 13:28:35.381 14751 14751 W ResourceType: No package identifier when getting name for resource number 0x00000068
09-24 13:28:35.382 14751 14751 W ResourceType: No package identifier when getting name for resource number 0x0000006b
09-24 13:28:35.382 14751 14751 W ResourceType: No package identifier when getting name for resource number 0x0000000b
09-24 13:28:35.383 14751 14751 W ResourceType: No package identifier when getting name for resource number 0x0000000a
09-24 13:28:35.383 14751 14751 W ResourceType: No package identifier when getting name for resource number 0x0000006c
09-24 13:28:35.384 14751 14751 W ResourceType: No package identifier when getting name for resource number 0x0000006d
09-24 13:28:35.385 14751 14751 W ResourceType: No package identifier when getting name for resource number 0x0000006e
09-24 13:28:35.385 14751 14751 W ResourceType: No package identifier when getting name for resource number 0x0000006f
09-24 13:28:35.386 14751 14751 W ResourceType: No package identifier when getting name for resource number 0x00000062
09-24 13:28:35.386 14751 14751 W ResourceType: No package identifier when getting name for resource number 0x000000c8
09-24 13:28:35.386 14751 14751 W ResourceType: No package identifier when getting name for resource number 0x000000ca
09-24 13:28:35.387 14751 14751 W ResourceType: No package identifier when getting name for resource number 0x000000cb
09-24 13:28:35.387 14751 14751 W ResourceType: No package identifier when getting name for resource number 0x000000c9
09-24 13:28:35.387 14751 14751 W ResourceType: No package identifier when getting name for resource number 0x00000061
09-24 13:28:35.622   358   358 W auditd  : type=1400 "MemoryCheckThre""mem""debugfs"
09-24 13:28:35.623   358   358 W auditd  : type=1400 "MemoryCheckThre""mem""debugfs"
09-24 13:28:35.700  1937  4410 D ActivityManager: mImportantUids connections =1000 by uid = 10401 ConnectionRecord =ConnectionRecord{b2d4dc0 u0 CR !FG UI !VIS io.github.ylimit.droidbotapp/.DroidBotIME:@b769343}
09-24 13:28:35.701  1937  4410 D ActivityManager: mImportantUids connections =1000 by uid = 10401 ConnectionRecord =ConnectionRecord{c72ca51 u0 CR FGSA io.github.ylimit.droidbotapp/io.github.privacystreams.accessibility.PSAccessibilityService:@802d378}
09-24 13:28:35.701  1937  4410 D ActivityManager: mImportantUids connections =1000 by uid = 10092 ConnectionRecord =ConnectionRecord{b9837d9 u0 CR FGS com.qihoo.appstore/.AppStoreNotificationListenerService:@49ae220}
09-24 13:28:35.738   358   358 W auditd  : type=1400 "RoutineDaemon""mem""debugfs"
09-24 13:28:35.738   358   358 W auditd  : type=1400 "RoutineDaemon""mem""debugfs"
09-24 13:28:35.816 14751 14751 W ResourceType: No package identifier when getting name for resource number 0x00018704
09-24 13:28:35.816 14751 14751 W ResourceType: No package identifier when getting name for resource number 0x00000001
09-24 13:28:35.817 14751 14751 W ResourceType: No package identifier when getting name for resource number 0x00000002
09-24 13:28:35.817 14751 14751 W ResourceType: No package identifier when getting name for resource number 0x000f0002
09-24 13:28:35.818 14751 14751 W ResourceType: No package identifier when getting name for resource number 0x00000001
09-24 13:28:35.819 14751 14751 W ResourceType: No package identifier when getting name for resource number 0x000f0001
09-24 13:28:35.819 14751 14751 W ResourceType: No package identifier when getting name for resource number 0x000f0002
09-24 13:28:35.820 14751 14751 W ResourceType: No package identifier when getting name for resource number 0x000f0002
09-24 13:28:35.821 14751 14751 W ResourceType: No package identifier when getting name for resource number 0x00000001
09-24 13:28:35.821 14751 14751 W ResourceType: No package identifier when getting name for resource number 0x00000064
09-24 13:28:35.821 14751 14751 W ResourceType: No package identifier when getting name for resource number 0x00000065
09-24 13:28:35.822 14751 14751 W ResourceType: No package identifier when getting name for resource number 0x00000068
09-24 13:28:35.822 14751 14751 W ResourceType: No package identifier when getting name for resource number 0x00000066
09-24 13:28:35.822 14751 14751 W ResourceType: No package identifier when getting name for resource number 0x00000067
09-24 13:28:35.823 14751 14751 W ResourceType: No package identifier when getting name for resource number 0x0000000c
09-24 13:28:35.823 14751 14751 W ResourceType: No package identifier when getting name for resource number 0x00000064
09-24 13:28:35.823 14751 14751 W ResourceType: No package identifier when getting name for resource number 0x00000065
09-24 13:28:35.824 14751 14751 W ResourceType: No package identifier when getting name for resource number 0x00000069
09-24 13:28:35.825 14751 14751 W ResourceType: No package identifier when getting name for resource number 0x00000067
09-24 13:28:35.825 14751 14751 W ResourceType: No package identifier when getting name for resource number 0x00000073
09-24 13:28:35.825 14751 14751 W ResourceType: No package identifier when getting name for resource number 0x0000006a
09-24 13:28:35.826 14751 14751 W ResourceType: No package identifier when getting name for resource number 0x00000068
09-24 13:28:35.826 14751 14751 W ResourceType: No package identifier when getting name for resource number 0x0000006b
09-24 13:28:35.826 14751 14751 W ResourceType: No package identifier when getting name for resource number 0x0000000b
09-24 13:28:35.827 14751 14751 W ResourceType: No package identifier when getting name for resource number 0x0000000a
09-24 13:28:35.827 14751 14751 W ResourceType: No package identifier when getting name for resource number 0x0000006c
09-24 13:28:35.827 14751 14751 W ResourceType: No package identifier when getting name for resource number 0x0000006d
09-24 13:28:35.828 14751 14751 W ResourceType: No package identifier when getting name for resource number 0x0000006e
09-24 13:28:35.828 14751 14751 W ResourceType: No package identifier when getting name for resource number 0x0000006f
09-24 13:28:35.829 14751 14751 W ResourceType: No package identifier when getting name for resource number 0x00000062
09-24 13:28:35.829 14751 14751 W ResourceType: No package identifier when getting name for resource number 0x000000c8
09-24 13:28:35.829 14751 14751 W ResourceType: No package identifier when getting name for resource number 0x000000ca
09-24 13:28:35.830 14751 14751 W ResourceType: No package identifier when getting name for resource number 0x000000cb
09-24 13:28:35.830 14751 14751 W ResourceType: No package identifier when getting name for resource number 0x000000c9
09-24 13:28:35.830 14751 14751 W ResourceType: No package identifier when getting name for resource number 0x00000061
09-24 13:28:36.042   358   358 W auditd  : type=1400 "MemoryCheckThre""mem""debugfs"
09-24 13:28:36.042   358   358 W auditd  : type=1400 "MemoryCheckThre""mem""debugfs"
09-24 13:28:36.074   358   358 W auditd  : type=1400 "ps""/proc/349""proc"
09-24 13:28:36.074   358   358 W auditd  : type=1400 "ps""task""proc"
09-24 13:28:36.219 14751 14751 W ResourceType: No package identifier when getting name for resource number 0x00018704
09-24 13:28:36.220 14751 14751 W ResourceType: No package identifier when getting name for resource number 0x00000001
09-24 13:28:36.220 14751 14751 W ResourceType: No package identifier when getting name for resource number 0x00000002
09-24 13:28:36.220 14751 14751 W ResourceType: No package identifier when getting name for resource number 0x000f0002
09-24 13:28:36.221 14751 14751 W ResourceType: No package identifier when getting name for resource number 0x00000001
09-24 13:28:36.222 14751 14751 W ResourceType: No package identifier when getting name for resource number 0x000f0001
09-24 13:28:36.222 14751 14751 W ResourceType: No package identifier when getting name for resource number 0x000f0002
09-24 13:28:36.223 14751 14751 W ResourceType: No package identifier when getting name for resource number 0x000f0002
09-24 13:28:36.225 14751 14751 W ResourceType: No package identifier when getting name for resource number 0x00000001
09-24 13:28:36.225 14751 14751 W ResourceType: No package identifier when getting name for resource number 0x00000064
09-24 13:28:36.226 14751 14751 W ResourceType: No package identifier when getting name for resource number 0x00000065
09-24 13:28:36.226 14751 14751 W ResourceType: No package identifier when getting name for resource number 0x00000068
09-24 13:28:36.227 14751 14751 W ResourceType: No package identifier when getting name for resource number 0x00000066
09-24 13:28:36.227 14751 14751 W ResourceType: No package identifier when getting name for resource number 0x00000067
09-24 13:28:36.227 14751 14751 W ResourceType: No package identifier when getting name for resource number 0x0000000c
09-24 13:28:36.228 14751 14751 W ResourceType: No package identifier when getting name for resource number 0x00000064
09-24 13:28:36.228 14751 14751 W ResourceType: No package identifier when getting name for resource number 0x00000065
09-24 13:28:36.229 14751 14751 W ResourceType: No package identifier when getting name for resource number 0x00000069
09-24 13:28:36.229 14751 14751 W ResourceType: No package identifier when getting name for resource number 0x00000067
09-24 13:28:36.229 14751 14751 W ResourceType: No package identifier when getting name for resource number 0x00000073
09-24 13:28:36.230 14751 14751 W ResourceType: No package identifier when getting name for resource number 0x0000006a
09-24 13:28:36.230 14751 14751 W ResourceType: No package identifier when getting name for resource number 0x00000068
09-24 13:28:36.231 14751 14751 W ResourceType: No package identifier when getting name for resource number 0x0000006b
09-24 13:28:36.231 14751 14751 W ResourceType: No package identifier when getting name for resource number 0x0000000b
09-24 13:28:36.231 14751 14751 W ResourceType: No package identifier when getting name for resource number 0x0000000a
09-24 13:28:36.232 14751 14751 W ResourceType: No package identifier when getting name for resource number 0x0000006c
09-24 13:28:36.232 14751 14751 W ResourceType: No package identifier when getting name for resource number 0x0000006d
