09-24 13:28:00.329  1937  3977 D ActivityManager: mImportantUids connections =1000 by uid = 10401 ConnectionRecord =ConnectionRecord{c72ca51 u0 CR FGSA io.github.ylimit.droidbotapp/io.github.privacystreams.accessibility.PSAccessibilityService:@802d378}
09-24 13:28:00.329  1937  3977 D ActivityManager: mImportantUids connections =1000 by uid = 10092 ConnectionRecord =ConnectionRecord{b9837d9 u0 CR FGS com.qihoo.appstore/.AppStoreNotificationListenerService:@49ae220}
09-24 13:28:00.415  3950  3950 D wpa_supplicant: wlan0: Control interface command 'SIGNAL_POLL'
09-24 13:28:00.417  3950  3950 D wpa_supplicant: CTRL-DEBUG: global_ctrl_sock-sendto: sock=12 sndbuf=212992 outq=0 send_len=48
09-24 13:28:00.435  3690  3690 W ResourceType: No known package when getting name for resource number 0x57f00000
09-24 13:28:00.435  3690  3690 W ResourceType: No known package when getting name for resource number 0x57f00001
09-24 13:28:00.525  3690  3690 W ResourceType: No known package when getting name for resource number 0x57f00000
09-24 13:28:00.525  3690  3690 W ResourceType: No known package when getting name for resource number 0x57f00001
09-24 13:28:00.723  3690  3690 W ResourceType: No known package when getting name for resource number 0x57f00000
09-24 13:28:00.724  3690  3690 W ResourceType: No known package when getting name for resource number 0x57f00001
09-24 13:28:00.764  3690  3690 W cr_AwContents: onDetachedFromWindow called when already detached. Ignoring
09-24 13:28:00.769  3690  3690 I cr_Ime  : ImeThread is not enabled.
09-24 13:28:00.787  3690  3690 W cr_AwContents: onDetachedFromWindow called when already detached. Ignoring
09-24 13:28:00.791  3690  3690 I cr_Ime  : ImeThread is not enabled.
09-24 13:28:00.816  3690  3690 W ResourceType: No known package when getting name for resource number 0x57f00000
09-24 13:28:00.816  3690  3690 W ResourceType: No known package when getting name for resource number 0x57f00001
09-24 13:28:00.823  3690  3690 W cr_BindingManager: Cannot call determinedVisibility() - never saw a connection for the pid: 3690
09-24 13:28:00.840  3690  3690 W ResourceType: No known package when getting name for resource number 0x57f00000
09-24 13:28:00.841  3690  3690 W ResourceType: No known package when getting name for resource number 0x57f00001
09-24 13:28:00.903  3690  3690 W cr_BindingManager: Cannot call determinedVisibility() - never saw a connection for the pid: 3690
09-24 13:28:00.932  3690  3690 W ResourceType: No known package when getting name for resource number 0x57f00000
09-24 13:28:00.932  3690  3690 W ResourceType: No known package when getting name for resource number 0x57f00001
09-24 13:28:00.945  3689  3689 D SystemServicesProxy: exclude com.sink.apps.girl.voice.changer
09-24 13:28:00.945  3689  3689 D SystemServicesProxy: exclude com.android.systemui
09-24 13:28:00.945  3689  3689 D SystemServicesProxy: exclude com.android.settings
09-24 13:28:00.945  3689  3689 D SystemServicesProxy: exclude com.android.packageinstaller
09-24 13:28:00.945  3689  3689 D SystemServicesProxy: exclude android
09-24 13:28:00.945  3689  3689 D SystemServicesProxy: exclude android
09-24 13:28:00.946  3689  3689 D SystemServicesProxy: add 11 Task
09-24 13:28:00.946  3689  3689 D RecentsTaskLoadPlan: preloadPlan, 11
09-24 13:28:00.955  3689  3689 I ResourcesManager: isUpToDate /data/app/com.sink.apps.girl.voice.changer-1/base.apk: true
09-24 13:28:01.001  3690  3690 W ResourceType: No known package when getting name for resource number 0x57f00000
09-24 13:28:01.001  3690  3690 W ResourceType: No known package when getting name for resource number 0x57f00001
09-24 13:28:01.010  1937  1937 I DeviceIdleController: updateChargingLocked: charging=true
09-24 13:28:01.011  1937  1937 I DeviceIdleController: becomeActiveLocked, reason = charging
09-24 13:28:01.024  5113  5113 D AbstractProcessor: onBatteryChange Percent:8 State:2 
09-24 13:28:01.044  3690  3690 W ResourceType: No known package when getting name for resource number 0x57f00000
09-24 13:28:01.045  3690  3690 W ResourceType: No known package when getting name for resource number 0x57f00001
09-24 13:28:01.123  3690  3690 W ResourceType: No known package when getting name for resource number 0x57f00000
09-24 13:28:01.124  3690  3690 W ResourceType: No known package when getting name for resource number 0x57f00001
09-24 13:28:01.272   358   358 W auditd  : type=1400 "ps""/proc/349""proc"
09-24 13:28:01.274   358   358 W auditd  : type=1400 "ps""task""proc"
09-24 13:28:01.290  3690  3690 W ResourceType: No known package when getting name for resource number 0x57f00000
09-24 13:28:01.290  3690  3690 W ResourceType: No known package when getting name for resource number 0x57f00001
09-24 13:28:02.799  3690  3690 W ResourceType: No known package when getting name for resource number 0x57f00000
09-24 13:28:02.799  3690  3690 W ResourceType: No known package when getting name for resource number 0x57f00001
09-24 13:28:03.125  3690  3690 W ResourceType: No known package when getting name for resource number 0x57f00000
09-24 13:28:03.126  3690  3690 W ResourceType: No known package when getting name for resource number 0x57f00001
09-24 13:28:03.157   358   358 W auditd  : type=1400 "ps""/proc/349""proc"
09-24 13:28:03.157   358   358 W auditd  : type=1400 "ps""task""proc"
09-24 13:28:03.426  3950  3950 D wpa_supplicant: wlan0: Control interface command 'SIGNAL_POLL'
09-24 13:28:03.433  3950  3950 D wpa_supplicant: CTRL-DEBUG: global_ctrl_sock-sendto: sock=12 sndbuf=212992 outq=0 send_len=48
09-24 13:28:03.557  3690  3690 W ResourceType: No known package when getting name for resource number 0x57f00000
09-24 13:28:03.558  3690  3690 W ResourceType: No known package when getting name for resource number 0x57f00001
09-24 13:28:03.725  1937  3354 W ActivityManager: Launch timeout has expired, giving up wake lock!
09-24 13:28:03.804  1937  3354 D ActivityManager: mImportantUids connections =1000 by uid = 10401 ConnectionRecord =ConnectionRecord{b2d4dc0 u0 CR !FG UI !VIS io.github.ylimit.droidbotapp/.DroidBotIME:@b769343}
09-24 13:28:03.804  1937  3354 D ActivityManager: mImportantUids connections =1000 by uid = 10401 ConnectionRecord =ConnectionRecord{c72ca51 u0 CR FGSA io.github.ylimit.droidbotapp/io.github.privacystreams.accessibility.PSAccessibilityService:@802d378}
09-24 13:28:03.805  1937  3354 D ActivityManager: mImportantUids connections =1000 by uid = 10092 ConnectionRecord =ConnectionRecord{b9837d9 u0 CR FGS com.qihoo.appstore/.AppStoreNotificationListenerService:@49ae220}
09-24 13:28:03.820  4464  4464 D Launcher: onStop
09-24 13:28:03.854  4464  4464 I WallpaperCard: [Trim Memory] wallpaperCard, level:20
09-24 13:28:03.860  1937  4386 V WindowManager: just for Front small Window: = Window{c7b89fb u0 com.qihoo.appstore}
09-24 13:28:03.861  1937  3351 D ActivityManager: mImportantUids connections =1000 by uid = 10401 ConnectionRecord =ConnectionRecord{b2d4dc0 u0 CR !FG UI !VIS io.github.ylimit.droidbotapp/.DroidBotIME:@b769343}
09-24 13:28:03.862  1937  3351 D ActivityManager: mImportantUids connections =1000 by uid = 10401 ConnectionRecord =ConnectionRecord{c72ca51 u0 CR FGSA io.github.ylimit.droidbotapp/io.github.privacystreams.accessibility.PSAccessibilityService:@802d378}
09-24 13:28:03.862  1937  3351 D ActivityManager: mImportantUids connections =1000 by uid = 10092 ConnectionRecord =ConnectionRecord{b9837d9 u0 CR FGS com.qihoo.appstore/.AppStoreNotificationListenerService:@49ae220}
09-24 13:28:03.890  1937  4353 D ActivityManager: mImportantUids connections =1000 by uid = 10401 ConnectionRecord =ConnectionRecord{b2d4dc0 u0 CR !FG UI !VIS io.github.ylimit.droidbotapp/.DroidBotIME:@b769343}
09-24 13:28:03.890  1937  4353 D ActivityManager: mImportantUids connections =1000 by uid = 10401 ConnectionRecord =ConnectionRecord{c72ca51 u0 CR FGSA io.github.ylimit.droidbotapp/io.github.privacystreams.accessibility.PSAccessibilityService:@802d378}
09-24 13:28:03.891  1937  4353 D ActivityManager: mImportantUids connections =1000 by uid = 10092 ConnectionRecord =ConnectionRecord{b9837d9 u0 CR FGS com.qihoo.appstore/.AppStoreNotificationListenerService:@49ae220}
09-24 13:28:04.077  3690  3690 W ResourceType: No known package when getting name for resource number 0x57f00000
09-24 13:28:04.078  3690  3690 W ResourceType: No known package when getting name for resource number 0x57f00001
09-24 13:28:04.596  3690  3690 W ResourceType: No known package when getting name for resource number 0x57f00000
09-24 13:28:04.597  3690  3690 W ResourceType: No known package when getting name for resource number 0x57f00001
09-24 13:28:04.942  3690  3690 W ResourceType: No known package when getting name for resource number 0x57f00000
09-24 13:28:04.942  3690  3690 W ResourceType: No known package when getting name for resource number 0x57f00001
09-24 13:28:05.415   358   358 W auditd  : type=1400 "ps""/proc/349""proc"
09-24 13:28:05.424   358   358 W auditd  : type=1400 "ps""task""proc"
09-24 13:28:06.444  3950  3950 D wpa_supplicant: wlan0: Control interface command 'SIGNAL_POLL'
09-24 13:28:06.454  3950  3950 D wpa_supplicant: CTRL-DEBUG: global_ctrl_sock-sendto: sock=12 sndbuf=212992 outq=0 send_len=48
09-24 13:28:06.995  3961  3961 D AndroidRuntime: >>>>>> START com.android.internal.os.RuntimeInit uid 2000 <<<<<<
09-24 13:28:07.001  1937  1937 I DeviceIdleController: updateChargingLocked: charging=true
09-24 13:28:07.001  1937  1937 I DeviceIdleController: becomeActiveLocked, reason = charging
09-24 13:28:07.005  5113  5113 D AbstractProcessor: onBatteryChange Percent:8 State:2 
09-24 13:28:07.006  3961  3961 D AndroidRuntime: CheckJNI is OFF
09-24 13:28:07.023  1937  3977 D ActivityManager: mImportantUids connections =1000 by uid = 10092 ConnectionRecord =ConnectionRecord{b9837d9 u0 CR FGS com.qihoo.appstore/.AppStoreNotificationListenerService:@49ae220}
09-24 13:28:07.033  1937  3977 D ActivityManager: mImportantUids connections =1000 by uid = 10401 ConnectionRecord =ConnectionRecord{b2d4dc0 u0 CR !FG UI !VIS io.github.ylimit.droidbotapp/.DroidBotIME:@b769343}
09-24 13:28:07.033  1937  3977 D ActivityManager: mImportantUids connections =1000 by uid = 10401 ConnectionRecord =ConnectionRecord{c72ca51 u0 CR FGSA io.github.ylimit.droidbotapp/io.github.privacystreams.accessibility.PSAccessibilityService:@802d378}
09-24 13:28:07.033  1937  3977 D ActivityManager: mImportantUids connections =1000 by uid = 10092 ConnectionRecord =ConnectionRecord{b9837d9 u0 CR FGS com.qihoo.appstore/.AppStoreNotificationListenerService:@49ae220}
09-24 13:28:07.132  1937  3631 D ActivityManager: mImportantUids connections =1000 by uid = 10401 ConnectionRecord =ConnectionRecord{b2d4dc0 u0 CR !FG UI !VIS io.github.ylimit.droidbotapp/.DroidBotIME:@b769343}
09-24 13:28:07.132  1937  3631 D ActivityManager: mImportantUids connections =1000 by uid = 10401 ConnectionRecord =ConnectionRecord{c72ca51 u0 CR FGSA io.github.ylimit.droidbotapp/io.github.privacystreams.accessibility.PSAccessibilityService:@802d378}
09-24 13:28:07.138  3961  3961 D ICU     : No timezone override file found: /data/misc/zoneinfo/current/icu/icu_tzdata.dat
09-24 13:28:07.146  1937  3631 D ActivityManager: mImportantUids connections =1000 by uid = 10092 ConnectionRecord =ConnectionRecord{b9837d9 u0 CR FGS com.qihoo.appstore/.AppStoreNotificationListenerService:@49ae220}
09-24 13:28:07.262  3961  3961 I Radio-JNI: register_android_hardware_Radio DONE
09-24 13:28:07.356  3961  3961 D AndroidRuntime: Calling main entry com.android.commands.input.Input
09-24 13:28:07.358  3961  3961 I Input   : injectKeyEvent: KeyEvent { action=ACTION_DOWN, keyCode=KEYCODE_BACK, scanCode=0, metaState=0, flags=0x0, repeatCount=0, eventTime=9317314, downTime=9317314, deviceId=-1, source=0x101 }
09-24 13:28:07.371  1937  3977 D ActivityManager: mImportantUids connections =1000 by uid = 10092 ConnectionRecord =ConnectionRecord{b9837d9 u0 CR FGS com.qihoo.appstore/.AppStoreNotificationListenerService:@49ae220}
09-24 13:28:07.375  1937  3977 D ActivityManager: mImportantUids connections =1000 by uid = 10401 ConnectionRecord =ConnectionRecord{b2d4dc0 u0 CR !FG UI !VIS io.github.ylimit.droidbotapp/.DroidBotIME:@b769343}
09-24 13:28:07.375  1937  3977 D ActivityManager: mImportantUids connections =1000 by uid = 10401 ConnectionRecord =ConnectionRecord{c72ca51 u0 CR FGSA io.github.ylimit.droidbotapp/io.github.privacystreams.accessibility.PSAccessibilityService:@802d378}
09-24 13:28:07.376  1937  3977 D ActivityManager: mImportantUids connections =1000 by uid = 10092 ConnectionRecord =ConnectionRecord{b9837d9 u0 CR FGS com.qihoo.appstore/.AppStoreNotificationListenerService:@49ae220}
09-24 13:28:07.407   358   358 W auditd  : type=1400 "ps""/proc/349""proc"
09-24 13:28:07.430   358   358 W auditd  : type=1400 "ps""task""proc"
09-24 13:28:07.404  3961  3961 I Input   : injectKeyEvent: KeyEvent { action=ACTION_UP, keyCode=KEYCODE_BACK, scanCode=0, metaState=0, flags=0x0, repeatCount=0, eventTime=9317314, downTime=9317314, deviceId=-1, source=0x101 }
09-24 13:28:07.434  1937  3352 V WindowManager: just for Front small Window: = Window{c7b89fb u0 com.qihoo.appstore}
09-24 13:28:07.438  1937  3352 V WindowManager: just for Front small Window: = Window{c7b89fb u0 com.qihoo.appstore}
09-24 13:28:07.439  3689  3689 I StatusBarIconController:  appTransitionPending
09-24 13:28:07.480  1937  3352 I ActivityManager_Thumbnails: Setting thumbnail of ActivityRecord{a7446e u0 com.sink.apps.girl.voice.changer/com.startapp.android.publish.OverlayActivity t716 f} to android.graphics.Bitmap@c3f7346
09-24 13:28:07.566   358   358 W auditd  : type=1400 "Binder_A""socket:[537745]""sockfs"
09-24 13:28:07.571   358   358 W auditd  : type=1400 "Binder_A""socket:[537745]""sockfs"
09-24 13:28:07.483  3961  3961 D AndroidRuntime: Shutting down VM
09-24 13:28:07.495  1937  4369 W ActivityManager: Finishing task with all activities already finished
09-24 13:28:07.495  1937  4369 W ActivityManager: Duplicate finish request for ActivityRecord{a7446e u0 com.sink.apps.girl.voice.changer/com.startapp.android.publish.OverlayActivity t716 f}
09-24 13:28:07.498  3689  3689 I StatusBarIconController:  appTransitionPending
09-24 13:28:07.514  3690  3987 E AbstractTracker: Can't create handler inside thread that has not called Looper.prepare()
09-24 13:28:07.515  3690  3987 D AppTracker: App Event: stop
09-24 13:28:07.526  1937  3977 D ActivityManager: mImportantUids connections =1000 by uid = 10401 ConnectionRecord =ConnectionRecord{b2d4dc0 u0 CR !FG UI !VIS io.github.ylimit.droidbotapp/.DroidBotIME:@b769343}
09-24 13:28:07.526  1937  3977 D ActivityManager: mImportantUids connections =1000 by uid = 10401 ConnectionRecord =ConnectionRecord{c72ca51 u0 CR FGSA io.github.ylimit.droidbotapp/io.github.privacystreams.accessibility.PSAccessibilityService:@802d378}
09-24 13:28:07.526  1937  3977 D ActivityManager: mImportantUids connections =1000 by uid = 10092 ConnectionRecord =ConnectionRecord{b9837d9 u0 CR FGS com.qihoo.appstore/.AppStoreNotificationListenerService:@49ae220}
09-24 13:28:07.539  3689  3689 I StatusBarIconController: appTransitionStarting
09-24 13:28:07.540  1937  3977 V WindowManager: just for Front small Window: = Window{c7b89fb u0 com.qihoo.appstore}
09-24 13:28:07.542  1937  3977 V WindowManager: just for Front small Window: = Window{c7b89fb u0 com.qihoo.appstore}
09-24 13:28:07.607  3690  3741 E AbstractTracker: Can't create handler inside thread that has not called Looper.prepare()
09-24 13:28:07.607  3690  3741 D AppTracker: App Event: start
09-24 13:28:07.614  1937  4454 V WindowManager: just for Front small Window: = Window{c7b89fb u0 com.qihoo.appstore}
09-24 13:28:07.624  1937  4336 D ActivityManager: mImportantUids connections =1000 by uid = 10401 ConnectionRecord =ConnectionRecord{b2d4dc0 u0 CR !FG UI !VIS io.github.ylimit.droidbotapp/.DroidBotIME:@b769343}
09-24 13:28:07.634  1937  4336 D ActivityManager: mImportantUids connections =1000 by uid = 10401 ConnectionRecord =ConnectionRecord{c72ca51 u0 CR FGSA io.github.ylimit.droidbotapp/io.github.privacystreams.accessibility.PSAccessibilityService:@802d378}
09-24 13:28:07.637  1937  4336 D ActivityManager: mImportantUids connections =1000 by uid = 10092 ConnectionRecord =ConnectionRecord{b9837d9 u0 CR FGS com.qihoo.appstore/.AppStoreNotificationListenerService:@49ae220}
09-24 13:28:07.661  1937  3585 D NtpTrustedTime: currentTimeMillis() cache hit
09-24 13:28:07.686  1937  3585 I TetherStatsReporting: getTetherStats() called NetworkStats: elapsedRealtime=9317617
09-24 13:28:07.686  1937  3585 I TetherStatsReporting:   [0] iface=wlan0 uid=0 set=DEFAULT tag=0x0 rxBytes=905614 rxPackets=2471 txBytes=107493 txPackets=2074 operations=0
09-24 13:28:07.686  1937  3585 I TetherStatsReporting:   [1] iface=wlan0 uid=0 set=FOREGROUND tag=0x0 rxBytes=0 rxPackets=0 txBytes=0 txPackets=0 operations=0
09-24 13:28:07.686  1937  3585 I TetherStatsReporting:   [2] iface=wlan0 uid=1000 set=DEFAULT tag=0x0 rxBytes=47910 rxPackets=220 txBytes=117354 txPackets=323 operations=0
09-24 13:28:07.686  1937  3585 I TetherStatsReporting:   [3] iface=wlan0 uid=1000 set=FOREGROUND tag=0x0 rxBytes=0 rxPackets=0 txBytes=0 txPackets=0 operations=0
09-24 13:28:07.686  1937  3585 I TetherStatsReporting:   [4] iface=wlan0 uid=10002 set=DEFAULT tag=0x0 rxBytes=1155 rxPackets=4 txBytes=552 txPackets=5 operations=0
09-24 13:28:07.686  1937  3585 I TetherStatsReporting:   [5] iface=wlan0 uid=10002 set=FOREGROUND tag=0x0 rxBytes=0 rxPackets=0 txBytes=0 txPackets=0 operations=0
09-24 13:28:07.686  1937  3585 I TetherStatsReporting:   [6] iface=wlan0 uid=10013 set=DEFAULT tag=0x0 rxBytes=110873 rxPackets=938 txBytes=255871 txPackets=1566 operations=0
09-24 13:28:07.686  1937  3585 I TetherStatsReporting:   [7] iface=wlan0 uid=10013 set=FOREGROUND tag=0x0 rxBytes=20390054 rxPackets=15520 txBytes=712660 txPackets=15123 operations=0
09-24 13:28:07.686  1937  3585 I TetherStatsReporting:   [8] iface=wlan0 uid=10062 set=DEFAULT tag=0x0 rxBytes=4618 rxPackets=35 txBytes=12142 txPackets=96 operations=0
09-24 13:28:07.686  1937  3585 I TetherStatsReporting:   [9] iface=wlan0 uid=10062 set=FOREGROUND tag=0x0 rxBytes=40526 rxPackets=167 txBytes=61960 txPackets=274 operations=0
09-24 13:28:07.686  1937  3585 I TetherStatsReporting:   [10] iface=wlan0 uid=10066 set=DEFAULT tag=0x0 rxBytes=3322 rxPackets=15 txBytes=3487 txPackets=20 operations=0
09-24 13:28:07.686  1937  3585 I TetherStatsReporting:   [11] iface=wlan0 uid=10066 set=FOREGROUND tag=0x0 rxBytes=0 rxPackets=0 txBytes=0 txPackets=0 operations=0
09-24 13:28:07.686  1937  3585 I TetherStatsReporting:   [12] iface=wlan0 uid=10069 set=DEFAULT tag=0x0 rxBytes=231793 rxPackets=280 txBytes=28819 txPackets=321 operations=0
09-24 13:28:07.686  1937  3585 I TetherStatsReporting:   [13] iface=wlan0 uid=10069 set=FOREGROUND tag=0x0 rxBytes=0 rxPackets=0 txBytes=0 txPackets=0 operations=0
09-24 13:28:07.686  1937  3585 I TetherStatsReporting:   [14] iface=wlan0 uid=10092 set=DEFAULT tag=0x0 rxBytes=325568 rxPackets=510 txBytes=107585 txPackets=655 operations=0
09-24 13:28:07.686  1937  3585 I TetherStatsReporting:   [15] iface=wlan0 uid=10092 set=FOREGROUND tag=0x0 rxBytes=9544028 rxPackets=9387 txBytes=1110674 txPackets=10415 operations=0
09-24 13:28:07.686  1937  3585 I TetherStatsReporting:   [16] iface=wlan0 uid=10094 set=DEFAULT tag=0x0 rxBytes=391795 rxPackets=531 txBytes=93540 txPackets=674 operations=0
09-24 13:28:07.686  1937  3585 I TetherStatsReporting:   [17] iface=wlan0 uid=10094 set=FOREGROUND tag=0x0 rxBytes=0 rxPackets=0 txBytes=0 txPackets=0 operations=0
09-24 13:28:07.686  1937  3585 I TetherStatsReporting:   [18] iface=wlan0 uid=10448 set=DEFAULT tag=0x0 rxBytes=0 rxPackets=0 txBytes=0 txPackets=0 operations=0
09-24 13:28:07.686  1937  3585 I TetherStatsReporting:   [19] iface=wlan0 uid=10448 set=FOREGROUND tag=0x0 rxBytes=1315152 rxPackets=1233 txBytes=87937 txPackets=1249 operations=0
09-24 13:28:07.686  1937  3585 I TetherStatsReporting:   [20] iface=wlan0 uid=1000 set=DEFAULT tag=0xa004 rxBytes=5145 rxPackets=12 txBytes=2497 txPackets=14 operations=0
09-24 13:28:07.686  1937  3585 I TetherStatsReporting:   [21] iface=wlan0 uid=1000 set=FOREGROUND tag=0xa004 rxBytes=0 rxPackets=0 txBytes=0 txPackets=0 operations=0
09-24 13:28:07.686  1937  3585 I TetherStatsReporting:   [22] iface=wlan0 uid=10094 set=DEFAULT tag=0xe946e2c rxBytes=312 rxPackets=3 txBytes=1108 txPackets=4 operations=0
09-24 13:28:07.686  1937  3585 I TetherStatsReporting:   [23] iface=wlan0 uid=10094 set=FOREGROUND tag=0xe946e2c rxBytes=0 rxPackets=0 txBytes=0 txPackets=0 operations=0
09-24 13:28:07.686  1937  3585 I TetherStatsReporting:   [24] iface=wlan0 uid=10092 set=DEFAULT tag=0x296022a9 rxBytes=0 rxPackets=0 txBytes=0 txPackets=0 operations=0
09-24 13:28:07.686  1937  3585 I TetherStatsReporting:   [25] iface=wlan0 uid=10092 set=FOREGROUND tag=0x296022a9 rxBytes=2658 rxPackets=22 txBytes=22985 txPackets=22 operations=0
09-24 13:28:07.686  1937  3585 I TetherStatsReporting:   [26] iface=wlan0 uid=10066 set=DEFAULT tag=0x3c9bead5 rxBytes=1163 rxPackets=4 txBytes=476 txPackets=5 operations=0
09-24 13:28:07.686  1937  3585 I TetherStatsReporting:   [27] iface=wlan0 uid=10066 set=FOREGROUND tag=0x3c9bead5 rxBytes=0 rxPackets=0 txBytes=0 txPackets=0 operations=0
09-24 13:28:07.686  1937  3585 I TetherStatsReporting:   [28] iface=wlan0 uid=10092 set=DEFAULT tag=0x4be386bd rxBytes=0 rxPackets=0 txBytes=0 txPackets=0 operations=0
09-24 13:28:07.686  1937  3585 I TetherStatsReporting:   [29] iface=wlan0 uid=10092 set=FOREGROUND tag=0x4be386bd rxBytes=131130 rxPackets=112 txBytes=8551 txPackets=114 operations=0
09-24 13:28:07.686  1937  3585 I TetherStatsReporting:   [30] iface=wlan0 uid=10092 set=DEFAULT tag=0x590b6330 rxBytes=0 rxPackets=0 txBytes=0 txPackets=0 operations=0
09-24 13:28:07.686  1937  3585 I TetherStatsReporting:   [31] iface=wlan0 uid=10092 set=FOREGROUND tag=0x590b6330 rxBytes=4308 rxPackets=13 txBytes=5358 txPackets=18 operations=0
09-24 13:28:07.686  1937  3585 I TetherStatsReporting:   [32] iface=wlan0 uid=10094 set=DEFAULT tag=0x5ecdef17 rxBytes=6807 rxPackets=8 txBytes=1221 txPackets=10 operations=0
09-24 13:28:07.686  1937  3585 I TetherStatsReporting:   [33] iface=wlan0 uid=10094 set=FOREGROUND tag=0x5ecdef17 rxBytes=0 rxPackets=0 txBytes=0 txPackets=0 operations=0
09-24 13:28:07.686  1937  3585 I TetherStatsReporting:   [34] iface=wlan0 uid=10092 set=DEFAULT ta
09-24 13:28:07.686  1937  3585 I TetherStatsReporting: combining tether stats
09-24 13:28:07.687  4425  4436 D QtiTetherService/IpaWrapper: getStats(false)
09-24 13:28:07.735  1937  3585 D NtpTrustedTime: currentTimeMillis() cache hit
09-24 13:28:07.737  1937  3586 D NtpTrustedTime: currentTimeMillis() cache hit
09-24 13:28:07.737  1937  3586 D NtpTrustedTime: currentTimeMillis() cache hit
09-24 13:28:07.830  1937  1957 I art     : Background partial concurrent mark sweep GC freed 33952(2MB) AllocSpace objects, 23(472KB) LOS objects, 33% free, 19MB/29MB, paused 3.225ms total 353.409ms
09-24 13:28:08.561  3689  3689 D SystemServicesProxy: exclude com.android.systemui
09-24 13:28:08.562  3689  3689 D SystemServicesProxy: exclude com.android.settings
09-24 13:28:08.562  3689  3689 D SystemServicesProxy: exclude com.android.packageinstaller
09-24 13:28:08.562  3689  3689 D SystemServicesProxy: exclude android
09-24 13:28:08.562  3689  3689 D SystemServicesProxy: exclude android
09-24 13:28:08.562  3689  3689 D SystemServicesProxy: add 11 Task
09-24 13:28:08.562  3689  3689 D RecentsTaskLoadPlan: preloadPlan, 11
09-24 13:28:09.209   358   358 W auditd  : type=1400 "ps""/proc/349""proc"
09-24 13:28:09.209   358   358 W auditd  : type=1400 "ps""task""proc"
09-24 13:28:09.463  3950  3950 D wpa_supplicant: wlan0: Control interface command 'SIGNAL_POLL'
09-24 13:28:09.468  3950  3950 D wpa_supplicant: CTRL-DEBUG: global_ctrl_sock-sendto: sock=12 sndbuf=212992 outq=0 send_len=48
09-24 13:28:09.931  1937  3354 D ActivityManager: mImportantUids connections =1000 by uid = 10401 ConnectionRecord =ConnectionRecord{b2d4dc0 u0 CR !FG UI !VIS io.github.ylimit.droidbotapp/.DroidBotIME:@b769343}
09-24 13:28:09.932  1937  3354 D ActivityManager: mImportantUids connections =1000 by uid = 10401 ConnectionRecord =ConnectionRecord{c72ca51 u0 CR FGSA io.github.ylimit.droidbotapp/io.github.privacystreams.accessibility.PSAccessibilityService:@802d378}
09-24 13:28:09.933  1937  3354 D ActivityManager: mImportantUids connections =1000 by uid = 10092 ConnectionRecord =ConnectionRecord{b9837d9 u0 CR FGS com.qihoo.appstore/.AppStoreNotificationListenerService:@49ae220}
09-24 13:28:09.970  1937  4410 V WindowManager: just for Front small Window: = Window{c7b89fb u0 com.qihoo.appstore}
09-24 13:28:10.868   358   358 W auditd  : type=1400 "ps""/proc/349""proc"
09-24 13:28:10.869   358   358 W auditd  : type=1400 "ps""task""proc"
09-24 13:28:12.118   358   358 W auditd  : type=1400 "ipacm""/dev/socket/ipacm_log_file"
09-24 13:28:12.122   358   358 W auditd  : type=1400 "ipacm""/dev/socket/ipacm_log_file"
09-24 13:28:12.122   358   358 W auditd  : type=1400 "ipacm""/dev/socket/ipacm_log_file"
09-24 13:28:12.122   358   358 W auditd  : type=1400 "ipacm""/dev/socket/ipacm_log_file"
09-24 13:28:12.122   358   358 W auditd  : type=1400 "ipacm""/dev/socket/ipacm_log_file"
09-24 13:28:12.480  3950  3950 D wpa_supplicant: wlan0: Control interface command 'SIGNAL_POLL'
09-24 13:28:12.483  3950  3950 D wpa_supplicant: CTRL-DEBUG: global_ctrl_sock-sendto: sock=12 sndbuf=212992 outq=0 send_len=48
09-24 13:28:12.691   358   358 W auditd  : type=1400 "ps""/proc/349""proc"
09-24 13:28:12.691   358   358 W auditd  : type=1400 "ps""task""proc"
09-24 13:28:13.008  5113  5113 D AbstractProcessor: onBatteryChange Percent:8 State:2 
09-24 13:28:13.014  1937  1937 I DeviceIdleController: updateChargingLocked: charging=true
09-24 13:28:13.014  1937  1937 I DeviceIdleController: becomeActiveLocked, reason = charging
09-24 13:28:13.998  4027  4027 D AndroidRuntime: >>>>>> START com.android.internal.os.RuntimeInit uid 2000 <<<<<<
09-24 13:28:14.008  4027  4027 D AndroidRuntime: CheckJNI is OFF
09-24 13:28:14.093  4027  4027 D ICU     : No timezone override file found: /data/misc/zoneinfo/current/icu/icu_tzdata.dat
09-24 13:28:14.162  4027  4027 I Radio-JNI: register_android_hardware_Radio DONE
09-24 13:28:14.223  4027  4027 D AndroidRuntime: Calling main entry com.android.commands.input.Input
09-24 13:28:14.227  4027  4027 I Input   : injectKeyEvent: KeyEvent { action=ACTION_DOWN, keyCode=KEYCODE_BACK, scanCode=0, metaState=0, flags=0x0, repeatCount=0, eventTime=9324182, downTime=9324182, deviceId=-1, source=0x101 }
09-24 13:28:14.240  4027  4027 I Input   : injectKeyEvent: KeyEvent { action=ACTION_UP, keyCode=KEYCODE_BACK, scanCode=0, metaState=0, flags=0x0, repeatCount=0, eventTime=9324182, downTime=9324182, deviceId=-1, source=0x101 }
09-24 13:28:14.321  1937  4329 V WindowManager: just for Front small Window: = Window{c7b89fb u0 com.qihoo.appstore}
09-24 13:28:14.324   358   358 W auditd  : type=1400 "Binder_5""socket:[538085]""sockfs"
09-24 13:28:14.327   358   358 W auditd  : type=1400 "Binder_5""socket:[538085]""sockfs"
09-24 13:28:14.327  4027  4027 D AndroidRuntime: Shutting down VM
09-24 13:28:14.361  1937  4388 V WindowManager: just for Front small Window: = Window{c7b89fb u0 com.qihoo.appstore}
09-24 13:28:14.490   358   358 W auditd  : type=1400 "ps""/proc/349""proc"
09-24 13:28:14.494   358   358 W auditd  : type=1400 "ps""task""proc"
09-24 13:28:15.492  3950  3950 D wpa_supplicant: wlan0: Control interface command 'SIGNAL_POLL'
09-24 13:28:15.499  3950  3950 D wpa_supplicant: CTRL-DEBUG: global_ctrl_sock-sendto: sock=12 sndbuf=212992 outq=0 send_len=48
09-24 13:28:16.276   358   358 W auditd  : type=1400 "ps""/proc/349""proc"
09-24 13:28:16.276   358   358 W auditd  : type=1400 "ps""task""proc"
09-24 13:28:17.484  1937  3354 W ActivityManager: Launch timeout has expired, giving up wake lock!
09-24 13:28:17.535  1937  3354 D ActivityManager: mImportantUids connections =1000 by uid = 10401 ConnectionRecord =ConnectionRecord{b2d4dc0 u0 CR !FG UI !VIS io.github.ylimit.droidbotapp/.DroidBotIME:@b769343}
09-24 13:28:17.536  1937  3354 D ActivityManager: mImportantUids connections =1000 by uid = 10401 ConnectionRecord =ConnectionRecord{c72ca51 u0 CR FGSA io.github.ylimit.droidbotapp/io.github.privacystreams.accessibility.PSAccessibilityService:@802d378}
09-24 13:28:17.536  1937  3354 D ActivityManager: mImportantUids connections =1000 by uid = 10092 ConnectionRecord =ConnectionRecord{b9837d9 u0 CR FGS com.qihoo.appstore/.AppStoreNotificationListenerService:@49ae220}
09-24 13:28:18.070   358   358 W auditd  : type=1400 "ps""/proc/349""proc"
09-24 13:28:18.075   358   358 W auditd  : type=1400 "ps""task""proc"
09-24 13:28:18.510  3950  3950 D wpa_supplicant: wlan0: Control interface command 'SIGNAL_POLL'
09-24 13:28:18.512  3950  3950 D wpa_supplicant: CTRL-DEBUG: global_ctrl_sock-sendto: sock=12 sndbuf=212992 outq=0 send_len=48
09-24 13:28:19.003  1937  1937 I DeviceIdleController: updateChargingLocked: charging=true
09-24 13:28:19.003  1937  1937 I DeviceIdleController: becomeActiveLocked, reason = charging
09-24 13:28:19.011  5113  5113 D AbstractProcessor: onBatteryChange Percent:8 State:2 
09-24 13:28:20.007   358   358 W auditd  : type=1400 "ps""/proc/349""proc"
09-24 13:28:20.007   358   358 W auditd  : type=1400 "ps""task""proc"
09-24 13:28:21.046  4085  4085 D AndroidRuntime: >>>>>> START com.android.internal.os.RuntimeInit uid 2000 <<<<<<
09-24 13:28:21.056  4085  4085 D AndroidRuntime: CheckJNI is OFF
09-24 13:28:21.155  4085  4085 D ICU     : No timezone override file found: /data/misc/zoneinfo/current/icu/icu_tzdata.dat
09-24 13:28:21.242  4085  4085 I Radio-JNI: register_android_hardware_Radio DONE
09-24 13:28:21.302  4085  4085 D AndroidRuntime: Calling main entry com.android.commands.input.Input
09-24 13:28:21.304  4085  4085 I Input   : injectKeyEvent: KeyEvent { action=ACTION_DOWN, keyCode=KEYCODE_BACK, scanCode=0, metaState=0, flags=0x0, repeatCount=0, eventTime=9331259, downTime=9331259, deviceId=-1, source=0x101 }
09-24 13:28:21.313  4085  4085 I Input   : injectKeyEvent: KeyEvent { action=ACTION_UP, keyCode=KEYCODE_BACK, scanCode=0, metaState=0, flags=0x0, repeatCount=0, eventTime=9331259, downTime=9331259, deviceId=-1, source=0x101 }
09-24 13:28:21.321  1937  4454 V WindowManager: just for Front small Window: = Window{c7b89fb u0 com.qihoo.appstore}
09-24 13:28:21.322  4085  4085 D AndroidRuntime: Shutting down VM
09-24 13:28:21.327  3690  3690 W InputEventReceiver: Attempted to finish an input event but the input event receiver has already been disposed.
09-24 13:28:21.331  1937  4329 W InputMethodManagerService: Window already focused, ignoring focus gain of: com.android.internal.view.IInputMethodClient$Stub$Proxy@dc85559 attribute=null, token = android.os.BinderProxy@4fae740
09-24 13:28:21.522  3950  3950 D wpa_supplicant: wlan0: Control interface command 'SIGNAL_POLL'
09-24 13:28:21.530  3950  3950 D wpa_supplicant: CTRL-DEBUG: global_ctrl_sock-sendto: sock=12 sndbuf=212992 outq=0 send_len=48
09-24 13:28:21.558  1937  3354 D ActivityManager: mImportantUids connections =1000 by uid = 10401 ConnectionRecord =ConnectionRecord{b2d4dc0 u0 CR !FG UI !VIS io.github.ylimit.droidbotapp/.DroidBotIME:@b769343}
09-24 13:28:21.558  1937  3354 D ActivityManager: mImportantUids connections =1000 by uid = 10401 ConnectionRecord =ConnectionRecord{c72ca51 u0 CR FGSA io.github.ylimit.droidbotapp/io.github.privacystreams.accessibility.PSAccessibilityService:@802d378}
09-24 13:28:21.558  1937  3354 D ActivityManager: mImportantUids connections =1000 by uid = 10092 ConnectionRecord =ConnectionRecord{b9837d9 u0 CR FGS com.qihoo.appstore/.AppStoreNotificationListenerService:@49ae220}
09-24 13:28:21.571  1937  4386 D ActivityManager: mImportantUids connections =1000 by uid = 10401 ConnectionRecord =ConnectionRecord{b2d4dc0 u0 CR !FG UI !VIS io.github.ylimit.droidbotapp/.DroidBotIME:@b769343}
09-24 13:28:21.571  1937  4386 D ActivityManager: mImportantUids connections =1000 by uid = 10401 ConnectionRecord =ConnectionRecord{c72ca51 u0 CR FGSA io.github.ylimit.droidbotapp/io.github.privacystreams.accessibility.PSAccessibilityService:@802d378}
09-24 13:28:21.571  1937  4386 D ActivityManager: mImportantUids connections =1000 by uid = 10092 ConnectionRecord =ConnectionRecord{b9837d9 u0 CR FGS com.qihoo.appstore/.AppStoreNotificationListenerService:@49ae220}
09-24 13:28:21.582  1937  4386 D ActivityManager: mImportantUids connections =1000 by uid = 10401 ConnectionRecord =ConnectionRecord{b2d4dc0 u0 CR !FG UI !VIS io.github.ylimit.droidbotapp/.DroidBotIME:@b769343}
09-24 13:28:21.582  1937  4386 D ActivityManager: mImportantUids connections =1000 by uid = 10401 ConnectionRecord =ConnectionRecord{c72ca51 u0 CR FGSA io.github.ylimit.droidbotapp/io.github.privacystreams.accessibility.PSAccessibilityService:@802d378}
09-24 13:28:21.583  1937  4386 D ActivityManager: mImportantUids connections =1000 by uid = 10092 ConnectionRecord =ConnectionRecord{b9837d9 u0 CR FGS com.qihoo.appstore/.AppStoreNotificationListenerService:@49ae220}
09-24 13:28:21.758   358   358 W auditd  : type=1400 "ipacm""/dev/socket/ipacm_log_file"
09-24 13:28:21.758   358   358 W auditd  : type=1400 "ipacm""/dev/socket/ipacm_log_file"
09-24 13:28:21.758   358   358 W auditd  : type=1400 "ipacm""/dev/socket/ipacm_log_file"
09-24 13:28:21.758   358   358 W auditd  : type=1400 "ipacm""/dev/socket/ipacm_log_file"
09-24 13:28:21.761   358   358 W auditd  : type=1400 "ipacm""/dev/socket/ipacm_log_file"
09-24 13:28:22.014   358   358 W auditd  : type=1400 "ps""/proc/349""proc"
09-24 13:28:22.015   358   358 W auditd  : type=1400 "ps""task""proc"
09-24 13:28:23.692   358   358 W auditd  : type=1400 "ps""/proc/349""proc"
09-24 13:28:23.694   358   358 W auditd  : type=1400 "ps""task""proc"
09-24 13:28:24.542  3950  3950 D wpa_supplicant: wlan0: Control interface command 'SIGNAL_POLL'
09-24 13:28:24.545  3950  3950 D wpa_supplicant: CTRL-DEBUG: global_ctrl_sock-sendto: sock=12 sndbuf=212992 outq=0 send_len=48
09-24 13:28:25.004  1937  1937 I DeviceIdleController: updateChargingLocked: charging=true
09-24 13:28:25.005  1937  1937 I DeviceIdleController: becomeActiveLocked, reason = charging
09-24 13:28:25.011  5113  5113 D AbstractProcessor: onBatteryChange Percent:8 State:2 
09-24 13:28:25.433   358   358 W auditd  : type=1400 "ps""/proc/349""proc"
09-24 13:28:25.434   358   358 W auditd  : type=1400 "ps""task""proc"
09-24 13:28:27.105   358   358 W auditd  : type=1400 "ps""/proc/349""proc"
09-24 13:28:27.106   358   358 W auditd  : type=1400 "ps""task""proc"
09-24 13:28:27.558  3950  3950 D wpa_supplicant: wlan0: Control interface command 'SIGNAL_POLL'
09-24 13:28:27.565  3950  3950 D wpa_supplicant: CTRL-DEBUG: global_ctrl_sock-sendto: sock=12 sndbuf=212992 outq=0 send_len=48
09-24 13:28:28.600  4153  4153 D AndroidRuntime: >>>>>> START com.android.internal.os.RuntimeInit uid 2000 <<<<<<
09-24 13:28:28.611  4153  4153 D AndroidRuntime: CheckJNI is OFF
09-24 13:28:28.707  4153  4153 D ICU     : No timezone override file found: /data/misc/zoneinfo/current/icu/icu_tzdata.dat
09-24 13:28:28.795  4153  4153 I Radio-JNI: register_android_hardware_Radio DONE
09-24 13:28:28.858   358   358 W auditd  : type=1400 "ps""/proc/349""proc"
09-24 13:28:28.858   358   358 W auditd  : type=1400 "ps""task""proc"
09-24 13:28:28.894  4153  4153 D AndroidRuntime: Calling main entry com.android.commands.input.Input
09-24 13:28:28.898  4153  4153 I Input   : injectMotionEvent: MotionEvent { action=ACTION_DOWN, actionButton=0, id[0]=0, x[0]=540.0, y[0]=1845.0, toolType[0]=TOOL_TYPE_UNKNOWN, buttonState=0, metaState=0, flags=0x0, edgeFlags=0x0, pointerCount=1, historySize=0, eventTime=9338852, downTime=9338852, deviceId=0, source=0x1002 }
09-24 13:28:28.925  4153  4153 I Input   : injectMotionEvent: MotionEvent { action=ACTION_MOVE, actionButton=0, id[0]=0, x[0]=540.0, y[0]=1845.0, toolType[0]=TOOL_TYPE_UNKNOWN, buttonState=0, metaState=0, flags=0x0, edgeFlags=0x0, pointerCount=1, historySize=0, eventTime=9338852, downTime=9338852, deviceId=0, source=0x1002 }
09-24 13:28:28.936  4153  4153 I Input   : injectMotionEvent: MotionEvent { action=ACTION_MOVE, actionButton=0, id[0]=0, x[0]=540.0, y[0]=1845.0, toolType[0]=TOOL_TYPE_UNKNOWN, buttonState=0, metaState=0, flags=0x0, edgeFlags=0x0, pointerCount=1, historySize=0, eventTime=9338891, downTime=9338891, deviceId=0, source=0x1002 }
09-24 13:28:28.948  4153  4153 I Input   : injectMotionEvent: MotionEvent { action=ACTION_MOVE, actionButton=0, id[0]=0, x[0]=540.0, y[0]=1845.0, toolType[0]=TOOL_TYPE_UNKNOWN, buttonState=0, metaState=0, flags=0x0, edgeFlags=0x0, pointerCount=1, historySize=0, eventTime=9338904, downTime=9338904, deviceId=0, source=0x1002 }
09-24 13:28:28.965  4153  4153 I Input   : injectMotionEvent: MotionEvent { action=ACTION_MOVE, actionButton=0, id[0]=0, x[0]=540.0, y[0]=1845.0, toolType[0]=TOOL_TYPE_UNKNOWN, buttonState=0, metaState=0, flags=0x0, edgeFlags=0x0, pointerCount=1, historySize=0, eventTime=9338921, downTime=9338921, deviceId=0, source=0x1002 }
09-24 13:28:28.983  4153  4153 I Input   : injectMotionEvent: MotionEvent { action=ACTION_MOVE, actionButton=0, id[0]=0, x[0]=540.0, y[0]=1845.0, toolType[0]=TOOL_TYPE_UNKNOWN, buttonState=0, metaState=0, flags=0x0, edgeFlags=0x0, pointerCount=1, historySize=0, eventTime=9338939, downTime=9338939, deviceId=0, source=0x1002 }
09-24 13:28:29.002  4153  4153 I Input   : injectMotionEvent: MotionEvent { action=ACTION_MOVE, actionButton=0, id[0]=0, x[0]=540.0, y[0]=1845.0, toolType[0]=TOOL_TYPE_UNKNOWN, buttonState=0, metaState=0, flags=0x0, edgeFlags=0x0, pointerCount=1, historySize=0, eventTime=9338958, downTime=9338958, deviceId=0, source=0x1002 }
09-24 13:28:29.015  4153  4153 I Input   : injectMotionEvent: MotionEvent { action=ACTION_MOVE, actionButton=0, id[0]=0, x[0]=540.0, y[0]=1845.0, toolType[0]=TOOL_TYPE_UNKNOWN, buttonState=0, metaState=0, flags=0x0, edgeFlags=0x0, pointerCount=1, historySize=0, eventTime=9338971, downTime=9338971, deviceId=0, source=0x1002 }
09-24 13:28:29.032  4153  4153 I Input   : injectMotionEvent: MotionEvent { action=ACTION_MOVE, actionButton=0, id[0]=0, x[0]=540.0, y[0]=1845.0, toolType[0]=TOOL_TYPE_UNKNOWN, buttonState=0, metaState=0, flags=0x0, edgeFlags=0x0, pointerCount=1, historySize=0, eventTime=9338988, downTime=9338988, deviceId=0, source=0x1002 }
09-24 13:28:29.049  4153  4153 I Input   : injectMotionEvent: MotionEvent { action=ACTION_MOVE, actionButton=0, id[0]=0, x[0]=540.0, y[0]=1845.0, toolType[0]=TOOL_TYPE_UNKNOWN, buttonState=0, metaState=0, flags=0x0, edgeFlags=0x0, pointerCount=1, historySize=0, eventTime=9339005, downTime=9339005, deviceId=0, source=0x1002 }
09-24 13:28:29.065  4153  4153 I Input   : injectMotionEvent: MotionEvent { action=ACTION_MOVE, actionButton=0, id[0]=0, x[0]=540.0, y[0]=1845.0, toolType[0]=TOOL_TYPE_UNKNOWN, buttonState=0, metaState=0, flags=0x0, edgeFlags=0x0, pointerCount=1, historySize=0, eventTime=9339021, downTime=9339021, deviceId=0, source=0x1002 }
09-24 13:28:29.085  4153  4153 I Input   : injectMotionEvent: MotionEvent { action=ACTION_MOVE, actionButton=0, id[0]=0, x[0]=540.0, y[0]=1845.0, toolType[0]=TOOL_TYPE_UNKNOWN, buttonState=0, metaState=0, flags=0x0, edgeFlags=0x0, pointerCount=1, historySize=0, eventTime=9339040, downTime=9339040, deviceId=0, source=0x1002 }
09-24 13:28:29.100  4153  4153 I Input   : injectMotionEvent: MotionEvent { action=ACTION_UP, actionButton=0, id[0]=0, x[0]=540.0, y[0]=1845.0, toolType[0]=TOOL_TYPE_UNKNOWN, buttonState=0, metaState=0, flags=0x0, edgeFlags=0x0, pointerCount=1, historySize=0, eventTime=9339056, downTime=9339056, deviceId=0, source=0x1002 }
09-24 13:28:29.108  4153  4153 D AndroidRuntime: Shutting down VM
09-24 13:28:29.297  1937  4385 I ActivityManager: START u0 {flg=0x10080000 cmp=com.sink.apps.girl.voice.changer/com.google.android.gms.ads.AdActivity (has extras)} from uid 10448 pid 3690 on display 0
09-24 13:28:29.306  1937  4385 V WindowManager: just for Front small Window: = Window{c7b89fb u0 com.qihoo.appstore}
09-24 13:28:29.310  3689  3689 I StatusBarIconController:  appTransitionPending
09-24 13:28:29.337  1937  4385 I ActivityManager_Thumbnails: Setting thumbnail of ActivityRecord{ac939ae u0 com.sink.apps.girl.voice.changer/.MainActivity t715} to android.graphics.Bitmap@11fee15
09-24 13:28:29.340  1937  4385 V WindowManager: just for Front small Window: = Window{c7b89fb u0 com.qihoo.appstore}
09-24 13:28:29.343  1937  4385 V WindowManager: just for Front small Window: = Window{c7b89fb u0 com.qihoo.appstore}
09-24 13:28:29.350  3690  3762 E AbstractTracker: Can't create handler inside thread that has not called Looper.prepare()
09-24 13:28:29.350  3690  3762 D AppTracker: App Event: stop
09-24 13:28:29.357  1937  4386 D ActivityManager: mImportantUids connections =1000 by uid = 10401 ConnectionRecord =ConnectionRecord{b2d4dc0 u0 CR !FG UI !VIS io.github.ylimit.droidbotapp/.DroidBotIME:@b769343}
09-24 13:28:29.357  1937  4386 D ActivityManager: mImportantUids connections =1000 by uid = 10401 ConnectionRecord =ConnectionRecord{c72ca51 u0 CR FGSA io.github.ylimit.droidbotapp/io.github.privacystreams.accessibility.PSAccessibilityService:@802d378}
09-24 13:28:29.357  1937  4386 D ActivityManager: mImportantUids connections =1000 by uid = 10092 ConnectionRecord =ConnectionRecord{b9837d9 u0 CR FGS com.qihoo.appstore/.AppStoreNotificationListenerService:@49ae220}
09-24 13:28:29.365  3689  3689 I StatusBarIconController:  appTransitionPending
09-24 13:28:29.407  3690  3690 I Ads     : Ad opening.
09-24 13:28:29.409  1937  4359 I ActivityManager: START u0 {act=android.intent.action.VIEW dat=https://googleads.g.doubleclick.net/... cmp=com.android.browser/com.tencent.mtt.MainActivity} from uid 10448 pid 3690 on display 0
09-24 13:28:29.471   358   358 W auditd  : type=1400 "Binder_7""socket:[538915]""sockfs"
09-24 13:28:29.485   358   358 W auditd  : type=1400 "Binder_7""socket:[538915]""sockfs"
09-24 13:28:29.449  1937  4359 V WindowManager: just for Front small Window: = Window{c7b89fb u0 com.qihoo.appstore}
09-24 13:28:29.454  1937  4359 V WindowManager: just for Front small Window: = Window{c7b89fb u0 com.qihoo.appstore}
09-24 13:28:29.456  3690  3690 I Ads     : Ad leaving application.
09-24 13:28:29.457  3689  3689 I StatusBarIconController:  appTransitionPending
09-24 13:28:29.458  3690  3764 E AbstractTracker: Can't create handler inside thread that has not called Looper.prepare()
09-24 13:28:29.458  3690  3764 D AppTracker: App Event: start
09-24 13:28:29.512  1937  3631 V WindowManager: just for Front small Window: = Window{c7b89fb u0 com.qihoo.appstore}
09-24 13:28:29.540  3690  3773 E AbstractTracker: Can't create handler inside thread that has not called Looper.prepare()
09-24 13:28:29.540  3690  3773 D AppTracker: App Event: stop
09-24 13:28:29.545  3689  3689 I StatusBarIconController:  appTransitionPending
09-24 13:28:29.548  1937  3977 D ActivityManager: mImportantUids connections =1000 by uid = 10401 ConnectionRecord =ConnectionRecord{b2d4dc0 u0 CR !FG UI !VIS io.github.ylimit.droidbotapp/.DroidBotIME:@b769343}
09-24 13:28:29.548  1937  3977 D ActivityManager: mImportantUids connections =1000 by uid = 10401 ConnectionRecord =ConnectionRecord{c72ca51 u0 CR FGSA io.github.ylimit.droidbotapp/io.github.privacystreams.accessibility.PSAccessibilityService:@802d378}
09-24 13:28:29.548  1937  3977 D ActivityManager: mImportantUids connections =1000 by uid = 10092 ConnectionRecord =ConnectionRecord{b9837d9 u0 CR FGS com.qihoo.appstore/.AppStoreNotificationListenerService:@49ae220}
09-24 13:28:29.551  1937  4443 V WindowManager: just for Front small Window: = Window{c7b89fb u0 com.qihoo.appstore}
09-24 13:28:29.573  1937  1957 I art     : Background partial concurrent mark sweep GC freed 57052(5MB) AllocSpace objects, 43(860KB) LOS objects, 33% free, 19MB/29MB, paused 3.203ms total 235.070ms
09-24 13:28:29.574  1937  3354 D ActivityManager: mImportantUids connections =1000 by uid = 10401 ConnectionRecord =ConnectionRecord{b2d4dc0 u0 CR !FG UI !VIS io.github.ylimit.droidbotapp/.DroidBotIME:@b769343}
09-24 13:28:29.574  1937  3354 D ActivityManager: mImportantUids connections =1000 by uid = 10401 ConnectionRecord =ConnectionRecord{c72ca51 u0 CR FGSA io.github.ylimit.droidbotapp/io.github.privacystreams.accessibility.PSAccessibilityService:@802d378}
09-24 13:28:29.574  1937  3354 D ActivityManager: mImportantUids connections =1000 by uid = 10092 ConnectionRecord =ConnectionRecord{b9837d9 u0 CR FGS com.qihoo.appstore/.AppStoreNotificationListenerService:@49ae220}
09-24 13:28:29.581  1937  3354 D ActivityManager: mImportantUids connections =1000 by uid = 10401 ConnectionRecord =ConnectionRecord{b2d4dc0 u0 CR !FG UI !VIS io.github.ylimit.droidbotapp/.DroidBotIME:@b769343}
09-24 13:28:29.581  1937  3354 D ActivityManager: mImportantUids connections =1000 by uid = 10401 ConnectionRecord =ConnectionRecord{c72ca51 u0 CR FGSA io.github.ylimit.droidbotapp/io.github.privacystreams.accessibility.PSAccessibilityService:@802d378}
09-24 13:28:29.582  1937  3354 D ActivityManager: mImportantUids connections =1000 by uid = 10092 ConnectionRecord =ConnectionRecord{b9837d9 u0 CR FGS com.qihoo.appstore/.AppStoreNotificationListenerService:@49ae220}
09-24 13:28:29.615  1937  3352 V WindowManager: just for Front small Window: = Window{c7b89fb u0 com.qihoo.appstore}
09-24 13:28:29.618  3689  3689 D PhoneStatusBar: setSystemUiVisibility vis=2610 mask=ffffffff oldVal=0 newVal=2610 diff=2610
09-24 13:28:29.618  3689  3689 I StatusBarIconController: setIconsDark dark:false animate:true currentDark:false mTransitionPending:true mTransitionDeferring:false mPendingDarkIntensity:0.0
09-24 13:28:29.618  3689  3689 I StatusBarIconController: animateIconTint:0.0 mDarkIntensity:0.0
09-24 13:28:29.646  3690  3774 V RenderScript: 0x7f6f8ec000 Launching thread(s), CPUs 8
09-24 13:28:29.664 14751 14809 E AbstractTracker: Can't create handler inside thread that has not called Looper.prepare()
09-24 13:28:29.664 14751 14809 D AppTracker: App Event: start
09-24 13:28:29.665  1937  4329 W InputMethodManagerService: Focus gain on non-focused client com.android.internal.view.IInputMethodClient$Stub$Proxy@f7139f6 (uid=10448 pid=3690)
09-24 13:28:29.841 14751 14751 I TextToSpeech: Sucessfully bound to com.svox.pico
09-24 13:28:29.843  1937  4456 W ActivityManager_Service: Unable to start service Intent { act=com.googlecode.eyesfree.braille.service.ACTION_SELF_BRAILLE_SERVICE pkg=com.googlecode.eyesfree.brailleback } U=0: not found
09-24 13:28:29.844 14751 14751 E d       : Failed to bind to service
09-24 13:28:29.859 14751 14751 W ResourceType: For resource 0x7f0203e8, entry index(1000) is beyond type entryCount(7)
09-24 13:28:29.859 14751 14751 W ResourceType: Failure getting entry for 0x7f0203e8 (t=1 e=1000) (error -75)
09-24 13:28:29.859 14751 14751 W ResourceType: No package identifier when getting value for resource number 0x00000000
09-24 13:28:29.872 14751 14751 W ResourceType: For resource 0x7f020351, entry index(849) is beyond type entryCount(7)
09-24 13:28:29.872 14751 14751 W ResourceType: Failure getting entry for 0x7f020351 (t=1 e=849) (error -75)
09-24 13:28:29.873 14751 14751 W ResourceType: No package identifier when getting value for resource number 0x00000000
09-24 13:28:29.874 14751 14751 W ResourceType: For resource 0x7f0203c2, entry index(962) is beyond type entryCount(7)
09-24 13:28:29.874 14751 14751 W ResourceType: Failure getting entry for 0x7f0203c2 (t=1 e=962) (error -75)
09-24 13:28:29.875 14751 14751 W ResourceType: No package identifier when getting value for resource number 0x00000000
09-24 13:28:29.876 14751 14751 W ResourceType: For resource 0x7f02039c, entry index(924) is beyond type entryCount(7)
09-24 13:28:29.876 14751 14751 W ResourceType: Failure getting entry for 0x7f02039c (t=1 e=924) (error -75)
09-24 13:28:29.877 14751 14751 W ResourceType: No package identifier when getting value for resource number 0x00000000
09-24 13:28:29.951   358   358 W auditd  : type=1400 "MemoryCheckThre""mem""debugfs"
09-24 13:28:29.955   358   358 W auditd  : type=1400 "MemoryCheckThre""mem""debugfs"
09-24 13:28:29.987  1937  4329 D ActivityManager: mImportantUids connections =1000 by uid = 10401 ConnectionRecord =ConnectionRecord{b2d4dc0 u0 CR !FG UI !VIS io.github.ylimit.droidbotapp/.DroidBotIME:@b769343}
09-24 13:28:29.987  1937  4329 D ActivityManager: mImportantUids connections =1000 by uid = 10401 ConnectionRecord =ConnectionRecord{c72ca51 u0 CR FGSA io.github.ylimit.droidbotapp/io.github.privacystreams.accessibility.PSAccessibilityService:@802d378}
09-24 13:28:29.988  1937  4329 D ActivityManager: mImportantUids connections =1000 by uid = 10092 ConnectionRecord =ConnectionRecord{b9837d9 u0 CR FGS com.qihoo.appstore/.AppStoreNotificationListenerService:@49ae220}
09-24 13:28:30.251   358   358 W auditd  : type=1400 "MemoryCheckThre""mem""debugfs"
09-24 13:28:30.251   358   358 W auditd  : type=1400 "MemoryCheckThre""mem""debugfs"
09-24 13:28:30.515   358   358 W auditd  : type=1400 "MemoryCheckThre""mem""debugfs"
09-24 13:28:30.515   358   358 W auditd  : type=1400 "MemoryCheckThre""mem""debugfs"
09-24 13:28:30.579  3950  3950 D wpa_supplicant: wlan0: Control interface command 'SIGNAL_POLL'
09-24 13:28:30.581  3950  3950 D wpa_supplicant: CTRL-DEBUG: global_ctrl_sock-sendto: sock=12 sndbuf=212992 outq=0 send_len=48
09-24 13:28:30.769   358   358 W auditd  : type=1400 "ps""/proc/349""proc"
09-24 13:28:30.774   358   358 W auditd  : type=1400 "ps""task""proc"
09-24 13:28:30.933   358   358 W auditd  : type=1400 "MemoryCheckThre""mem""debugfs"
09-24 13:28:30.933   358   358 W auditd  : type=1400 "MemoryCheckThre""mem""debugfs"
