09-22 04:28:47.628 32602   830 I punchbox: PunchBoxHttp: [loadad]  : [[request url]]:http://adapi.lenovogame.com/core/url?adtype=2&uniqid=ffffffff-e5b8-5c35-0000-015ea435edc4&isfailover=0&bt=bfe273c82a80cb717c95309445f44343&cc=CN&dt=Android&jb=0&mt=&os=Android&rm=bc%3A5f%3Af6%3A14%3A78%3A7e&rs=%22Craspedacusta%22&ua=Mozilla%2F5.0+%28Linux%3B+Android+4.4.4%3B+Nexus+5+Build%2FKTU84P%29+AppleWebKit%2F537.36+%28KHTML%2C+like+Gecko%29+Version%2F4.0+Chrome%2F33.0.0.0+Mobile+Safari%2F537.36&cvr=5.3.5&den=480&err=0&evt=1&isp=&kst=44315804&lac=0&mcc=&mnc=&net=1&ofl=0&ori=1&osv=4.4.4&pid=1605030262870.app.ln&rnd=1506025727617&srh=1776&srw=1080&anid=b4bed78a2b47d384&appv=1.0.0&asdk=1.0.0&cell=0&errs=&imei=359250052441274&imsi=&lang=zh&sdkv=5.3.5&test=0&time=1506025727617&wmac=64899a35507d&brand=LGE&model=Nexus+5&isfullscreen=0&hostpkg=com.tp.android.curezombie2nd
09-22 04:28:47.628 32602   830 D punchbox: b [loadad] [a -1] | PunchBoxHttp mContext =com.chance.engine.ChanceAdService@42f39bb0
09-22 04:28:47.628 32602   830 I punchbox: PunchBoxHttp: [loadad]  : [String.class]
09-22 04:28:47.628 32602 32602 D punchbox: CoCoAdSDK-ChanceAdService: [main]  : onStartCommand, service package name:com.tp.android.curezombie2nd
09-22 04:28:47.628 32602 32602 D punchbox: CoCoAdSDK-ChanceAdService: [main]  : onBind
09-22 04:28:47.628 32602 32602 D punchbox: CoCoAdSDK-ChanceAdService: [main]  : action:action.service.upload.app.config
09-22 04:28:47.628 32602 32602 D punchbox: a [main] [b -1] | cococonfig alarmcheckmanager stop Check action
09-22 04:28:47.638 32602 32602 D punchbox: a [main] [a -1] | cococonfig alarmcheckmanager stop Checker action = com.tp.android.curezombie2nd_ACTION_SNAPSHOT_CHECKER
09-22 04:28:47.638 32602 32602 D punchbox: a: [main]  : Unregister Receiver
09-22 04:28:47.638 32602 32602 D punchbox: q [main] [handleMessage -1] | LogUtil.setMonInfo
09-22 04:28:47.638 32602 32602 D punchbox: q [main] [handleMessage -1] | result.getMonInfoData()!=null
09-22 04:28:47.658 32602   830 D punchbox: PunchBoxHttp: [loadad]  : http response code = 404
09-22 04:28:47.658 32602   830 W System.err: [PBException]  errorCode:2001
09-22 04:28:47.658 32602   830 W System.err: 	at com.chance.v4.f.b.c(Unknown Source)
09-22 04:28:47.658 32602   830 W System.err: 	at com.chance.v4.f.b.a(Unknown Source)
09-22 04:28:47.658 32602   830 W System.err: 	at com.chance.v4.f.b.a(Unknown Source)
09-22 04:28:47.658 32602   830 W System.err: 	at com.chance.ads.internal.av.run(Unknown Source)
09-22 04:28:47.658 32602   830 W System.err: 	at java.lang.Thread.run(Thread.java:841)
09-22 04:28:47.658 32602   830 E punchbox: PunchBoxHttp: [loadad]  : null
09-22 04:28:47.658 32602   830 W System.err: [PBException]  errorCode:2001
09-22 04:28:47.658 32602   830 W System.err: 	at com.chance.v4.f.b.c(Unknown Source)
09-22 04:28:47.658 32602   830 W System.err: 	at com.chance.v4.f.b.a(Unknown Source)
09-22 04:28:47.658 32602   830 W System.err: 	at com.chance.v4.f.b.a(Unknown Source)
09-22 04:28:47.658 32602   830 W System.err: 	at com.chance.ads.internal.av.run(Unknown Source)
09-22 04:28:47.658 32602   830 W System.err: 	at java.lang.Thread.run(Thread.java:841)
09-22 04:28:47.668 32602 32602 D punchbox: com.chance.ads.internal.a: [main]  : loadDataWithWebview
09-22 04:28:47.688 32602 32606 D dalvikvm: GC_CONCURRENT freed 427K, 3% free 19064K/19524K, paused 3ms+3ms, total 44ms
09-22 04:28:47.688 32602 32602 D dalvikvm: WAIT_FOR_CONCURRENT_GC blocked 25ms
09-22 04:28:47.688 32602   769 D dalvikvm: WAIT_FOR_CONCURRENT_GC blocked 7ms
09-22 04:28:47.688 32602   796 D dalvikvm: WAIT_FOR_CONCURRENT_GC blocked 14ms
09-22 04:28:47.688 32602   804 D dalvikvm: WAIT_FOR_CONCURRENT_GC blocked 15ms
09-22 04:28:47.688 32602   829 D dalvikvm: WAIT_FOR_CONCURRENT_GC blocked 16ms
09-22 04:28:47.698 32602   803 D dalvikvm: WAIT_FOR_CONCURRENT_GC blocked 4ms
09-22 04:28:47.698 32602   806 D dalvikvm: WAIT_FOR_CONCURRENT_GC blocked 18ms
09-22 04:28:47.778 32602 32606 D dalvikvm: GC_CONCURRENT freed 652K, 4% free 19187K/19872K, paused 3ms+4ms, total 30ms
09-22 04:28:47.778 32602   769 D dalvikvm: WAIT_FOR_CONCURRENT_GC blocked 12ms
09-22 04:28:47.778 32602   836 D dalvikvm: WAIT_FOR_CONCURRENT_GC blocked 13ms
09-22 04:28:47.778 32602   773 D dalvikvm: WAIT_FOR_CONCURRENT_GC blocked 13ms
09-22 04:28:47.778 32602   838 D dalvikvm: WAIT_FOR_CONCURRENT_GC blocked 13ms
09-22 04:28:47.778 32602   834 D dalvikvm: WAIT_FOR_CONCURRENT_GC blocked 13ms
09-22 04:28:47.788 32602   837 D dalvikvm: WAIT_FOR_CONCURRENT_GC blocked 25ms
09-22 04:28:47.798 32602 32602 D punchbox: com.chance.ads.AdView: [main]  : register receiver
09-22 04:28:47.818 32602 32602 I TextToSpeech: Sucessfully bound to com.google.android.tts
09-22 04:28:47.818 32602   773 I MobileCore: processingHttpError | failed to get flow offerWall.html, Connection to http://ads.mobilecore.com refused
09-22 04:28:47.818 11483 32316 W ActivityManager: Unable to start service Intent { act=com.android.org.chromium.com.googlecode.eyesfree.braille.service.ACTION_SELF_BRAILLE_SERVICE pkg=com.android.org.chromium.com.googlecode.eyesfree.brailleback } U=0: not found
09-22 04:28:47.828 32602 32602 E SelfBrailleClient: Failed to bind to service
09-22 04:28:47.848 32602   789 D FlurryAgent: Report successful
09-22 04:28:47.848 32602   789 D FlurryAgent: Processing report response
09-22 04:28:47.848 32602   789 D FlurryAgent: Done sending initial agent report
09-22 04:28:47.868 32602 32602 D punchbox: CoCoAdSDK-PunchBoxClient: [main]  : onServiceConnected, mReStartMyService:false
09-22 04:28:47.868 32602   851 D punchbox: CoCoAd-ClientBlockQueue: [ClientMsgDispatcher]  : Enter take()
09-22 04:28:47.868 32602   851 D punchbox: CoCoAdSDK-PunchBoxClient: [ClientMsgDispatcher]  : Queue Size:3
09-22 04:28:47.868 32602   851 D punchbox: CoCoAdSDK-PunchBoxClient: [ClientMsgDispatcher]  : =============DUMP QUEUE BEGIN==============
09-22 04:28:47.868 32602   851 D punchbox: CoCoAdSDK-PunchBoxClient: [ClientMsgDispatcher]  : Msg:7
09-22 04:28:47.868 32602 32602 I LeAD    : chance Intersititial 
09-22 04:28:47.868 32602   851 D punchbox: CoCoAdSDK-PunchBoxClient: [ClientMsgDispatcher]  : Msg:3
09-22 04:28:47.878 32602   851 D punchbox: CoCoAdSDK-PunchBoxClient: [ClientMsgDispatcher]  : Msg:6
09-22 04:28:47.878 32602   851 D punchbox: CoCoAdSDK-PunchBoxClient: [ClientMsgDispatcher]  : =============DUMP QUEUE END================
09-22 04:28:47.878 32602   851 D punchbox: CoCoAdSDK-PunchBoxClient: [ClientMsgDispatcher]  : Send msg:7
09-22 04:28:47.878 32602   851 D punchbox: CoCoAdSDK-PunchBoxClient: [ClientMsgDispatcher]  : mLock.acquire()
09-22 04:28:47.878 32602   851 D punchbox: CoCoAdSDK-PunchBoxClient: [ClientMsgDispatcher]  : Service respond received.
09-22 04:28:47.878 32602   851 D punchbox: CoCoAd-ClientMsgCompare: [ClientMsgDispatcher]  : lhs and rhs has same PRI
09-22 04:28:47.878 32602   851 D punchbox: CoCoAd-ClientBlockQueue: [ClientMsgDispatcher]  : Enter take()
09-22 04:28:47.878 32602   851 D punchbox: CoCoAdSDK-PunchBoxClient: [ClientMsgDispatcher]  : Queue Size:2
09-22 04:28:47.878 32602   851 D punchbox: CoCoAdSDK-PunchBoxClient: [ClientMsgDispatcher]  : =============DUMP QUEUE BEGIN==============
09-22 04:28:47.878 32602   851 D punchbox: CoCoAdSDK-PunchBoxClient: [ClientMsgDispatcher]  : Msg:6
09-22 04:28:47.878 32602   851 D punchbox: CoCoAdSDK-PunchBoxClient: [ClientMsgDispatcher]  : Msg:3
09-22 04:28:47.878 32602   851 D punchbox: CoCoAdSDK-PunchBoxClient: [ClientMsgDispatcher]  : =============DUMP QUEUE END================
09-22 04:28:47.878 32602   851 D punchbox: CoCoAdSDK-PunchBoxClient: [ClientMsgDispatcher]  : Send msg:6
09-22 04:28:47.878 32602   851 D punchbox: CoCoAdSDK-PunchBoxClient: [ClientMsgDispatcher]  : mLock.acquire()
09-22 04:28:47.878 32602   805 W GooglePlayServicesUtil: Google Play services out of date.  Requires 6171000 but found 4323038
09-22 04:28:47.878 32602   805 E GooglePlayServicesUtil: GooglePlayServices not available due to error 2
09-22 04:28:47.958 32602 32606 D dalvikvm: GC_CONCURRENT freed 460K, 3% free 19543K/20036K, paused 18ms+10ms, total 64ms
09-22 04:28:47.958 32602   853 D dalvikvm: WAIT_FOR_CONCURRENT_GC blocked 21ms
09-22 04:28:47.958 32602 32627 D dalvikvm: WAIT_FOR_CONCURRENT_GC blocked 19ms
09-22 04:28:47.958 32602   769 D dalvikvm: WAIT_FOR_CONCURRENT_GC blocked 20ms
09-22 04:28:47.958 32602 32602 D dalvikvm: WAIT_FOR_CONCURRENT_GC blocked 25ms
09-22 04:28:47.958 32602   805 D dalvikvm: WAIT_FOR_CONCURRENT_GC blocked 29ms
09-22 04:28:47.968 32602 32602 I TextToSpeech: Connected to ComponentInfo{com.google.android.tts/com.google.android.tts.service.GoogleTTSService}
09-22 04:28:47.978 32602   853 I punchbox: com.chance.v4.l.a: [pool-8-thread-1]  : [[request]]:http://adapi.lenovogame.com/core/url?adtype=2&uniqid=ffffffff-e5b8-5c35-0000-015ea435edc4&bt=2c01aa482dc78f373ce9467409c37071&ca=&cc=CN&dn=Android&dt=Android&jb=0&mt=&os=Android&rm=bc%3A5f%3Af6%3A14%3A78%3A7e&rs=%22Craspedacusta%22&cvr=5.3.5&err=2001&evt=2&isp=&kst=44316127&lac=0&mcc=&mnc=&net=1&ofl=0&osv=4.4.4&pid=1605030262870.app.ln&rnd=1506025727885&srh=1776&srw=1080&anid=b4bed78a2b47d384&appv=1.0.0&asdk=1.0.0&cell=0&errs=&imei=359250052441274&imsi=&lang=zh&sdkv=5.3.5&test=0&time=1506025727885&wmac=64899a35507d&brand=LGE&model=Nexus+5
09-22 04:28:47.978 32602   853 I punchbox: PunchBoxHttp: [pool-8-thread-1]  : [[request url]]:http://adapi.lenovogame.com/core/url?adtype=2&uniqid=ffffffff-e5b8-5c35-0000-015ea435edc4&bt=2c01aa482dc78f373ce9467409c37071&ca=&cc=CN&dn=Android&dt=Android&jb=0&mt=&os=Android&rm=bc%3A5f%3Af6%3A14%3A78%3A7e&rs=%22Craspedacusta%22&cvr=5.3.5&err=2001&evt=2&isp=&kst=44316127&lac=0&mcc=&mnc=&net=1&ofl=0&osv=4.4.4&pid=1605030262870.app.ln&rnd=1506025727885&srh=1776&srw=1080&anid=b4bed78a2b47d384&appv=1.0.0&asdk=1.0.0&cell=0&errs=&imei=359250052441274&imsi=&lang=zh&sdkv=5.3.5&test=0&time=1506025727885&wmac=64899a35507d&brand=LGE&model=Nexus+5
09-22 04:28:47.978 32602   853 D punchbox: b [pool-8-thread-1] [a -1] | PunchBoxHttp mContext =com.chance.engine.ChanceAdService@42f39bb0
09-22 04:28:47.978 32602   853 I punchbox: PunchBoxHttp: [pool-8-thread-1]  : [String.class]
09-22 04:28:47.988 11483 11508 I ActivityManager: Displayed com.tp.android.curezombie2nd/.MaternityDoctor: +1s435ms
09-22 04:28:47.988 32602 32602 D punchbox: CoCoAdSDK-ChanceAdService: [main]  : what:7, service package name:com.tp.android.curezombie2nd
09-22 04:28:47.988 32602 32602 D punchbox: CoCoAdSDK-ChanceAdService: [main]  : client_version:-45, service_version:-45
09-22 04:28:47.988 32602 32602 D punchbox: CoCoAdSDK-ChanceAdService: [main]  : MSG_REQUEST_DOWNLOADING_APPS
09-22 04:28:47.988 32602 32602 D punchbox: CoCoAdSDK-ChanceAdService: [main]  : what:6, service package name:com.tp.android.curezombie2nd
09-22 04:28:47.998 32602 32602 D punchbox: CoCoAdSDK-ChanceAdService: [main]  : client_version:-45, service_version:-45
09-22 04:28:47.998 32602 32602 D punchbox: CoCoAdSDK-ChanceAdService: [main]  : MSG_REQUEST_PREDOWNLOAD_READY_ADS
09-22 04:28:47.998 32602   853 D punchbox: PunchBoxHttp: [pool-8-thread-1]  : [PunchBoxHttp]:: getReturn
09-22 04:28:47.998 32602   853 D punchbox: PunchBoxHttp: [pool-8-thread-1]  : isResponseGzip = false
09-22 04:28:48.038 32602   840 I TextToSpeech: Set up connection to ComponentInfo{com.google.android.tts/com.google.android.tts.service.GoogleTTSService}
09-22 04:28:48.078 32602 32602 W InputMethodManager: Ignoring onBind: cur seq=1168, given seq=1167
09-22 04:28:48.078 32602 32602 D punchbox: CoCoAdSDK-PunchBoxClient: [main]  : Respond from Service:6
09-22 04:28:48.078 32602 32602 D punchbox: CoCoAdSDK-PunchBoxClient: [main]  : mLock.release()
09-22 04:28:48.078 32602 32602 D punchbox: CoCoAdSDK-PunchBoxClient: [main]  : Respond from Service:5
09-22 04:28:48.078 32602 32602 D punchbox: CoCoAdSDK-PunchBoxClient: [main]  : mLock.release()
09-22 04:28:48.078 32602   851 D punchbox: CoCoAdSDK-PunchBoxClient: [ClientMsgDispatcher]  : Service respond received.
09-22 04:28:48.078 32602   851 D punchbox: CoCoAd-ClientBlockQueue: [ClientMsgDispatcher]  : Enter take()
09-22 04:28:48.078 32602   851 D punchbox: CoCoAdSDK-PunchBoxClient: [ClientMsgDispatcher]  : Queue Size:1
09-22 04:28:48.078 32602   851 D punchbox: CoCoAdSDK-PunchBoxClient: [ClientMsgDispatcher]  : =============DUMP QUEUE BEGIN==============
09-22 04:28:48.078 32602   851 D punchbox: CoCoAdSDK-PunchBoxClient: [ClientMsgDispatcher]  : Msg:3
09-22 04:28:48.078 32602   851 D punchbox: CoCoAdSDK-PunchBoxClient: [ClientMsgDispatcher]  : =============DUMP QUEUE END================
09-22 04:28:48.078 32602   851 D punchbox: CoCoAdSDK-PunchBoxClient: [ClientMsgDispatcher]  : Send msg:3
09-22 04:28:48.078 32602   851 D punchbox: CoCoAdSDK-PunchBoxClient: [ClientMsgDispatcher]  : mLock.acquire()
09-22 04:28:48.078 32602   851 D punchbox: CoCoAdSDK-PunchBoxClient: [ClientMsgDispatcher]  : Service respond received.
09-22 04:28:48.078 32602   851 D punchbox: CoCoAd-ClientBlockQueue: [ClientMsgDispatcher]  : Enter take()
09-22 04:28:48.078 32602   851 D punchbox: CoCoAd-ClientBlockQueue: [ClientMsgDispatcher]  : Before mLock.wait()
09-22 04:28:48.118 32602 32602 D punchbox: CoCoAdSDK-ChanceAdService: [main]  : what:3, service package name:com.tp.android.curezombie2nd
09-22 04:28:48.118 32602 32602 D punchbox: CoCoAdSDK-ChanceAdService: [main]  : client_version:-45, service_version:-45
09-22 04:28:48.118 32602 32602 D punchbox: CoCoAdSDK-ChanceAdService: [main]  : MSG_REQUEST_DOWNLOADED_APPS
09-22 04:28:48.198 32602 32606 D dalvikvm: GC_CONCURRENT freed 746K, 4% free 19729K/20508K, paused 4ms+3ms, total 41ms
09-22 04:28:48.198 32602 32602 D dalvikvm: WAIT_FOR_CONCURRENT_GC blocked 20ms
09-22 04:28:48.198 32602   710 D dalvikvm: WAIT_FOR_CONCURRENT_GC blocked 38ms
09-22 04:28:48.198 32602 32602 D punchbox: CoCoAdSDK-PunchBoxClient: [main]  : Respond from Service:3
09-22 04:28:48.198 32602 32602 D punchbox: CoCoAdSDK-PunchBoxClient: [main]  : mLock.release()
09-22 04:28:48.198 32602 32602 D punchbox: CoCoAdSDK-PunchBoxClient: [main]  : Respond from Service:100
09-22 04:28:48.198 32602 32602 D punchbox: CoCoAdSDK-PunchBoxClient: [main]  : mLock.release()
09-22 04:28:48.198 32602   805 D dalvikvm: WAIT_FOR_CONCURRENT_GC blocked 16ms
09-22 04:28:48.198 32602   769 D dalvikvm: WAIT_FOR_CONCURRENT_GC blocked 30ms
09-22 04:28:48.198 32602   834 D dalvikvm: WAIT_FOR_CONCURRENT_GC blocked 31ms
09-22 04:28:48.218 32602   841 D dalvikvm: WAIT_FOR_CONCURRENT_GC blocked 45ms
09-22 04:28:48.218 32602   836 D dalvikvm: WAIT_FOR_CONCURRENT_GC blocked 47ms
09-22 04:28:48.218 32602 32602 I chromium: [INFO:CONSOLE(7)] "The key "target-densitydpi" is not supported.", source: http://res.lenovogame.com/ (7)
09-22 04:28:48.228 32602   710 D Device Model: Nexus 5
09-22 04:28:48.268 32602 32602 E MediaPlayer: Should have subtitle controller already set
09-22 04:28:48.328 32602 32602 E SelfBrailleClient: Failed to bind to service
09-22 04:28:48.328 11483 14484 W ActivityManager: Unable to start service Intent { act=com.android.org.chromium.com.googlecode.eyesfree.braille.service.ACTION_SELF_BRAILLE_SERVICE pkg=com.android.org.chromium.com.googlecode.eyesfree.brailleback } U=0: not found
09-22 04:28:48.358 32602 32606 D dalvikvm: GC_CONCURRENT freed 819K, 5% free 19904K/20756K, paused 8ms+5ms, total 54ms
09-22 04:28:48.358 32602   836 D dalvikvm: WAIT_FOR_CONCURRENT_GC blocked 38ms
09-22 04:28:48.358 32602   806 D dalvikvm: WAIT_FOR_CONCURRENT_GC blocked 17ms
09-22 04:28:48.358 32602   769 D dalvikvm: WAIT_FOR_CONCURRENT_GC blocked 17ms
09-22 04:28:48.358 32602   796 D dalvikvm: WAIT_FOR_CONCURRENT_GC blocked 16ms
09-22 04:28:48.358 32602   770 D dalvikvm: WAIT_FOR_CONCURRENT_GC blocked 34ms
09-22 04:28:48.358 32602   841 D dalvikvm: WAIT_FOR_CONCURRENT_GC blocked 18ms
09-22 04:28:48.358 32602   803 D dalvikvm: WAIT_FOR_CONCURRENT_GC blocked 22ms
09-22 04:28:48.368 32602   804 D dalvikvm: WAIT_FOR_CONCURRENT_GC blocked 23ms
09-22 04:28:48.428 32602   841 I MobileCore: processingHttpError | failed to get flow stickeez.html, Connection to http://ads.mobilecore.com refused
09-22 04:28:48.498 32602 32602 I chromium: [INFO:CONSOLE(12)] "Not allowed to load local resource: file:///android_asset/webkit/android-weberror.png", source: data:text/html,chromewebdata (12)
09-22 04:28:48.498 32602 32602 E MediaPlayer: Should have subtitle controller already set
09-22 04:28:48.508 11146 10297 I AudioFlinger: HAL output buffer size 32768 frames, normal mix buffer size 32768 frames
09-22 04:28:48.508 11146 10297 W AudioFlinger: moveEffectChain_l() effect chain for session 0 not on source thread 0xb5bd0008
09-22 04:28:48.508 11146   899 I AudioFlinger: AudioFlinger's thread 0xb888d730 ready to run
09-22 04:28:48.518 11146   899 D audio_hw_primary: out_set_parameters: enter: usecase(3: compress-offload-playback) kvpairs: music_offload_avg_bit_rate=96000;music_offload_sample_rate=22050
09-22 04:28:48.528 11146   899 D audio_hw_primary: select_devices: out_snd_device(4: headphones) in_snd_device(0: )
09-22 04:28:48.608 32602 32606 D dalvikvm: GC_CONCURRENT freed 931K, 4% free 20231K/20964K, paused 11ms+17ms, total 128ms
09-22 04:28:48.608 32602   769 D dalvikvm: WAIT_FOR_CONCURRENT_GC blocked 15ms
09-22 04:28:48.618 11146   906 D offload_visualizer: thread enter
09-22 04:28:48.778 32602   769 D dalvikvm: GC_FOR_ALLOC freed 308K, 5% free 20347K/21336K, paused 103ms, total 104ms
09-22 04:28:48.778 32602   769 I dalvikvm-heap: Grow heap (frag case) to 20.148MB for 260116-byte allocation
09-22 04:28:48.858 32602   804 D dalvikvm: GC_FOR_ALLOC freed <1K, 5% free 20600K/21592K, paused 73ms, total 73ms
09-22 04:28:48.878 32602 32602 I chromium: [INFO:CONSOLE(188)] "Uncaught NotFoundError: Failed to execute 'removeChild' on 'Node': The node to be removed is not a child of this node.", source: http://res.lenovogame.com/ (188)
09-22 04:28:48.878 32602 32602 I chromium: [INFO:CONSOLE(188)] "Uncaught NotFoundError: Failed to execute 'removeChild' on 'Node': The node to be removed is not a child of this node.", source: http://res.lenovogame.com/ (188)
09-22 04:28:48.878 32602 32602 I chromium: [INFO:CONSOLE(188)] "Uncaught NotFoundError: Failed to execute 'removeChild' on 'Node': The node to be removed is not a child of this node.", source: http://res.lenovogame.com/ (188)
09-22 04:28:48.948 32602   769 D dalvikvm: GC_FOR_ALLOC freed 157K, 5% free 20856K/21848K, paused 33ms, total 33ms
09-22 04:28:49.008 32602   769 D dalvikvm: GC_FOR_ALLOC freed 35K, 5% free 21108K/22104K, paused 33ms, total 35ms
09-22 04:28:49.068 32602   769 D dalvikvm: GC_FOR_ALLOC freed 132K, 5% free 21351K/22360K, paused 35ms, total 35ms
09-22 04:28:49.128 32602   769 D dalvikvm: GC_FOR_ALLOC freed 135K, 5% free 21868K/22872K, paused 30ms, total 30ms
09-22 04:28:49.148 32602   805 W GooglePlayServicesUtil: Google Play services out of date.  Requires 6171000 but found 4323038
09-22 04:28:49.148 32602   805 E GooglePlayServicesUtil: GooglePlayServices not available due to error 2
09-22 04:28:49.208 32602   769 D dalvikvm: GC_FOR_ALLOC freed 142K, 5% free 22381K/23384K, paused 32ms, total 36ms
09-22 04:28:49.328 32602 32602 E SelfBrailleClient: Failed to bind to service
09-22 04:28:49.328 11483 11740 W ActivityManager: Unable to start service Intent { act=com.android.org.chromium.com.googlecode.eyesfree.braille.service.ACTION_SELF_BRAILLE_SERVICE pkg=com.android.org.chromium.com.googlecode.eyesfree.brailleback } U=0: not found
09-22 04:28:49.398 32602 32606 D dalvikvm: GC_CONCURRENT freed 1160K, 5% free 23099K/24292K, paused 4ms+4ms, total 51ms
09-22 04:28:49.398 32602   796 D dalvikvm: WAIT_FOR_CONCURRENT_GC blocked 10ms
09-22 04:28:49.398 32602 32602 D dalvikvm: WAIT_FOR_CONCURRENT_GC blocked 10ms
09-22 04:28:49.398 32602   837 D dalvikvm: WAIT_FOR_CONCURRENT_GC blocked 11ms
09-22 04:28:49.398 32602   806 D dalvikvm: WAIT_FOR_CONCURRENT_GC blocked 11ms
09-22 04:28:49.398 32602   836 D dalvikvm: WAIT_FOR_CONCURRENT_GC blocked 11ms
09-22 04:28:49.398 32602   804 D dalvikvm: WAIT_FOR_CONCURRENT_GC blocked 12ms
09-22 04:28:49.398 32602   803 D dalvikvm: WAIT_FOR_CONCURRENT_GC blocked 13ms
09-22 04:28:49.408 32602 32602 I chromium: [INFO:CONSOLE(188)] "Uncaught NotFoundError: Failed to execute 'removeChild' on 'Node': The node to be removed is not a child of this node.", source: http://res.lenovogame.com/ (188)
09-22 04:28:49.408 32602 32602 D punchbox: com.chance.ads.internal.u: [main]  : onPageFinished
09-22 04:28:49.408 32602 32602 D AnalyticsTrackerLog: [call] trackEvent: category=chance
09-22 04:28:49.408 32602 32602 E ReflectUtils: android.provider.MultiSIMUtils
09-22 04:28:49.418 32602   853 I punchbox: com.chance.v4.l.a: [pool-8-thread-1]  : [[request]]:http://adapi.lenovogame.com/core/url?adtype=1&thrdprt=1&adowner=4023&uniqid=ffffffff-e5b8-5c35-0000-015ea435edc4&bt=2d0ada85a513c2e75e0f833d31c52bcd&ca=&cc=CN&dn=Android&dt=Android&jb=0&mt=&os=Android&rm=bc%3A5f%3Af6%3A14%3A78%3A7e&rs=%22Craspedacusta%22&cvr=5.3.5&evt=4&isp=&kst=44317608&lac=0&mcc=&mnc=&net=1&ofl=0&osv=4.4.4&pid=1605030262870.app.ln&rnd=1506025729415&sid=4a6eb823-e053-435b-83f1-6b783bb5f0a7&srh=1776&srw=1080&adid=4023&anid=b4bed78a2b47d384&appv=1.0.0&asdk=1.0.0&cell=0&imei=359250052441274&imsi=&lang=zh&sdkv=5.3.5&test=0&time=1506025729415&wmac=64899a35507d&appid=1605030262870.app.ln&brand=LGE&model=Nexus+5
09-22 04:28:49.418 32602   853 I punchbox: PunchBoxHttp: [pool-8-thread-1]  : [[request url]]:http://adapi.lenovogame.com/core/url?adtype=1&thrdprt=1&adowner=4023&uniqid=ffffffff-e5b8-5c35-0000-015ea435edc4&bt=2d0ada85a513c2e75e0f833d31c52bcd&ca=&cc=CN&dn=Android&dt=Android&jb=0&mt=&os=Android&rm=bc%3A5f%3Af6%3A14%3A78%3A7e&rs=%22Craspedacusta%22&cvr=5.3.5&evt=4&isp=&kst=44317608&lac=0&mcc=&mnc=&net=1&ofl=0&osv=4.4.4&pid=1605030262870.app.ln&rnd=1506025729415&sid=4a6eb823-e053-435b-83f1-6b783bb5f0a7&srh=1776&srw=1080&adid=4023&anid=b4bed78a2b47d384&appv=1.0.0&asdk=1.0.0&cell=0&imei=359250052441274&imsi=&lang=zh&sdkv=5.3.5&test=0&time=1506025729415&wmac=64899a35507d&appid=1605030262870.app.ln&brand=LGE&model=Nexus+5
09-22 04:28:49.418 32602   853 D punchbox: b [pool-8-thread-1] [a -1] | PunchBoxHttp mContext =com.chance.engine.ChanceAdService@42f39bb0
09-22 04:28:49.418 32602   853 I punchbox: PunchBoxHttp: [pool-8-thread-1]  : [String.class]
09-22 04:28:49.448 32602   853 D punchbox: PunchBoxHttp: [pool-8-thread-1]  : [PunchBoxHttp]:: getReturn
09-22 04:28:49.448 32602   853 D punchbox: PunchBoxHttp: [pool-8-thread-1]  : isResponseGzip = false
09-22 04:28:49.478 32602 32602 I avatar  : chance banner show
09-22 04:28:49.478 32602   936 V AnalyticsTrackerLog: [status] EventCache is Full: true
09-22 04:28:49.478 32602   936 V AnalyticsTrackerLog: [status] Event flush interval is Over 1 minute: true
09-22 04:28:49.478 32602 32602 I System.out: /////////onReceiveAd/////////
09-22 04:28:49.478 32602 32602 I LeAD    : chance banner  
09-22 04:28:49.478 32602 32602 D punchbox: com.chance.ads.internal.n: [main]  : ad:onReceivedAd
09-22 04:28:49.478 32602 32602 I LeAD    : chance banner 
09-22 04:28:49.478 32602 32602 D punchbox: com.chance.ads.internal.n: [main]  : ad:onPresentScreen
09-22 04:28:49.508 32602   936 V AnalyticsTrackerLog: [status] flush event success!
09-22 04:28:49.518 32602   936 V AnalyticsTrackerLog: [status] In time send
09-22 04:28:49.518 32602   938 V AnalyticsTrackerLog: [status] no need send log: current storage number of events is not enough.
09-22 04:28:49.658 32602   805 W GooglePlayServicesUtil: Google Play services out of date.  Requires 6171000 but found 4323038
09-22 04:28:49.658 32602   805 E GooglePlayServicesUtil: GooglePlayServices not available due to error 2
09-22 04:28:49.938 32602 32606 D dalvikvm: GC_CONCURRENT freed 2082K, 9% free 23134K/25252K, paused 5ms+4ms, total 57ms
09-22 04:28:49.938 32602   803 D dalvikvm: WAIT_FOR_CONCURRENT_GC blocked 26ms
09-22 04:28:49.948 32602   806 D dalvikvm: WAIT_FOR_CONCURRENT_GC blocked 27ms
09-22 04:28:50.128 32602   805 W GooglePlayServicesUtil: Google Play services out of date.  Requires 6171000 but found 4323038
09-22 04:28:50.128 32602   805 E GooglePlayServicesUtil: GooglePlayServices not available due to error 2
09-22 04:28:50.568 32602 32602 D Volley  : [1] l.b: 3176 ms: [ ] https://live.chartboost.com/interstitial/get 0x64ca17da HIGH 3
09-22 04:28:50.578 32602   805 W GooglePlayServicesUtil: Google Play services out of date.  Requires 6171000 but found 4323038
09-22 04:28:50.578 32602   805 E GooglePlayServicesUtil: GooglePlayServices not available due to error 2
09-22 04:28:50.998 32602   786 W GooglePlayServicesUtil: Google Play services out of date.  Requires 6171000 but found 4323038
09-22 04:28:50.998 32602   786 E GooglePlayServicesUtil: GooglePlayServices not available due to error 2
09-22 04:28:51.138 32602 32602 I chromium: [INFO:CONSOLE(0)] "Document was loaded from Application Cache with manifest https://googleads.g.doubleclick.net/mads/static/mad/sdk/native/sdk-core-v40.appcache", source: https://googleads.g.doubleclick.net/mads/static/mad/sdk/native/sdk-core-v40.html (0)
09-22 04:28:51.138 32602 32602 I chromium: [INFO:CONSOLE(0)] "Application Cache Checking event", source: https://googleads.g.doubleclick.net/mads/static/mad/sdk/native/sdk-core-v40.html (0)
09-22 04:28:51.208 32602 32606 D dalvikvm: GC_CONCURRENT freed 1969K, 9% free 23215K/25252K, paused 2ms+3ms, total 59ms
09-22 04:28:51.328 32602 32602 E SelfBrailleClient: Failed to bind to service
09-22 04:28:51.328 11483 11740 W ActivityManager: Unable to start service Intent { act=com.android.org.chromium.com.googlecode.eyesfree.braille.service.ACTION_SELF_BRAILLE_SERVICE pkg=com.android.org.chromium.com.googlecode.eyesfree.brailleback } U=0: not found
09-22 04:28:51.688 32602 32602 I chromium: [INFO:CONSOLE(0)] "Application Cache NoUpdate event", source: https://googleads.g.doubleclick.net/mads/static/mad/sdk/native/sdk-core-v40.html (0)
09-22 04:28:52.478 11483 11811 W ActivityManager: Unable to start service Intent { act=com.google.android.gms.analytics.service.START cmp=com.google.android.gms/.analytics.service.AnalyticsService (has extras) } U=0: not found
09-22 04:28:55.338 32602 32602 E SelfBrailleClient: Failed to bind to service
09-22 04:28:55.338 11483 11553 W ActivityManager: Unable to start service Intent { act=com.android.org.chromium.com.googlecode.eyesfree.braille.service.ACTION_SELF_BRAILLE_SERVICE pkg=com.android.org.chromium.com.googlecode.eyesfree.brailleback } U=0: not found
09-22 04:28:56.758 11901 11905 D dalvikvm: GC_CONCURRENT freed 1069K, 7% free 19115K/20488K, paused 6ms+2ms, total 39ms
09-22 04:28:56.758 11901  1015 D dalvikvm: WAIT_FOR_CONCURRENT_GC blocked 18ms
09-22 04:28:57.478 11483 11740 W ActivityManager: Unable to start service Intent { act=com.google.android.gms.analytics.service.START cmp=com.google.android.gms/.analytics.service.AnalyticsService (has extras) } U=0: not found
09-22 04:29:03.338 32602 32602 E SelfBrailleClient: Failed to bind to service
09-22 04:29:03.338 11483 11740 W ActivityManager: Unable to start service Intent { act=com.android.org.chromium.com.googlecode.eyesfree.braille.service.ACTION_SELF_BRAILLE_SERVICE pkg=com.android.org.chromium.com.googlecode.eyesfree.brailleback } U=0: not found
09-22 04:29:10.508  1217  1217 W linker  : app_process has text relocations. This is wasting memory and is a security risk. Please fix.
09-22 04:29:10.658  1217  1217 W linker  : app_process has text relocations. This is wasting memory and is a security risk. Please fix.
09-22 04:29:10.668  1217  1217 D AndroidRuntime: 
09-22 04:29:10.668  1217  1217 D AndroidRuntime: >>>>>> AndroidRuntime START com.android.internal.os.RuntimeInit <<<<<<
09-22 04:29:10.668  1217  1217 D AndroidRuntime: CheckJNI is OFF
09-22 04:29:10.688  1217  1217 D dalvikvm: Trying to load lib libjavacore.so 0x0
09-22 04:29:10.688  1217  1217 D dalvikvm: Added shared lib libjavacore.so 0x0
09-22 04:29:10.688  1217  1217 D dalvikvm: Trying to load lib libnativehelper.so 0x0
09-22 04:29:10.688  1217  1217 D dalvikvm: Added shared lib libnativehelper.so 0x0
09-22 04:29:10.688  1217  1217 D dalvikvm: No JNI_OnLoad found in libnativehelper.so 0x0, skipping init
09-22 04:29:10.728  1217  1217 D dalvikvm: Note: class Landroid/app/ActivityManagerNative; has 179 unimplemented (abstract) methods
09-22 04:29:10.978  1217  1217 D AndroidRuntime: Calling main entry com.android.commands.input.Input
09-22 04:29:10.978  1217  1217 I Input   : injectKeyEvent: KeyEvent { action=ACTION_DOWN, keyCode=KEYCODE_BACK, scanCode=0, metaState=0, flags=0x0, repeatCount=0, eventTime=43139291, downTime=43139291, deviceId=-1, source=0x101 }
09-22 04:29:10.988  1217  1217 I Input   : injectKeyEvent: KeyEvent { action=ACTION_UP, keyCode=KEYCODE_BACK, scanCode=0, metaState=0, flags=0x0, repeatCount=0, eventTime=43139291, downTime=43139291, deviceId=-1, source=0x101 }
09-22 04:29:11.018  1217  1217 D AndroidRuntime: Shutting down VM
09-22 04:29:11.028  1217  1235 D dalvikvm: GC_CONCURRENT freed 98K, 16% free 563K/664K, paused 0ms+0ms, total 2ms
09-22 04:29:11.158 32602   805 W RepeatSubmitData: Unable to send requset due to server failure (code -102). 1 attempts left, retrying in 10.0 seconds...
09-22 04:29:15.558 11483 11487 D dalvikvm: GC_CONCURRENT freed 1960K, 31% free 29349K/42332K, paused 6ms+11ms, total 120ms
09-22 04:29:15.908 11483 13498 W Binder  : Caught a RuntimeException from the binder stub implementation.
09-22 04:29:15.908 11483 13498 W Binder  : java.lang.IllegalArgumentException: Wake lock not active
09-22 04:29:15.908 11483 13498 W Binder  : 	at com.android.server.power.PowerManagerService.updateWakeLockWorkSourceInternal(PowerManagerService.java:794)
09-22 04:29:15.908 11483 13498 W Binder  : 	at com.android.server.power.PowerManagerService.updateWakeLockWorkSource(PowerManagerService.java:780)
09-22 04:29:15.908 11483 13498 W Binder  : 	at com.android.server.power.PowerManagerService.updateWakeLockUids(PowerManagerService.java:761)
09-22 04:29:15.908 11483 13498 W Binder  : 	at android.os.IPowerManager$Stub.onTransact(IPowerManager.java:103)
09-22 04:29:15.908 11483 13498 W Binder  : 	at android.os.Binder.execTransact(Binder.java:404)
09-22 04:29:15.908 11483 13498 W Binder  : 	at dalvik.system.NativeStart.run(Native Method)
09-22 04:29:16.648 32602   837 W System.err: java.net.SocketException: recvfrom failed: ECONNRESET (Connection reset by peer)
09-22 04:29:16.668 32602   837 W System.err: 	at libcore.io.IoBridge.maybeThrowAfterRecvfrom(IoBridge.java:545)
09-22 04:29:16.668 32602   837 W System.err: 	at libcore.io.IoBridge.recvfrom(IoBridge.java:509)
09-22 04:29:16.668 32602   837 W System.err: 	at java.net.PlainSocketImpl.read(PlainSocketImpl.java:488)
09-22 04:29:16.668 32602   837 W System.err: 	at java.net.PlainSocketImpl.access$000(PlainSocketImpl.java:46)
09-22 04:29:16.668 32602   837 W System.err: 	at java.net.PlainSocketImpl$PlainSocketInputStream.read(PlainSocketImpl.java:240)
09-22 04:29:16.668 32602   837 W System.err: 	at java.io.InputStream.read(InputStream.java:162)
09-22 04:29:16.668 32602   837 W System.err: 	at java.io.BufferedInputStream.fillbuf(BufferedInputStream.java:142)
09-22 04:29:16.668 32602   837 W System.err: 	at java.io.BufferedInputStream.read(BufferedInputStream.java:227)
09-22 04:29:16.678 32602   837 W System.err: 	at com.android.okhttp.internal.Util.readAsciiLine(Util.java:316)
09-22 04:29:16.678 32602   837 W System.err: 	at com.android.okhttp.internal.http.RawHeaders.fromBytes(RawHeaders.java:308)
09-22 04:29:16.688 32602   837 W System.err: 	at com.android.okhttp.internal.http.HttpTransport.readResponseHeaders(HttpTransport.java:135)
09-22 04:29:16.688 32602   837 W System.err: 	at com.android.okhttp.internal.http.HttpEngine.readResponse(HttpEngine.java:644)
09-22 04:29:16.698 32602   837 W System.err: 	at com.android.okhttp.internal.http.HttpURLConnectionImpl.execute(HttpURLConnectionImpl.java:347)
09-22 04:29:16.718 32602   837 W System.err: 	at com.android.okhttp.internal.http.HttpURLConnectionImpl.getResponse(HttpURLConnectionImpl.java:296)
09-22 04:29:16.718 32602   837 W System.err: 	at com.android.okhttp.internal.http.HttpURLConnectionImpl.getResponseCode(HttpURLConnectionImpl.java:503)
09-22 04:29:16.728 32602   837 W System.err: 	at com.g6677.spread.service.NetService$SpreadHttpRequest.sendRequest(NetService.java:184)
09-22 04:29:16.728 32602   837 W System.err: 	at com.g6677.spread.service.NetService$SpreadHttpRequest.doInBackground(NetService.java:208)
09-22 04:29:16.728 32602   837 W System.err: 	at com.g6677.spread.service.NetService$SpreadHttpRequest.doInBackground(NetService.java:1)
09-22 04:29:16.728 32602   837 W System.err: 	at android.os.AsyncTask$2.call(AsyncTask.java:288)
09-22 04:29:16.728 32602   837 W System.err: 	at java.util.concurrent.FutureTask.run(FutureTask.java:237)
09-22 04:29:16.728 32602   837 W System.err: 	at java.util.concurrent.ThreadPoolExecutor.runWorker(ThreadPoolExecutor.java:1112)
09-22 04:29:16.728 32602   837 W System.err: 	at java.util.concurrent.ThreadPoolExecutor$Worker.run(ThreadPoolExecutor.java:587)
09-22 04:29:16.728 32602   837 W System.err: 	at java.lang.Thread.run(Thread.java:841)
09-22 04:29:16.728 32602   837 W System.err: Caused by: libcore.io.ErrnoException: recvfrom failed: ECONNRESET (Connection reset by peer)
09-22 04:29:16.728 32602   837 W System.err: 	at libcore.io.Posix.recvfromBytes(Native Method)
09-22 04:29:16.728 32602   837 W System.err: 	at libcore.io.Posix.recvfrom(Posix.java:141)
09-22 04:29:16.728 32602   837 W System.err: 	at libcore.io.BlockGuardOs.recvfrom(BlockGuardOs.java:164)
09-22 04:29:16.728 32602   837 W System.err: 	at libcore.io.IoBridge.recvfrom(IoBridge.java:506)
09-22 04:29:16.728 32602   837 W System.err: 	... 21 more
09-22 04:29:16.818 11901  1015 W EventLoggerService: Unable to send logs Error code: 262146 | failed to connect to www.google.com/243.185.187.39 (port 443) after 10000ms
09-22 04:29:17.728 32602 32602 D punchbox: com.chance.ads.internal.n: [main]  : loadAd
09-22 04:29:17.728 32602 32602 E CocoData_e: stream error
09-22 04:29:17.728 32602 32602 D punchbox: CoCoAdSDK-PunchBoxClient: [main]  : getPreDownloadReadyAds
09-22 04:29:17.728 32602 32602 D punchbox: CoCoAdSDK-PunchBoxClient: [main]  : ============DUMP CONNECTION BEGIN===========
09-22 04:29:17.728 32602 32602 D punchbox: CoCoAdSDK-PunchBoxClient: [main]  : connection:com.chance.ads.internal.u@42f46730
09-22 04:29:17.728 32602 32602 D punchbox: CoCoAdSDK-PunchBoxClient: [main]  : connection:com.chance.ads.internal.ar@430ea390
09-22 04:29:17.728 32602 32602 D punchbox: CoCoAdSDK-PunchBoxClient: [main]  : ============DUMP CONNECTION END============
09-22 04:29:17.728 32602 32602 D punchbox: com.chance.ads.internal.u: [main]  : Banner:begin repeat load ad
09-22 04:29:17.728 32602   851 D punchbox: CoCoAd-ClientBlockQueue: [ClientMsgDispatcher]  : After mLock.wait()
09-22 04:29:17.728 32602   851 D punchbox: CoCoAdSDK-PunchBoxClient: [ClientMsgDispatcher]  : Queue Size:1
09-22 04:29:17.738 32602   851 D punchbox: CoCoAdSDK-PunchBoxClient: [ClientMsgDispatcher]  : =============DUMP QUEUE BEGIN==============
09-22 04:29:17.738 32602   851 D punchbox: CoCoAdSDK-PunchBoxClient: [ClientMsgDispatcher]  : Msg:6
09-22 04:29:17.738 32602   851 D punchbox: CoCoAdSDK-PunchBoxClient: [ClientMsgDispatcher]  : =============DUMP QUEUE END================
09-22 04:29:17.738 32602   851 D punchbox: CoCoAdSDK-PunchBoxClient: [ClientMsgDispatcher]  : Send msg:6
09-22 04:29:17.738 32602   851 D punchbox: CoCoAdSDK-PunchBoxClient: [ClientMsgDispatcher]  : mLock.acquire()
09-22 04:29:17.738 32602 32602 D punchbox: CoCoAdSDK-ChanceAdService: [main]  : what:6, service package name:com.tp.android.curezombie2nd
09-22 04:29:17.738 32602 32602 D punchbox: CoCoAdSDK-ChanceAdService: [main]  : client_version:-45, service_version:-45
09-22 04:29:17.738 32602 32602 D punchbox: CoCoAdSDK-ChanceAdService: [main]  : MSG_REQUEST_PREDOWNLOAD_READY_ADS
09-22 04:29:17.738 32602   851 D punchbox: CoCoAdSDK-PunchBoxClient: [ClientMsgDispatcher]  : Service respond received.
09-22 04:29:17.738 32602   851 D punchbox: CoCoAd-ClientBlockQueue: [ClientMsgDispatcher]  : Enter take()
09-22 04:29:17.738 32602   851 D punchbox: CoCoAd-ClientBlockQueue: [ClientMsgDispatcher]  : Before mLock.wait()
09-22 04:29:17.738 32602 32602 D punchbox: CoCoAdSDK-PunchBoxClient: [main]  : Respond from Service:5
09-22 04:29:17.748 32602 32602 D punchbox: CoCoAdSDK-PunchBoxClient: [main]  : mLock.release()
09-22 04:29:17.758 32602  1338 I punchbox: RequestBase: [loadad]  : [[request]]:?adtype=1&uniqid=ffffffff-e5b8-5c35-0000-015ea435edc4&isfailover=0&bt=88852ddb7bd3bd59c91d9f0e92c84237&cc=CN&dt=Android&jb=0&mt=&os=Android&rm=bc%3A5f%3Af6%3A14%3A78%3A7e&rs=%22Craspedacusta%22&ua=Mozilla%2F5.0+%28Linux%3B+Android+4.4.4%3B+Nexus+5+Build%2FKTU84P%29+AppleWebKit%2F537.36+%28KHTML%2C+like+Gecko%29+Version%2F4.0+Chrome%2F33.0.0.0+Mobile+Safari%2F537.36&cvr=5.3.5&den=480&err=0&evt=1&isp=&kst=44345919&lac=0&mcc=&mnc=&net=1&ofl=0&ori=1&osv=4.4.4&pid=1605030262870.app.ln&rnd=1506025757733&srh=1776&srw=1080&anid=b4bed78a2b47d384&appv=1.0.0&asdk=1.0.0&cell=0&errs=&imei=359250052441274&imsi=&lang=zh&sdkv=5.3.5&test=0&time=1506025757733&wmac=64899a35507d&brand=LGE&model=Nexus+5&hostpkg=com.tp.android.curezombie2nd
09-22 04:29:17.758 32602  1338 I punchbox: PunchBoxHttp: [loadad]  : [[request url]]:http://adapi.lenovogame.com/core/url?adtype=1&uniqid=ffffffff-e5b8-5c35-0000-015ea435edc4&isfailover=0&bt=88852ddb7bd3bd59c91d9f0e92c84237&cc=CN&dt=Android&jb=0&mt=&os=Android&rm=bc%3A5f%3Af6%3A14%3A78%3A7e&rs=%22Craspedacusta%22&ua=Mozilla%2F5.0+%28Linux%3B+Android+4.4.4%3B+Nexus+5+Build%2FKTU84P%29+AppleWebKit%2F537.36+%28KHTML%2C+like+Gecko%29+Version%2F4.0+Chrome%2F33.0.0.0+Mobile+Safari%2F537.36&cvr=5.3.5&den=480&err=0&evt=1&isp=&kst=44345919&lac=0&mcc=&mnc=&net=1&ofl=0&ori=1&osv=4.4.4&pid=1605030262870.app.ln&rnd=1506025757733&srh=1776&srw=1080&anid=b4bed78a2b47d384&appv=1.0.0&asdk=1.0.0&cell=0&errs=&imei=359250052441274&imsi=&lang=zh&sdkv=5.3.5&test=0&time=1506025757733&wmac=64899a35507d&brand=LGE&model=Nexus+5&hostpkg=com.tp.android.curezombie2nd
09-22 04:29:17.758 32602  1338 D punchbox: b [loadad] [a -1] | PunchBoxHttp mContext =com.chance.engine.ChanceAdService@42f39bb0
09-22 04:29:17.758 32602  1338 I punchbox: PunchBoxHttp: [loadad]  : [String.class]
09-22 04:29:18.178 32602  1338 D punchbox: PunchBoxHttp: [loadad]  : [PunchBoxHttp]:: getReturn
09-22 04:29:18.178 32602  1338 D punchbox: PunchBoxHttp: [loadad]  : isResponseGzip = true
09-22 04:29:18.178 32602  1338 D punchbox: HttpTask: [loadad]  :  use GZIPInputStream
09-22 04:29:18.258 32602  1338 D dalvikvm: GC_FOR_ALLOC freed 1834K, 9% free 23273K/25392K, paused 41ms, total 41ms
09-22 04:29:18.258 32602  1338 D punchbox: HttpTask: [loadad]  : getJsonStringFromGZIP net output : {"result":true,"err":0,"ver":"1.0","plpd":0,"size":"640x100","cstatus":"1","domain":"http://res.lenovogame.com","datas":[{"type":"1","ad":"appid=1605030262870.app.ln&sid=fa511c3a-8b25-4302-82ab-55da44b2d40e&adid=4023&adowner=4023&thrdprt=1","body":"    <!DOCTYPE html>\r\n<head>\r\n<script type=\"text/javascript\">document.ontouchmove = function(e){ e.preventDefault(); } </script>\r\n<meta content=\"text/html; charset=utf-8\" http-equiv=\"Content-Type\" />\r\n<meta http-equiv=\"expires\" content=\"Sunday 26 October 2008 01:00 GMT\" />\r\n<meta http-equiv=\"Cache-Control\" content=\"no-cache\"/>\r\n<meta name=\"viewport\" content=\"user-scalable=no,minimum-scale=1.0,maximum-scale=1.0,target-densitydpi=medium-dpi\"/>\r\n<style type=\"text/css\">\r\n    body{ margin:0; padding:0; display:-webkit-box;display:box; -webkit-box-orient:vertical; box-orient:vertical; }\r\n    body,div,span,a,img{ margin:0; padding:0; border:0 none; }\r\n    a,img{ text-decoration:none; color:#157efb; -webkit-user-select: none;-moz-user-select: none; -o-user-select: none; }\r\n    a,button{-webkit-appearance:none;-moz-appearance:none;}\r\n    a:hover,button:hover,span:hover,div:hover{-webkit-tap-highlight-color:transparent;}\r\n    a::-webkit-focus-inner,button::-webkit-focus-inner,span::-webkit-focus-inner,div::-webkit-focus-inner{ background-color:rgba(0,0,0,0); -webkit-tap-highlight-color:rgba(0,0,0,0); }\r\n\r\n    img{ width:100%; height:auto; }\r\n    #adbanner{ position:relative; height:100%; width:100%; overflow:hidden; font-size:0px; }\r\n    #mask{ position:fixed; width:100%; height:100%; z-index:28; }\r\n    #button_rb{ display:block; position:absolute; right:35px; top:0px; z-index:27; width:60px; height:60px; background: url(\"http://res.lenovogame.com/banner/img/btn_ensure.png\") no-repeat center; -webkit-background-size:100%; background-size:100%; }\r\n    #adbanner #button_rb{ width:50px; height:50px; }\r\n    \r\n    #ensure{ position:fixed; width:100%; height:100%; z-index:29; background-color:rgba(0, 0, 0, .7); display:none; }\r\n    .button_down{ position:absolute; z-index:30; bottom:1%; left:50%; width:268px; height:123px; line-height:70px; margin:0 0 0 -200px; text-decoration:none; background:url(http://res.lenovogame.com/banner/img/banner_ui.png) no-repeat -16px -65px; background-size:542px 200px;}\r\n    .button_cancel{ position:absolute; z-index:30; bottom:1%; left:50%; width:133px; height:123px; line-height:70px; margin:0 0 0 70px; text-decoration:none; background:url(http://res.lenovogame.com/banner/img/banner_ui.png) no-repeat -311px -65px; background-size:542px 200px;}\r\n    .button_down,.button_cancel{ background-image:url(http://res.lenovogame.com/banner/img/banner_ui.png?v=20140310); zoom:0.5; }\r\n\r\n    #moregame{ display:none; position: absolute; z-index:28; right:0; width:20px; height:100%; line-height:14px; background:#fd6500; text-align:right; color:#FFF; text-decoration:none; padding:5px 10px 10px 5px; font-size:12px; }\r\n    #adbanner #moregame{ font-size:12px; padding:2px 10px 10px 5px; }\r\n    #testmask{ position:fixed; left:0; top:0; width:74px; height:42px; z-index:99; background:url(http://res.lenovogame.com/banner/img/banner_ui.png) no-repeat 0 0 ; color:#333; text-align:center; display:none; zoom:0.5;  }\r\n    .logo{ position:absolute; bottom:0; left:0; z-index:99; max-width: 100px;\r\n  max-height: 35px; margin-top:-19px; zoom:0.68; }\r\n</style>\r\n</head>\r\n<body>\r\n<div id=\"debug\" style=\"width:200px;font-size:26px;position:absolute;z-index:99;left:0;top:0;\"></div> \r\n<script>\r\nvar TOUCHSWITCH=\"0\";\r\nvar NEEDDETAIL=\"\";\r\nvar NEEDDOWNLOAD = false;\r\nvar CLICKTYPE = 'click';\r\nif(TOUCHSWITCH==1){\r\n    CLICKTYPE = 'touchstart'; \r\n} \r\nvar init_fn_array = [],ORD_BANNER = false,TEXT_BANNER = false,COL_BANNER = false;\r\nvar cfm = -1, drt = 0,evt=10,NETWORKTYPE='wifi';\r\nvar winW = window.innerWidth,winH = window.innerHeight;\r\nvar ADCLICKEFFECT = 1;//\r\nvar SDKV = \"5.
09-22 04:29:18.288 32602  1338 D dalvikvm: GC_FOR_ALLOC freed 105K, 9% free 23270K/25444K, paused 31ms, total 31ms
09-22 04:29:18.288 32602  1338 I punchbox: com.chance.ads.internal.av: [loadad]  : [[response]]:{"result":true,"err":0,"ver":"1.0","plpd":0,"size":"640x100","cstatus":"1","domain":"http://res.lenovogame.com","datas":[{"type":"1","ad":"appid=1605030262870.app.ln&sid=fa511c3a-8b25-4302-82ab-55da44b2d40e&adid=4023&adowner=4023&thrdprt=1","body":"    <!DOCTYPE html>\r\n<head>\r\n<script type=\"text/javascript\">document.ontouchmove = function(e){ e.preventDefault(); } </script>\r\n<meta content=\"text/html; charset=utf-8\" http-equiv=\"Content-Type\" />\r\n<meta http-equiv=\"expires\" content=\"Sunday 26 October 2008 01:00 GMT\" />\r\n<meta http-equiv=\"Cache-Control\" content=\"no-cache\"/>\r\n<meta name=\"viewport\" content=\"user-scalable=no,minimum-scale=1.0,maximum-scale=1.0,target-densitydpi=medium-dpi\"/>\r\n<style type=\"text/css\">\r\n    body{ margin:0; padding:0; display:-webkit-box;display:box; -webkit-box-orient:vertical; box-orient:vertical; }\r\n    body,div,span,a,img{ margin:0; padding:0; border:0 none; }\r\n    a,img{ text-decoration:none; color:#157efb; -webkit-user-select: none;-moz-user-select: none; -o-user-select: none; }\r\n    a,button{-webkit-appearance:none;-moz-appearance:none;}\r\n    a:hover,button:hover,span:hover,div:hover{-webkit-tap-highlight-color:transparent;}\r\n    a::-webkit-focus-inner,button::-webkit-focus-inner,span::-webkit-focus-inner,div::-webkit-focus-inner{ background-color:rgba(0,0,0,0); -webkit-tap-highlight-color:rgba(0,0,0,0); }\r\n\r\n    img{ width:100%; height:auto; }\r\n    #adbanner{ position:relative; height:100%; width:100%; overflow:hidden; font-size:0px; }\r\n    #mask{ position:fixed; width:100%; height:100%; z-index:28; }\r\n    #button_rb{ display:block; position:absolute; right:35px; top:0px; z-index:27; width:60px; height:60px; background: url(\"http://res.lenovogame.com/banner/img/btn_ensure.png\") no-repeat center; -webkit-background-size:100%; background-size:100%; }\r\n    #adbanner #button_rb{ width:50px; height:50px; }\r\n    \r\n    #ensure{ position:fixed; width:100%; height:100%; z-index:29; background-color:rgba(0, 0, 0, .7); display:none; }\r\n    .button_down{ position:absolute; z-index:30; bottom:1%; left:50%; width:268px; height:123px; line-height:70px; margin:0 0 0 -200px; text-decoration:none; background:url(http://res.lenovogame.com/banner/img/banner_ui.png) no-repeat -16px -65px; background-size:542px 200px;}\r\n    .button_cancel{ position:absolute; z-index:30; bottom:1%; left:50%; width:133px; height:123px; line-height:70px; margin:0 0 0 70px; text-decoration:none; background:url(http://res.lenovogame.com/banner/img/banner_ui.png) no-repeat -311px -65px; background-size:542px 200px;}\r\n    .button_down,.button_cancel{ background-image:url(http://res.lenovogame.com/banner/img/banner_ui.png?v=20140310); zoom:0.5; }\r\n\r\n    #moregame{ display:none; position: absolute; z-index:28; right:0; width:20px; height:100%; line-height:14px; background:#fd6500; text-align:right; color:#FFF; text-decoration:none; padding:5px 10px 10px 5px; font-size:12px; }\r\n    #adbanner #moregame{ font-size:12px; padding:2px 10px 10px 5px; }\r\n    #testmask{ position:fixed; left:0; top:0; width:74px; height:42px; z-index:99; background:url(http://res.lenovogame.com/banner/img/banner_ui.png) no-repeat 0 0 ; color:#333; text-align:center; display:none; zoom:0.5;  }\r\n    .logo{ position:absolute; bottom:0; left:0; z-index:99; max-width: 100px;\r\n  max-height: 35px; margin-top:-19px; zoom:0.68; }\r\n</style>\r\n</head>\r\n<body>\r\n<div id=\"debug\" style=\"width:200px;font-size:26px;position:absolute;z-index:99;left:0;top:0;\"></div> \r\n<script>\r\nvar TOUCHSWITCH=\"0\";\r\nvar NEEDDETAIL=\"\";\r\nvar NEEDDOWNLOAD = false;\r\nvar CLICKTYPE = 'click';\r\nif(TOUCHSWITCH==1){\r\n    CLICKTYPE = 'touchstart'; \r\n} \r\nvar init_fn_array = [],ORD_BANNER = false,TEXT_BANNER = false,COL_BANNER = false;\r\nvar cfm = -1, drt = 0,evt=10,NETWORKTYPE='wifi';\r\nvar winW = window.innerWidth,winH = window.innerHeight;\r\nvar ADCLICKEFFECT = 1;//\r\nvar SDKV = \"5.3.5\
09-22 04:29:18.328 32602  1338 D dalvikvm: GC_FOR_ALLOC freed 128K, 9% free 23347K/25444K, paused 31ms, total 31ms
09-22 04:29:18.328 32602 32602 D punchbox: q [main] [handleMessage -1] | LogUtil.setMonInfo
09-22 04:29:18.328 32602 32602 D punchbox: q [main] [handleMessage -1] | result.getMonInfoData()!=null
09-22 04:29:18.328 32602 32602 D punchbox: u [main] [a -1] | BannerLogic mView != null
09-22 04:29:18.338 32602 32602 D punchbox: com.chance.ads.internal.a: [main]  : loadDataWithWebview
09-22 04:29:18.368 32602 32602 D dalvikvm: GC_FOR_ALLOC freed 330K, 9% free 23340K/25560K, paused 31ms, total 31ms
09-22 04:29:18.418 32602 32602 I chromium: [INFO:CONSOLE(7)] "The key "target-densitydpi" is not supported.", source: http://res.lenovogame.com/ (7)
09-22 04:29:18.488 32602 32602 I chromium: [INFO:CONSOLE(188)] "Uncaught NotFoundError: Failed to execute 'removeChild' on 'Node': The node to be removed is not a child of this node.", source: http://res.lenovogame.com/ (188)
09-22 04:29:18.488 32602 32602 I chromium: [INFO:CONSOLE(188)] "Uncaught NotFoundError: Failed to execute 'removeChild' on 'Node': The node to be removed is not a child of this node.", source: http://res.lenovogame.com/ (188)
09-22 04:29:18.488 32602 32602 I chromium: [INFO:CONSOLE(188)] "Uncaught NotFoundError: Failed to execute 'removeChild' on 'Node': The node to be removed is not a child of this node.", source: http://res.lenovogame.com/ (188)
09-22 04:29:18.498 32602 32602 D punchbox: com.chance.ads.internal.u: [main]  : onPageFinished
09-22 04:29:18.498 32602 32602 D punchbox: u [main] [a -1] | BannerLogic tempView != onPageFinished
09-22 04:29:18.518 32602 32602 I TextToSpeech: Sucessfully bound to com.google.android.tts
09-22 04:29:18.518 32602 32602 E SelfBrailleClient: Failed to bind to service
09-22 04:29:18.518 11483 32316 W ActivityManager: Unable to start service Intent { act=com.android.org.chromium.com.googlecode.eyesfree.braille.service.ACTION_SELF_BRAILLE_SERVICE pkg=com.android.org.chromium.com.googlecode.eyesfree.brailleback } U=0: not found
09-22 04:29:18.528 32602   853 I punchbox: com.chance.v4.l.a: [pool-8-thread-1]  : [[request]]:http://adapi.lenovogame.com/core/url?adtype=1&thrdprt=1&adowner=4023&uniqid=ffffffff-e5b8-5c35-0000-015ea435edc4&bt=da7351df3cf27d785d8384300d22d3db&ca=&cc=CN&dn=Android&dt=Android&jb=0&mt=&os=Android&rm=bc%3A5f%3Af6%3A14%3A78%3A7e&rs=%22Craspedacusta%22&cvr=5.3.5&evt=4&isp=&kst=44346720&lac=0&mcc=&mnc=&net=1&ofl=0&osv=4.4.4&pid=1605030262870.app.ln&rnd=1506025758531&sid=fa511c3a-8b25-4302-82ab-55da44b2d40e&srh=1776&srw=1080&adid=4023&anid=b4bed78a2b47d384&appv=1.0.0&asdk=1.0.0&cell=0&imei=359250052441274&imsi=&lang=zh&sdkv=5.3.5&test=0&time=1506025758531&wmac=64899a35507d&appid=1605030262870.app.ln&brand=LGE&model=Nexus+5
