09-22 04:29:18.528 32602   853 I punchbox: PunchBoxHttp: [pool-8-thread-1]  : [[request url]]:http://adapi.lenovogame.com/core/url?adtype=1&thrdprt=1&adowner=4023&uniqid=ffffffff-e5b8-5c35-0000-015ea435edc4&bt=da7351df3cf27d785d8384300d22d3db&ca=&cc=CN&dn=Android&dt=Android&jb=0&mt=&os=Android&rm=bc%3A5f%3Af6%3A14%3A78%3A7e&rs=%22Craspedacusta%22&cvr=5.3.5&evt=4&isp=&kst=44346720&lac=0&mcc=&mnc=&net=1&ofl=0&osv=4.4.4&pid=1605030262870.app.ln&rnd=1506025758531&sid=fa511c3a-8b25-4302-82ab-55da44b2d40e&srh=1776&srw=1080&adid=4023&anid=b4bed78a2b47d384&appv=1.0.0&asdk=1.0.0&cell=0&imei=359250052441274&imsi=&lang=zh&sdkv=5.3.5&test=0&time=1506025758531&wmac=64899a35507d&appid=1605030262870.app.ln&brand=LGE&model=Nexus+5
09-22 04:29:18.528 32602   853 D punchbox: b [pool-8-thread-1] [a -1] | PunchBoxHttp mContext =com.chance.engine.ChanceAdService@42f39bb0
09-22 04:29:18.528 32602   853 I punchbox: PunchBoxHttp: [pool-8-thread-1]  : [String.class]
09-22 04:29:18.528 32602 32602 D AnalyticsTrackerLog: [call] trackEvent: category=chance
09-22 04:29:18.538 32602 32602 I avatar  : chance banner show
09-22 04:29:18.538 32602 32602 I chromium: [INFO:CONSOLE(188)] "Uncaught NotFoundError: Failed to execute 'removeChild' on 'Node': The node to be removed is not a child of this node.", source: http://res.lenovogame.com/ (188)
09-22 04:29:18.538 32602 32602 I System.out: /////////onReceiveAd/////////
09-22 04:29:18.538 32602 32602 I LeAD    : chance banner  
09-22 04:29:18.538 32602 32602 D punchbox: com.chance.ads.internal.n: [main]  : ad:onReceivedAd
09-22 04:29:18.538 32602 32602 I LeAD    : chance banner 
09-22 04:29:18.538 32602 32602 D punchbox: com.chance.ads.internal.n: [main]  : ad:onPresentScreen
09-22 04:29:18.548 32602   853 D punchbox: PunchBoxHttp: [pool-8-thread-1]  : [PunchBoxHttp]:: getReturn
09-22 04:29:18.548 32602   853 D punchbox: PunchBoxHttp: [pool-8-thread-1]  : isResponseGzip = false
09-22 04:29:18.558 32602  1367 V AnalyticsTrackerLog: [status] EventCache is Full: true
09-22 04:29:18.558 32602  1367 V AnalyticsTrackerLog: [status] Event flush interval is Over 1 minute: false
09-22 04:29:18.558 32602 32602 I TextToSpeech: Connected to ComponentInfo{com.google.android.tts/com.google.android.tts.service.GoogleTTSService}
09-22 04:29:18.568 32602   773 I TextToSpeech: Set up connection to ComponentInfo{com.google.android.tts/com.google.android.tts.service.GoogleTTSService}
09-22 04:29:18.588 32602  1367 V AnalyticsTrackerLog: [status] flush event success!
09-22 04:29:18.598 32602   938 V AnalyticsTrackerLog: [status] no need send log: current storage number of events is not enough.
09-22 04:29:18.598 32602  1367 V AnalyticsTrackerLog: [status] In time send
09-22 04:29:19.018 32602 32602 E SelfBrailleClient: Failed to bind to service
09-22 04:29:19.018 11483 13498 W ActivityManager: Unable to start service Intent { act=com.android.org.chromium.com.googlecode.eyesfree.braille.service.ACTION_SELF_BRAILLE_SERVICE pkg=com.android.org.chromium.com.googlecode.eyesfree.brailleback } U=0: not found
09-22 04:29:20.018 32602 32602 E SelfBrailleClient: Failed to bind to service
09-22 04:29:20.018 11483 11553 W ActivityManager: Unable to start service Intent { act=com.android.org.chromium.com.googlecode.eyesfree.braille.service.ACTION_SELF_BRAILLE_SERVICE pkg=com.android.org.chromium.com.googlecode.eyesfree.brailleback } U=0: not found
09-22 04:29:22.028 32602 32602 E SelfBrailleClient: Failed to bind to service
09-22 04:29:22.028 11483 11729 W ActivityManager: Unable to start service Intent { act=com.android.org.chromium.com.googlecode.eyesfree.braille.service.ACTION_SELF_BRAILLE_SERVICE pkg=com.android.org.chromium.com.googlecode.eyesfree.brailleback } U=0: not found
09-22 04:29:26.028 32602 32602 E SelfBrailleClient: Failed to bind to service
09-22 04:29:26.028 11483 11553 W ActivityManager: Unable to start service Intent { act=com.android.org.chromium.com.googlecode.eyesfree.braille.service.ACTION_SELF_BRAILLE_SERVICE pkg=com.android.org.chromium.com.googlecode.eyesfree.brailleback } U=0: not found
09-22 04:29:34.028 32602 32602 E SelfBrailleClient: Failed to bind to service
09-22 04:29:34.028 11483 17107 W ActivityManager: Unable to start service Intent { act=com.android.org.chromium.com.googlecode.eyesfree.braille.service.ACTION_SELF_BRAILLE_SERVICE pkg=com.android.org.chromium.com.googlecode.eyesfree.brailleback } U=0: not found
09-22 04:29:35.068  1587  1587 W linker  : app_process has text relocations. This is wasting memory and is a security risk. Please fix.
09-22 04:29:35.228  1587  1587 W linker  : app_process has text relocations. This is wasting memory and is a security risk. Please fix.
09-22 04:29:35.248  1587  1587 D AndroidRuntime: 
09-22 04:29:35.248  1587  1587 D AndroidRuntime: >>>>>> AndroidRuntime START com.android.internal.os.RuntimeInit <<<<<<
09-22 04:29:35.248  1587  1587 D AndroidRuntime: CheckJNI is OFF
09-22 04:29:35.258  1587  1587 D dalvikvm: Trying to load lib libjavacore.so 0x0
09-22 04:29:35.258  1587  1587 D dalvikvm: Added shared lib libjavacore.so 0x0
09-22 04:29:35.268  1587  1587 D dalvikvm: Trying to load lib libnativehelper.so 0x0
09-22 04:29:35.268  1587  1587 D dalvikvm: Added shared lib libnativehelper.so 0x0
09-22 04:29:35.268  1587  1587 D dalvikvm: No JNI_OnLoad found in libnativehelper.so 0x0, skipping init
09-22 04:29:35.308  1587  1587 D dalvikvm: Note: class Landroid/app/ActivityManagerNative; has 179 unimplemented (abstract) methods
09-22 04:29:35.528  1587  1587 D AndroidRuntime: Calling main entry com.android.commands.am.Am
09-22 04:29:35.528 11483 13065 I ActivityManager: Force stopping com.tp.android.curezombie2nd appid=10152 user=0: from pid 1587
09-22 04:29:35.528 11483 13065 I ActivityManager: Killing 28614:com.tp.android.curezombie2nd:mcServiceProcess/u0a152 (adj 11): stop com.tp.android.curezombie2nd
09-22 04:29:35.528 11483 13065 I ActivityManager: Killing 32602:com.tp.android.curezombie2nd/u0a152 (adj 0): stop com.tp.android.curezombie2nd
09-22 04:29:35.538 11483 13065 W ActivityManager: Scheduling restart of crashed service com.tp.android.curezombie2nd/com.chance.engine.ChanceAdService in 1000ms
09-22 04:29:35.538 11483 13065 W ActivityManager: Force removing ActivityRecord{4478e310 u0 com.tp.android.curezombie2nd/.MaternityDoctor t261}: app died, no saved state
09-22 04:29:35.548 11483 13065 I ActivityManager:   Force stopping service ServiceRecord{43c01fa8 u0 com.tp.android.curezombie2nd/com.chance.engine.ChanceAdService}
09-22 04:29:35.568  1587  1587 D AndroidRuntime: Shutting down VM
09-22 04:29:35.568  1587  1609 D dalvikvm: GC_CONCURRENT freed 93K, 15% free 553K/648K, paused 1ms+1ms, total 3ms
09-22 04:29:35.588 11901 11901 W Sidekick_LocationOracleImpl: Best location was null
09-22 04:29:35.598 11483 13499 I WindowState: WIN DEATH: Window{43422990 u0 com.tp.android.curezombie2nd/com.tp.android.curezombie2nd.MaternityDoctor}
09-22 04:29:35.598 11483 13499 W WindowManager: Force-removing child win Window{4345de90 u0 SurfaceView} from container Window{43422990 u0 com.tp.android.curezombie2nd/com.tp.android.curezombie2nd.MaternityDoctor}
09-22 04:29:35.608 11483 17107 W WindowManager: Failed looking up window
09-22 04:29:35.608 11483 17107 W WindowManager: java.lang.IllegalArgumentException: Requested window android.os.BinderProxy@4478eaa8 does not exist
09-22 04:29:35.608 11483 17107 W WindowManager: 	at com.android.server.wm.WindowManagerService.windowForClientLocked(WindowManagerService.java:7939)
09-22 04:29:35.608 11483 17107 W WindowManager: 	at com.android.server.wm.WindowManagerService.windowForClientLocked(WindowManagerService.java:7930)
09-22 04:29:35.608 11483 17107 W WindowManager: 	at com.android.server.wm.WindowState$DeathRecipient.binderDied(WindowState.java:1047)
09-22 04:29:35.608 11483 17107 W WindowManager: 	at android.os.BinderProxy.sendDeathNotice(Binder.java:493)
09-22 04:29:35.608 11483 17107 W WindowManager: 	at dalvik.system.NativeStart.run(Native Method)
09-22 04:29:35.608 11483 17107 I WindowState: WIN DEATH: null
09-22 04:29:35.638 12004 12098 W GCoreFlp: No location to return for getLastLocation()
09-22 04:29:35.678 12004 12019 W GCoreFlp: No location to return for getLastLocation()
09-22 04:29:35.698 11146   899 D audio_hw_primary: out_set_parameters: enter: usecase(3: compress-offload-playback) kvpairs: closing=true
09-22 04:29:35.698 11146 11312 D audio_hw_primary: out_set_parameters: enter: usecase(3: compress-offload-playback) kvpairs: exiting=1
09-22 04:29:35.748 12004 12007 D dalvikvm: GC_CONCURRENT freed 391K, 3% free 17397K/17912K, paused 1ms+3ms, total 24ms
09-22 04:29:35.768 11146   906 D offload_visualizer: thread exit
09-22 04:29:35.768 11146   897 E audio_hw_primary: offload_thread_loop: Compress handle is NULL
09-22 04:29:35.778 11146 11312 W AudioFlinger: moveEffectChain_l() effect chain for session 0 not on source thread 0xb5e5b008
09-22 04:29:35.998  2899  2923 D dalvikvm: GC_FOR_ALLOC freed 2404K, 10% free 24788K/27540K, paused 89ms, total 89ms
09-22 04:29:38.848 11741 11741 W ResourceType: No package identifier when getting name for resource number 0x00000005
09-22 04:29:38.848 11741 11741 W ResourceType: No package identifier when getting name for resource number 0x00000006
09-22 04:29:38.848 11741 11741 W ResourceType: No package identifier when getting name for resource number 0x00000007
09-22 04:29:38.848 11741 11741 W ResourceType: No package identifier when getting name for resource number 0x00000008
09-22 04:29:38.848 11741 11741 W ResourceType: No package identifier when getting name for resource number 0x00000001
09-22 04:29:38.848 11741 11741 W ResourceType: No package identifier when getting name for resource number 0x00000002
09-22 04:29:38.848 11741 11741 W ResourceType: No package identifier when getting name for resource number 0x00000003
09-22 04:29:38.848 11741 11741 W ResourceType: No package identifier when getting name for resource number 0x00000004
09-22 04:29:38.858 11741 11741 W ResourceType: No package identifier when getting name for resource number 0x00000014
09-22 04:29:38.858 11741 11741 W ResourceType: No package identifier when getting name for resource number 0x00000015
09-22 04:29:38.858 11741 11741 W ResourceType: No package identifier when getting name for resource number 0x00000016
09-22 04:29:38.858 11741 11741 W ResourceType: No package identifier when getting name for resource number 0x00000017
09-22 04:29:38.858 11741 11741 W ResourceType: No package identifier when getting name for resource number 0x00000018
09-22 04:29:38.858 11741 11741 W ResourceType: No package identifier when getting name for resource number 0x00000019
09-22 04:29:38.858 11741 11741 W ResourceType: No package identifier when getting name for resource number 0x0000001a
09-22 04:29:38.858 11741 11741 W ResourceType: No package identifier when getting name for resource number 0x0000001b
09-22 04:29:38.858 11741 11741 W ResourceType: No package identifier when getting name for resource number 0x0000001c
09-22 04:29:38.858 11741 11741 W ResourceType: No package identifier when getting name for resource number 0x0000001d
09-22 04:29:38.858 11741 11741 W ResourceType: No package identifier when getting name for resource number 0x0000001e
09-22 04:29:38.858 11741 11741 W ResourceType: No package identifier when getting name for resource number 0x0000001f
09-22 04:29:38.858 11741 11741 W ResourceType: No package identifier when getting name for resource number 0x00000020
09-22 04:29:38.868 11741 11741 W ResourceType: No package identifier when getting name for resource number 0x00000001
09-22 04:29:38.868 11741 11741 W ResourceType: No package identifier when getting name for resource number 0x00000002
09-22 04:29:38.868 11741 11741 W ResourceType: No package identifier when getting name for resource number 0x00000003
09-22 04:29:38.868 11741 11741 W ResourceType: No package identifier when getting name for resource number 0x00000004
09-22 04:29:38.868 11741 11741 W ResourceType: No package identifier when getting name for resource number 0x00000005
09-22 04:29:38.868 11741 11741 W ResourceType: No package identifier when getting name for resource number 0x00000006
09-22 04:29:38.868 11741 11741 W ResourceType: No package identifier when getting name for resource number 0x00000007
09-22 04:29:38.868 11741 11741 W ResourceType: No package identifier when getting name for resource number 0x00000008
09-22 04:29:38.868 11741 11741 W ResourceType: No package identifier when getting name for resource number 0x00000009
09-22 04:29:38.868 11741 11741 W ResourceType: No package identifier when getting name for resource number 0x0000000a
09-22 04:29:38.868 11741 11741 W ResourceType: No package identifier when getting name for resource number 0x0000000b
09-22 04:29:38.868 11741 11741 W ResourceType: No package identifier when getting name for resource number 0x0000000c
09-22 04:29:38.868 11741 11741 W ResourceType: No package identifier when getting name for resource number 0x0000000d
09-22 04:29:38.868 11741 11741 W ResourceType: No package identifier when getting name for resource number 0x0000000e
09-22 04:29:38.868 11741 11741 W ResourceType: No package identifier when getting name for resource number 0x0000000f
09-22 04:29:38.868 11741 11741 W ResourceType: No package identifier when getting name for resource number 0x00000010
09-22 04:29:38.878 11741 11741 W ResourceType: No package identifier when getting name for resource number 0x00000011
09-22 04:29:38.878 11741 11741 W ResourceType: No package identifier when getting name for resource number 0x00000012
09-22 04:29:38.878 11741 11741 W ResourceType: No package identifier when getting name for resource number 0x00000013
09-22 04:29:39.038 11741 11741 W ResourceType: No package identifier when getting name for resource number 0x00000005
09-22 04:29:39.038 11741 11741 W ResourceType: No package identifier when getting name for resource number 0x00000006
09-22 04:29:39.038 11741 11741 W ResourceType: No package identifier when getting name for resource number 0x00000007
09-22 04:29:39.038 11741 11741 W ResourceType: No package identifier when getting name for resource number 0x00000008
09-22 04:29:39.048 11741 11741 W ResourceType: No package identifier when getting name for resource number 0x00000001
09-22 04:29:39.048 11741 11741 W ResourceType: No package identifier when getting name for resource number 0x00000002
09-22 04:29:39.048 11741 11741 W ResourceType: No package identifier when getting name for resource number 0x00000003
09-22 04:29:39.048 11741 11741 W ResourceType: No package identifier when getting name for resource number 0x00000004
09-22 04:29:39.058 11741 11741 W ResourceType: No package identifier when getting name for resource number 0x00000014
09-22 04:29:39.058 11741 11741 W ResourceType: No package identifier when getting name for resource number 0x00000015
09-22 04:29:39.058 11741 11741 W ResourceType: No package identifier when getting name for resource number 0x00000016
09-22 04:29:39.058 11741 11741 W ResourceType: No package identifier when getting name for resource number 0x00000017
09-22 04:29:39.058 11741 11741 W ResourceType: No package identifier when getting name for resource number 0x00000018
09-22 04:29:39.058 11741 11741 W ResourceType: No package identifier when getting name for resource number 0x00000019
09-22 04:29:39.058 11741 11741 W ResourceType: No package identifier when getting name for resource number 0x0000001a
09-22 04:29:39.058 11741 11741 W ResourceType: No package identifier when getting name for resource number 0x0000001b
09-22 04:29:39.058 11741 11741 W ResourceType: No package identifier when getting name for resource number 0x0000001c
09-22 04:29:39.058 11741 11741 W ResourceType: No package identifier when getting name for resource number 0x0000001d
09-22 04:29:39.068 11741 11741 W ResourceType: No package identifier when getting name for resource number 0x0000001e
09-22 04:29:39.068 11741 11741 W ResourceType: No package identifier when getting name for resource number 0x0000001f
09-22 04:29:39.068 11741 11741 W ResourceType: No package identifier when getting name for resource number 0x00000020
09-22 04:29:39.068 11741 11741 W ResourceType: No package identifier when getting name for resource number 0x00000001
09-22 04:29:39.068 11741 11741 W ResourceType: No package identifier when getting name for resource number 0x00000002
09-22 04:29:39.068 11741 11741 W ResourceType: No package identifier when getting name for resource number 0x00000003
09-22 04:29:39.068 11741 11741 W ResourceType: No package identifier when getting name for resource number 0x00000004
09-22 04:29:39.068 11741 11741 W ResourceType: No package identifier when getting name for resource number 0x00000005
09-22 04:29:39.068 11741 11741 W ResourceType: No package identifier when getting name for resource number 0x00000006
09-22 04:29:39.068 11741 11741 W ResourceType: No package identifier when getting name for resource number 0x00000007
09-22 04:29:39.068 11741 11741 W ResourceType: No package identifier when getting name for resource number 0x00000008
09-22 04:29:39.078 11741 11741 W ResourceType: No package identifier when getting name for resource number 0x00000009
09-22 04:29:39.078 11741 11741 W ResourceType: No package identifier when getting name for resource number 0x0000000a
09-22 04:29:39.078 11741 11741 W ResourceType: No package identifier when getting name for resource number 0x0000000b
09-22 04:29:39.078 11741 11741 W ResourceType: No package identifier when getting name for resource number 0x0000000c
09-22 04:29:39.078 11741 11741 W ResourceType: No package identifier when getting name for resource number 0x0000000d
09-22 04:29:39.078 11741 11741 W ResourceType: No package identifier when getting name for resource number 0x0000000e
09-22 04:29:39.078 11741 11741 W ResourceType: No package identifier when getting name for resource number 0x0000000f
09-22 04:29:39.078 11741 11741 W ResourceType: No package identifier when getting name for resource number 0x00000010
09-22 04:29:39.078 11741 11741 W ResourceType: No package identifier when getting name for resource number 0x00000011
09-22 04:29:39.078 11741 11741 W ResourceType: No package identifier when getting name for resource number 0x00000012
09-22 04:29:39.078 11741 11741 W ResourceType: No package identifier when getting name for resource number 0x00000013
09-22 04:29:51.058 11741 11741 W ResourceType: No package identifier when getting name for resource number 0x00000005
09-22 04:29:51.058 11741 11741 W ResourceType: No package identifier when getting name for resource number 0x00000006
09-22 04:29:51.058 11741 11741 W ResourceType: No package identifier when getting name for resource number 0x00000007
09-22 04:29:51.058 11741 11741 W ResourceType: No package identifier when getting name for resource number 0x00000008
09-22 04:29:51.058 11741 11741 W ResourceType: No package identifier when getting name for resource number 0x00000001
09-22 04:29:51.068 11741 11741 W ResourceType: No package identifier when getting name for resource number 0x00000002
09-22 04:29:51.068 11741 11741 W ResourceType: No package identifier when getting name for resource number 0x00000003
09-22 04:29:51.068 11741 11741 W ResourceType: No package identifier when getting name for resource number 0x00000004
09-22 04:29:51.068 11741 11741 W ResourceType: No package identifier when getting name for resource number 0x00000014
09-22 04:29:51.068 11741 11741 W ResourceType: No package identifier when getting name for resource number 0x00000015
09-22 04:29:51.068 11741 11741 W ResourceType: No package identifier when getting name for resource number 0x00000016
09-22 04:29:51.068 11741 11741 W ResourceType: No package identifier when getting name for resource number 0x00000017
09-22 04:29:51.068 11741 11741 W ResourceType: No package identifier when getting name for resource number 0x00000018
09-22 04:29:51.068 11741 11741 W ResourceType: No package identifier when getting name for resource number 0x00000019
09-22 04:29:51.068 11741 11741 W ResourceType: No package identifier when getting name for resource number 0x0000001a
09-22 04:29:51.068 11741 11741 W ResourceType: No package identifier when getting name for resource number 0x0000001b
09-22 04:29:51.068 11741 11741 W ResourceType: No package identifier when getting name for resource number 0x0000001c
09-22 04:29:51.068 11741 11741 W ResourceType: No package identifier when getting name for resource number 0x0000001d
09-22 04:29:51.068 11741 11741 W ResourceType: No package identifier when getting name for resource number 0x0000001e
09-22 04:29:51.068 11741 11741 W ResourceType: No package identifier when getting name for resource number 0x0000001f
09-22 04:29:51.068 11741 11741 W ResourceType: No package identifier when getting name for resource number 0x00000020
09-22 04:29:51.068 11741 11741 W ResourceType: No package identifier when getting name for resource number 0x00000001
09-22 04:29:51.068 11741 11741 W ResourceType: No package identifier when getting name for resource number 0x00000002
09-22 04:29:51.078 11741 11741 W ResourceType: No package identifier when getting name for resource number 0x00000003
09-22 04:29:51.078 11741 11741 W ResourceType: No package identifier when getting name for resource number 0x00000004
09-22 04:29:51.078 11741 11741 W ResourceType: No package identifier when getting name for resource number 0x00000005
09-22 04:29:51.078 11741 11741 W ResourceType: No package identifier when getting name for resource number 0x00000006
09-22 04:29:51.078 11741 11741 W ResourceType: No package identifier when getting name for resource number 0x00000007
09-22 04:29:51.078 11741 11741 W ResourceType: No package identifier when getting name for resource number 0x00000008
09-22 04:29:51.078 11741 11741 W ResourceType: No package identifier when getting name for resource number 0x00000009
09-22 04:29:51.078 11741 11741 W ResourceType: No package identifier when getting name for resource number 0x0000000a
09-22 04:29:51.078 11741 11741 W ResourceType: No package identifier when getting name for resource number 0x0000000b
09-22 04:29:51.078 11741 11741 W ResourceType: No package identifier when getting name for resource number 0x0000000c
09-22 04:29:51.078 11741 11741 W ResourceType: No package identifier when getting name for resource number 0x0000000d
09-22 04:29:51.078 11741 11741 W ResourceType: No package identifier when getting name for resource number 0x0000000e
09-22 04:29:51.078 11741 11741 W ResourceType: No package identifier when getting name for resource number 0x0000000f
09-22 04:29:51.078 11741 11741 W ResourceType: No package identifier when getting name for resource number 0x00000010
09-22 04:29:51.078 11741 11741 W ResourceType: No package identifier when getting name for resource number 0x00000011
09-22 04:29:51.078 11741 11741 W ResourceType: No package identifier when getting name for resource number 0x00000012
09-22 04:29:51.078 11741 11741 W ResourceType: No package identifier when getting name for resource number 0x00000013
09-22 04:29:51.238 11741 11741 W ResourceType: No package identifier when getting name for resource number 0x00000005
09-22 04:29:51.238 11741 11741 W ResourceType: No package identifier when getting name for resource number 0x00000006
09-22 04:29:51.238 11741 11741 W ResourceType: No package identifier when getting name for resource number 0x00000007
09-22 04:29:51.238 11741 11741 W ResourceType: No package identifier when getting name for resource number 0x00000008
09-22 04:29:51.238 11741 11741 W ResourceType: No package identifier when getting name for resource number 0x00000001
09-22 04:29:51.238 11741 11741 W ResourceType: No package identifier when getting name for resource number 0x00000002
09-22 04:29:51.238 11741 11741 W ResourceType: No package identifier when getting name for resource number 0x00000003
09-22 04:29:51.238 11741 11741 W ResourceType: No package identifier when getting name for resource number 0x00000004
09-22 04:29:51.238 11741 11741 W ResourceType: No package identifier when getting name for resource number 0x00000014
09-22 04:29:51.238 11741 11741 W ResourceType: No package identifier when getting name for resource number 0x00000015
09-22 04:29:51.238 11741 11741 W ResourceType: No package identifier when getting name for resource number 0x00000016
09-22 04:29:51.238 11741 11741 W ResourceType: No package identifier when getting name for resource number 0x00000017
09-22 04:29:51.238 11741 11741 W ResourceType: No package identifier when getting name for resource number 0x00000018
09-22 04:29:51.238 11741 11741 W ResourceType: No package identifier when getting name for resource number 0x00000019
09-22 04:29:51.238 11741 11741 W ResourceType: No package identifier when getting name for resource number 0x0000001a
09-22 04:29:51.238 11741 11741 W ResourceType: No package identifier when getting name for resource number 0x0000001b
09-22 04:29:51.238 11741 11741 W ResourceType: No package identifier when getting name for resource number 0x0000001c
09-22 04:29:51.238 11741 11741 W ResourceType: No package identifier when getting name for resource number 0x0000001d
09-22 04:29:51.248 11741 11741 W ResourceType: No package identifier when getting name for resource number 0x0000001e
09-22 04:29:51.248 11741 11741 W ResourceType: No package identifier when getting name for resource number 0x0000001f
09-22 04:29:51.248 11741 11741 W ResourceType: No package identifier when getting name for resource number 0x00000020
09-22 04:29:51.248 11741 11741 W ResourceType: No package identifier when getting name for resource number 0x00000001
09-22 04:29:51.248 11741 11741 W ResourceType: No package identifier when getting name for resource number 0x00000002
09-22 04:29:51.248 11741 11741 W ResourceType: No package identifier when getting name for resource number 0x00000003
09-22 04:29:51.248 11741 11741 W ResourceType: No package identifier when getting name for resource number 0x00000004
09-22 04:29:51.248 11741 11741 W ResourceType: No package identifier when getting name for resource number 0x00000005
09-22 04:29:51.248 11741 11741 W ResourceType: No package identifier when getting name for resource number 0x00000006
09-22 04:29:51.248 11741 11741 W ResourceType: No package identifier when getting name for resource number 0x00000007
09-22 04:29:51.248 11741 11741 W ResourceType: No package identifier when getting name for resource number 0x00000008
09-22 04:29:51.248 11741 11741 W ResourceType: No package identifier when getting name for resource number 0x00000009
09-22 04:29:51.248 11741 11741 W ResourceType: No package identifier when getting name for resource number 0x0000000a
09-22 04:29:51.248 11741 11741 W ResourceType: No package identifier when getting name for resource number 0x0000000b
09-22 04:29:51.248 11741 11741 W ResourceType: No package identifier when getting name for resource number 0x0000000c
09-22 04:29:51.248 11741 11741 W ResourceType: No package identifier when getting name for resource number 0x0000000d
09-22 04:29:51.248 11741 11741 W ResourceType: No package identifier when getting name for resource number 0x0000000e
09-22 04:29:51.248 11741 11741 W ResourceType: No package identifier when getting name for resource number 0x0000000f
09-22 04:29:51.248 11741 11741 W ResourceType: No package identifier when getting name for resource number 0x00000010
09-22 04:29:51.248 11741 11741 W ResourceType: No package identifier when getting name for resource number 0x00000011
09-22 04:29:51.258 11741 11741 W ResourceType: No package identifier when getting name for resource number 0x00000012
09-22 04:29:51.258 11741 11741 W ResourceType: No package identifier when getting name for resource number 0x00000013
09-22 04:30:01.208 11483 11545 D ConnectivityService: Sampling interval elapsed, updating statistics ..
09-22 04:30:01.218 11483 11545 D ConnectivityService: Done.
09-22 04:30:01.218 11483 11545 D ConnectivityService: Setting timer for 720seconds
09-22 04:30:03.078 11741 11741 W ResourceType: No package identifier when getting name for resource number 0x00000005
09-22 04:30:03.078 11741 11741 W ResourceType: No package identifier when getting name for resource number 0x00000006
09-22 04:30:03.078 11741 11741 W ResourceType: No package identifier when getting name for resource number 0x00000007
09-22 04:30:03.078 11741 11741 W ResourceType: No package identifier when getting name for resource number 0x00000008
09-22 04:30:03.078 11741 11741 W ResourceType: No package identifier when getting name for resource number 0x00000001
09-22 04:30:03.078 11741 11741 W ResourceType: No package identifier when getting name for resource number 0x00000002
09-22 04:30:03.078 11741 11741 W ResourceType: No package identifier when getting name for resource number 0x00000003
09-22 04:30:03.078 11741 11741 W ResourceType: No package identifier when getting name for resource number 0x00000004
09-22 04:30:03.078 11741 11741 W ResourceType: No package identifier when getting name for resource number 0x00000014
09-22 04:30:03.088 11741 11741 W ResourceType: No package identifier when getting name for resource number 0x00000015
09-22 04:30:03.088 11741 11741 W ResourceType: No package identifier when getting name for resource number 0x00000016
09-22 04:30:03.088 11741 11741 W ResourceType: No package identifier when getting name for resource number 0x00000017
09-22 04:30:03.088 11741 11741 W ResourceType: No package identifier when getting name for resource number 0x00000018
09-22 04:30:03.088 11741 11741 W ResourceType: No package identifier when getting name for resource number 0x00000019
09-22 04:30:03.088 11741 11741 W ResourceType: No package identifier when getting name for resource number 0x0000001a
09-22 04:30:03.088 11741 11741 W ResourceType: No package identifier when getting name for resource number 0x0000001b
09-22 04:30:03.088 11741 11741 W ResourceType: No package identifier when getting name for resource number 0x0000001c
09-22 04:30:03.088 11741 11741 W ResourceType: No package identifier when getting name for resource number 0x0000001d
09-22 04:30:03.088 11741 11741 W ResourceType: No package identifier when getting name for resource number 0x0000001e
09-22 04:30:03.088 11741 11741 W ResourceType: No package identifier when getting name for resource number 0x0000001f
09-22 04:30:03.088 11741 11741 W ResourceType: No package identifier when getting name for resource number 0x00000020
09-22 04:30:03.088 11741 11741 W ResourceType: No package identifier when getting name for resource number 0x00000001
09-22 04:30:03.098 11741 11741 W ResourceType: No package identifier when getting name for resource number 0x00000002
09-22 04:30:03.098 11741 11741 W ResourceType: No package identifier when getting name for resource number 0x00000003
09-22 04:30:03.098 11741 11741 W ResourceType: No package identifier when getting name for resource number 0x00000004
09-22 04:30:03.098 11741 11741 W ResourceType: No package identifier when getting name for resource number 0x00000005
09-22 04:30:03.098 11741 11741 W ResourceType: No package identifier when getting name for resource number 0x00000006
09-22 04:30:03.098 11741 11741 W ResourceType: No package identifier when getting name for resource number 0x00000007
09-22 04:30:03.098 11741 11741 W ResourceType: No package identifier when getting name for resource number 0x00000008
09-22 04:30:03.098 11741 11741 W ResourceType: No package identifier when getting name for resource number 0x00000009
09-22 04:30:03.098 11741 11741 W ResourceType: No package identifier when getting name for resource number 0x0000000a
09-22 04:30:03.098 11741 11741 W ResourceType: No package identifier when getting name for resource number 0x0000000b
09-22 04:30:03.098 11741 11741 W ResourceType: No package identifier when getting name for resource number 0x0000000c
09-22 04:30:03.098 11741 11741 W ResourceType: No package identifier when getting name for resource number 0x0000000d
09-22 04:30:03.098 11741 11741 W ResourceType: No package identifier when getting name for resource number 0x0000000e
09-22 04:30:03.098 11741 11741 W ResourceType: No package identifier when getting name for resource number 0x0000000f
09-22 04:30:03.098 11741 11741 W ResourceType: No package identifier when getting name for resource number 0x00000010
09-22 04:30:03.098 11741 11741 W ResourceType: No package identifier when getting name for resource number 0x00000011
09-22 04:30:03.108 11741 11741 W ResourceType: No package identifier when getting name for resource number 0x00000012
09-22 04:30:03.108 11741 11741 W ResourceType: No package identifier when getting name for resource number 0x00000013
09-22 04:30:03.258 11741 11741 W ResourceType: No package identifier when getting name for resource number 0x00000005
09-22 04:30:03.258 11741 11741 W ResourceType: No package identifier when getting name for resource number 0x00000006
09-22 04:30:03.258 11741 11741 W ResourceType: No package identifier when getting name for resource number 0x00000007
09-22 04:30:03.258 11741 11741 W ResourceType: No package identifier when getting name for resource number 0x00000008
09-22 04:30:03.258 11741 11741 W ResourceType: No package identifier when getting name for resource number 0x00000001
09-22 04:30:03.258 11741 11741 W ResourceType: No package identifier when getting name for resource number 0x00000002
09-22 04:30:03.258 11741 11741 W ResourceType: No package identifier when getting name for resource number 0x00000003
09-22 04:30:03.258 11741 11741 W ResourceType: No package identifier when getting name for resource number 0x00000004
09-22 04:30:03.268 11741 11741 W ResourceType: No package identifier when getting name for resource number 0x00000014
09-22 04:30:03.268 11741 11741 W ResourceType: No package identifier when getting name for resource number 0x00000015
09-22 04:30:03.268 11741 11741 W ResourceType: No package identifier when getting name for resource number 0x00000016
09-22 04:30:03.268 11741 11741 W ResourceType: No package identifier when getting name for resource number 0x00000017
09-22 04:30:03.268 11741 11741 W ResourceType: No package identifier when getting name for resource number 0x00000018
09-22 04:30:03.268 11741 11741 W ResourceType: No package identifier when getting name for resource number 0x00000019
09-22 04:30:03.268 11741 11741 W ResourceType: No package identifier when getting name for resource number 0x0000001a
09-22 04:30:03.268 11741 11741 W ResourceType: No package identifier when getting name for resource number 0x0000001b
09-22 04:30:03.268 11741 11741 W ResourceType: No package identifier when getting name for resource number 0x0000001c
09-22 04:30:03.268 11741 11741 W ResourceType: No package identifier when getting name for resource number 0x0000001d
09-22 04:30:03.268 11741 11741 W ResourceType: No package identifier when getting name for resource number 0x0000001e
09-22 04:30:03.268 11741 11741 W ResourceType: No package identifier when getting name for resource number 0x0000001f
09-22 04:30:03.268 11741 11741 W ResourceType: No package identifier when getting name for resource number 0x00000020
09-22 04:30:03.268 11741 11741 W ResourceType: No package identifier when getting name for resource number 0x00000001
09-22 04:30:03.268 11741 11741 W ResourceType: No package identifier when getting name for resource number 0x00000002
09-22 04:30:03.278 11741 11741 W ResourceType: No package identifier when getting name for resource number 0x00000003
09-22 04:30:03.278 11741 11741 W ResourceType: No package identifier when getting name for resource number 0x00000004
09-22 04:30:03.278 11741 11741 W ResourceType: No package identifier when getting name for resource number 0x00000005
09-22 04:30:03.278 11741 11741 W ResourceType: No package identifier when getting name for resource number 0x00000006
09-22 04:30:03.278 11741 11741 W ResourceType: No package identifier when getting name for resource number 0x00000007
09-22 04:30:03.278 11741 11741 W ResourceType: No package identifier when getting name for resource number 0x00000008
09-22 04:30:03.278 11741 11741 W ResourceType: No package identifier when getting name for resource number 0x00000009
09-22 04:30:03.278 11741 11741 W ResourceType: No package identifier when getting name for resource number 0x0000000a
09-22 04:30:03.278 11741 11741 W ResourceType: No package identifier when getting name for resource number 0x0000000b
09-22 04:30:03.278 11741 11741 W ResourceType: No package identifier when getting name for resource number 0x0000000c
09-22 04:30:03.278 11741 11741 W ResourceType: No package identifier when getting name for resource number 0x0000000d
09-22 04:30:03.278 11741 11741 W ResourceType: No package identifier when getting name for resource number 0x0000000e
09-22 04:30:03.278 11741 11741 W ResourceType: No package identifier when getting name for resource number 0x0000000f
09-22 04:30:03.278 11741 11741 W ResourceType: No package identifier when getting name for resource number 0x00000010
09-22 04:30:03.278 11741 11741 W ResourceType: No package identifier when getting name for resource number 0x00000011
09-22 04:30:03.278 11741 11741 W ResourceType: No package identifier when getting name for resource number 0x00000012
09-22 04:30:03.278 11741 11741 W ResourceType: No package identifier when getting name for resource number 0x00000013
09-22 04:30:15.108  2084  2084 W linker  : app_process has text relocations. This is wasting memory and is a security risk. Please fix.
09-22 04:30:15.248  2084  2084 W linker  : app_process has text relocations. This is wasting memory and is a security risk. Please fix.
09-22 04:30:15.268  2084  2084 D AndroidRuntime: 
09-22 04:30:15.268  2084  2084 D AndroidRuntime: >>>>>> AndroidRuntime START com.android.internal.os.RuntimeInit <<<<<<
09-22 04:30:15.268  2084  2084 D AndroidRuntime: CheckJNI is OFF
09-22 04:30:15.278  2084  2084 D dalvikvm: Trying to load lib libjavacore.so 0x0
09-22 04:30:15.288  2084  2084 D dalvikvm: Added shared lib libjavacore.so 0x0
09-22 04:30:15.288  2084  2084 D dalvikvm: Trying to load lib libnativehelper.so 0x0
09-22 04:30:15.288  2084  2084 D dalvikvm: Added shared lib libnativehelper.so 0x0
09-22 04:30:15.288  2084  2084 D dalvikvm: No JNI_OnLoad found in libnativehelper.so 0x0, skipping init
09-22 04:30:15.328  2084  2084 D dalvikvm: Note: class Landroid/app/ActivityManagerNative; has 179 unimplemented (abstract) methods
09-22 04:30:15.558  2084  2084 D AndroidRuntime: Calling main entry com.android.commands.am.Am
09-22 04:30:15.578 11483 13499 I ActivityManager: START u0 {act=android.intent.action.MAIN cat=[android.intent.category.LAUNCHER] flg=0x10000000 cmp=com.tp.android.curezombie2nd/.MaternityDoctor} from pid 2084
09-22 04:30:15.648 11483 13499 D dalvikvm: GC_FOR_ALLOC freed 3172K, 33% free 28506K/42332K, paused 69ms, total 69ms
09-22 04:30:15.658  2084  2084 D AndroidRuntime: Shutting down VM
09-22 04:30:15.658  2084  2091 D dalvikvm: GC_CONCURRENT freed 96K, 15% free 586K/684K, paused 0ms+0ms, total 3ms
09-22 04:30:15.708  2105  2105 I dalvikvm: Enabling JNI app bug workarounds for target SDK version 9...
09-22 04:30:15.708 11483 11814 I ActivityManager: Start proc com.tp.android.curezombie2nd for activity com.tp.android.curezombie2nd/.MaternityDoctor: pid=2105 uid=10152 gids={50152, 3003, 1028, 1015}
09-22 04:30:15.748 11565 11565 V PhoneStatusBar: setLightsOn(true)
09-22 04:30:15.758  2105  2105 D dalvikvm: Trying to load lib /data/app-lib/com.tp.android.curezombie2nd-1/libgame.so 0x42f39dc0
09-22 04:30:15.758  2105  2105 W linker  : libgame.so has text relocations. This is wasting memory and is a security risk. Please fix.
09-22 04:30:15.788  2105  2105 D dalvikvm: Added shared lib /data/app-lib/com.tp.android.curezombie2nd-1/libgame.so 0x42f39dc0
09-22 04:30:15.848  2105  2105 D AnalyticsTrackerLog: [call] sdk initialize
09-22 04:30:15.848  2105  2105 V AnalyticsTrackerLog: [status] analytics sdk is initializing
09-22 04:30:15.848  2105  2105 V AnalyticsTrackerLog: ----########################----
09-22 04:30:15.848  2105  2105 D AnalyticsTrackerLog: [sdk instruction]
09-22 04:30:15.848  2105  2105 I AnalyticsTrackerLog: thanks for using Avatar analytics sdk!
09-22 04:30:15.848  2105  2105 I AnalyticsTrackerLog: sdk release page:
09-22 04:30:15.848  2105  2105 I AnalyticsTrackerLog: http://data.lenovomm.com/avatar/document.html
09-22 04:30:15.848  2105  2105 D AnalyticsTrackerLog: [log instruction]
09-22 04:30:15.848  2105  2105 I AnalyticsTrackerLog: [call] means you called the api
09-22 04:30:15.848  2105  2105 I AnalyticsTrackerLog: [status] report the analytics sdk status
09-22 04:30:15.848  2105  2105 I AnalyticsTrackerLog: [info] some useful info, for instance, the manifest config
09-22 04:30:15.848  2105  2105 I AnalyticsTrackerLog: [warning] attention please, which may cause the unexpected result
09-22 04:30:15.848  2105  2105 I AnalyticsTrackerLog: [error] something error happened, fix it
09-22 04:30:15.848  2105  2105 D AnalyticsTrackerLog: [debug instraction]
09-22 04:30:15.848  2105  2105 I AnalyticsTrackerLog: call api: showLog(true) , then you can watch the "AnalyticsTrackerLog" Tag for debug infomation.
09-22 04:30:15.848  2105  2105 I AnalyticsTrackerLog: you can see the detail log in lenovo office net without config "lenovo:customReaperServer" in manifest. please visit:
09-22 04:30:15.848  2105  2105 I AnalyticsTrackerLog: http://realtime.data.lenovomm.com/bugatti/
09-22 04:30:15.848  2105  2105 V AnalyticsTrackerLog: ----########################----
09-22 04:30:15.858  2105  2105 I AnalyticsTrackerLog: [info] config: applicationToken=1605030262870.app.ln
09-22 04:30:15.858  2105  2105 I AnalyticsTrackerLog: [info] config: channel=All
09-22 04:30:15.858  2105  2105 I AnalyticsTrackerLog: [info] app: analytics sdk version= 3.2.6
09-22 04:30:15.858  2105  2105 I AnalyticsTrackerLog: [info] config: eventCacheSize=1
09-22 04:30:15.858  2105  2105 I AnalyticsTrackerLog: [info] config: isInitialEvent=false
09-22 04:30:15.858  2105  2105 I AnalyticsTrackerLog: [info] needSingleSend = 0
09-22 04:30:15.918  2105  2107 D dalvikvm: GC_CONCURRENT freed 212K, 2% free 17036K/17272K, paused 6ms+5ms, total 41ms
09-22 04:30:15.968  2105  2105 V AnalyticsTrackerLog: [status] initialize finished
09-22 04:30:15.968  2105  2105 E ReflectUtils: com.lenovo.reaper.AppInfoManager
09-22 04:30:15.968  2105  2105 D AnalyticsTrackerLog: [call] setAppToken: appToken=8XJXIS6U4902
09-22 04:30:15.968  2105  2105 I avatar  : Chance Avatar Init
09-22 04:30:15.968  2105  2105 I LeAD    : LeAD Version = 1.3.0 -- 5.3.5 -- 2.1
09-22 04:30:15.998  2105  2137 I LeAD    : URI ==>  http://adapi.lenovomm.com/advertService/service/adxSelectionSvc?applicationname=Cure+Zombies+Now&packagename=com.tp.android.curezombie2nd&openappid=1605030262870.app.ln
09-22 04:30:15.998  2105  2105 V WebViewChromiumFactoryProvider: Binding Chromium to main looper Looper (main, tid 1) {42f35698}
09-22 04:30:15.998  2105  2105 I LibraryLoader: Expected native library version number "",actual native library version number ""
09-22 04:30:16.008  2105  2105 I chromium: [INFO:library_loader_hooks.cc(116)] Chromium logging enabled: level = 0, default verbosity = 0
09-22 04:30:16.008  2105  2105 I BrowserStartupController: Initializing chromium process, renderers=0
09-22 04:30:16.028  2105  2107 D dalvikvm: GC_CONCURRENT freed 321K, 2% free 17196K/17500K, paused 2ms+5ms, total 33ms
09-22 04:30:16.028  2105  2105 E AudioManagerAndroid: BLUETOOTH permission is missing!
09-22 04:30:16.038  2105  2105 I Adreno-EGL: <qeglDrvAPI_eglInitialize:320>: EGL 1.4 QUALCOMM Build: I0404c4692afb8623f95c43aeb6d5e13ed4b30ddbDate: 11/06/13
09-22 04:30:16.058  2105  2137 I LeAD    : result <--      --> {"intitial":"chance","native":"chance","status":"fail","applicationname":"Cure Zombies Now","packagename":"com.tp.android.curezombie2nd","failinfo":"openappid","interstitial":"chance","openappid":"1605030262870.app.ln","recommend":"chance","errcode":"2","banner":"chance"}
09-22 04:30:16.118  2105  2149 W chromium: [WARNING:proxy_service.cc(890)] PAC support disabled because there is no system implementation
09-22 04:30:16.138  2105  2105 W Settings: Setting android_id has moved from android.provider.Settings.System to android.provider.Settings.Secure, returning read-only value.
09-22 04:30:16.138  2105  2105 D com.chance.util.b: Settings.Secure.ANDROID_ID: b4bed78a2b47d384
09-22 04:30:16.148  2105  2105 W Settings: Setting android_id has moved from android.provider.Settings.System to android.provider.Settings.Secure, returning read-only value.
09-22 04:30:16.148  2105  2105 I punchbox: Environment: [main]  : Settings.Secure.ANDROID_ID: b4bed78a2b47d384
09-22 04:30:16.148  2105  2105 D punchbox: com.chance.ads.internal.n: [main]  : publisherid:1605030262870.app.ln
09-22 04:30:16.148  2105  2105 D punchbox: com.chance.ads.internal.n: [main]  : initClient:com.chance.ads.internal.u@42fce320
09-22 04:30:16.148  2105  2105 D punchbox: CoCoAdSDK-PunchBoxClient: [main]  : getInstance
09-22 04:30:16.158  2105  2105 D punchbox: CoCoAdSDK-PunchBoxClient: [main]  : Construct PunchBoxClient
09-22 04:30:16.158  2105  2105 D punchbox: CoCoAdSDK-PunchBoxClient: [main]  : ============DUMP CONNECTION BEGIN===========
09-22 04:30:16.158  2105  2105 D punchbox: CoCoAdSDK-PunchBoxClient: [main]  : ============DUMP CONNECTION END============
09-22 04:30:16.158  2105  2105 D punchbox: CoCoAdSDK-PunchBoxClient: [main]  : ============DUMP CONNECTION BEGIN===========
09-22 04:30:16.158  2105  2105 D punchbox: CoCoAdSDK-PunchBoxClient: [main]  : ============DUMP CONNECTION END============
09-22 04:30:16.158  2105  2105 D punchbox: CoCoAd-ClientMsgCompare: [main]  : lhs and rhs has same PRI
09-22 04:30:16.158  2105  2105 D punchbox: CoCoAdSDK-PunchBoxClient: [main]  : initialize, object:com.chance.ads.internal.u@42fce320, sConnectionMap.size:0, sService:null
09-22 04:30:16.158  2105  2105 D punchbox: CoCoAdSDK-PunchBoxClient: [main]  : ============DUMP CONNECTION BEGIN===========
09-22 04:30:16.158  2105  2105 D punchbox: CoCoAdSDK-PunchBoxClient: [main]  : ============DUMP CONNECTION END============
09-22 04:30:16.158  2105  2105 D punchbox: CoCoAdSDK-PunchBoxClient: [main]  : doBindService, packageName:null
09-22 04:30:16.168  2105  2105 I CocoData_h: Init target info
09-22 04:30:16.188  2105  2105 E CocoData_e: stream error
09-22 04:30:16.188  2105  2105 E CocoData_e: stream error
09-22 04:30:16.198  2105  2105 E CocoData_e: stream error
09-22 04:30:16.208  2105  2105 E CocoData_e: stream error
09-22 04:30:16.208  2105  2105 E CocoData_e: stream error
09-22 04:30:16.218  2105  2107 D dalvikvm: GC_CONCURRENT freed 372K, 3% free 17275K/17684K, paused 3ms+2ms, total 20ms
09-22 04:30:16.218  2105  2105 D punchbox: com.chance.ads.internal.n: [main]  : loadAd
09-22 04:30:16.218  2105  2176 D Crypto_Crypto: load ad library
09-22 04:30:16.218  2105  2176 D dalvikvm: Trying to load lib /data/app-lib/com.tp.android.curezombie2nd-1/libad.so 0x42f39dc0
09-22 04:30:16.218  2105  2176 D dalvikvm: Added shared lib /data/app-lib/com.tp.android.curezombie2nd-1/libad.so 0x42f39dc0
09-22 04:30:16.218  2105  2176 D dalvikvm: No JNI_OnLoad found in /data/app-lib/com.tp.android.curezombie2nd-1/libad.so 0x42f39dc0, skipping init
09-22 04:30:16.218  2105  2176 I punchbox: RequestBase: [Thread-930]  : [[request]]:?uniqid=ffffffff-e5b8-5c35-0000-015ea435edc4&bt=e6ec161531d49f6cce29430a2d0b7ec1&dt=Android&os=Android&rm=bc%3A5f%3Af6%3A14%3A78%3A7e&rs=%22Craspedacusta%22&cvr=5.3.5&isp=&kst=44404405&net=1&ofl=0&osv=4.4.4&pid=1605030262870.app.ln&rnd=1506025816219&anid=b4bed78a2b47d384&asdk=1.0.0&imei=359250052441274&imsi=&sdkv=5.3.5&test=0&time=1506025816219&wmac=64899a35507d
09-22 04:30:16.228  2105  2105 E CocoData_e: stream error
09-22 04:30:16.228  2105  2105 D punchbox: CoCoAdSDK-PunchBoxClient: [main]  : getPreDownloadReadyAds
09-22 04:30:16.228  2105  2105 D punchbox: CoCoAdSDK-PunchBoxClient: [main]  : ============DUMP CONNECTION BEGIN===========
09-22 04:30:16.228  2105  2105 D punchbox: CoCoAdSDK-PunchBoxClient: [main]  : connection:com.chance.ads.internal.u@42fce320
09-22 04:30:16.228  2105  2105 D punchbox: CoCoAdSDK-PunchBoxClient: [main]  : ============DUMP CONNECTION END============
09-22 04:30:16.228  2105  2105 D punchbox: CoCoAd-ClientMsgCompare: [main]  : lhs and rhs has same PRI
09-22 04:30:16.238  2105  2177 I punchbox: RequestBase: [loadad]  : [[request]]:?adtype=1&uniqid=ffffffff-e5b8-5c35-0000-015ea435edc4&isfailover=0&bt=99d465edccaaf501f3f3a992fdc71682&cc=CN&dt=Android&jb=0&mt=&os=Android&rm=bc%3A5f%3Af6%3A14%3A78%3A7e&rs=%22Craspedacusta%22&ua=Mozilla%2F5.0+%28Linux%3B+Android+4.4.4%3B+Nexus+5+Build%2FKTU84P%29+AppleWebKit%2F537.36+%28KHTML%2C+like+Gecko%29+Version%2F4.0+Chrome%2F33.0.0.0+Mobile+Safari%2F537.36&cvr=5.3.5&den=480&err=0&evt=1&isp=&kst=44404413&lac=0&mcc=&mnc=&net=1&ofl=0&ori=1&osv=4.4.4&pid=1605030262870.app.ln&rnd=1506025816226&srh=1776&srw=1080&anid=b4bed78a2b47d384&appv=1.0.0&asdk=1.0.0&cell=0&errs=&imei=359250052441274&imsi=&lang=zh&sdkv=5.3.5&test=0&time=1506025816226&wmac=64899a35507d&brand=LGE&model=Nexus+5&hostpkg=com.tp.android.curezombie2nd
