09-22 04:28:09.808 11741 11741 W ResourceType: No package identifier when getting name for resource number 0x00000004
09-22 04:28:09.818 11741 11741 W ResourceType: No package identifier when getting name for resource number 0x00000005
09-22 04:28:09.818 11741 11741 W ResourceType: No package identifier when getting name for resource number 0x00000006
09-22 04:28:09.818 11741 11741 W ResourceType: No package identifier when getting name for resource number 0x00000007
09-22 04:28:09.818 11741 11741 W ResourceType: No package identifier when getting name for resource number 0x00000008
09-22 04:28:09.818 11741 11741 W ResourceType: No package identifier when getting name for resource number 0x00000009
09-22 04:28:09.818 11741 11741 W ResourceType: No package identifier when getting name for resource number 0x0000000a
09-22 04:28:09.818 11741 11741 W ResourceType: No package identifier when getting name for resource number 0x0000000b
09-22 04:28:09.818 11741 11741 W ResourceType: No package identifier when getting name for resource number 0x0000000c
09-22 04:28:09.818 11741 11741 W ResourceType: No package identifier when getting name for resource number 0x0000000d
09-22 04:28:09.818 11741 11741 W ResourceType: No package identifier when getting name for resource number 0x0000000e
09-22 04:28:09.818 11741 11741 W ResourceType: No package identifier when getting name for resource number 0x0000000f
09-22 04:28:09.818 11741 11741 W ResourceType: No package identifier when getting name for resource number 0x00000010
09-22 04:28:09.818 11741 11741 W ResourceType: No package identifier when getting name for resource number 0x00000011
09-22 04:28:09.818 11741 11741 W ResourceType: No package identifier when getting name for resource number 0x00000012
09-22 04:28:09.828 11741 11741 W ResourceType: No package identifier when getting name for resource number 0x00000013
09-22 04:28:21.678 11741 11741 W ResourceType: No package identifier when getting name for resource number 0x00000005
09-22 04:28:21.678 11741 11741 W ResourceType: No package identifier when getting name for resource number 0x00000006
09-22 04:28:21.678 11741 11741 W ResourceType: No package identifier when getting name for resource number 0x00000007
09-22 04:28:21.678 11741 11741 W ResourceType: No package identifier when getting name for resource number 0x00000008
09-22 04:28:21.678 11741 11741 W ResourceType: No package identifier when getting name for resource number 0x00000001
09-22 04:28:21.678 11741 11741 W ResourceType: No package identifier when getting name for resource number 0x00000002
09-22 04:28:21.678 11741 11741 W ResourceType: No package identifier when getting name for resource number 0x00000003
09-22 04:28:21.678 11741 11741 W ResourceType: No package identifier when getting name for resource number 0x00000004
09-22 04:28:21.688 11741 11741 W ResourceType: No package identifier when getting name for resource number 0x00000014
09-22 04:28:21.688 11741 11741 W ResourceType: No package identifier when getting name for resource number 0x00000015
09-22 04:28:21.688 11741 11741 W ResourceType: No package identifier when getting name for resource number 0x00000016
09-22 04:28:21.688 11741 11741 W ResourceType: No package identifier when getting name for resource number 0x00000017
09-22 04:28:21.688 11741 11741 W ResourceType: No package identifier when getting name for resource number 0x00000018
09-22 04:28:21.688 11741 11741 W ResourceType: No package identifier when getting name for resource number 0x00000019
09-22 04:28:21.688 11741 11741 W ResourceType: No package identifier when getting name for resource number 0x0000001a
09-22 04:28:21.688 11741 11741 W ResourceType: No package identifier when getting name for resource number 0x0000001b
09-22 04:28:21.688 11741 11741 W ResourceType: No package identifier when getting name for resource number 0x0000001c
09-22 04:28:21.688 11741 11741 W ResourceType: No package identifier when getting name for resource number 0x0000001d
09-22 04:28:21.688 11741 11741 W ResourceType: No package identifier when getting name for resource number 0x0000001e
09-22 04:28:21.688 11741 11741 W ResourceType: No package identifier when getting name for resource number 0x0000001f
09-22 04:28:21.688 11741 11741 W ResourceType: No package identifier when getting name for resource number 0x00000020
09-22 04:28:21.688 11741 11741 W ResourceType: No package identifier when getting name for resource number 0x00000001
09-22 04:28:21.688 11741 11741 W ResourceType: No package identifier when getting name for resource number 0x00000002
09-22 04:28:21.688 11741 11741 W ResourceType: No package identifier when getting name for resource number 0x00000003
09-22 04:28:21.688 11741 11741 W ResourceType: No package identifier when getting name for resource number 0x00000004
09-22 04:28:21.688 11741 11741 W ResourceType: No package identifier when getting name for resource number 0x00000005
09-22 04:28:21.688 11741 11741 W ResourceType: No package identifier when getting name for resource number 0x00000006
09-22 04:28:21.688 11741 11741 W ResourceType: No package identifier when getting name for resource number 0x00000007
09-22 04:28:21.688 11741 11741 W ResourceType: No package identifier when getting name for resource number 0x00000008
09-22 04:28:21.688 11741 11741 W ResourceType: No package identifier when getting name for resource number 0x00000009
09-22 04:28:21.688 11741 11741 W ResourceType: No package identifier when getting name for resource number 0x0000000a
09-22 04:28:21.688 11741 11741 W ResourceType: No package identifier when getting name for resource number 0x0000000b
09-22 04:28:21.688 11741 11741 W ResourceType: No package identifier when getting name for resource number 0x0000000c
09-22 04:28:21.688 11741 11741 W ResourceType: No package identifier when getting name for resource number 0x0000000d
09-22 04:28:21.688 11741 11741 W ResourceType: No package identifier when getting name for resource number 0x0000000e
09-22 04:28:21.688 11741 11741 W ResourceType: No package identifier when getting name for resource number 0x0000000f
09-22 04:28:21.688 11741 11741 W ResourceType: No package identifier when getting name for resource number 0x00000010
09-22 04:28:21.688 11741 11741 W ResourceType: No package identifier when getting name for resource number 0x00000011
09-22 04:28:21.688 11741 11741 W ResourceType: No package identifier when getting name for resource number 0x00000012
09-22 04:28:21.688 11741 11741 W ResourceType: No package identifier when getting name for resource number 0x00000013
09-22 04:28:21.858 11741 11741 W ResourceType: No package identifier when getting name for resource number 0x00000005
09-22 04:28:21.858 11741 11741 W ResourceType: No package identifier when getting name for resource number 0x00000006
09-22 04:28:21.858 11741 11741 W ResourceType: No package identifier when getting name for resource number 0x00000007
09-22 04:28:21.858 11741 11741 W ResourceType: No package identifier when getting name for resource number 0x00000008
09-22 04:28:21.858 11741 11741 W ResourceType: No package identifier when getting name for resource number 0x00000001
09-22 04:28:21.858 11741 11741 W ResourceType: No package identifier when getting name for resource number 0x00000002
09-22 04:28:21.858 11741 11741 W ResourceType: No package identifier when getting name for resource number 0x00000003
09-22 04:28:21.858 11741 11741 W ResourceType: No package identifier when getting name for resource number 0x00000004
09-22 04:28:21.878 11741 11741 W ResourceType: No package identifier when getting name for resource number 0x00000014
09-22 04:28:21.878 11741 11741 W ResourceType: No package identifier when getting name for resource number 0x00000015
09-22 04:28:21.878 11741 11741 W ResourceType: No package identifier when getting name for resource number 0x00000016
09-22 04:28:21.878 11741 11741 W ResourceType: No package identifier when getting name for resource number 0x00000017
09-22 04:28:21.878 11741 11741 W ResourceType: No package identifier when getting name for resource number 0x00000018
09-22 04:28:21.878 11741 11741 W ResourceType: No package identifier when getting name for resource number 0x00000019
09-22 04:28:21.878 11741 11741 W ResourceType: No package identifier when getting name for resource number 0x0000001a
09-22 04:28:21.878 11741 11741 W ResourceType: No package identifier when getting name for resource number 0x0000001b
09-22 04:28:21.878 11741 11741 W ResourceType: No package identifier when getting name for resource number 0x0000001c
09-22 04:28:21.878 11741 11741 W ResourceType: No package identifier when getting name for resource number 0x0000001d
09-22 04:28:21.878 11741 11741 W ResourceType: No package identifier when getting name for resource number 0x0000001e
09-22 04:28:21.878 11741 11741 W ResourceType: No package identifier when getting name for resource number 0x0000001f
09-22 04:28:21.878 11741 11741 W ResourceType: No package identifier when getting name for resource number 0x00000020
09-22 04:28:21.878 11741 11741 W ResourceType: No package identifier when getting name for resource number 0x00000001
09-22 04:28:21.878 11741 11741 W ResourceType: No package identifier when getting name for resource number 0x00000002
09-22 04:28:21.878 11741 11741 W ResourceType: No package identifier when getting name for resource number 0x00000003
09-22 04:28:21.878 11741 11741 W ResourceType: No package identifier when getting name for resource number 0x00000004
09-22 04:28:21.878 11741 11741 W ResourceType: No package identifier when getting name for resource number 0x00000005
09-22 04:28:21.878 11741 11741 W ResourceType: No package identifier when getting name for resource number 0x00000006
09-22 04:28:21.878 11741 11741 W ResourceType: No package identifier when getting name for resource number 0x00000007
09-22 04:28:21.878 11741 11741 W ResourceType: No package identifier when getting name for resource number 0x00000008
09-22 04:28:21.878 11741 11741 W ResourceType: No package identifier when getting name for resource number 0x00000009
09-22 04:28:21.878 11741 11741 W ResourceType: No package identifier when getting name for resource number 0x0000000a
09-22 04:28:21.878 11741 11741 W ResourceType: No package identifier when getting name for resource number 0x0000000b
09-22 04:28:21.878 11741 11741 W ResourceType: No package identifier when getting name for resource number 0x0000000c
09-22 04:28:21.878 11741 11741 W ResourceType: No package identifier when getting name for resource number 0x0000000d
09-22 04:28:21.878 11741 11741 W ResourceType: No package identifier when getting name for resource number 0x0000000e
09-22 04:28:21.878 11741 11741 W ResourceType: No package identifier when getting name for resource number 0x0000000f
09-22 04:28:21.878 11741 11741 W ResourceType: No package identifier when getting name for resource number 0x00000010
09-22 04:28:21.878 11741 11741 W ResourceType: No package identifier when getting name for resource number 0x00000011
09-22 04:28:21.878 11741 11741 W ResourceType: No package identifier when getting name for resource number 0x00000012
09-22 04:28:21.878 11741 11741 W ResourceType: No package identifier when getting name for resource number 0x00000013
09-22 04:28:21.908 11741 11745 D dalvikvm: GC_CONCURRENT freed 3479K, 13% free 27571K/31500K, paused 3ms+3ms, total 45ms
09-22 04:28:33.848 11741 11741 W ResourceType: No package identifier when getting name for resource number 0x00000005
09-22 04:28:33.848 11741 11741 W ResourceType: No package identifier when getting name for resource number 0x00000006
09-22 04:28:33.848 11741 11741 W ResourceType: No package identifier when getting name for resource number 0x00000007
09-22 04:28:33.848 11741 11741 W ResourceType: No package identifier when getting name for resource number 0x00000008
09-22 04:28:33.848 11741 11741 W ResourceType: No package identifier when getting name for resource number 0x00000001
09-22 04:28:33.848 11741 11741 W ResourceType: No package identifier when getting name for resource number 0x00000002
09-22 04:28:33.848 11741 11741 W ResourceType: No package identifier when getting name for resource number 0x00000003
09-22 04:28:33.848 11741 11741 W ResourceType: No package identifier when getting name for resource number 0x00000004
09-22 04:28:33.848 11741 11741 W ResourceType: No package identifier when getting name for resource number 0x00000014
09-22 04:28:33.848 11741 11741 W ResourceType: No package identifier when getting name for resource number 0x00000015
09-22 04:28:33.848 11741 11741 W ResourceType: No package identifier when getting name for resource number 0x00000016
09-22 04:28:33.848 11741 11741 W ResourceType: No package identifier when getting name for resource number 0x00000017
09-22 04:28:33.858 11741 11741 W ResourceType: No package identifier when getting name for resource number 0x00000018
09-22 04:28:33.858 11741 11741 W ResourceType: No package identifier when getting name for resource number 0x00000019
09-22 04:28:33.858 11741 11741 W ResourceType: No package identifier when getting name for resource number 0x0000001a
09-22 04:28:33.858 11741 11741 W ResourceType: No package identifier when getting name for resource number 0x0000001b
09-22 04:28:33.858 11741 11741 W ResourceType: No package identifier when getting name for resource number 0x0000001c
09-22 04:28:33.858 11741 11741 W ResourceType: No package identifier when getting name for resource number 0x0000001d
09-22 04:28:33.858 11741 11741 W ResourceType: No package identifier when getting name for resource number 0x0000001e
09-22 04:28:33.858 11741 11741 W ResourceType: No package identifier when getting name for resource number 0x0000001f
09-22 04:28:33.858 11741 11741 W ResourceType: No package identifier when getting name for resource number 0x00000020
09-22 04:28:33.858 11741 11741 W ResourceType: No package identifier when getting name for resource number 0x00000001
09-22 04:28:33.858 11741 11741 W ResourceType: No package identifier when getting name for resource number 0x00000002
09-22 04:28:33.858 11741 11741 W ResourceType: No package identifier when getting name for resource number 0x00000003
09-22 04:28:33.858 11741 11741 W ResourceType: No package identifier when getting name for resource number 0x00000004
09-22 04:28:33.858 11741 11741 W ResourceType: No package identifier when getting name for resource number 0x00000005
09-22 04:28:33.858 11741 11741 W ResourceType: No package identifier when getting name for resource number 0x00000006
09-22 04:28:33.858 11741 11741 W ResourceType: No package identifier when getting name for resource number 0x00000007
09-22 04:28:33.858 11741 11741 W ResourceType: No package identifier when getting name for resource number 0x00000008
09-22 04:28:33.858 11741 11741 W ResourceType: No package identifier when getting name for resource number 0x00000009
09-22 04:28:33.858 11741 11741 W ResourceType: No package identifier when getting name for resource number 0x0000000a
09-22 04:28:33.858 11741 11741 W ResourceType: No package identifier when getting name for resource number 0x0000000b
09-22 04:28:33.858 11741 11741 W ResourceType: No package identifier when getting name for resource number 0x0000000c
09-22 04:28:33.858 11741 11741 W ResourceType: No package identifier when getting name for resource number 0x0000000d
09-22 04:28:33.858 11741 11741 W ResourceType: No package identifier when getting name for resource number 0x0000000e
09-22 04:28:33.858 11741 11741 W ResourceType: No package identifier when getting name for resource number 0x0000000f
09-22 04:28:33.858 11741 11741 W ResourceType: No package identifier when getting name for resource number 0x00000010
09-22 04:28:33.858 11741 11741 W ResourceType: No package identifier when getting name for resource number 0x00000011
09-22 04:28:33.858 11741 11741 W ResourceType: No package identifier when getting name for resource number 0x00000012
09-22 04:28:33.858 11741 11741 W ResourceType: No package identifier when getting name for resource number 0x00000013
09-22 04:28:34.008 11741 11741 W ResourceType: No package identifier when getting name for resource number 0x00000005
09-22 04:28:34.008 11741 11741 W ResourceType: No package identifier when getting name for resource number 0x00000006
09-22 04:28:34.008 11741 11741 W ResourceType: No package identifier when getting name for resource number 0x00000007
09-22 04:28:34.008 11741 11741 W ResourceType: No package identifier when getting name for resource number 0x00000008
09-22 04:28:34.008 11741 11741 W ResourceType: No package identifier when getting name for resource number 0x00000001
09-22 04:28:34.008 11741 11741 W ResourceType: No package identifier when getting name for resource number 0x00000002
09-22 04:28:34.008 11741 11741 W ResourceType: No package identifier when getting name for resource number 0x00000003
09-22 04:28:34.008 11741 11741 W ResourceType: No package identifier when getting name for resource number 0x00000004
09-22 04:28:34.018 11741 11741 W ResourceType: No package identifier when getting name for resource number 0x00000014
09-22 04:28:34.018 11741 11741 W ResourceType: No package identifier when getting name for resource number 0x00000015
09-22 04:28:34.018 11741 11741 W ResourceType: No package identifier when getting name for resource number 0x00000016
09-22 04:28:34.018 11741 11741 W ResourceType: No package identifier when getting name for resource number 0x00000017
09-22 04:28:34.018 11741 11741 W ResourceType: No package identifier when getting name for resource number 0x00000018
09-22 04:28:34.018 11741 11741 W ResourceType: No package identifier when getting name for resource number 0x00000019
09-22 04:28:34.018 11741 11741 W ResourceType: No package identifier when getting name for resource number 0x0000001a
09-22 04:28:34.018 11741 11741 W ResourceType: No package identifier when getting name for resource number 0x0000001b
09-22 04:28:34.018 11741 11741 W ResourceType: No package identifier when getting name for resource number 0x0000001c
09-22 04:28:34.018 11741 11741 W ResourceType: No package identifier when getting name for resource number 0x0000001d
09-22 04:28:34.018 11741 11741 W ResourceType: No package identifier when getting name for resource number 0x0000001e
09-22 04:28:34.018 11741 11741 W ResourceType: No package identifier when getting name for resource number 0x0000001f
09-22 04:28:34.018 11741 11741 W ResourceType: No package identifier when getting name for resource number 0x00000020
09-22 04:28:34.018 11741 11741 W ResourceType: No package identifier when getting name for resource number 0x00000001
09-22 04:28:34.018 11741 11741 W ResourceType: No package identifier when getting name for resource number 0x00000002
09-22 04:28:34.018 11741 11741 W ResourceType: No package identifier when getting name for resource number 0x00000003
09-22 04:28:34.018 11741 11741 W ResourceType: No package identifier when getting name for resource number 0x00000004
09-22 04:28:34.028 11741 11741 W ResourceType: No package identifier when getting name for resource number 0x00000005
09-22 04:28:34.028 11741 11741 W ResourceType: No package identifier when getting name for resource number 0x00000006
09-22 04:28:34.028 11741 11741 W ResourceType: No package identifier when getting name for resource number 0x00000007
09-22 04:28:34.028 11741 11741 W ResourceType: No package identifier when getting name for resource number 0x00000008
09-22 04:28:34.028 11741 11741 W ResourceType: No package identifier when getting name for resource number 0x00000009
09-22 04:28:34.028 11741 11741 W ResourceType: No package identifier when getting name for resource number 0x0000000a
09-22 04:28:34.028 11741 11741 W ResourceType: No package identifier when getting name for resource number 0x0000000b
09-22 04:28:34.028 11741 11741 W ResourceType: No package identifier when getting name for resource number 0x0000000c
09-22 04:28:34.028 11741 11741 W ResourceType: No package identifier when getting name for resource number 0x0000000d
09-22 04:28:34.028 11741 11741 W ResourceType: No package identifier when getting name for resource number 0x0000000e
09-22 04:28:34.028 11741 11741 W ResourceType: No package identifier when getting name for resource number 0x0000000f
09-22 04:28:34.028 11741 11741 W ResourceType: No package identifier when getting name for resource number 0x00000010
09-22 04:28:34.028 11741 11741 W ResourceType: No package identifier when getting name for resource number 0x00000011
09-22 04:28:34.028 11741 11741 W ResourceType: No package identifier when getting name for resource number 0x00000012
09-22 04:28:34.028 11741 11741 W ResourceType: No package identifier when getting name for resource number 0x00000013
09-22 04:28:45.938   663   663 W linker  : app_process has text relocations. This is wasting memory and is a security risk. Please fix.
09-22 04:28:46.108   663   663 W linker  : app_process has text relocations. This is wasting memory and is a security risk. Please fix.
09-22 04:28:46.128   663   663 D AndroidRuntime: 
09-22 04:28:46.128   663   663 D AndroidRuntime: >>>>>> AndroidRuntime START com.android.internal.os.RuntimeInit <<<<<<
09-22 04:28:46.128   663   663 D AndroidRuntime: CheckJNI is OFF
09-22 04:28:46.148   663   663 D dalvikvm: Trying to load lib libjavacore.so 0x0
09-22 04:28:46.148   663   663 D dalvikvm: Added shared lib libjavacore.so 0x0
09-22 04:28:46.158   663   663 D dalvikvm: Trying to load lib libnativehelper.so 0x0
09-22 04:28:46.158   663   663 D dalvikvm: Added shared lib libnativehelper.so 0x0
09-22 04:28:46.158   663   663 D dalvikvm: No JNI_OnLoad found in libnativehelper.so 0x0, skipping init
09-22 04:28:46.198   663   663 D dalvikvm: Note: class Landroid/app/ActivityManagerNative; has 179 unimplemented (abstract) methods
09-22 04:28:46.428   663   663 D AndroidRuntime: Calling main entry com.android.commands.am.Am
09-22 04:28:46.448 11483 11740 I ActivityManager: START u0 {act=android.intent.action.MAIN cat=[android.intent.category.LAUNCHER] flg=0x10000000 cmp=com.tp.android.curezombie2nd/.MaternityDoctor} from pid 663
09-22 04:28:46.528 11483 11740 D dalvikvm: GC_FOR_ALLOC freed 3800K, 33% free 28488K/42332K, paused 77ms, total 80ms
09-22 04:28:46.558 32602 32602 D dalvikvm: Trying to load lib /data/app-lib/com.tp.android.curezombie2nd-1/libgame.so 0x42f38920
09-22 04:28:46.558 32602 32602 W linker  : libgame.so has text relocations. This is wasting memory and is a security risk. Please fix.
09-22 04:28:46.608 32602 32602 D dalvikvm: Added shared lib /data/app-lib/com.tp.android.curezombie2nd-1/libgame.so 0x42f38920
09-22 04:28:46.608   663   663 D AndroidRuntime: Shutting down VM
09-22 04:28:46.608   663   688 D dalvikvm: GC_CONCURRENT freed 96K, 15% free 586K/684K, paused 1ms+0ms, total 3ms
09-22 04:28:46.658 32602 32602 D AnalyticsTrackerLog: [call] sdk initialize
09-22 04:28:46.658 32602 32602 V AnalyticsTrackerLog: [status] analytics sdk is initializing
09-22 04:28:46.658 32602 32602 V AnalyticsTrackerLog: ----########################----
09-22 04:28:46.658 32602 32602 D AnalyticsTrackerLog: [sdk instruction]
09-22 04:28:46.658 32602 32602 I AnalyticsTrackerLog: thanks for using Avatar analytics sdk!
09-22 04:28:46.658 32602 32602 I AnalyticsTrackerLog: sdk release page:
09-22 04:28:46.658 32602 32602 I AnalyticsTrackerLog: http://data.lenovomm.com/avatar/document.html
09-22 04:28:46.658 32602 32602 D AnalyticsTrackerLog: [log instruction]
09-22 04:28:46.658 32602 32602 I AnalyticsTrackerLog: [call] means you called the api
09-22 04:28:46.658 32602 32602 I AnalyticsTrackerLog: [status] report the analytics sdk status
09-22 04:28:46.658 32602 32602 I AnalyticsTrackerLog: [info] some useful info, for instance, the manifest config
09-22 04:28:46.658 32602 32602 I AnalyticsTrackerLog: [warning] attention please, which may cause the unexpected result
09-22 04:28:46.658 32602 32602 I AnalyticsTrackerLog: [error] something error happened, fix it
09-22 04:28:46.658 32602 32602 D AnalyticsTrackerLog: [debug instraction]
09-22 04:28:46.658 32602 32602 I AnalyticsTrackerLog: call api: showLog(true) , then you can watch the "AnalyticsTrackerLog" Tag for debug infomation.
09-22 04:28:46.658 32602 32602 I AnalyticsTrackerLog: you can see the detail log in lenovo office net without config "lenovo:customReaperServer" in manifest. please visit:
09-22 04:28:46.658 32602 32602 I AnalyticsTrackerLog: http://realtime.data.lenovomm.com/bugatti/
09-22 04:28:46.658 32602 32602 V AnalyticsTrackerLog: ----########################----
09-22 04:28:46.668 11565 11565 V PhoneStatusBar: setLightsOn(true)
09-22 04:28:46.678 32602 32602 I AnalyticsTrackerLog: [info] config: applicationToken=1605030262870.app.ln
09-22 04:28:46.678 32602 32602 I AnalyticsTrackerLog: [info] config: channel=All
09-22 04:28:46.678 32602 32602 I AnalyticsTrackerLog: [info] app: analytics sdk version= 3.2.6
09-22 04:28:46.678 32602 32602 I AnalyticsTrackerLog: [info] config: eventCacheSize=1
09-22 04:28:46.678 32602 32602 I AnalyticsTrackerLog: [info] config: isInitialEvent=false
09-22 04:28:46.678 32602 32602 I AnalyticsTrackerLog: [info] needSingleSend = 0
09-22 04:28:46.678 32602 32606 D dalvikvm: GC_CONCURRENT freed 245K, 2% free 17226K/17492K, paused 16ms+7ms, total 44ms
09-22 04:28:46.738 32602 32602 V AnalyticsTrackerLog: [status] initialize finished
09-22 04:28:46.748 32602 32602 E ReflectUtils: com.lenovo.reaper.AppInfoManager
09-22 04:28:46.748 32602 32602 D AnalyticsTrackerLog: [call] setAppToken: appToken=8XJXIS6U4902
09-22 04:28:46.748 32602 32602 I avatar  : Chance Avatar Init
09-22 04:28:46.748 32602 32602 I LeAD    : LeAD Version = 1.3.0 -- 5.3.5 -- 2.1
09-22 04:28:46.778 32602   727 I LeAD    : URI ==>  http://adapi.lenovomm.com/advertService/service/adxSelectionSvc?applicationname=Cure+Zombies+Now&packagename=com.tp.android.curezombie2nd&openappid=1605030262870.app.ln
09-22 04:28:46.798 32602 32602 D punchbox: com.chance.ads.internal.n: [main]  : publisherid:1605030262870.app.ln
09-22 04:28:46.798 32602 32602 D punchbox: com.chance.ads.internal.n: [main]  : initClient:com.chance.ads.internal.u@42f46730
09-22 04:28:46.798 32602 32602 D punchbox: CoCoAdSDK-PunchBoxClient: [main]  : getInstance
09-22 04:28:46.798 32602 32602 D punchbox: CoCoAdSDK-PunchBoxClient: [main]  : Construct PunchBoxClient
09-22 04:28:46.798 32602 32602 D punchbox: CoCoAdSDK-PunchBoxClient: [main]  : ============DUMP CONNECTION BEGIN===========
09-22 04:28:46.798 32602 32602 D punchbox: CoCoAdSDK-PunchBoxClient: [main]  : ============DUMP CONNECTION END============
09-22 04:28:46.798 32602 32602 D punchbox: CoCoAdSDK-PunchBoxClient: [main]  : ============DUMP CONNECTION BEGIN===========
09-22 04:28:46.798 32602 32602 D punchbox: CoCoAdSDK-PunchBoxClient: [main]  : ============DUMP CONNECTION END============
09-22 04:28:46.798 32602 32602 D punchbox: CoCoAd-ClientMsgCompare: [main]  : lhs and rhs has same PRI
09-22 04:28:46.798 32602 32602 D punchbox: CoCoAdSDK-PunchBoxClient: [main]  : initialize, object:com.chance.ads.internal.u@42f46730, sConnectionMap.size:0, sService:null
09-22 04:28:46.798 32602 32602 D punchbox: CoCoAdSDK-PunchBoxClient: [main]  : ============DUMP CONNECTION BEGIN===========
09-22 04:28:46.798 32602 32602 D punchbox: CoCoAdSDK-PunchBoxClient: [main]  : ============DUMP CONNECTION END============
09-22 04:28:46.808 32602 32602 D punchbox: CoCoAdSDK-PunchBoxClient: [main]  : Found a running service, bind to:com.tp.android.curezombie2nd
09-22 04:28:46.808 32602 32602 D punchbox: CoCoAdSDK-PunchBoxClient: [main]  : doBindService, packageName:com.tp.android.curezombie2nd
09-22 04:28:46.828 32602 32606 D dalvikvm: GC_CONCURRENT freed 383K, 3% free 17332K/17752K, paused 5ms+5ms, total 42ms
09-22 04:28:46.828 32602 32602 E CocoData_e: stream error
09-22 04:28:46.838 32602 32602 E CocoData_e: stream error
09-22 04:28:46.848 32602 32602 E CocoData_e: stream error
09-22 04:28:46.858 32602 32602 E CocoData_e: stream error
09-22 04:28:46.858 32602 32602 E CocoData_e: stream error
09-22 04:28:46.868 32602 32602 D punchbox: com.chance.ads.internal.n: [main]  : loadAd
09-22 04:28:46.878 32602   727 I LeAD    : result <--      --> {"intitial":"chance","native":"chance","status":"fail","applicationname":"Cure Zombies Now","packagename":"com.tp.android.curezombie2nd","failinfo":"openappid","interstitial":"chance","openappid":"1605030262870.app.ln","recommend":"chance","errcode":"2","banner":"chance"}
09-22 04:28:46.888 32602   748 D Crypto_Crypto: load ad library
09-22 04:28:46.888 32602   748 D dalvikvm: Trying to load lib /data/app-lib/com.tp.android.curezombie2nd-1/libad.so 0x42f38920
09-22 04:28:46.888 32602   748 D dalvikvm: Added shared lib /data/app-lib/com.tp.android.curezombie2nd-1/libad.so 0x42f38920
09-22 04:28:46.888 32602   748 D dalvikvm: No JNI_OnLoad found in /data/app-lib/com.tp.android.curezombie2nd-1/libad.so 0x42f38920, skipping init
09-22 04:28:46.888 32602 32602 E CocoData_e: stream error
09-22 04:28:46.888 32602 32602 D punchbox: CoCoAdSDK-PunchBoxClient: [main]  : getPreDownloadReadyAds
09-22 04:28:46.888 32602   748 I punchbox: RequestBase: [Thread-941]  : [[request]]:?uniqid=ffffffff-e5b8-5c35-0000-015ea435edc4&bt=e62fa3b3ab5a814eef803970005f3f06&dt=Android&os=Android&rm=bc%3A5f%3Af6%3A14%3A78%3A7e&rs=%22Craspedacusta%22&cvr=5.3.5&isp=&kst=44315065&net=1&ofl=0&osv=4.4.4&pid=1605030262870.app.ln&rnd=1506025726879&anid=b4bed78a2b47d384&asdk=1.0.0&imei=359250052441274&imsi=&sdkv=5.3.5&test=0&time=1506025726879&wmac=64899a35507d
09-22 04:28:46.888 32602   748 I punchbox: PunchBoxHttp: [Thread-941]  : [[request url]]:http://adconfig.lenovogame.com/chance/config?uniqid=ffffffff-e5b8-5c35-0000-015ea435edc4&bt=e62fa3b3ab5a814eef803970005f3f06&dt=Android&os=Android&rm=bc%3A5f%3Af6%3A14%3A78%3A7e&rs=%22Craspedacusta%22&cvr=5.3.5&isp=&kst=44315065&net=1&ofl=0&osv=4.4.4&pid=1605030262870.app.ln&rnd=1506025726879&anid=b4bed78a2b47d384&asdk=1.0.0&imei=359250052441274&imsi=&sdkv=5.3.5&test=0&time=1506025726879&wmac=64899a35507d
09-22 04:28:46.898 32602 32602 D punchbox: CoCoAdSDK-PunchBoxClient: [main]  : ============DUMP CONNECTION BEGIN===========
09-22 04:28:46.898 32602 32602 D punchbox: CoCoAdSDK-PunchBoxClient: [main]  : connection:com.chance.ads.internal.u@42f46730
09-22 04:28:46.898 32602 32602 D punchbox: CoCoAdSDK-PunchBoxClient: [main]  : ============DUMP CONNECTION END============
09-22 04:28:46.898 32602 32602 D punchbox: CoCoAd-ClientMsgCompare: [main]  : lhs and rhs has same PRI
09-22 04:28:46.908 32602   749 I punchbox: RequestBase: [loadad]  : [[request]]:?adtype=1&uniqid=ffffffff-e5b8-5c35-0000-015ea435edc4&isfailover=0&bt=949fb2417f83ebc2119dd58c56cb368f&cc=CN&dt=Android&jb=0&mt=&os=Android&rm=bc%3A5f%3Af6%3A14%3A78%3A7e&rs=%22Craspedacusta%22&ua=Mozilla%2F5.0+%28Linux%3B+Android+4.4.4%3B+Nexus+5+Build%2FKTU84P%29+AppleWebKit%2F537.36+%28KHTML%2C+like+Gecko%29+Version%2F4.0+Chrome%2F33.0.0.0+Mobile+Safari%2F537.36&cvr=5.3.5&den=480&err=0&evt=1&isp=&kst=44315067&lac=0&mcc=&mnc=&net=1&ofl=0&ori=1&osv=4.4.4&pid=1605030262870.app.ln&rnd=1506025726881&srh=1776&srw=1080&anid=b4bed78a2b47d384&appv=1.0.0&asdk=1.0.0&cell=0&errs=&imei=359250052441274&imsi=&lang=zh&sdkv=5.3.5&test=0&time=1506025726881&wmac=64899a35507d&brand=LGE&model=Nexus+5&hostpkg=com.tp.android.curezombie2nd
09-22 04:28:46.908 32602   749 I punchbox: PunchBoxHttp: [loadad]  : [[request url]]:http://adapi.lenovogame.com/core/url?adtype=1&uniqid=ffffffff-e5b8-5c35-0000-015ea435edc4&isfailover=0&bt=949fb2417f83ebc2119dd58c56cb368f&cc=CN&dt=Android&jb=0&mt=&os=Android&rm=bc%3A5f%3Af6%3A14%3A78%3A7e&rs=%22Craspedacusta%22&ua=Mozilla%2F5.0+%28Linux%3B+Android+4.4.4%3B+Nexus+5+Build%2FKTU84P%29+AppleWebKit%2F537.36+%28KHTML%2C+like+Gecko%29+Version%2F4.0+Chrome%2F33.0.0.0+Mobile+Safari%2F537.36&cvr=5.3.5&den=480&err=0&evt=1&isp=&kst=44315067&lac=0&mcc=&mnc=&net=1&ofl=0&ori=1&osv=4.4.4&pid=1605030262870.app.ln&rnd=1506025726881&srh=1776&srw=1080&anid=b4bed78a2b47d384&appv=1.0.0&asdk=1.0.0&cell=0&errs=&imei=359250052441274&imsi=&lang=zh&sdkv=5.3.5&test=0&time=1506025726881&wmac=64899a35507d&brand=LGE&model=Nexus+5&hostpkg=com.tp.android.curezombie2nd
09-22 04:28:46.918 32602   749 D punchbox: b [loadad] [a -1] | PunchBoxHttp mContext =com.chance.engine.ChanceAdService@42f39bb0
09-22 04:28:46.918 32602   749 I punchbox: PunchBoxHttp: [loadad]  : [String.class]
09-22 04:28:46.918 32602   748 D punchbox: b [Thread-941] [a -1] | PunchBoxHttp mContext =com.chance.engine.ChanceAdService@42f39bb0
09-22 04:28:46.918 32602   748 I punchbox: PunchBoxHttp: [Thread-941]  : [String.class]
09-22 04:28:46.978 32602 32606 D dalvikvm: GC_CONCURRENT freed 364K, 3% free 17479K/17876K, paused 2ms+6ms, total 32ms
09-22 04:28:46.978 32602   766 D dalvikvm: WAIT_FOR_CONCURRENT_GC blocked 27ms
09-22 04:28:46.988 32602 32602 D dalvikvm: WAIT_FOR_CONCURRENT_GC blocked 27ms
09-22 04:28:46.988 32602   749 D dalvikvm: WAIT_FOR_CONCURRENT_GC blocked 21ms
09-22 04:28:46.988 32602   748 D dalvikvm: WAIT_FOR_CONCURRENT_GC blocked 21ms
09-22 04:28:46.988 32602   766 W GooglePlayServicesUtil: Google Play services out of date.  Requires 6171000 but found 4323038
09-22 04:28:46.998 32602   766 E GooglePlayServicesUtil: GooglePlayServices not available due to error 2
09-22 04:28:47.028 32602   748 D punchbox: PunchBoxHttp: [Thread-941]  : http response code = 404
09-22 04:28:47.028 32602   748 W System.err: [PBException]  errorCode:2001
09-22 04:28:47.028 32602   748 W System.err: 	at com.chance.v4.f.b.c(Unknown Source)
09-22 04:28:47.028 32602   748 W System.err: 	at com.chance.v4.f.b.a(Unknown Source)
09-22 04:28:47.028 32602   748 W System.err: 	at com.chance.v4.f.b.a(Unknown Source)
09-22 04:28:47.028 32602   748 W System.err: 	at com.chance.v4.c.d.run(Unknown Source)
09-22 04:28:47.028 32602   748 E punchbox: PunchBoxHttp: [Thread-941]  : null
09-22 04:28:47.028 32602   748 W System.err: [PBException]  errorCode:2001
09-22 04:28:47.028 32602   748 W System.err: 	at com.chance.v4.f.b.c(Unknown Source)
09-22 04:28:47.028 32602   748 W System.err: 	at com.chance.v4.f.b.a(Unknown Source)
09-22 04:28:47.028 32602   748 W System.err: 	at com.chance.v4.f.b.a(Unknown Source)
09-22 04:28:47.028 32602   748 W System.err: 	at com.chance.v4.c.d.run(Unknown Source)
09-22 04:28:47.088 32602 32606 D dalvikvm: GC_CONCURRENT freed 220K, 2% free 17664K/17920K, paused 3ms+6ms, total 24ms
09-22 04:28:47.108 32602 32602 W GooglePlayServicesUtil: Google Play services out of date.  Requires 6171000 but found 4323038
09-22 04:28:47.128 32602   783 D dalvikvm: DexOpt: --- BEGIN 'ads130314809.jar' (bootstrap=0) ---
09-22 04:28:47.148 32602 32602 W GooglePlayServicesUtil: Google Play services out of date.  Requires 6171000 but found 4323038
09-22 04:28:47.158 32602 32602 I Ads     : Starting ad request.
09-22 04:28:47.158 32602 32602 I Ads     : Use AdRequest.Builder.addTestDevice("72F7106F567BB73E414F278D62816824") to get test ads on this device.
09-22 04:28:47.158 32602 32602 I Ads     : Please set theme of AdActivity to @android:style/Theme.Translucent to enable transparent background interstitial ad.
09-22 04:28:47.178 32602 32606 D dalvikvm: GC_CONCURRENT freed 234K, 2% free 17975K/18208K, paused 5ms+2ms, total 35ms
09-22 04:28:47.218   785   785 D dalvikvm: DexOpt: load 4ms, verify+opt 9ms, 175996 bytes
09-22 04:28:47.238 32602 32602 D FlurryAgent: Initializing Flurry session
09-22 04:28:47.238 32602   783 D dalvikvm: DexOpt: --- END 'ads130314809.jar' (success) ---
09-22 04:28:47.238 32602   783 D dalvikvm: DEX prep '/data/data/com.tp.android.curezombie2nd/cache/ads130314809.jar': unzip in 2ms, rewrite 110ms
09-22 04:28:47.238 32602 32602 D FlurryAgent: New session
09-22 04:28:47.238 32602 32602 D FlurryAgent: Initializing AppCircle
09-22 04:28:47.248 32602 32602 D FlurryAgent: AppCircle initialized
09-22 04:28:47.268 32602 32606 D dalvikvm: GC_CONCURRENT freed 249K, 2% free 18236K/18520K, paused 4ms+3ms, total 40ms
09-22 04:28:47.268 32602 32602 D dalvikvm: WAIT_FOR_CONCURRENT_GC blocked 19ms
09-22 04:28:47.278 32602   789 D dalvikvm: WAIT_FOR_CONCURRENT_GC blocked 21ms
09-22 04:28:47.278 32602   789 W Settings: Setting android_id has moved from android.provider.Settings.System to android.provider.Settings.Secure, returning read-only value.
09-22 04:28:47.278 32602   789 I FlurryAgent: loading persistent data: /data/data/com.tp.android.curezombie2nd/files/.flurryagent.3f212fba
09-22 04:28:47.278 32602   789 D FlurryAgent: Loading API key: ****************MJ8J
09-22 04:28:47.278 32602   783 D dalvikvm: WAIT_FOR_CONCURRENT_GC blocked 24ms
09-22 04:28:47.278 32602   769 D dalvikvm: WAIT_FOR_CONCURRENT_GC blocked 26ms
09-22 04:28:47.278 32602   788 D dalvikvm: WAIT_FOR_CONCURRENT_GC blocked 23ms
09-22 04:28:47.288 32602   789 D FlurryAgent: Loading session reports
09-22 04:28:47.288 32602   789 D FlurryAgent: Persistent file loaded
09-22 04:28:47.308 32602   789 I FlurryAgent: cache file does not exist, path=/data/data/com.tp.android.curezombie2nd/files/.flurryappcircle.3f212fba
09-22 04:28:47.308 32602   789 D FlurryAgent: generating report
09-22 04:28:47.308 32602   789 D FlurryAgent: Sending report to: http://data.flurry.com/aap.do
09-22 04:28:47.348 32602   749 D punchbox: PunchBoxHttp: [loadad]  : [PunchBoxHttp]:: getReturn
09-22 04:28:47.348 32602   749 D punchbox: PunchBoxHttp: [loadad]  : isResponseGzip = true
09-22 04:28:47.348 32602   749 D punchbox: HttpTask: [loadad]  :  use GZIPInputStream
09-22 04:28:47.378 32602 32606 D dalvikvm: GC_CONCURRENT freed 303K, 2% free 18489K/18784K, paused 3ms+4ms, total 34ms
09-22 04:28:47.378 32602   749 D dalvikvm: WAIT_FOR_CONCURRENT_GC blocked 4ms
09-22 04:28:47.378 32602   789 D dalvikvm: WAIT_FOR_CONCURRENT_GC blocked 4ms
09-22 04:28:47.378 32602 32602 D dalvikvm: WAIT_FOR_CONCURRENT_GC blocked 4ms
09-22 04:28:47.438 32602   749 D dalvikvm: GC_FOR_ALLOC freed 443K, 3% free 18590K/19080K, paused 25ms, total 25ms
09-22 04:28:47.438 32602   749 D punchbox: HttpTask: [loadad]  : getJsonStringFromGZIP net output : {"result":true,"err":0,"ver":"1.0","plpd":0,"size":"640x100","cstatus":"1","domain":"http://res.lenovogame.com","datas":[{"type":"1","ad":"appid=1605030262870.app.ln&sid=4a6eb823-e053-435b-83f1-6b783bb5f0a7&adid=4023&adowner=4023&thrdprt=1","body":"    <!DOCTYPE html>\r\n<head>\r\n<script type=\"text/javascript\">document.ontouchmove = function(e){ e.preventDefault(); } </script>\r\n<meta content=\"text/html; charset=utf-8\" http-equiv=\"Content-Type\" />\r\n<meta http-equiv=\"expires\" content=\"Sunday 26 October 2008 01:00 GMT\" />\r\n<meta http-equiv=\"Cache-Control\" content=\"no-cache\"/>\r\n<meta name=\"viewport\" content=\"user-scalable=no,minimum-scale=1.0,maximum-scale=1.0,target-densitydpi=medium-dpi\"/>\r\n<style type=\"text/css\">\r\n    body{ margin:0; padding:0; display:-webkit-box;display:box; -webkit-box-orient:vertical; box-orient:vertical; }\r\n    body,div,span,a,img{ margin:0; padding:0; border:0 none; }\r\n    a,img{ text-decoration:none; color:#157efb; -webkit-user-select: none;-moz-user-select: none; -o-user-select: none; }\r\n    a,button{-webkit-appearance:none;-moz-appearance:none;}\r\n    a:hover,button:hover,span:hover,div:hover{-webkit-tap-highlight-color:transparent;}\r\n    a::-webkit-focus-inner,button::-webkit-focus-inner,span::-webkit-focus-inner,div::-webkit-focus-inner{ background-color:rgba(0,0,0,0); -webkit-tap-highlight-color:rgba(0,0,0,0); }\r\n\r\n    img{ width:100%; height:auto; }\r\n    #adbanner{ position:relative; height:100%; width:100%; overflow:hidden; font-size:0px; }\r\n    #mask{ position:fixed; width:100%; height:100%; z-index:28; }\r\n    #button_rb{ display:block; position:absolute; right:35px; top:0px; z-index:27; width:60px; height:60px; background: url(\"http://res.lenovogame.com/banner/img/btn_ensure.png\") no-repeat center; -webkit-background-size:100%; background-size:100%; }\r\n    #adbanner #button_rb{ width:50px; height:50px; }\r\n    \r\n    #ensure{ position:fixed; width:100%; height:100%; z-index:29; background-color:rgba(0, 0, 0, .7); display:none; }\r\n    .button_down{ position:absolute; z-index:30; bottom:1%; left:50%; width:268px; height:123px; line-height:70px; margin:0 0 0 -200px; text-decoration:none; background:url(http://res.lenovogame.com/banner/img/banner_ui.png) no-repeat -16px -65px; background-size:542px 200px;}\r\n    .button_cancel{ position:absolute; z-index:30; bottom:1%; left:50%; width:133px; height:123px; line-height:70px; margin:0 0 0 70px; text-decoration:none; background:url(http://res.lenovogame.com/banner/img/banner_ui.png) no-repeat -311px -65px; background-size:542px 200px;}\r\n    .button_down,.button_cancel{ background-image:url(http://res.lenovogame.com/banner/img/banner_ui.png?v=20140310); zoom:0.5; }\r\n\r\n    #moregame{ display:none; position: absolute; z-index:28; right:0; width:20px; height:100%; line-height:14px; background:#fd6500; text-align:right; color:#FFF; text-decoration:none; padding:5px 10px 10px 5px; font-size:12px; }\r\n    #adbanner #moregame{ font-size:12px; padding:2px 10px 10px 5px; }\r\n    #testmask{ position:fixed; left:0; top:0; width:74px; height:42px; z-index:99; background:url(http://res.lenovogame.com/banner/img/banner_ui.png) no-repeat 0 0 ; color:#333; text-align:center; display:none; zoom:0.5;  }\r\n    .logo{ position:absolute; bottom:0; left:0; z-index:99; max-width: 100px;\r\n  max-height: 35px; margin-top:-19px; zoom:0.68; }\r\n</style>\r\n</head>\r\n<body>\r\n<div id=\"debug\" style=\"width:200px;font-size:26px;position:absolute;z-index:99;left:0;top:0;\"></div> \r\n<script>\r\nvar TOUCHSWITCH=\"0\";\r\nvar NEEDDETAIL=\"\";\r\nvar NEEDDOWNLOAD = false;\r\nvar CLICKTYPE = 'click';\r\nif(TOUCHSWITCH==1){\r\n    CLICKTYPE = 'touchstart'; \r\n} \r\nvar init_fn_array = [],ORD_BANNER = false,TEXT_BANNER = false,COL_BANNER = false;\r\nvar cfm = -1, drt = 0,evt=10,NETWORKTYPE='wifi';\r\nvar winW = window.innerWidth,winH = window.innerHeight;\r\nvar ADCLICKEFFECT = 1;//\r\nvar SDKV = \"5.
09-22 04:28:47.448 32602   749 I punchbox: com.chance.ads.internal.av: [loadad]  : [[response]]:{"result":true,"err":0,"ver":"1.0","plpd":0,"size":"640x100","cstatus":"1","domain":"http://res.lenovogame.com","datas":[{"type":"1","ad":"appid=1605030262870.app.ln&sid=4a6eb823-e053-435b-83f1-6b783bb5f0a7&adid=4023&adowner=4023&thrdprt=1","body":"    <!DOCTYPE html>\r\n<head>\r\n<script type=\"text/javascript\">document.ontouchmove = function(e){ e.preventDefault(); } </script>\r\n<meta content=\"text/html; charset=utf-8\" http-equiv=\"Content-Type\" />\r\n<meta http-equiv=\"expires\" content=\"Sunday 26 October 2008 01:00 GMT\" />\r\n<meta http-equiv=\"Cache-Control\" content=\"no-cache\"/>\r\n<meta name=\"viewport\" content=\"user-scalable=no,minimum-scale=1.0,maximum-scale=1.0,target-densitydpi=medium-dpi\"/>\r\n<style type=\"text/css\">\r\n    body{ margin:0; padding:0; display:-webkit-box;display:box; -webkit-box-orient:vertical; box-orient:vertical; }\r\n    body,div,span,a,img{ margin:0; padding:0; border:0 none; }\r\n    a,img{ text-decoration:none; color:#157efb; -webkit-user-select: none;-moz-user-select: none; -o-user-select: none; }\r\n    a,button{-webkit-appearance:none;-moz-appearance:none;}\r\n    a:hover,button:hover,span:hover,div:hover{-webkit-tap-highlight-color:transparent;}\r\n    a::-webkit-focus-inner,button::-webkit-focus-inner,span::-webkit-focus-inner,div::-webkit-focus-inner{ background-color:rgba(0,0,0,0); -webkit-tap-highlight-color:rgba(0,0,0,0); }\r\n\r\n    img{ width:100%; height:auto; }\r\n    #adbanner{ position:relative; height:100%; width:100%; overflow:hidden; font-size:0px; }\r\n    #mask{ position:fixed; width:100%; height:100%; z-index:28; }\r\n    #button_rb{ display:block; position:absolute; right:35px; top:0px; z-index:27; width:60px; height:60px; background: url(\"http://res.lenovogame.com/banner/img/btn_ensure.png\") no-repeat center; -webkit-background-size:100%; background-size:100%; }\r\n    #adbanner #button_rb{ width:50px; height:50px; }\r\n    \r\n    #ensure{ position:fixed; width:100%; height:100%; z-index:29; background-color:rgba(0, 0, 0, .7); display:none; }\r\n    .button_down{ position:absolute; z-index:30; bottom:1%; left:50%; width:268px; height:123px; line-height:70px; margin:0 0 0 -200px; text-decoration:none; background:url(http://res.lenovogame.com/banner/img/banner_ui.png) no-repeat -16px -65px; background-size:542px 200px;}\r\n    .button_cancel{ position:absolute; z-index:30; bottom:1%; left:50%; width:133px; height:123px; line-height:70px; margin:0 0 0 70px; text-decoration:none; background:url(http://res.lenovogame.com/banner/img/banner_ui.png) no-repeat -311px -65px; background-size:542px 200px;}\r\n    .button_down,.button_cancel{ background-image:url(http://res.lenovogame.com/banner/img/banner_ui.png?v=20140310); zoom:0.5; }\r\n\r\n    #moregame{ display:none; position: absolute; z-index:28; right:0; width:20px; height:100%; line-height:14px; background:#fd6500; text-align:right; color:#FFF; text-decoration:none; padding:5px 10px 10px 5px; font-size:12px; }\r\n    #adbanner #moregame{ font-size:12px; padding:2px 10px 10px 5px; }\r\n    #testmask{ position:fixed; left:0; top:0; width:74px; height:42px; z-index:99; background:url(http://res.lenovogame.com/banner/img/banner_ui.png) no-repeat 0 0 ; color:#333; text-align:center; display:none; zoom:0.5;  }\r\n    .logo{ position:absolute; bottom:0; left:0; z-index:99; max-width: 100px;\r\n  max-height: 35px; margin-top:-19px; zoom:0.68; }\r\n</style>\r\n</head>\r\n<body>\r\n<div id=\"debug\" style=\"width:200px;font-size:26px;position:absolute;z-index:99;left:0;top:0;\"></div> \r\n<script>\r\nvar TOUCHSWITCH=\"0\";\r\nvar NEEDDETAIL=\"\";\r\nvar NEEDDOWNLOAD = false;\r\nvar CLICKTYPE = 'click';\r\nif(TOUCHSWITCH==1){\r\n    CLICKTYPE = 'touchstart'; \r\n} \r\nvar init_fn_array = [],ORD_BANNER = false,TEXT_BANNER = false,COL_BANNER = false;\r\nvar cfm = -1, drt = 0,evt=10,NETWORKTYPE='wifi';\r\nvar winW = window.innerWidth,winH = window.innerHeight;\r\nvar ADCLICKEFFECT = 1;//\r\nvar SDKV = \"5.3.5\
09-22 04:28:47.468 32602 32602 D GATag   : tApp id = UA-56476875-32
09-22 04:28:47.478 32602 32606 D dalvikvm: GC_CONCURRENT freed 241K, 3% free 18730K/19236K, paused 3ms+2ms, total 34ms
09-22 04:28:47.478 32602   769 D dalvikvm: WAIT_FOR_CONCURRENT_GC blocked 31ms
09-22 04:28:47.478 32602   749 D dalvikvm: WAIT_FOR_CONCURRENT_GC blocked 10ms
09-22 04:28:47.498 32602   769 D dalvikvm: GC_FOR_ALLOC freed 191K, 4% free 18717K/19364K, paused 24ms, total 25ms
09-22 04:28:47.508 32602   769 I dalvikvm-heap: Grow heap (frag case) to 18.412MB for 107917-byte allocation
09-22 04:28:47.528 32602   749 D dalvikvm: GC_FOR_ALLOC freed 1K, 4% free 18821K/19472K, paused 23ms, total 23ms
09-22 04:28:47.558 32602   769 D dalvikvm: GC_FOR_ALLOC freed 320K, 5% free 18678K/19472K, paused 22ms, total 23ms
09-22 04:28:47.598 32602   769 D dalvikvm: GC_FOR_ALLOC freed 331K, 4% free 18803K/19472K, paused 22ms, total 22ms
09-22 04:28:47.608 32602   829 I dalvikvm: Could not find method android.content.Context.checkSelfPermission, referenced from method u.aly.bt.a
09-22 04:28:47.608 32602   829 W dalvikvm: VFY: unable to resolve virtual method 390: Landroid/content/Context;.checkSelfPermission (Ljava/lang/String;)I
09-22 04:28:47.608 32602   829 D dalvikvm: VFY: replacing opcode 0x6e at 0x0008
09-22 04:28:47.608 32602 32602 I lizgh   : openAppID=1605030262870.app.ln
09-22 04:28:47.608 32602 32602 D punchbox: com.chance.ads.internal.n: [main]  : initClient:com.chance.ads.internal.ar@430ea390
09-22 04:28:47.608 32602 32602 D punchbox: CoCoAdSDK-PunchBoxClient: [main]  : getInstance
09-22 04:28:47.608 32602 32602 D punchbox: CoCoAdSDK-PunchBoxClient: [main]  : initialize, object:com.chance.ads.internal.ar@430ea390, sConnectionMap.size:1, sService:null
09-22 04:28:47.608 32602 32602 D punchbox: CoCoAdSDK-PunchBoxClient: [main]  : ============DUMP CONNECTION BEGIN===========
09-22 04:28:47.608 32602 32602 D punchbox: CoCoAdSDK-PunchBoxClient: [main]  : connection:com.chance.ads.internal.u@42f46730
09-22 04:28:47.608 32602 32602 D punchbox: CoCoAdSDK-PunchBoxClient: [main]  : ============DUMP CONNECTION END============
09-22 04:28:47.608 32602 32602 D punchbox: com.chance.ads.internal.n: [main]  : loadAd
09-22 04:28:47.618 32602 32602 E CocoData_e: stream error
09-22 04:28:47.628 32602   830 I punchbox: RequestBase: [loadad]  : [[request]]:?adtype=2&uniqid=ffffffff-e5b8-5c35-0000-015ea435edc4&isfailover=0&bt=bfe273c82a80cb717c95309445f44343&cc=CN&dt=Android&jb=0&mt=&os=Android&rm=bc%3A5f%3Af6%3A14%3A78%3A7e&rs=%22Craspedacusta%22&ua=Mozilla%2F5.0+%28Linux%3B+Android+4.4.4%3B+Nexus+5+Build%2FKTU84P%29+AppleWebKit%2F537.36+%28KHTML%2C+like+Gecko%29+Version%2F4.0+Chrome%2F33.0.0.0+Mobile+Safari%2F537.36&cvr=5.3.5&den=480&err=0&evt=1&isp=&kst=44315804&lac=0&mcc=&mnc=&net=1&ofl=0&ori=1&osv=4.4.4&pid=1605030262870.app.ln&rnd=1506025727617&srh=1776&srw=1080&anid=b4bed78a2b47d384&appv=1.0.0&asdk=1.0.0&cell=0&errs=&imei=359250052441274&imsi=&lang=zh&sdkv=5.3.5&test=0&time=1506025727617&wmac=64899a35507d&brand=LGE&model=Nexus+5&isfullscreen=0&hostpkg=com.tp.android.curezombie2nd
