--------- beginning of /dev/log/main
09-22 04:22:20.658 27695 27695 W linker  : app_process has text relocations. This is wasting memory and is a security risk. Please fix.
09-22 04:22:20.808 27695 27695 W linker  : app_process has text relocations. This is wasting memory and is a security risk. Please fix.
09-22 04:22:20.828 27695 27695 D AndroidRuntime: 
09-22 04:22:20.828 27695 27695 D AndroidRuntime: >>>>>> AndroidRuntime START com.android.internal.os.RuntimeInit <<<<<<
09-22 04:22:20.828 27695 27695 D AndroidRuntime: CheckJNI is OFF
09-22 04:22:20.838 27695 27695 D dalvikvm: Trying to load lib libjavacore.so 0x0
09-22 04:22:20.848 27695 27695 D dalvikvm: Added shared lib libjavacore.so 0x0
09-22 04:22:20.848 27695 27695 D dalvikvm: Trying to load lib libnativehelper.so 0x0
09-22 04:22:20.848 27695 27695 D dalvikvm: Added shared lib libnativehelper.so 0x0
09-22 04:22:20.848 27695 27695 D dalvikvm: No JNI_OnLoad found in libnativehelper.so 0x0, skipping init
09-22 04:22:20.888 27695 27695 D dalvikvm: Note: class Landroid/app/ActivityManagerNative; has 179 unimplemented (abstract) methods
09-22 04:22:21.108 27695 27695 D AndroidRuntime: Calling main entry com.android.commands.input.Input
09-22 04:22:21.108 27695 27695 I Input   : injectKeyEvent: KeyEvent { action=ACTION_DOWN, keyCode=KEYCODE_MENU, scanCode=0, metaState=0, flags=0x0, repeatCount=0, eventTime=42729427, downTime=42729427, deviceId=-1, source=0x101 }
09-22 04:22:21.148 27695 27695 I Input   : injectKeyEvent: KeyEvent { action=ACTION_UP, keyCode=KEYCODE_MENU, scanCode=0, metaState=0, flags=0x0, repeatCount=0, eventTime=42729427, downTime=42729427, deviceId=-1, source=0x101 }
09-22 04:22:21.218 11741 11745 D dalvikvm: GC_CONCURRENT freed 3677K, 13% free 27527K/31500K, paused 3ms+4ms, total 59ms
09-22 04:22:21.258 27695 27695 D AndroidRuntime: Shutting down VM
09-22 04:22:21.258 27695 27703 D dalvikvm: GC_CONCURRENT freed 98K, 16% free 563K/664K, paused 0ms+0ms, total 2ms
09-22 04:22:21.418  2899  2923 D dalvikvm: GC_FOR_ALLOC freed 1995K, 10% free 24747K/27372K, paused 72ms, total 72ms
09-22 04:22:21.668 27729 27729 W linker  : app_process has text relocations. This is wasting memory and is a security risk. Please fix.
09-22 04:22:21.718  2899  2923 D dalvikvm: GC_FOR_ALLOC freed 1570K, 10% free 24709K/27444K, paused 154ms, total 155ms
09-22 04:22:21.808 27729 27729 W linker  : app_process has text relocations. This is wasting memory and is a security risk. Please fix.
09-22 04:22:21.828 27729 27729 D AndroidRuntime: 
09-22 04:22:21.828 27729 27729 D AndroidRuntime: >>>>>> AndroidRuntime START com.android.internal.os.RuntimeInit <<<<<<
09-22 04:22:21.828 27729 27729 D AndroidRuntime: CheckJNI is OFF
09-22 04:22:21.838 27729 27729 D dalvikvm: Trying to load lib libjavacore.so 0x0
09-22 04:22:21.848 27729 27729 D dalvikvm: Added shared lib libjavacore.so 0x0
09-22 04:22:21.848 27729 27729 D dalvikvm: Trying to load lib libnativehelper.so 0x0
09-22 04:22:21.848 27729 27729 D dalvikvm: Added shared lib libnativehelper.so 0x0
09-22 04:22:21.848 27729 27729 D dalvikvm: No JNI_OnLoad found in libnativehelper.so 0x0, skipping init
09-22 04:22:21.888 27729 27729 D dalvikvm: Note: class Landroid/app/ActivityManagerNative; has 179 unimplemented (abstract) methods
09-22 04:22:22.118 27729 27729 D AndroidRuntime: Calling main entry com.android.commands.input.Input
09-22 04:22:22.118 27729 27729 I Input   : injectKeyEvent: KeyEvent { action=ACTION_DOWN, keyCode=KEYCODE_BACK, scanCode=0, metaState=0, flags=0x0, repeatCount=0, eventTime=42730433, downTime=42730433, deviceId=-1, source=0x101 }
09-22 04:22:22.128 27729 27729 I Input   : injectKeyEvent: KeyEvent { action=ACTION_UP, keyCode=KEYCODE_BACK, scanCode=0, metaState=0, flags=0x0, repeatCount=0, eventTime=42730433, downTime=42730433, deviceId=-1, source=0x101 }
09-22 04:22:22.138 11901 11901 W Sidekick_LocationOracleImpl: Best location was null
09-22 04:22:22.168 27729 27729 D AndroidRuntime: Shutting down VM
09-22 04:22:22.168 27729 27737 D dalvikvm: GC_CONCURRENT freed 98K, 16% free 563K/664K, paused 0ms+0ms, total 2ms
09-22 04:22:22.198 12004 12015 W GCoreFlp: No location to return for getLastLocation()
09-22 04:22:22.228 12004 12019 W GCoreFlp: No location to return for getLastLocation()
09-22 04:22:22.458  2899  2923 D dalvikvm: GC_FOR_ALLOC freed 1708K, 10% free 24724K/27444K, paused 88ms, total 88ms
09-22 04:22:22.568 27765 27765 W linker  : app_process has text relocations. This is wasting memory and is a security risk. Please fix.
09-22 04:22:22.678  2899  2923 D dalvikvm: GC_FOR_ALLOC freed 1766K, 10% free 24727K/27444K, paused 79ms, total 79ms
09-22 04:22:22.718 27765 27765 W linker  : app_process has text relocations. This is wasting memory and is a security risk. Please fix.
09-22 04:22:22.728 27765 27765 D AndroidRuntime: 
09-22 04:22:22.728 27765 27765 D AndroidRuntime: >>>>>> AndroidRuntime START com.android.internal.os.RuntimeInit <<<<<<
09-22 04:22:22.728 27765 27765 D AndroidRuntime: CheckJNI is OFF
09-22 04:22:22.748 27765 27765 D dalvikvm: Trying to load lib libjavacore.so 0x0
09-22 04:22:22.748 27765 27765 D dalvikvm: Added shared lib libjavacore.so 0x0
09-22 04:22:22.748 27765 27765 D dalvikvm: Trying to load lib libnativehelper.so 0x0
09-22 04:22:22.748 27765 27765 D dalvikvm: Added shared lib libnativehelper.so 0x0
09-22 04:22:22.748 27765 27765 D dalvikvm: No JNI_OnLoad found in libnativehelper.so 0x0, skipping init
09-22 04:22:22.788 27765 27765 D dalvikvm: Note: class Landroid/app/ActivityManagerNative; has 179 unimplemented (abstract) methods
09-22 04:22:22.918  2899  2923 D dalvikvm: GC_FOR_ALLOC freed 1625K, 10% free 24755K/27444K, paused 83ms, total 84ms
09-22 04:22:23.058 27765 27765 D AndroidRuntime: Calling main entry com.android.commands.pm.Pm
09-22 04:22:23.148 27765 27765 D AndroidRuntime: Shutting down VM
09-22 04:22:23.148 27765 27777 D dalvikvm: GC_CONCURRENT freed 253K, 32% free 567K/824K, paused 0ms+0ms, total 3ms
09-22 04:22:23.598 27791 27791 W linker  : app_process has text relocations. This is wasting memory and is a security risk. Please fix.
09-22 04:22:23.808 27791 27791 W linker  : app_process has text relocations. This is wasting memory and is a security risk. Please fix.
09-22 04:22:23.828 27791 27791 D AndroidRuntime: 
09-22 04:22:23.828 27791 27791 D AndroidRuntime: >>>>>> AndroidRuntime START com.android.internal.os.RuntimeInit <<<<<<
09-22 04:22:23.828 27791 27791 D AndroidRuntime: CheckJNI is OFF
09-22 04:22:23.858 27791 27791 D dalvikvm: Trying to load lib libjavacore.so 0x0
09-22 04:22:23.858 27791 27791 D dalvikvm: Added shared lib libjavacore.so 0x0
09-22 04:22:23.868 27791 27791 D dalvikvm: Trying to load lib libnativehelper.so 0x0
09-22 04:22:23.868 27791 27791 D dalvikvm: Added shared lib libnativehelper.so 0x0
09-22 04:22:23.868 27791 27791 D dalvikvm: No JNI_OnLoad found in libnativehelper.so 0x0, skipping init
09-22 04:22:23.918 27791 27791 D dalvikvm: Note: class Landroid/app/ActivityManagerNative; has 179 unimplemented (abstract) methods
09-22 04:22:24.258 27791 27791 D AndroidRuntime: Calling main entry com.android.commands.pm.Pm
09-22 04:22:24.338 27791 27791 D AndroidRuntime: Shutting down VM
09-22 04:22:24.348 27791 27796 D dalvikvm: GC_CONCURRENT freed 253K, 32% free 567K/824K, paused 0ms+0ms, total 3ms
09-22 04:22:26.718 12329 12333 D dalvikvm: GC_CONCURRENT freed 454K, 4% free 17607K/18224K, paused 3ms+2ms, total 20ms
09-22 04:22:26.788 27836 27836 W linker  : app_process has text relocations. This is wasting memory and is a security risk. Please fix.
09-22 04:22:26.858 12329 12329 D Finsky  : [1] 5.onFinished: Installation state replication succeeded.
09-22 04:22:26.928 27836 27836 W linker  : app_process has text relocations. This is wasting memory and is a security risk. Please fix.
09-22 04:22:26.948 27836 27836 D AndroidRuntime: 
09-22 04:22:26.948 27836 27836 D AndroidRuntime: >>>>>> AndroidRuntime START com.android.internal.os.RuntimeInit <<<<<<
09-22 04:22:26.948 27836 27836 D AndroidRuntime: CheckJNI is OFF
09-22 04:22:26.958 27836 27836 D dalvikvm: Trying to load lib libjavacore.so 0x0
09-22 04:22:26.968 27836 27836 D dalvikvm: Added shared lib libjavacore.so 0x0
09-22 04:22:26.968 27836 27836 D dalvikvm: Trying to load lib libnativehelper.so 0x0
09-22 04:22:26.968 27836 27836 D dalvikvm: Added shared lib libnativehelper.so 0x0
09-22 04:22:26.968 27836 27836 D dalvikvm: No JNI_OnLoad found in libnativehelper.so 0x0, skipping init
09-22 04:22:27.008 27836 27836 D dalvikvm: Note: class Landroid/app/ActivityManagerNative; has 179 unimplemented (abstract) methods
09-22 04:22:27.238 27836 27836 D AndroidRuntime: Calling main entry com.android.commands.pm.Pm
09-22 04:22:27.328 27836 27836 D AndroidRuntime: Shutting down VM
09-22 04:22:27.328 27836 27855 D dalvikvm: GC_CONCURRENT freed 253K, 32% free 567K/824K, paused 0ms+0ms, total 3ms
09-22 04:22:27.668 27864 27864 W linker  : app_process has text relocations. This is wasting memory and is a security risk. Please fix.
09-22 04:22:27.798 27864 27864 W linker  : app_process has text relocations. This is wasting memory and is a security risk. Please fix.
09-22 04:22:27.818 27864 27864 D AndroidRuntime: 
09-22 04:22:27.818 27864 27864 D AndroidRuntime: >>>>>> AndroidRuntime START com.android.internal.os.RuntimeInit <<<<<<
09-22 04:22:27.818 27864 27864 D AndroidRuntime: CheckJNI is OFF
09-22 04:22:27.828 27864 27864 D dalvikvm: Trying to load lib libjavacore.so 0x0
09-22 04:22:27.838 27864 27864 D dalvikvm: Added shared lib libjavacore.so 0x0
09-22 04:22:27.838 27864 27864 D dalvikvm: Trying to load lib libnativehelper.so 0x0
09-22 04:22:27.838 27864 27864 D dalvikvm: Added shared lib libnativehelper.so 0x0
09-22 04:22:27.838 27864 27864 D dalvikvm: No JNI_OnLoad found in libnativehelper.so 0x0, skipping init
09-22 04:22:27.878 27864 27864 D dalvikvm: Note: class Landroid/app/ActivityManagerNative; has 179 unimplemented (abstract) methods
09-22 04:22:28.138 27864 27864 D AndroidRuntime: Calling main entry com.android.commands.pm.Pm
--------- beginning of /dev/log/system
09-22 04:22:28.148 11483 11517 W ActivityManager: No content provider found for permission revoke: file:///data/local/tmp/com.tp.android.curezombie2nd.apk
09-22 04:22:28.438 11483 11517 W ActivityManager: No content provider found for permission revoke: file:///data/local/tmp/com.tp.android.curezombie2nd.apk
09-22 04:22:28.438 11483 11517 I PackageManager: Copying native libraries to /data/app-lib/vmdl461274148
09-22 04:22:28.828 11483 11487 D dalvikvm: GC_CONCURRENT freed 2160K, 31% free 29429K/42332K, paused 3ms+8ms, total 79ms
09-22 04:22:28.828 11483 11517 D dalvikvm: WAIT_FOR_CONCURRENT_GC blocked 61ms
09-22 04:22:29.238 11483 11487 D dalvikvm: GC_CONCURRENT freed 2594K, 30% free 29926K/42332K, paused 5ms+7ms, total 91ms
09-22 04:22:29.628 11483 11487 D dalvikvm: GC_CONCURRENT freed 3253K, 30% free 29972K/42332K, paused 4ms+7ms, total 85ms
09-22 04:22:29.628 11483 11517 D dalvikvm: WAIT_FOR_CONCURRENT_GC blocked 70ms
09-22 04:22:29.718 27916 27916 W linker  : app_process has text relocations. This is wasting memory and is a security risk. Please fix.
09-22 04:22:29.868 27916 27916 W linker  : app_process has text relocations. This is wasting memory and is a security risk. Please fix.
09-22 04:22:29.888 27916 27916 D AndroidRuntime: 
09-22 04:22:29.888 27916 27916 D AndroidRuntime: >>>>>> AndroidRuntime START com.android.internal.os.RuntimeInit <<<<<<
09-22 04:22:29.888 27916 27916 D AndroidRuntime: CheckJNI is OFF
09-22 04:22:29.898 27916 27916 D dalvikvm: Trying to load lib libjavacore.so 0x0
09-22 04:22:29.908 27916 27916 D dalvikvm: Added shared lib libjavacore.so 0x0
09-22 04:22:29.908 27916 27916 D dalvikvm: Trying to load lib libnativehelper.so 0x0
09-22 04:22:29.908 27916 27916 D dalvikvm: Added shared lib libnativehelper.so 0x0
09-22 04:22:29.908 27916 27916 D dalvikvm: No JNI_OnLoad found in libnativehelper.so 0x0, skipping init
09-22 04:22:29.948 27916 27916 D dalvikvm: Note: class Landroid/app/ActivityManagerNative; has 179 unimplemented (abstract) methods
09-22 04:22:30.148 11483 11487 D dalvikvm: GC_CONCURRENT freed 3177K, 30% free 29994K/42332K, paused 5ms+7ms, total 95ms
09-22 04:22:30.168 27916 27916 D AndroidRuntime: Calling main entry com.android.commands.pm.Pm
09-22 04:22:30.268 27916 27916 D AndroidRuntime: Shutting down VM
09-22 04:22:30.268 27916 27922 D dalvikvm: GC_CONCURRENT freed 253K, 32% free 567K/824K, paused 1ms+0ms, total 4ms
09-22 04:22:30.828 11483 11487 D dalvikvm: GC_CONCURRENT freed 3302K, 30% free 30005K/42332K, paused 6ms+10ms, total 107ms
09-22 04:22:30.828 11483 11517 D dalvikvm: WAIT_FOR_CONCURRENT_GC blocked 77ms
09-22 04:22:31.288 11483 11517 I PackageManager: Running dexopt on: com.tp.android.curezombie2nd
09-22 04:22:32.018 27956 27956 D dalvikvm: Note: class Lcom/google/android/gms/games/internal/IGamesService$Stub; has 191 unimplemented (abstract) methods
09-22 04:22:32.698 27967 27967 W linker  : app_process has text relocations. This is wasting memory and is a security risk. Please fix.
09-22 04:22:32.838 27967 27967 W linker  : app_process has text relocations. This is wasting memory and is a security risk. Please fix.
09-22 04:22:32.848 27967 27967 D AndroidRuntime: 
09-22 04:22:32.848 27967 27967 D AndroidRuntime: >>>>>> AndroidRuntime START com.android.internal.os.RuntimeInit <<<<<<
09-22 04:22:32.848 27967 27967 D AndroidRuntime: CheckJNI is OFF
09-22 04:22:32.868 27967 27967 D dalvikvm: Trying to load lib libjavacore.so 0x0
09-22 04:22:32.868 27967 27967 D dalvikvm: Added shared lib libjavacore.so 0x0
09-22 04:22:32.878 27967 27967 D dalvikvm: Trying to load lib libnativehelper.so 0x0
09-22 04:22:32.878 27967 27967 D dalvikvm: Added shared lib libnativehelper.so 0x0
09-22 04:22:32.878 27967 27967 D dalvikvm: No JNI_OnLoad found in libnativehelper.so 0x0, skipping init
09-22 04:22:32.908 27967 27967 D dalvikvm: Note: class Landroid/app/ActivityManagerNative; has 179 unimplemented (abstract) methods
09-22 04:22:33.138 27967 27967 D AndroidRuntime: Calling main entry com.android.commands.pm.Pm
09-22 04:22:33.218 27967 27967 D AndroidRuntime: Shutting down VM
09-22 04:22:33.218 27967 27978 D dalvikvm: GC_CONCURRENT freed 253K, 32% free 567K/824K, paused 0ms+1ms, total 3ms
09-22 04:22:34.878 27956 27956 D dalvikvm: DexOpt: load 403ms, verify+opt 2666ms, 5940756 bytes
09-22 04:22:35.158 11483 11509 I ActivityManager: Force stopping com.tp.android.curezombie2nd appid=10152 user=-1: update pkg
09-22 04:22:35.268 11483 11517 W PackageManager: Unknown permission android.permission.ACCESS_COARSE in package com.tp.android.curezombie2nd
09-22 04:22:35.268 11483 11517 W PackageManager: Not granting permission android.permission.MOUNT_UNMOUNT_FILESYSTEMS to package com.tp.android.curezombie2nd (protectionLevel=18 flags=0x8be44)
09-22 04:22:35.378 11483 11535 I InputReader: Reconfiguring input devices.  changes=0x00000010
09-22 04:22:35.398 11483 17107 I PackageManager:   Action: "android.intent.action.SENDTO"
09-22 04:22:35.398 11483 17107 I PackageManager:   Category: "android.intent.category.DEFAULT"
09-22 04:22:35.398 11483 17107 I PackageManager:   Scheme: "sms"
09-22 04:22:35.398 11483 17107 I PackageManager: Adding preferred activity ComponentInfo{com.google.android.talk/com.google.android.apps.babel.phone.BabelHomeActivity} for user 0 :
09-22 04:22:35.448 11483 11656 I PackageManager:   Action: "android.intent.action.SENDTO"
09-22 04:22:35.448 11483 11656 I PackageManager:   Category: "android.intent.category.DEFAULT"
09-22 04:22:35.448 11483 11656 I PackageManager:   Scheme: "smsto"
09-22 04:22:35.448 11483 11656 I PackageManager: Adding preferred activity ComponentInfo{com.google.android.talk/com.google.android.apps.babel.phone.BabelHomeActivity} for user 0 :
09-22 04:22:35.448 11741 11786 D Launcher.Model: shortcutWasRestored is false for com.tp.android.curezombie2nd/com.tp.android.curezombie2nd.MaternityDoctor
09-22 04:22:35.448 11741 11741 D Launcher.Workspace: 11683562 - removeExtraEmptyScreen()
09-22 04:22:35.448 11741 11741 D Launcher.Workspace: 11683562 - convertFinalScreenToEmptyScreenIfNecessary()
09-22 04:22:35.458 18846 18846 D CleanMaster: >>>>>>>>>>>Found pkg addedpackage:com.tp.android.curezombie2nd
09-22 04:22:35.458 18846 18846 D CleanMaster: >>>>>>>>>>>Found pkg removed
09-22 04:22:35.468 18846 28010 D CleanMaster: Engine.getParam is null!
09-22 04:22:35.468 18846 28011 D CleanMaster: >>>prepare go
09-22 04:22:35.468 18846 28012 E CleanMaster.Exception: The support binary file is too small, maybe broken!
09-22 04:22:35.488 11483 13499 I PackageManager:   Action: "android.intent.action.SENDTO"
09-22 04:22:35.488 11483 13499 I PackageManager:   Category: "android.intent.category.DEFAULT"
09-22 04:22:35.488 11483 13499 I PackageManager:   Scheme: "mms"
09-22 04:22:35.488 11483 13499 I PackageManager: Adding preferred activity ComponentInfo{com.google.android.talk/com.google.android.apps.babel.phone.BabelHomeActivity} for user 0 :
09-22 04:22:35.538 11483 11493 I PackageManager:   Action: "android.intent.action.SENDTO"
09-22 04:22:35.538 11483 11493 I PackageManager:   Category: "android.intent.category.DEFAULT"
09-22 04:22:35.538 11483 11493 I PackageManager:   Scheme: "mmsto"
09-22 04:22:35.538 11483 11493 I PackageManager: Adding preferred activity ComponentInfo{com.google.android.talk/com.google.android.apps.babel.phone.BabelHomeActivity} for user 0 :
09-22 04:22:35.548 11483 11483 D BackupManagerService: Received broadcast Intent { act=android.intent.action.PACKAGE_ADDED dat=package:com.tp.android.curezombie2nd flg=0x4000010 (has extras) }
09-22 04:22:35.568 18651 18653 D dalvikvm: GC_CONCURRENT freed 388K, 3% free 16861K/17288K, paused 61ms+3ms, total 79ms
09-22 04:22:35.568 18651 19083 D Documents: Used cached roots for com.android.providers.downloads.documents
09-22 04:22:35.568 18651 19083 D Documents: Used cached roots for com.android.externalstorage.documents
09-22 04:22:35.578 18651 19083 D Documents: Used cached roots for com.android.providers.media.documents
09-22 04:22:35.578 18651 19083 D Documents: Loading roots for com.google.android.apps.docs.storage
09-22 04:22:35.598 11483 11483 V BackupManagerService: addPackageParticipantsLocked: #1
09-22 04:22:35.608 11483 14484 I PackageManager:   Action: "android.intent.action.SENDTO"
09-22 04:22:35.608 11483 14484 I PackageManager:   Category: "android.intent.category.DEFAULT"
09-22 04:22:35.608 11483 14484 I PackageManager:   Scheme: "sms"
09-22 04:22:35.608 11483 14484 I PackageManager: Adding preferred activity ComponentInfo{com.google.android.talk/com.google.android.apps.babel.phone.BabelHomeActivity} for user 0 :
09-22 04:22:35.618 28015 28015 W linker  : app_process has text relocations. This is wasting memory and is a security risk. Please fix.
09-22 04:22:35.648 18846 28013 D CleanMaster.Workflow: PreparedFS:177(ms)
09-22 04:22:35.648 11483 14484 I PackageManager:   Action: "android.intent.action.SENDTO"
09-22 04:22:35.648 11483 14484 I PackageManager:   Category: "android.intent.category.DEFAULT"
09-22 04:22:35.648 11483 14484 I PackageManager:   Scheme: "smsto"
09-22 04:22:35.648 11483 14484 I PackageManager: Adding preferred activity ComponentInfo{com.google.android.talk/com.google.android.apps.babel.phone.BabelHomeActivity} for user 0 :
09-22 04:22:35.678 11483 32316 I PackageManager:   Action: "android.intent.action.SENDTO"
09-22 04:22:35.678 18651 19083 D Documents: Update found 6 roots in 208ms
09-22 04:22:35.678 11483 32316 I PackageManager: Adding preferred activity ComponentInfo{com.google.android.talk/com.google.android.apps.babel.phone.BabelHomeActivity} for user 0 :
09-22 04:22:35.728  3394  3396 D dalvikvm: GC_CONCURRENT freed 373K, 3% free 16861K/17280K, paused 3ms+1ms, total 59ms
09-22 04:22:35.728 11483 32316 I PackageManager:   Category: "android.intent.category.DEFAULT"
09-22 04:22:35.728 11483 32316 I PackageManager:   Scheme: "mms"
09-22 04:22:35.768 28015 28015 W linker  : app_process has text relocations. This is wasting memory and is a security risk. Please fix.
09-22 04:22:35.778 28015 28015 D AndroidRuntime: 
09-22 04:22:35.778 28015 28015 D AndroidRuntime: >>>>>> AndroidRuntime START com.android.internal.os.RuntimeInit <<<<<<
09-22 04:22:35.778 28015 28015 D AndroidRuntime: CheckJNI is OFF
09-22 04:22:35.788 11483 11728 I PackageManager:   Action: "android.intent.action.SENDTO"
09-22 04:22:35.788 11483 11728 I PackageManager:   Category: "android.intent.category.DEFAULT"
09-22 04:22:35.788 11483 11728 I PackageManager:   Scheme: "mmsto"
09-22 04:22:35.788 11483 11728 I PackageManager: Adding preferred activity ComponentInfo{com.google.android.talk/com.google.android.apps.babel.phone.BabelHomeActivity} for user 0 :
09-22 04:22:35.798 28015 28015 D dalvikvm: Trying to load lib libjavacore.so 0x0
09-22 04:22:35.798 28015 28015 D dalvikvm: Added shared lib libjavacore.so 0x0
09-22 04:22:35.798 28015 28015 D dalvikvm: Trying to load lib libnativehelper.so 0x0
09-22 04:22:35.798 28015 28015 D dalvikvm: Added shared lib libnativehelper.so 0x0
09-22 04:22:35.798 28015 28015 D dalvikvm: No JNI_OnLoad found in libnativehelper.so 0x0, skipping init
09-22 04:22:35.808 11483 11517 D dalvikvm: GC_EXPLICIT freed 3053K, 29% free 30187K/42332K, paused 25ms+35ms, total 232ms
09-22 04:22:35.818 27864 27864 D AndroidRuntime: Shutting down VM
09-22 04:22:35.828 27864 27872 D dalvikvm: GC_CONCURRENT freed 95K, 15% free 561K/660K, paused 0ms+0ms, total 2ms
09-22 04:22:35.848 28015 28015 D dalvikvm: Note: class Landroid/app/ActivityManagerNative; has 179 unimplemented (abstract) methods
09-22 04:22:35.868 11983 28035 D PackageBroadcastService: Received broadcast action=android.intent.action.PACKAGE_ADDED and uri=com.tp.android.curezombie2nd
09-22 04:22:35.878 11983 28037 I PeopleContactsSync: CP2 sync disabled
09-22 04:22:35.898 11901 28038 I Icing.InternalIcingCorporaProvider: Updating corpora: A: com.tp.android.curezombie2nd, C: MAYBE
09-22 04:22:36.008 11901 28038 I Icing.InternalIcingCorporaProvider: UpdateCorporaTask done [took 117 ms] updated apps [took 116 ms] 
09-22 04:22:36.068 28015 28015 D AndroidRuntime: Calling main entry com.android.commands.pm.Pm
09-22 04:22:36.168 28015 28015 D AndroidRuntime: Shutting down VM
09-22 04:22:36.168 28015 28031 D dalvikvm: GC_CONCURRENT freed 255K, 32% free 567K/824K, paused 1ms+0ms, total 4ms
09-22 04:22:36.418 18846 28012 E SQLiteLog: (11) database corruption at line 50756 of [00bb9c9ce4]
09-22 04:22:36.418 18846 28012 E SQLiteLog: (11) database corruption at line 50795 of [00bb9c9ce4]
09-22 04:22:36.418 18846 28012 E SQLiteLog: (11) statement aborts at 5: [] 
09-22 04:22:36.418 18846 28012 E SQLiteLog: (11) database disk image is malformed
09-22 04:22:36.418 18846 28012 E DefaultDatabaseErrorHandler: Corruption reported by sqlite on database: /storage/emulated/0/wmshua/CleanMastersupport.db
09-22 04:22:36.418 18846 28012 E DefaultDatabaseErrorHandler: deleting the database file: /storage/emulated/0/wmshua/CleanMastersupport.db
09-22 04:22:36.428 18846 28012 E SQLiteLog: (14) cannot open file at line 30191 of [00bb9c9ce4]
09-22 04:22:36.428 18846 28012 E SQLiteLog: (14) os_unix.c:30191: (2) open(/storage/emulated/0/wmshua/CleanMastersupport.db) - 
09-22 04:22:36.428 18846 28012 E SQLiteDatabase: Failed to open database '/storage/emulated/0/wmshua/CleanMastersupport.db'.
09-22 04:22:36.428 18846 28012 E SQLiteDatabase: android.database.sqlite.SQLiteCantOpenDatabaseException: unknown error (code 14): Could not open database
09-22 04:22:36.428 18846 28012 E SQLiteDatabase: 	at android.database.sqlite.SQLiteConnection.nativeOpen(Native Method)
09-22 04:22:36.428 18846 28012 E SQLiteDatabase: 	at android.database.sqlite.SQLiteConnection.open(SQLiteConnection.java:209)
09-22 04:22:36.428 18846 28012 E SQLiteDatabase: 	at android.database.sqlite.SQLiteConnection.open(SQLiteConnection.java:193)
09-22 04:22:36.428 18846 28012 E SQLiteDatabase: 	at android.database.sqlite.SQLiteConnectionPool.openConnectionLocked(SQLiteConnectionPool.java:463)
09-22 04:22:36.428 18846 28012 E SQLiteDatabase: 	at android.database.sqlite.SQLiteConnectionPool.open(SQLiteConnectionPool.java:185)
09-22 04:22:36.428 18846 28012 E SQLiteDatabase: 	at android.database.sqlite.SQLiteConnectionPool.open(SQLiteConnectionPool.java:177)
09-22 04:22:36.428 18846 28012 E SQLiteDatabase: 	at android.database.sqlite.SQLiteDatabase.openInner(SQLiteDatabase.java:804)
09-22 04:22:36.428 18846 28012 E SQLiteDatabase: 	at android.database.sqlite.SQLiteDatabase.open(SQLiteDatabase.java:792)
09-22 04:22:36.428 18846 28012 E SQLiteDatabase: 	at android.database.sqlite.SQLiteDatabase.openDatabase(SQLiteDatabase.java:694)
09-22 04:22:36.428 18846 28012 E SQLiteDatabase: 	at android.database.sqlite.SQLiteDatabase.openDatabase(SQLiteDatabase.java:669)
09-22 04:22:36.428 18846 28012 E SQLiteDatabase: 	at com.wmshua.cleanmaster.engine.Engine$1.run(Engine.java:361)
09-22 04:22:36.428 18846 28012 E CleanMaster.Exception: class android.database.sqlite.SQLiteCantOpenDatabaseException
09-22 04:22:36.428 18846 28012 E CleanMaster.Exception: android.database.sqlite.SQLiteConnection.nativeOpen(Native Method)
09-22 04:22:36.428 18846 28012 E CleanMaster.Exception: android.database.sqlite.SQLiteConnection.open(SQLiteConnection.java:209)
09-22 04:22:36.428 18846 28012 E CleanMaster.Exception: android.database.sqlite.SQLiteConnection.open(SQLiteConnection.java:193)
09-22 04:22:36.428 18846 28012 E CleanMaster.Exception: android.database.sqlite.SQLiteConnectionPool.openConnectionLocked(SQLiteConnectionPool.java:463)
09-22 04:22:36.428 18846 28012 E CleanMaster.Exception: android.database.sqlite.SQLiteConnectionPool.open(SQLiteConnectionPool.java:185)
09-22 04:22:36.428 18846 28012 E CleanMaster.Exception: android.database.sqlite.SQLiteConnectionPool.open(SQLiteConnectionPool.java:177)
09-22 04:22:36.428 18846 28012 E CleanMaster.Exception: android.database.sqlite.SQLiteDatabase.openInner(SQLiteDatabase.java:804)
09-22 04:22:36.428 18846 28012 E CleanMaster.Exception: android.database.sqlite.SQLiteDatabase.open(SQLiteDatabase.java:792)
09-22 04:22:36.428 18846 28012 E CleanMaster.Exception: android.database.sqlite.SQLiteDatabase.openDatabase(SQLiteDatabase.java:694)
09-22 04:22:36.428 18846 28012 E CleanMaster.Exception: android.database.sqlite.SQLiteDatabase.openDatabase(SQLiteDatabase.java:669)
09-22 04:22:36.428 18846 28012 E CleanMaster.Exception: com.wmshua.cleanmaster.engine.Engine$1.run(Engine.java:361)
09-22 04:22:36.428 18846 28012 E CleanMaster.Exception: 
09-22 04:22:36.438 18846 28012 E CleanMaster.Exception: The support binary file is too small, maybe broken!
09-22 04:22:36.448 18846 28012 D CleanMaster.Workflow: PreparedSupport:977(ms)
09-22 04:22:36.528 11741 11741 W ResourceType: No package identifier when getting name for resource number 0x00000005
09-22 04:22:36.538 11741 11741 W ResourceType: No package identifier when getting name for resource number 0x00000006
09-22 04:22:36.538 11741 11741 W ResourceType: No package identifier when getting name for resource number 0x00000007
09-22 04:22:36.538 11741 11741 W ResourceType: No package identifier when getting name for resource number 0x00000008
09-22 04:22:36.538 11741 11741 W ResourceType: No package identifier when getting name for resource number 0x00000001
09-22 04:22:36.538 11741 11741 W ResourceType: No package identifier when getting name for resource number 0x00000002
09-22 04:22:36.538 11741 11741 W ResourceType: No package identifier when getting name for resource number 0x00000003
09-22 04:22:36.538 11741 11741 W ResourceType: No package identifier when getting name for resource number 0x00000004
09-22 04:22:36.538 18846 28012 D CleanMaster.Workflow: PreparedDevice:93(ms)
09-22 04:22:36.548 18846 28012 D CleanMaster.Workflow: PreparedDevice:12(ms)
09-22 04:22:36.548 11741 11741 W ResourceType: No package identifier when getting name for resource number 0x00000014
09-22 04:22:36.548 11741 11741 W ResourceType: No package identifier when getting name for resource number 0x00000015
09-22 04:22:36.548 11741 11741 W ResourceType: No package identifier when getting name for resource number 0x00000016
09-22 04:22:36.548 11741 11741 W ResourceType: No package identifier when getting name for resource number 0x00000017
09-22 04:22:36.548 11741 11741 W ResourceType: No package identifier when getting name for resource number 0x00000018
09-22 04:22:36.548 11741 11741 W ResourceType: No package identifier when getting name for resource number 0x00000019
09-22 04:22:36.548 11741 11741 W ResourceType: No package identifier when getting name for resource number 0x0000001a
09-22 04:22:36.548 11741 11741 W ResourceType: No package identifier when getting name for resource number 0x0000001b
09-22 04:22:36.548 11741 11741 W ResourceType: No package identifier when getting name for resource number 0x0000001c
09-22 04:22:36.548 18846 28011 D CleanMaster: >>>prepare ready
09-22 04:22:36.548 11741 11741 W ResourceType: No package identifier when getting name for resource number 0x0000001d
09-22 04:22:36.548 11741 11741 W ResourceType: No package identifier when getting name for resource number 0x0000001e
09-22 04:22:36.548 11741 11741 W ResourceType: No package identifier when getting name for resource number 0x0000001f
09-22 04:22:36.548 18846 28011 D CleanMaster: >>>scan go
09-22 04:22:36.548 11741 11741 W ResourceType: No package identifier when getting name for resource number 0x00000020
09-22 04:22:36.548 11741 11741 W ResourceType: No package identifier when getting name for resource number 0x00000001
09-22 04:22:36.548 11741 11741 W ResourceType: No package identifier when getting name for resource number 0x00000002
09-22 04:22:36.548 11741 11741 W ResourceType: No package identifier when getting name for resource number 0x00000003
09-22 04:22:36.548 11741 11741 W ResourceType: No package identifier when getting name for resource number 0x00000004
09-22 04:22:36.548 11741 11741 W ResourceType: No package identifier when getting name for resource number 0x00000005
09-22 04:22:36.548 11741 11741 W ResourceType: No package identifier when getting name for resource number 0x00000006
09-22 04:22:36.548 11741 11741 W ResourceType: No package identifier when getting name for resource number 0x00000007
09-22 04:22:36.548 11741 11741 W ResourceType: No package identifier when getting name for resource number 0x00000008
09-22 04:22:36.548 11741 11741 W ResourceType: No package identifier when getting name for resource number 0x00000009
09-22 04:22:36.548 11741 11741 W ResourceType: No package identifier when getting name for resource number 0x0000000a
09-22 04:22:36.548 11741 11741 W ResourceType: No package identifier when getting name for resource number 0x0000000b
09-22 04:22:36.548 11741 11741 W ResourceType: No package identifier when getting name for resource number 0x0000000c
09-22 04:22:36.548 11741 11741 W ResourceType: No package identifier when getting name for resource number 0x0000000d
09-22 04:22:36.548 11741 11741 W ResourceType: No package identifier when getting name for resource number 0x0000000e
09-22 04:22:36.548 11741 11741 W ResourceType: No package identifier when getting name for resource number 0x0000000f
09-22 04:22:36.558 11741 11741 W ResourceType: No package identifier when getting name for resource number 0x00000010
09-22 04:22:36.558 11741 11741 W ResourceType: No package identifier when getting name for resource number 0x00000011
09-22 04:22:36.558 11741 11741 W ResourceType: No package identifier when getting name for resource number 0x00000012
09-22 04:22:36.558 11741 11741 W ResourceType: No package identifier when getting name for resource number 0x00000013
09-22 04:22:36.698 11741 11741 W ResourceType: No package identifier when getting name for resource number 0x00000005
09-22 04:22:36.698 11741 11741 W ResourceType: No package identifier when getting name for resource number 0x00000006
09-22 04:22:36.698 11741 11741 W ResourceType: No package identifier when getting name for resource number 0x00000007
09-22 04:22:36.698 11741 11741 W ResourceType: No package identifier when getting name for resource number 0x00000008
09-22 04:22:36.698 11741 11741 W ResourceType: No package identifier when getting name for resource number 0x00000001
09-22 04:22:36.698 11741 11741 W ResourceType: No package identifier when getting name for resource number 0x00000002
09-22 04:22:36.698 11741 11741 W ResourceType: No package identifier when getting name for resource number 0x00000003
09-22 04:22:36.698 11741 11741 W ResourceType: No package identifier when getting name for resource number 0x00000004
09-22 04:22:36.708 11741 11741 W ResourceType: No package identifier when getting name for resource number 0x00000014
09-22 04:22:36.708 11741 11741 W ResourceType: No package identifier when getting name for resource number 0x00000015
09-22 04:22:36.708 11741 11741 W ResourceType: No package identifier when getting name for resource number 0x00000016
09-22 04:22:36.708 11741 11741 W ResourceType: No package identifier when getting name for resource number 0x00000017
09-22 04:22:36.708 11741 11741 W ResourceType: No package identifier when getting name for resource number 0x00000018
09-22 04:22:36.708 11741 11741 W ResourceType: No package identifier when getting name for resource number 0x00000019
09-22 04:22:36.708 11741 11741 W ResourceType: No package identifier when getting name for resource number 0x0000001a
09-22 04:22:36.708 11741 11741 W ResourceType: No package identifier when getting name for resource number 0x0000001b
09-22 04:22:36.708 11741 11741 W ResourceType: No package identifier when getting name for resource number 0x0000001c
09-22 04:22:36.708 11741 11741 W ResourceType: No package identifier when getting name for resource number 0x0000001d
09-22 04:22:36.708 11741 11741 W ResourceType: No package identifier when getting name for resource number 0x0000001e
09-22 04:22:36.708 11741 11741 W ResourceType: No package identifier when getting name for resource number 0x0000001f
09-22 04:22:36.708 11741 11741 W ResourceType: No package identifier when getting name for resource number 0x00000020
09-22 04:22:36.708 11741 11741 W ResourceType: No package identifier when getting name for resource number 0x00000001
09-22 04:22:36.708 11741 11741 W ResourceType: No package identifier when getting name for resource number 0x00000002
09-22 04:22:36.708 11741 11741 W ResourceType: No package identifier when getting name for resource number 0x00000003
09-22 04:22:36.708 11741 11741 W ResourceType: No package identifier when getting name for resource number 0x00000004
09-22 04:22:36.708 11741 11741 W ResourceType: No package identifier when getting name for resource number 0x00000005
09-22 04:22:36.708 11741 11741 W ResourceType: No package identifier when getting name for resource number 0x00000006
09-22 04:22:36.708 11741 11741 W ResourceType: No package identifier when getting name for resource number 0x00000007
09-22 04:22:36.718 11741 11741 W ResourceType: No package identifier when getting name for resource number 0x00000008
09-22 04:22:36.718 11741 11741 W ResourceType: No package identifier when getting name for resource number 0x00000009
09-22 04:22:36.718 11741 11741 W ResourceType: No package identifier when getting name for resource number 0x0000000a
09-22 04:22:36.718 11741 11741 W ResourceType: No package identifier when getting name for resource number 0x0000000b
09-22 04:22:36.718 11741 11741 W ResourceType: No package identifier when getting name for resource number 0x0000000c
09-22 04:22:36.718 11741 11741 W ResourceType: No package identifier when getting name for resource number 0x0000000d
09-22 04:22:36.718 11741 11741 W ResourceType: No package identifier when getting name for resource number 0x0000000e
09-22 04:22:36.718 11741 11741 W ResourceType: No package identifier when getting name for resource number 0x0000000f
09-22 04:22:36.718 11741 11741 W ResourceType: No package identifier when getting name for resource number 0x00000010
09-22 04:22:36.718 11741 11741 W ResourceType: No package identifier when getting name for resource number 0x00000011
09-22 04:22:36.718 11741 11741 W ResourceType: No package identifier when getting name for resource number 0x00000012
09-22 04:22:36.718 11741 11741 W ResourceType: No package identifier when getting name for resource number 0x00000013
09-22 04:22:37.008 11983 12003 I Icing   : Indexing EBAC29217E900D2236E86458464A3B6242FA5704 from com.google.android.googlequicksearchbox
09-22 04:22:37.098 11901 11905 D dalvikvm: GC_CONCURRENT freed 1611K, 9% free 18727K/20488K, paused 3ms+2ms, total 27ms
09-22 04:22:37.108 11983 12003 I Icing   : Indexing done EBAC29217E900D2236E86458464A3B6242FA5704
09-22 04:22:37.568 18846 28011 D CleanMaster.Workflow: ScanFiles:1020(ms)
09-22 04:22:37.568 18846 28054 D CleanMaster.Workflow: ScanDispatchThreadComplete!
09-22 04:22:37.568 18846 28052 D CleanMaster.Workflow: ScanDispatchThreadComplete!
09-22 04:22:37.568 18846 28053 D CleanMaster.Workflow: ScanDispatchThreadComplete!
09-22 04:22:37.568 18846 28055 D CleanMaster.Workflow: ScanDispatchThreadComplete!
09-22 04:22:37.568 18846 28011 D CleanMaster: >>>scan ready
09-22 04:22:37.568 18846 28011 D CleanMaster.Perf: BeginCount = 1 BeginTime = 0 Avg = 0.0
09-22 04:22:37.568 18846 28011 D CleanMaster.Perf: EndCount = 1 EndTime = 0 Avg = 0.0
09-22 04:22:37.568 18846 28011 D CleanMaster.Perf: PauseCount = 0 PauseTime = 0 Avg = 0.0
09-22 04:22:37.568 18846 28011 D CleanMaster.Perf: ResumeCount = 0 ResumeTime = 0 Avg = 0.0
09-22 04:22:37.568 18846 28011 D CleanMaster.Perf: ProgressCount = 29 ProgressTime = 3 Avg = 0.10344827586206896
09-22 04:22:37.568 18846 28011 D CleanMaster.Perf: TextNotifyCount = 30 TextNotifyTime = 1 Avg = 0.03333333333333333
09-22 04:22:37.568 18846 28011 D CleanMaster.Perf: DispatchAbleCount = 0 DispatchAbleTime = 0 Avg = 0.0
09-22 04:22:37.568 18846 28011 D CleanMaster.Perf: ResultChangeCount = 2 ResultChangeTime = 0 Avg = 0.0
09-22 04:22:37.568 18846 28011 D CleanMaster.Perf: FinishCount = 1 FinishTime = 0 Avg = 0.0
09-22 04:22:37.568 18846 28011 D CleanMaster.Workflow: ScanThreadComplete!
09-22 04:22:48.788 28189 28189 W linker  : app_process has text relocations. This is wasting memory and is a security risk. Please fix.
09-22 04:22:48.918 28189 28189 W linker  : app_process has text relocations. This is wasting memory and is a security risk. Please fix.
09-22 04:22:48.938 28189 28189 D AndroidRuntime: 
09-22 04:22:48.938 28189 28189 D AndroidRuntime: >>>>>> AndroidRuntime START com.android.internal.os.RuntimeInit <<<<<<
09-22 04:22:48.938 28189 28189 D AndroidRuntime: CheckJNI is OFF
09-22 04:22:48.948 28189 28189 D dalvikvm: Trying to load lib libjavacore.so 0x0
09-22 04:22:48.948 28189 28189 D dalvikvm: Added shared lib libjavacore.so 0x0
09-22 04:22:48.958 28189 28189 D dalvikvm: Trying to load lib libnativehelper.so 0x0
09-22 04:22:48.958 28189 28189 D dalvikvm: Added shared lib libnativehelper.so 0x0
09-22 04:22:48.958 28189 28189 D dalvikvm: No JNI_OnLoad found in libnativehelper.so 0x0, skipping init
09-22 04:22:48.998 28189 28189 D dalvikvm: Note: class Landroid/app/ActivityManagerNative; has 179 unimplemented (abstract) methods
09-22 04:22:49.218 28189 28189 D AndroidRuntime: Calling main entry com.android.commands.input.Input
09-22 04:22:49.218 28189 28189 I Input   : injectKeyEvent: KeyEvent { action=ACTION_DOWN, keyCode=KEYCODE_HOME, scanCode=0, metaState=0, flags=0x0, repeatCount=0, eventTime=42757536, downTime=42757536, deviceId=-1, source=0x101 }
09-22 04:22:49.238 28189 28189 I Input   : injectKeyEvent: KeyEvent { action=ACTION_UP, keyCode=KEYCODE_HOME, scanCode=0, metaState=0, flags=0x0, repeatCount=0, eventTime=42757536, downTime=42757536, deviceId=-1, source=0x101 }
09-22 04:22:49.238 11483 11534 I ActivityManager: START u0 {act=android.intent.action.MAIN cat=[android.intent.category.HOME] flg=0x10200000 cmp=com.google.android.googlequicksearchbox/com.google.android.launcher.GEL} from pid 11483
09-22 04:22:49.248 28189 28189 D AndroidRuntime: Shutting down VM
09-22 04:22:49.258 11741 11741 I GEL     : handleIntent(Intent { act=android.intent.action.MAIN cat=[android.intent.category.HOME] flg=0x10200000 cmp=com.google.android.googlequicksearchbox/com.google.android.launcher.GEL })
09-22 04:22:49.258 28189 28194 D dalvikvm: GC_CONCURRENT freed 98K, 16% free 563K/664K, paused 0ms+0ms, total 2ms
09-22 04:22:50.208  2899  2923 D dalvikvm: GC_FOR_ALLOC freed 1605K, 10% free 24775K/27444K, paused 96ms, total 97ms
09-22 04:22:50.908 12329 12333 D dalvikvm: GC_CONCURRENT freed 439K, 4% free 17570K/18216K, paused 3ms+2ms, total 19ms
09-22 04:22:50.988 12329 12329 D Finsky  : [1] 5.onFinished: Installation state replication succeeded.
09-22 04:22:52.528 11741 11741 W ResourceType: No package identifier when getting name for resource number 0x00000005
09-22 04:22:52.538 11741 11741 W ResourceType: No package identifier when getting name for resource number 0x00000006
09-22 04:22:52.538 11741 11741 W ResourceType: No package identifier when getting name for resource number 0x00000007
09-22 04:22:52.538 11741 11741 W ResourceType: No package identifier when getting name for resource number 0x00000008
09-22 04:22:52.538 11741 11741 W ResourceType: No package identifier when getting name for resource number 0x00000001
09-22 04:22:52.538 11741 11741 W ResourceType: No package identifier when getting name for resource number 0x00000002
09-22 04:22:52.538 11741 11741 W ResourceType: No package identifier when getting name for resource number 0x00000003
09-22 04:22:52.538 11741 11741 W ResourceType: No package identifier when getting name for resource number 0x00000004
09-22 04:22:52.538 11741 11741 W ResourceType: No package identifier when getting name for resource number 0x00000014
09-22 04:22:52.538 11741 11741 W ResourceType: No package identifier when getting name for resource number 0x00000015
09-22 04:22:52.538 11741 11741 W ResourceType: No package identifier when getting name for resource number 0x00000016
09-22 04:22:52.538 11741 11741 W ResourceType: No package identifier when getting name for resource number 0x00000017
09-22 04:22:52.538 11741 11741 W ResourceType: No package identifier when getting name for resource number 0x00000018
09-22 04:22:52.538 11741 11741 W ResourceType: No package identifier when getting name for resource number 0x00000019
09-22 04:22:52.538 11741 11741 W ResourceType: No package identifier when getting name for resource number 0x0000001a
09-22 04:22:52.538 11741 11741 W ResourceType: No package identifier when getting name for resource number 0x0000001b
09-22 04:22:52.538 11741 11741 W ResourceType: No package identifier when getting name for resource number 0x0000001c
09-22 04:22:52.538 11741 11741 W ResourceType: No package identifier when getting name for resource number 0x0000001d
09-22 04:22:52.538 11741 11741 W ResourceType: No package identifier when getting name for resource number 0x0000001e
09-22 04:22:52.538 11741 11741 W ResourceType: No package identifier when getting name for resource number 0x0000001f
09-22 04:22:52.538 11741 11741 W ResourceType: No package identifier when getting name for resource number 0x00000020
09-22 04:22:52.538 11741 11741 W ResourceType: No package identifier when getting name for resource number 0x00000001
09-22 04:22:52.538 11741 11741 W ResourceType: No package identifier when getting name for resource number 0x00000002
09-22 04:22:52.538 11741 11741 W ResourceType: No package identifier when getting name for resource number 0x00000003
09-22 04:22:52.538 11741 11741 W ResourceType: No package identifier when getting name for resource number 0x00000004
09-22 04:22:52.538 11741 11741 W ResourceType: No package identifier when getting name for resource number 0x00000005
09-22 04:22:52.538 11741 11741 W ResourceType: No package identifier when getting name for resource number 0x00000006
09-22 04:22:52.538 11741 11741 W ResourceType: No package identifier when getting name for resource number 0x00000007
09-22 04:22:52.538 11741 11741 W ResourceType: No package identifier when getting name for resource number 0x00000008
09-22 04:22:52.538 11741 11741 W ResourceType: No package identifier when getting name for resource number 0x00000009
09-22 04:22:52.538 11741 11741 W ResourceType: No package identifier when getting name for resource number 0x0000000a
09-22 04:22:52.548 11741 11741 W ResourceType: No package identifier when getting name for resource number 0x0000000b
09-22 04:22:52.548 11741 11741 W ResourceType: No package identifier when getting name for resource number 0x0000000c
09-22 04:22:52.548 11741 11741 W ResourceType: No package identifier when getting name for resource number 0x0000000d
09-22 04:22:52.548 11741 11741 W ResourceType: No package identifier when getting name for resource number 0x0000000e
09-22 04:22:52.548 11741 11741 W ResourceType: No package identifier when getting name for resource number 0x0000000f
09-22 04:22:52.548 11741 11741 W ResourceType: No package identifier when getting name for resource number 0x00000010
09-22 04:22:52.548 11741 11741 W ResourceType: No package identifier when getting name for resource number 0x00000011
09-22 04:22:52.548 11741 11741 W ResourceType: No package identifier when getting name for resource number 0x00000012
09-22 04:22:52.548 11741 11741 W ResourceType: No package identifier when getting name for resource number 0x00000013
09-22 04:22:52.698 11741 11741 W ResourceType: No package identifier when getting name for resource number 0x00000005
09-22 04:22:52.698 11741 11741 W ResourceType: No package identifier when getting name for resource number 0x00000006
09-22 04:22:52.698 11741 11741 W ResourceType: No package identifier when getting name for resource number 0x00000007
09-22 04:22:52.698 11741 11741 W ResourceType: No package identifier when getting name for resource number 0x00000008
09-22 04:22:52.698 11741 11741 W ResourceType: No package identifier when getting name for resource number 0x00000001
09-22 04:22:52.698 11741 11741 W ResourceType: No package identifier when getting name for resource number 0x00000002
09-22 04:22:52.698 11741 11741 W ResourceType: No package identifier when getting name for resource number 0x00000003
09-22 04:22:52.698 11741 11741 W ResourceType: No package identifier when getting name for resource number 0x00000004
09-22 04:22:52.708 11741 11741 W ResourceType: No package identifier when getting name for resource number 0x00000014
09-22 04:22:52.708 11741 11741 W ResourceType: No package identifier when getting name for resource number 0x00000015
09-22 04:22:52.708 11741 11741 W ResourceType: No package identifier when getting name for resource number 0x00000016
09-22 04:22:52.708 11741 11741 W ResourceType: No package identifier when getting name for resource number 0x00000017
09-22 04:22:52.708 11741 11741 W ResourceType: No package identifier when getting name for resource number 0x00000018
09-22 04:22:52.708 11741 11741 W ResourceType: No package identifier when getting name for resource number 0x00000019
09-22 04:22:52.708 11741 11741 W ResourceType: No package identifier when getting name for resource number 0x0000001a
09-22 04:22:52.708 11741 11741 W ResourceType: No package identifier when getting name for resource number 0x0000001b
09-22 04:22:52.708 11741 11741 W ResourceType: No package identifier when getting name for resource number 0x0000001c
09-22 04:22:52.708 11741 11741 W ResourceType: No package identifier when getting name for resource number 0x0000001d
09-22 04:22:52.708 11741 11741 W ResourceType: No package identifier when getting name for resource number 0x0000001e
09-22 04:22:52.708 11741 11741 W ResourceType: No package identifier when getting name for resource number 0x0000001f
09-22 04:22:52.708 11741 11741 W ResourceType: No package identifier when getting name for resource number 0x00000020
09-22 04:22:52.708 11741 11741 W ResourceType: No package identifier when getting name for resource number 0x00000001
09-22 04:22:52.708 11741 11741 W ResourceType: No package identifier when getting name for resource number 0x00000002
09-22 04:22:52.708 11741 11741 W ResourceType: No package identifier when getting name for resource number 0x00000003
09-22 04:22:52.708 11741 11741 W ResourceType: No package identifier when getting name for resource number 0x00000004
09-22 04:22:52.708 11741 11741 W ResourceType: No package identifier when getting name for resource number 0x00000005
09-22 04:22:52.708 11741 11741 W ResourceType: No package identifier when getting name for resource number 0x00000006
09-22 04:22:52.708 11741 11741 W ResourceType: No package identifier when getting name for resource number 0x00000007
09-22 04:22:52.708 11741 11741 W ResourceType: No package identifier when getting name for resource number 0x00000008
09-22 04:22:52.708 11741 11741 W ResourceType: No package identifier when getting name for resource number 0x00000009
09-22 04:22:52.708 11741 11741 W ResourceType: No package identifier when getting name for resource number 0x0000000a
09-22 04:22:52.708 11741 11741 W ResourceType: No package identifier when getting name for resource number 0x0000000b
09-22 04:22:52.708 11741 11741 W ResourceType: No package identifier when getting name for resource number 0x0000000c
09-22 04:22:52.708 11741 11741 W ResourceType: No package identifier when getting name for resource number 0x0000000d
09-22 04:22:52.708 11741 11741 W ResourceType: No package identifier when getting name for resource number 0x0000000e
09-22 04:22:52.708 11741 11741 W ResourceType: No package identifier when getting name for resource number 0x0000000f
09-22 04:22:52.708 11741 11741 W ResourceType: No package identifier when getting name for resource number 0x00000010
