09-24 21:05:25.068  1331  4475 D ActivityManager: mImportantUids connections =1000 by uid = 10401 ConnectionRecord =ConnectionRecord{51b305 u0 CR FGSA io.github.ylimit.droidbotapp/io.github.privacystreams.accessibility.PSAccessibilityService:@a5de7c}
09-24 21:05:25.072  1331  4475 D ActivityManager: mImportantUids connections =1000 by uid = 10401 ConnectionRecord =ConnectionRecord{51b305 u0 CR FGSA io.github.ylimit.droidbotapp/io.github.privacystreams.accessibility.PSAccessibilityService:@a5de7c}
09-24 21:05:25.083  1331  3827 D ActivityManager: mImportantUids connections =1000 by uid = 10401 ConnectionRecord =ConnectionRecord{51b305 u0 CR FGSA io.github.ylimit.droidbotapp/io.github.privacystreams.accessibility.PSAccessibilityService:@a5de7c}
09-24 21:05:25.087  1331  3827 D ActivityManager: mImportantUids connections =1000 by uid = 10401 ConnectionRecord =ConnectionRecord{51b305 u0 CR FGSA io.github.ylimit.droidbotapp/io.github.privacystreams.accessibility.PSAccessibilityService:@a5de7c}
09-24 21:05:25.090  1331  4398 D ActivityManager: mImportantUids connections =1000 by uid = 10401 ConnectionRecord =ConnectionRecord{51b305 u0 CR FGSA io.github.ylimit.droidbotapp/io.github.privacystreams.accessibility.PSAccessibilityService:@a5de7c}
09-24 21:05:25.095  1331  4398 D ActivityManager: mImportantUids connections =1000 by uid = 10401 ConnectionRecord =ConnectionRecord{51b305 u0 CR FGSA io.github.ylimit.droidbotapp/io.github.privacystreams.accessibility.PSAccessibilityService:@a5de7c}
09-24 21:05:25.098  1331  4398 D ActivityManager: mImportantUids connections =1000 by uid = 10401 ConnectionRecord =ConnectionRecord{51b305 u0 CR FGSA io.github.ylimit.droidbotapp/io.github.privacystreams.accessibility.PSAccessibilityService:@a5de7c}
09-24 21:05:25.114  3143  3166 W FileUtils: Failed to chmod(/storage/emulated/0/Market/.private/database/market_sp.db): android.system.ErrnoException: chmod failed: EPERM (Operation not permitted)
09-24 21:05:25.187  1331  4620 D ActivityManager: mImportantUids connections =1000 by uid = 10401 ConnectionRecord =ConnectionRecord{51b305 u0 CR FGSA io.github.ylimit.droidbotapp/io.github.privacystreams.accessibility.PSAccessibilityService:@a5de7c}
09-24 21:05:25.245  3143  3172 W FileUtils: Failed to chmod(/storage/emulated/0/Market/.private/database/market_sp.db): android.system.ErrnoException: chmod failed: EPERM (Operation not permitted)
09-24 21:05:25.275  3143  3179 E Parcel  : Reading a NULL string not supported here.
09-24 21:05:25.284  3143  3179 E Parcel  : Reading a NULL string not supported here.
09-24 21:05:25.290  3143  3172 W FileUtils: Failed to chmod(/storage/emulated/0/Market/.private/database/market_sp.db): android.system.ErrnoException: chmod failed: EPERM (Operation not permitted)
09-24 21:05:25.297  3143  3179 I DpmTcmClient: RegisterTcmMonitor from: org.apache.http.impl.conn.TcmIdleTimerMonitor
09-24 21:05:25.321  3143  3173 W FileUtils: Failed to chmod(/storage/emulated/0/Market/.private/database/market_sp.db): android.system.ErrnoException: chmod failed: EPERM (Operation not permitted)
09-24 21:05:25.344  3143  3173 W FileUtils: Failed to chmod(/storage/emulated/0/Market/.private/database/market_sp.db): android.system.ErrnoException: chmod failed: EPERM (Operation not permitted)
09-24 21:05:25.363  3143  3180 I DpmTcmClient: RegisterTcmMonitor from: com.android.okhttp.TcmIdleTimerMonitor
09-24 21:05:25.374  3143  3171 W FileUtils: Failed to chmod(/storage/emulated/0/Market/.private/database/market_sp.db): android.system.ErrnoException: chmod failed: EPERM (Operation not permitted)
09-24 21:05:25.395  3143  3171 W FileUtils: Failed to chmod(/storage/emulated/0/Market/.private/database/market_sp.db): android.system.ErrnoException: chmod failed: EPERM (Operation not permitted)
09-24 21:05:25.407  3143  3186 I DpmTcmClient: RegisterTcmMonitor from: org.apache.http.impl.conn.TcmIdleTimerMonitor
09-24 21:05:25.410  3143  3186 W System  : ClassLoader referenced unknown path: /system/framework/com.qualcomm.qti.GBAHttpAuthentication.jar
09-24 21:05:25.433  3143  3184 W FileUtils: Failed to chmod(/storage/emulated/0/Market/.private/database/market_sp.db): android.system.ErrnoException: chmod failed: EPERM (Operation not permitted)
09-24 21:05:25.451  3143  3184 W FileUtils: Failed to chmod(/storage/emulated/0/Market/.private/database/market_sp.db): android.system.ErrnoException: chmod failed: EPERM (Operation not permitted)
09-24 21:05:25.485  3143  3185 W FileUtils: Failed to chmod(/storage/emulated/0/Market/.private/database/market_sp.db): android.system.ErrnoException: chmod failed: EPERM (Operation not permitted)
09-24 21:05:25.498  3143  3185 W FileUtils: Failed to chmod(/storage/emulated/0/Market/.private/database/market_sp.db): android.system.ErrnoException: chmod failed: EPERM (Operation not permitted)
09-24 21:05:25.585  3163  3163 D AndroidRuntime: >>>>>> START com.android.internal.os.RuntimeInit uid 2000 <<<<<<
09-24 21:05:25.590  3163  3163 D AndroidRuntime: CheckJNI is OFF
09-24 21:05:25.638  3163  3163 D ICU     : No timezone override file found: /data/misc/zoneinfo/current/icu/icu_tzdata.dat
09-24 21:05:25.678  3163  3163 I Radio-JNI: register_android_hardware_Radio DONE
09-24 21:05:25.712  3163  3163 D AndroidRuntime: Calling main entry com.android.commands.pm.Pm
09-24 21:05:25.754  3163  3163 E Parcel  : Reading a NULL string not supported here.
09-24 21:05:25.759  3163  3163 E Parcel  : Reading a NULL string not supported here.
09-24 21:05:25.782  3163  3163 I art     : System.exit called, status: 0
09-24 21:05:25.782  3163  3163 I AndroidRuntime: VM exiting with result code 0.
09-24 21:05:25.962 31769 31769 W ResourceType: No package identifier when getting name for resource number 0x00018704
09-24 21:05:25.963 31769 31769 W ResourceType: No package identifier when getting name for resource number 0x00000001
09-24 21:05:25.963 31769 31769 W ResourceType: No package identifier when getting name for resource number 0x00000002
09-24 21:05:25.964 31769 31769 W ResourceType: No package identifier when getting name for resource number 0x000f0002
09-24 21:05:25.964 31769 31769 W ResourceType: No package identifier when getting name for resource number 0x00000001
09-24 21:05:25.965 31769 31769 W ResourceType: No package identifier when getting name for resource number 0x000f0001
09-24 21:05:25.965 31769 31769 W ResourceType: No package identifier when getting name for resource number 0x000f0002
09-24 21:05:25.965 31769 31769 W ResourceType: No package identifier when getting name for resource number 0x000f0002
09-24 21:05:25.966 31769 31769 W ResourceType: No package identifier when getting name for resource number 0x00000001
09-24 21:05:25.966 31769 31769 W ResourceType: No package identifier when getting name for resource number 0x00000064
09-24 21:05:25.966 31769 31769 W ResourceType: No package identifier when getting name for resource number 0x00000065
09-24 21:05:25.966 31769 31769 W ResourceType: No package identifier when getting name for resource number 0x00000068
09-24 21:05:25.967 31769 31769 W ResourceType: No package identifier when getting name for resource number 0x00000066
09-24 21:05:25.967 31769 31769 W ResourceType: No package identifier when getting name for resource number 0x00000067
09-24 21:05:25.967 31769 31769 W ResourceType: No package identifier when getting name for resource number 0x0000000c
09-24 21:05:25.967 31769 31769 W ResourceType: No package identifier when getting name for resource number 0x00000064
09-24 21:05:25.967 31769 31769 W ResourceType: No package identifier when getting name for resource number 0x00000065
09-24 21:05:25.968 31769 31769 W ResourceType: No package identifier when getting name for resource number 0x00000069
09-24 21:05:25.968 31769 31769 W ResourceType: No package identifier when getting name for resource number 0x00000067
09-24 21:05:25.968 31769 31769 W ResourceType: No package identifier when getting name for resource number 0x00000073
09-24 21:05:25.968 31769 31769 W ResourceType: No package identifier when getting name for resource number 0x0000006a
09-24 21:05:25.968 31769 31769 W ResourceType: No package identifier when getting name for resource number 0x00000068
09-24 21:05:25.969 31769 31769 W ResourceType: No package identifier when getting name for resource number 0x0000006b
09-24 21:05:25.969 31769 31769 W ResourceType: No package identifier when getting name for resource number 0x0000000b
09-24 21:05:25.969 31769 31769 W ResourceType: No package identifier when getting name for resource number 0x0000000a
09-24 21:05:25.969 31769 31769 W ResourceType: No package identifier when getting name for resource number 0x0000006c
09-24 21:05:25.969 31769 31769 W ResourceType: No package identifier when getting name for resource number 0x0000006d
09-24 21:05:25.970 31769 31769 W ResourceType: No package identifier when getting name for resource number 0x0000006e
09-24 21:05:25.970 31769 31769 W ResourceType: No package identifier when getting name for resource number 0x0000006f
09-24 21:05:25.970 31769 31769 W ResourceType: No package identifier when getting name for resource number 0x00000062
09-24 21:05:25.970 31769 31769 W ResourceType: No package identifier when getting name for resource number 0x000000c8
09-24 21:05:25.971 31769 31769 W ResourceType: No package identifier when getting name for resource number 0x000000ca
09-24 21:05:25.971 31769 31769 W ResourceType: No package identifier when getting name for resource number 0x000000cb
09-24 21:05:25.972 31769 31769 W ResourceType: No package identifier when getting name for resource number 0x000000c9
09-24 21:05:25.972 31769 31769 W ResourceType: No package identifier when getting name for resource number 0x00000061
09-24 21:05:26.170 31769 31769 W ResourceType: No package identifier when getting name for resource number 0x00018704
09-24 21:05:26.170 31769 31769 W ResourceType: No package identifier when getting name for resource number 0x00000001
09-24 21:05:26.171 31769 31769 W ResourceType: No package identifier when getting name for resource number 0x00000002
09-24 21:05:26.171 31769 31769 W ResourceType: No package identifier when getting name for resource number 0x000f0002
09-24 21:05:26.172 31769 31769 W ResourceType: No package identifier when getting name for resource number 0x00000001
09-24 21:05:26.173 31769 31769 W ResourceType: No package identifier when getting name for resource number 0x000f0001
09-24 21:05:26.173 31769 31769 W ResourceType: No package identifier when getting name for resource number 0x000f0002
09-24 21:05:26.173 31769 31769 W ResourceType: No package identifier when getting name for resource number 0x000f0002
09-24 21:05:26.174 31769 31769 W ResourceType: No package identifier when getting name for resource number 0x00000001
09-24 21:05:26.174 31769 31769 W ResourceType: No package identifier when getting name for resource number 0x00000064
09-24 21:05:26.175 31769 31769 W ResourceType: No package identifier when getting name for resource number 0x00000065
09-24 21:05:26.175 31769 31769 W ResourceType: No package identifier when getting name for resource number 0x00000068
09-24 21:05:26.175 31769 31769 W ResourceType: No package identifier when getting name for resource number 0x00000066
09-24 21:05:26.175 31769 31769 W ResourceType: No package identifier when getting name for resource number 0x00000067
09-24 21:05:26.176 31769 31769 W ResourceType: No package identifier when getting name for resource number 0x0000000c
09-24 21:05:26.176 31769 31769 W ResourceType: No package identifier when getting name for resource number 0x00000064
09-24 21:05:26.177 31769 31769 W ResourceType: No package identifier when getting name for resource number 0x00000065
09-24 21:05:26.177 31769 31769 W ResourceType: No package identifier when getting name for resource number 0x00000069
09-24 21:05:26.177 31769 31769 W ResourceType: No package identifier when getting name for resource number 0x00000067
09-24 21:05:26.178 31769 31769 W ResourceType: No package identifier when getting name for resource number 0x00000073
09-24 21:05:26.178 31769 31769 W ResourceType: No package identifier when getting name for resource number 0x0000006a
09-24 21:05:26.178 31769 31769 W ResourceType: No package identifier when getting name for resource number 0x00000068
09-24 21:05:26.178 31769 31769 W ResourceType: No package identifier when getting name for resource number 0x0000006b
09-24 21:05:26.179 31769 31769 W ResourceType: No package identifier when getting name for resource number 0x0000000b
09-24 21:05:26.179 31769 31769 W ResourceType: No package identifier when getting name for resource number 0x0000000a
09-24 21:05:26.179 31769 31769 W ResourceType: No package identifier when getting name for resource number 0x0000006c
09-24 21:05:26.179 31769 31769 W ResourceType: No package identifier when getting name for resource number 0x0000006d
09-24 21:05:26.180 31769 31769 W ResourceType: No package identifier when getting name for resource number 0x0000006e
09-24 21:05:26.180 31769 31769 W ResourceType: No package identifier when getting name for resource number 0x0000006f
09-24 21:05:26.180 31769 31769 W ResourceType: No package identifier when getting name for resource number 0x00000062
09-24 21:05:26.181 31769 31769 W ResourceType: No package identifier when getting name for resource number 0x000000c8
09-24 21:05:26.181 31769 31769 W ResourceType: No package identifier when getting name for resource number 0x000000ca
09-24 21:05:26.181 31769 31769 W ResourceType: No package identifier when getting name for resource number 0x000000cb
09-24 21:05:26.181 31769 31769 W ResourceType: No package identifier when getting name for resource number 0x000000c9
09-24 21:05:26.182 31769 31769 W ResourceType: No package identifier when getting name for resource number 0x00000061
09-24 21:05:26.291  4131  4131 D wpa_supplicant: wlan0: Control interface command 'SIGNAL_POLL'
09-24 21:05:26.294  4131  4131 D wpa_supplicant: CTRL-DEBUG: global_ctrl_sock-sendto: sock=12 sndbuf=212992 outq=0 send_len=48
09-24 21:05:26.305   357   357 W auditd  : type=1400 "ps""/proc/350""proc"
09-24 21:05:26.305   357   357 W auditd  : type=1400 "ps""task""proc"
09-24 21:05:27.111  3215  3215 D AndroidRuntime: >>>>>> START com.android.internal.os.RuntimeInit uid 2000 <<<<<<
09-24 21:05:27.119  3215  3215 D AndroidRuntime: CheckJNI is OFF
09-24 21:05:27.179  3215  3215 D ICU     : No timezone override file found: /data/misc/zoneinfo/current/icu/icu_tzdata.dat
09-24 21:05:27.230  3215  3215 I Radio-JNI: register_android_hardware_Radio DONE
09-24 21:05:27.274  3215  3215 D AndroidRuntime: Calling main entry com.android.commands.input.Input
09-24 21:05:27.277  3215  3215 I Input   : injectKeyEvent: KeyEvent { action=ACTION_DOWN, keyCode=KEYCODE_HOME, scanCode=0, metaState=0, flags=0x0, repeatCount=0, eventTime=17053224, downTime=17053224, deviceId=-1, source=0x101 }
09-24 21:05:27.285  3215  3215 I Input   : injectKeyEvent: KeyEvent { action=ACTION_UP, keyCode=KEYCODE_HOME, scanCode=0, metaState=0, flags=0x0, repeatCount=0, eventTime=17053224, downTime=17053224, deviceId=-1, source=0x101 }
09-24 21:05:27.294  1331  3763 I ActivityManager: START u0 {act=android.intent.action.MAIN cat=[android.intent.category.HOME] flg=0x10200000 cmp=net.oneplus.launcher/.Launcher (has extras)} from uid 1000 pid 1331 on display 0
09-24 21:05:27.316  1331  3763 I ActivityManager_Thumbnails: Setting thumbnail of ActivityRecord{d6cae49 u0 com.android.browser/com.tencent.mtt.MainActivity t1187} to android.graphics.Bitmap@3cc7291
09-24 21:05:27.318 31769 32121 E AbstractTracker: Can't create handler inside thread that has not called Looper.prepare()
09-24 21:05:27.318 31769 32121 D AppTracker: App Event: stop
09-24 21:05:27.324  1331  3763 D ActivityManager: mImportantUids connections =1000 by uid = 10401 ConnectionRecord =ConnectionRecord{51b305 u0 CR FGSA io.github.ylimit.droidbotapp/io.github.privacystreams.accessibility.PSAccessibilityService:@a5de7c}
09-24 21:05:27.324  1331  3763 D ActivityManager: mImportantUids connections =1000 by uid = 10401 ConnectionRecord =ConnectionRecord{5730574 u0 CR !FG UI !VIS io.github.ylimit.droidbotapp/.DroidBotIME:@1ae4947}
09-24 21:05:27.330 25549 25549 D ClockViewGroup: onWindowVisibilityChanged:4
09-24 21:05:27.333  3215  3215 D AndroidRuntime: Shutting down VM
09-24 21:05:27.341  1331  3656 D ActivityManager: mImportantUids connections =1000 by uid = 10401 ConnectionRecord =ConnectionRecord{51b305 u0 CR FGSA io.github.ylimit.droidbotapp/io.github.privacystreams.accessibility.PSAccessibilityService:@a5de7c}
09-24 21:05:27.341  1331  3656 D ActivityManager: mImportantUids connections =1000 by uid = 10401 ConnectionRecord =ConnectionRecord{5730574 u0 CR !FG UI !VIS io.github.ylimit.droidbotapp/.DroidBotIME:@1ae4947}
09-24 21:05:27.376  1331  3823 D ActivityManager: mImportantUids connections =1000 by uid = 10401 ConnectionRecord =ConnectionRecord{51b305 u0 CR FGSA io.github.ylimit.droidbotapp/io.github.privacystreams.accessibility.PSAccessibilityService:@a5de7c}
09-24 21:05:27.376  1331  3823 D ActivityManager: mImportantUids connections =1000 by uid = 10401 ConnectionRecord =ConnectionRecord{5730574 u0 CR !FG UI !VIS io.github.ylimit.droidbotapp/.DroidBotIME:@1ae4947}
09-24 21:05:27.376 31769 31769 W ResourceType: No known package when getting value for resource number 0x022400ae
09-24 21:05:27.376 31769 31769 W ResourceType: No known package when getting value for resource number 0x022400ae
09-24 21:05:27.378 31769 31769 W ResourceType: No known package when getting value for resource number 0x022400b5
09-24 21:05:27.379 31769 31769 W ResourceType: No known package when getting value for resource number 0x022400b5
09-24 21:05:27.380 31769 31769 W ResourceType: No known package when getting value for resource number 0x022400b6
09-24 21:05:27.381 31769 31769 W ResourceType: No known package when getting value for resource number 0x022400b6
09-24 21:05:27.382 31769 31769 W ResourceType: No known package when getting value for resource number 0x022400b6
09-24 21:05:27.382 31769 31769 W ResourceType: No known package when getting value for resource number 0x022400b6
09-24 21:05:27.383 25549 25549 D Launcher: onStart
09-24 21:05:27.383 25549 25549 D Launcher: onResume
09-24 21:05:27.385 25549 25549 D Launcher: onPageSwitch: mLastPageIndex=1, newPageIndex=1, hasCustomContent=true
09-24 21:05:27.385 25549 25549 D Launcher.Workspace: DynamicIcon Workspace updateCurrentPageIconState success
09-24 21:05:27.385 25549 25549 D CellLayout: DynamicIcon CellLayout updateDynamicIconState should Update = true
09-24 21:05:27.386 25549 25549 D Launcher: onPageSwitch: mLastPageIndex=1, newPageIndex=1, hasCustomContent=true
09-24 21:05:27.386 25549 25549 D Launcher.Workspace: DynamicIcon Workspace updateCurrentPageIconState success
09-24 21:05:27.386 25549 25549 D CellLayout: DynamicIcon CellLayout updateDynamicIconState should Update = true
09-24 21:05:27.391  3889  3889 I StatusBarIconController:  appTransitionPending
09-24 21:05:27.391 25549 25549 D Launcher: DynamicIcon doWorkspaceOrFolderIconAnimation be enter
09-24 21:05:27.391 25549 25549 D Launcher.Workspace: DynamicIcon Workspace updateCurrentPageIconState success
09-24 21:05:27.391 25549 25549 D CellLayout: DynamicIcon CellLayout updateDynamicIconState should Update = true
09-24 21:05:27.392 25549 25792 E AbstractTracker: Can't create handler inside thread that has not called Looper.prepare()
09-24 21:05:27.392 25549 25792 D AppTracker: App Event: start
09-24 21:05:27.400 25549 25549 D Launcher: onPause
09-24 21:05:27.400 25549 25549 D Launcher: onNewIntent
09-24 21:05:27.400 25549 25549 D Launcher: onResume
09-24 21:05:27.402 25549 25549 D Launcher: DynamicIcon doWorkspaceOrFolderIconAnimation be enter
09-24 21:05:27.402 25549 25549 D Launcher.Workspace: DynamicIcon Workspace updateCurrentPageIconState success
09-24 21:05:27.402 25549 25549 D CellLayout: DynamicIcon CellLayout updateDynamicIconState should Update = true
09-24 21:05:27.403 25549 25549 D ClockViewGroup: onWindowVisibilityChanged:0
09-24 21:05:27.410 25549 25549 D Selection: Skip animation since new state (selected=true) is the same ascurrent state (selected=true)
09-24 21:05:27.410 25549 25549 D Selection: Skip animation since new state (selected=true) is the same ascurrent state (selected=true)
09-24 21:05:27.411 25549 25549 D Selection: Skip animation since new state (selected=true) is the same ascurrent state (selected=true)
09-24 21:05:27.411 25549 25549 D Selection: Skip animation since new state (selected=true) is the same ascurrent state (selected=true)
09-24 21:05:27.415  3889  3889 D PhoneStatusBar: setSystemUiVisibility vis=8600 mask=ffffffff oldVal=a610 newVal=8600 diff=2010
09-24 21:05:27.415  3889  3889 I StatusBarIconController: setIconsDark dark:false animate:true currentDark:true mTransitionPending:true mTransitionDeferring:false mPendingDarkIntensity:0.0
09-24 21:05:27.415  3889  3889 I StatusBarIconController: animateIconTint:0.0 mDarkIntensity:1.0
09-24 21:05:27.415  3889  3889 I StatusBarIconController: setIconTintInternal:1.0
09-24 21:05:27.424 25549 25549 D Selection: Skip animation since new state (selected=true) is the same ascurrent state (selected=true)
09-24 21:05:27.424 25549 25549 D Selection: Skip animation since new state (selected=false) is the same ascurrent state (selected=false)
09-24 21:05:27.424 25549 25549 D Selection: Skip animation since new state (selected=false) is the same ascurrent state (selected=false)
09-24 21:05:27.430  3889  3889 I StatusBarIconController: setIconTintInternal:1.0
09-24 21:05:27.444  1331  1339 I art     : Background partial concurrent mark sweep GC freed 37366(2MB) AllocSpace objects, 7(140KB) LOS objects, 33% free, 27MB/41MB, paused 2.014ms total 132.331ms
09-24 21:05:27.447  3889  3889 I StatusBarIconController: setIconTintInternal:0.94172597
09-24 21:05:27.459  3889  3889 W PathParser: Points are too far apart 4.030360828967057
09-24 21:05:27.459  3889  3889 W PathParser: Points are too far apart 4.030360538880159
09-24 21:05:27.464  3889  3889 I StatusBarIconController: setIconTintInternal:0.6780303
09-24 21:05:27.472  3889  3889 W PathParser: Points are too far apart 4.030360828967057
09-24 21:05:27.472  3889  3889 W PathParser: Points are too far apart 4.030360538880159
09-24 21:05:27.480  3889  3889 I StatusBarIconController: setIconTintInternal:0.35622203
09-24 21:05:27.489  3889  3889 W PathParser: Points are too far apart 4.030360828967057
09-24 21:05:27.489  3889  3889 W PathParser: Points are too far apart 4.030360538880159
09-24 21:05:27.497  3889  3889 I StatusBarIconController: setIconTintInternal:0.16050619
09-24 21:05:27.504  3889  3889 W PathParser: Points are too far apart 4.030360828967057
09-24 21:05:27.504  3889  3889 W PathParser: Points are too far apart 4.030360538880159
09-24 21:05:27.516  3889  3889 I StatusBarIconController: setIconTintInternal:0.06216371
09-24 21:05:27.522 25549 25558 I art     : Background sticky concurrent mark sweep GC freed 4382(250KB) AllocSpace objects, 8(3MB) LOS objects, 5% free, 56MB/59MB, paused 5.781ms total 14.549ms
09-24 21:05:27.532  3889  3889 W PathParser: Points are too far apart 4.030360828967057
09-24 21:05:27.532  3889  3889 W PathParser: Points are too far apart 4.030360538880159
09-24 21:05:27.537  3889  3889 I StatusBarIconController: setIconTintInternal:0.015558362
09-24 21:05:27.544  3889  3889 W PathParser: Points are too far apart 4.030360828967057
09-24 21:05:27.544  3889  3889 W PathParser: Points are too far apart 4.030360538880159
09-24 21:05:27.551  3889  3889 I StatusBarIconController: setIconTintInternal:6.6292286E-4
09-24 21:05:27.560  3889  3889 W PathParser: Points are too far apart 4.030360828967057
09-24 21:05:27.560  3889  3889 W PathParser: Points are too far apart 4.030360538880159
09-24 21:05:27.568  3889  3889 I StatusBarIconController: setIconTintInternal:0.0
09-24 21:05:27.580  1331  4525 D ActivityManager: mImportantUids connections =1000 by uid = 10401 ConnectionRecord =ConnectionRecord{51b305 u0 CR FGSA io.github.ylimit.droidbotapp/io.github.privacystreams.accessibility.PSAccessibilityService:@a5de7c}
09-24 21:05:27.580  1331  4525 D ActivityManager: mImportantUids connections =1000 by uid = 10401 ConnectionRecord =ConnectionRecord{5730574 u0 CR !FG UI !VIS io.github.ylimit.droidbotapp/.DroidBotIME:@1ae4947}
09-24 21:05:27.588  3143  3192 I art     : System.exit called, status: 0
09-24 21:05:27.589  3143  3192 I AndroidRuntime: VM exiting with result code 0, cleanup skipped.
09-24 21:05:27.603  3889  3889 I StatusBarIconController: appTransitionStarting
09-24 21:05:27.608   357   357 W auditd  : type=1400 "Binder_C""socket:[1161380]""sockfs"
09-24 21:05:27.608   357   357 W auditd  : type=1400 "Binder_C""socket:[1161380]""sockfs"
09-24 21:05:27.638   357   357 W auditd  : type=1400 "ps""/proc/350""proc"
09-24 21:05:27.641   357   357 W auditd  : type=1400 "ps""task""proc"
09-24 21:05:27.683  1331  3653 D ActivityManager: mImportantUids connections =1000 by uid = 10401 ConnectionRecord =ConnectionRecord{51b305 u0 CR FGSA io.github.ylimit.droidbotapp/io.github.privacystreams.accessibility.PSAccessibilityService:@a5de7c}
09-24 21:05:27.683  1331  3653 D ActivityManager: mImportantUids connections =1000 by uid = 10401 ConnectionRecord =ConnectionRecord{5730574 u0 CR !FG UI !VIS io.github.ylimit.droidbotapp/.DroidBotIME:@1ae4947}
09-24 21:05:27.707  1331  4614 I ActivityManager: Process com.oneplus.market (pid 3143) has died
09-24 21:05:27.707  1331  4614 D ActivityManager: cleanUpApplicationRecord -- 3143
09-24 21:05:27.707  1331  4614 D OnePlusProcessManager: ProcessRecord{4212a 3143:com.oneplus.market/u0a13} died but not restart......
09-24 21:05:27.709  1331  4614 D ActivityManager: mImportantUids connections =1000 by uid = 10401 ConnectionRecord =ConnectionRecord{51b305 u0 CR FGSA io.github.ylimit.droidbotapp/io.github.privacystreams.accessibility.PSAccessibilityService:@a5de7c}
09-24 21:05:27.709  1331  4614 D ActivityManager: mImportantUids connections =1000 by uid = 10401 ConnectionRecord =ConnectionRecord{5730574 u0 CR !FG UI !VIS io.github.ylimit.droidbotapp/.DroidBotIME:@1ae4947}
09-24 21:05:27.710  1331  3655 V ActivityManager: killProcessGroupAsync took 0 ms for PID 3143 on thread 14
09-24 21:05:27.728   357   357 W auditd  : type=1400 "Binder_4""socket:[1161379]""sockfs"
09-24 21:05:27.729   357   357 W auditd  : type=1400 "Binder_4""socket:[1161379]""sockfs"
09-24 21:05:28.060 25549 25738 W OpenGLRenderer: Incorrectly called buildLayer on View: ShortcutAndWidgetContainer, destroying layer...
09-24 21:05:28.324  3889  3889 D SystemServicesProxy: exclude com.android.packageinstaller
09-24 21:05:28.325  3889  3889 D SystemServicesProxy: add 8 Task
09-24 21:05:28.325  3889  3889 D RecentsTaskLoadPlan: preloadPlan, 8
09-24 21:05:28.946   357   357 W auditd  : type=1400 "ps""/proc/350""proc"
09-24 21:05:28.947   357   357 W auditd  : type=1400 "ps""task""proc"
09-24 21:05:29.027  1331  3770 D NtpTrustedTime: currentTimeMillis() cache hit
09-24 21:05:29.031  1331  3770 I TetherStatsReporting: getTetherStats() called NetworkStats: elapsedRealtime=17054974
09-24 21:05:29.031  1331  3770 I TetherStatsReporting:   [0] iface=wlan0 uid=0 set=DEFAULT tag=0x0 rxBytes=2189405 rxPackets=9356 txBytes=333397 txPackets=7141 operations=0
09-24 21:05:29.031  1331  3770 I TetherStatsReporting:   [1] iface=wlan0 uid=0 set=FOREGROUND tag=0x0 rxBytes=0 rxPackets=0 txBytes=0 txPackets=0 operations=0
09-24 21:05:29.031  1331  3770 I TetherStatsReporting:   [2] iface=wlan0 uid=1000 set=DEFAULT tag=0x0 rxBytes=588645 rxPackets=559 txBytes=66516 txPackets=612 operations=0
09-24 21:05:29.031  1331  3770 I TetherStatsReporting:   [3] iface=wlan0 uid=1000 set=FOREGROUND tag=0x0 rxBytes=0 rxPackets=0 txBytes=0 txPackets=0 operations=0
09-24 21:05:29.031  1331  3770 I TetherStatsReporting:   [4] iface=wlan0 uid=10002 set=DEFAULT tag=0x0 rxBytes=1232 rxPackets=4 txBytes=551 txPackets=5 operations=0
09-24 21:05:29.031  1331  3770 I TetherStatsReporting:   [5] iface=wlan0 uid=10002 set=FOREGROUND tag=0x0 rxBytes=0 rxPackets=0 txBytes=0 txPackets=0 operations=0
09-24 21:05:29.031  1331  3770 I TetherStatsReporting:   [6] iface=wlan0 uid=10013 set=DEFAULT tag=0x0 rxBytes=88017 rxPackets=590 txBytes=143624 txPackets=934 operations=0
09-24 21:05:29.031  1331  3770 I TetherStatsReporting:   [7] iface=wlan0 uid=10013 set=FOREGROUND tag=0x0 rxBytes=2229741 rxPackets=2089 txBytes=177132 txPackets=2193 operations=0
09-24 21:05:29.031  1331  3770 I TetherStatsReporting:   [8] iface=wlan0 uid=10018 set=DEFAULT tag=0x0 rxBytes=1432 rxPackets=10 txBytes=2549 txPackets=13 operations=0
09-24 21:05:29.031  1331  3770 I TetherStatsReporting:   [9] iface=wlan0 uid=10018 set=FOREGROUND tag=0x0 rxBytes=0 rxPackets=0 txBytes=0 txPackets=0 operations=0
09-24 21:05:29.031  1331  3770 I TetherStatsReporting:   [10] iface=wlan0 uid=10048 set=DEFAULT tag=0x0 rxBytes=286 rxPackets=4 txBytes=1253 txPackets=6 operations=0
09-24 21:05:29.031  1331  3770 I TetherStatsReporting:   [11] iface=wlan0 uid=10048 set=FOREGROUND tag=0x0 rxBytes=0 rxPackets=0 txBytes=0 txPackets=0 operations=0
09-24 21:05:29.031  1331  3770 I TetherStatsReporting:   [12] iface=wlan0 uid=10062 set=DEFAULT tag=0x0 rxBytes=3931111 rxPackets=3574 txBytes=340106 txPackets=4228 operations=0
09-24 21:05:29.031  1331  3770 I TetherStatsReporting:   [13] iface=wlan0 uid=10062 set=FOREGROUND tag=0x0 rxBytes=2676695 rxPackets=3778 txBytes=818289 txPackets=4795 operations=0
09-24 21:05:29.031  1331  3770 I TetherStatsReporting:   [14] iface=wlan0 uid=10066 set=DEFAULT tag=0x0 rxBytes=8841 rxPackets=40 txBytes=10564 txPackets=53 operations=0
09-24 21:05:29.031  1331  3770 I TetherStatsReporting:   [15] iface=wlan0 uid=10066 set=FOREGROUND tag=0x0 rxBytes=0 rxPackets=0 txBytes=0 txPackets=0 operations=0
09-24 21:05:29.031  1331  3770 I TetherStatsReporting:   [16] iface=wlan0 uid=10069 set=DEFAULT tag=0x0 rxBytes=426207 rxPackets=928 txBytes=137997 txPackets=1163 operations=0
09-24 21:05:29.031  1331  3770 I TetherStatsReporting:   [17] iface=wlan0 uid=10069 set=FOREGROUND tag=0x0 rxBytes=0 rxPackets=0 txBytes=0 txPackets=0 operations=0
09-24 21:05:29.031  1331  3770 I TetherStatsReporting:   [18] iface=wlan0 uid=10071 set=DEFAULT tag=0x0 rxBytes=76 rxPackets=1 txBytes=76 txPackets=1 operations=0
09-24 21:05:29.031  1331  3770 I TetherStatsReporting:   [19] iface=wlan0 uid=10071 set=FOREGROUND tag=0x0 rxBytes=0 rxPackets=0 txBytes=0 txPackets=0 operations=0
09-24 21:05:29.031  1331  3770 I TetherStatsReporting:   [20] iface=wlan0 uid=10072 set=DEFAULT tag=0x0 rxBytes=7739 rxPackets=8 txBytes=756 txPackets=10 operations=0
09-24 21:05:29.031  1331  3770 I TetherStatsReporting:   [21] iface=wlan0 uid=10072 set=FOREGROUND tag=0x0 rxBytes=0 rxPackets=0 txBytes=0 txPackets=0 operations=0
09-24 21:05:29.031  1331  3770 I TetherStatsReporting:   [22] iface=wlan0 uid=10094 set=DEFAULT tag=0x0 rxBytes=726 rxPackets=4 txBytes=1562 txPackets=6 operations=0
09-24 21:05:29.031  1331  3770 I TetherStatsReporting:   [23] iface=wlan0 uid=10094 set=FOREGROUND tag=0x0 rxBytes=0 rxPackets=0 txBytes=0 txPackets=0 operations=0
09-24 21:05:29.031  1331  3770 I TetherStatsReporting:   [24] iface=wlan0 uid=10096 set=DEFAULT tag=0x0 rxBytes=9673 rxPackets=91 txBytes=38750 txPackets=161 operations=0
09-24 21:05:29.031  1331  3770 I TetherStatsReporting:   [25] iface=wlan0 uid=10096 set=FOREGROUND tag=0x0 rxBytes=22746 rxPackets=98 txBytes=29305 txPackets=128 operations=0
09-24 21:05:29.031  1331  3770 I TetherStatsReporting:   [26] iface=wlan0 uid=10197 set=DEFAULT tag=0x0 rxBytes=1240545 rxPackets=8173 txBytes=875947 txPackets=9934 operations=0
09-24 21:05:29.031  1331  3770 I TetherStatsReporting:   [27] iface=wlan0 uid=10197 set=FOREGROUND tag=0x0 rxBytes=524354 rxPackets=1189 txBytes=118353 txPackets=1377 operations=0
09-24 21:05:29.031  1331  3770 I TetherStatsReporting:   [28] iface=wlan0 uid=10066 set=DEFAULT tag=0x3c9bead5 rxBytes=3457 rxPackets=9 txBytes=1272 txPackets=12 operations=0
09-24 21:05:29.031  1331  3770 I TetherStatsReporting:   [29] iface=wlan0 uid=10066 set=FOREGROUND tag=0x3c9bead5 rxBytes=0 rxPackets=0 txBytes=0 txPackets=0 operations=0
09-24 21:05:29.031  1331  3770 I TetherStatsReporting:   [30] iface=dummy0 uid=0 set=DEFAULT tag=0x0 rxBytes=0 rxPackets=0 txBytes=168 txPackets=3 operations=0
09-24 21:05:29.031  1331  3770 I TetherStatsReporting:   [31] iface=dummy0 uid=0 set=FOREGROUND tag=0x0 rxBytes=0 rxPackets=0 txBytes=0 txPackets=0 operations=0
09-24 21:05:29.031  1331  3770 I TetherStatsReporting:   [32] iface=lo uid=0 set=DEFAULT tag=0x0 rxBytes=347578 rxPackets=538 txBytes=17148 txPackets=350 operations=0
09-24 21:05:29.031  1331  3770 I TetherStatsReporting:   [33] iface=lo uid=0 set=FOREGROUND tag=0x0 rxBytes=0 rxPackets=0 txBytes=0 txPackets=0 operations=0
09-24 21:05:29.031  1331  3770 I TetherStatsReporting:   [34] iface=lo uid=2000 set=DEFAULT tag=0x0 rxBytes=296902124 rxPackets=37542 txBytes=1961124 txPackets=37701 operations=0
09-24 21:05:29.031  1331  3770 I TetherStatsReporting:   [35] iface
09-24 21:05:29.031  1331  3770 I TetherStatsReporting: combining tether stats
09-24 21:05:29.032  4623  4701 D QtiTetherService/IpaWrapper: getStats(false)
09-24 21:05:29.037  1331  3770 D NtpTrustedTime: currentTimeMillis() cache hit
09-24 21:05:29.038  1331  3771 D NtpTrustedTime: currentTimeMillis() cache hit
09-24 21:05:29.038  1331  3771 D NtpTrustedTime: currentTimeMillis() cache hit
09-24 21:05:29.051  1331  1331 I DeviceIdleController: updateChargingLocked: charging=true
09-24 21:05:29.051  1331  1331 I DeviceIdleController: becomeActiveLocked, reason = charging
09-24 21:05:29.056 26211 26211 D AbstractProcessor: onBatteryChange Percent:47 State:2 
09-24 21:05:29.303  4131  4131 D wpa_supplicant: wlan0: Control interface command 'SIGNAL_POLL'
09-24 21:05:29.307  4131  4131 D wpa_supplicant: CTRL-DEBUG: global_ctrl_sock-sendto: sock=12 sndbuf=212992 outq=0 send_len=48
09-24 21:05:29.825  1331  3656 I ActivityManager: Waited long enough for: ServiceRecord{3d58f0c u0 com.baidu.input_yijia/com.baidu.input.switchguide.GuideService}
09-24 21:05:30.290   357   357 W auditd  : type=1400 "ps""/proc/350""proc"
09-24 21:05:30.291   357   357 W auditd  : type=1400 "ps""task""proc"
09-24 21:05:30.457 25549 25549 W ResourceType: No package identifier when getting name for resource number 0x00000001
09-24 21:05:30.457 25549 25549 W ResourceType: No package identifier when getting name for resource number 0x00000003
09-24 21:05:30.457 25549 25549 W ResourceType: No package identifier when getting name for resource number 0x00000004
09-24 21:05:30.458 25549 25549 W ResourceType: No package identifier when getting name for resource number 0x00000005
09-24 21:05:30.458 25549 25549 W ResourceType: No package identifier when getting name for resource number 0x00000006
09-24 21:05:30.458 25549 25549 W ResourceType: No package identifier when getting name for resource number 0x00000007
09-24 21:05:30.459 25549 25549 W ResourceType: No package identifier when getting name for resource number 0x00000008
09-24 21:05:30.459 25549 25549 W ResourceType: No package identifier when getting name for resource number 0x00000009
09-24 21:05:30.459 25549 25549 W ResourceType: No package identifier when getting name for resource number 0x0000000a
09-24 21:05:30.459 25549 25549 W ResourceType: No package identifier when getting name for resource number 0x0000000b
09-24 21:05:30.460 25549 25549 W ResourceType: No package identifier when getting name for resource number 0x00000019
09-24 21:05:30.460 25549 25549 W ResourceType: No package identifier when getting name for resource number 0x0000001a
09-24 21:05:30.460 25549 25549 W ResourceType: No package identifier when getting name for resource number 0x0000001b
09-24 21:05:30.461 25549 25549 W ResourceType: No package identifier when getting name for resource number 0x0000001c
09-24 21:05:30.461 25549 25549 W ResourceType: No package identifier when getting name for resource number 0x0000001d
09-24 21:05:30.461 25549 25549 W ResourceType: No package identifier when getting name for resource number 0x0000001e
09-24 21:05:30.461 25549 25549 W ResourceType: No package identifier when getting name for resource number 0x0000002b
09-24 21:05:30.462 25549 25549 W ResourceType: No package identifier when getting name for resource number 0x00000003
09-24 21:05:30.670 25549 25549 W ResourceType: No package identifier when getting name for resource number 0x00000001
09-24 21:05:30.670 25549 25549 W ResourceType: No package identifier when getting name for resource number 0x00000003
09-24 21:05:30.670 25549 25549 W ResourceType: No package identifier when getting name for resource number 0x00000004
09-24 21:05:30.671 25549 25549 W ResourceType: No package identifier when getting name for resource number 0x00000005
09-24 21:05:30.671 25549 25549 W ResourceType: No package identifier when getting name for resource number 0x00000006
09-24 21:05:30.671 25549 25549 W ResourceType: No package identifier when getting name for resource number 0x00000007
09-24 21:05:30.672 25549 25549 W ResourceType: No package identifier when getting name for resource number 0x00000008
09-24 21:05:30.672 25549 25549 W ResourceType: No package identifier when getting name for resource number 0x00000009
09-24 21:05:30.672 25549 25549 W ResourceType: No package identifier when getting name for resource number 0x0000000a
09-24 21:05:30.673 25549 25549 W ResourceType: No package identifier when getting name for resource number 0x0000000b
09-24 21:05:30.673 25549 25549 W ResourceType: No package identifier when getting name for resource number 0x00000019
09-24 21:05:30.673 25549 25549 W ResourceType: No package identifier when getting name for resource number 0x0000001a
09-24 21:05:30.674 25549 25549 W ResourceType: No package identifier when getting name for resource number 0x0000001b
09-24 21:05:30.674 25549 25549 W ResourceType: No package identifier when getting name for resource number 0x0000001c
09-24 21:05:30.674 25549 25549 W ResourceType: No package identifier when getting name for resource number 0x0000001d
09-24 21:05:30.674 25549 25549 W ResourceType: No package identifier when getting name for resource number 0x0000001e
09-24 21:05:30.675 25549 25549 W ResourceType: No package identifier when getting name for resource number 0x0000002b
09-24 21:05:30.675 25549 25549 W ResourceType: No package identifier when getting name for resource number 0x00000003
09-24 21:05:30.942 25549 25549 W ResourceType: No package identifier when getting name for resource number 0x00000001
09-24 21:05:30.942 25549 25549 W ResourceType: No package identifier when getting name for resource number 0x00000003
09-24 21:05:30.942 25549 25549 W ResourceType: No package identifier when getting name for resource number 0x00000004
09-24 21:05:30.943 25549 25549 W ResourceType: No package identifier when getting name for resource number 0x00000005
09-24 21:05:30.943 25549 25549 W ResourceType: No package identifier when getting name for resource number 0x00000006
09-24 21:05:30.943 25549 25549 W ResourceType: No package identifier when getting name for resource number 0x00000007
09-24 21:05:30.944 25549 25549 W ResourceType: No package identifier when getting name for resource number 0x00000008
09-24 21:05:30.944 25549 25549 W ResourceType: No package identifier when getting name for resource number 0x00000009
09-24 21:05:30.944 25549 25549 W ResourceType: No package identifier when getting name for resource number 0x0000000a
09-24 21:05:30.945 25549 25549 W ResourceType: No package identifier when getting name for resource number 0x0000000b
09-24 21:05:30.945 25549 25549 W ResourceType: No package identifier when getting name for resource number 0x00000019
09-24 21:05:30.945 25549 25549 W ResourceType: No package identifier when getting name for resource number 0x0000001a
09-24 21:05:30.945 25549 25549 W ResourceType: No package identifier when getting name for resource number 0x0000001b
09-24 21:05:30.946 25549 25549 W ResourceType: No package identifier when getting name for resource number 0x0000001c
09-24 21:05:30.946 25549 25549 W ResourceType: No package identifier when getting name for resource number 0x0000001d
09-24 21:05:30.946 25549 25549 W ResourceType: No package identifier when getting name for resource number 0x0000001e
09-24 21:05:30.946 25549 25549 W ResourceType: No package identifier when getting name for resource number 0x0000002b
09-24 21:05:30.947 25549 25549 W ResourceType: No package identifier when getting name for resource number 0x00000003
09-24 21:05:31.016  1331  4620 D ActivityManager: mImportantUids connections =1000 by uid = 10401 ConnectionRecord =ConnectionRecord{51b305 u0 CR FGSA io.github.ylimit.droidbotapp/io.github.privacystreams.accessibility.PSAccessibilityService:@a5de7c}
09-24 21:05:31.016  1331  4620 D ActivityManager: mImportantUids connections =1000 by uid = 10401 ConnectionRecord =ConnectionRecord{5730574 u0 CR !FG UI !VIS io.github.ylimit.droidbotapp/.DroidBotIME:@1ae4947}
09-24 21:05:31.208 25549 25549 W ResourceType: No package identifier when getting name for resource number 0x00000001
09-24 21:05:31.209 25549 25549 W ResourceType: No package identifier when getting name for resource number 0x00000003
09-24 21:05:31.209 25549 25549 W ResourceType: No package identifier when getting name for resource number 0x00000004
09-24 21:05:31.210 25549 25549 W ResourceType: No package identifier when getting name for resource number 0x00000005
09-24 21:05:31.210 25549 25549 W ResourceType: No package identifier when getting name for resource number 0x00000006
09-24 21:05:31.211 25549 25549 W ResourceType: No package identifier when getting name for resource number 0x00000007
09-24 21:05:31.212 25549 25549 W ResourceType: No package identifier when getting name for resource number 0x00000008
09-24 21:05:31.212 25549 25549 W ResourceType: No package identifier when getting name for resource number 0x00000009
09-24 21:05:31.214 25549 25549 W ResourceType: No package identifier when getting name for resource number 0x0000000a
09-24 21:05:31.214 25549 25549 W ResourceType: No package identifier when getting name for resource number 0x0000000b
09-24 21:05:31.215 25549 25549 W ResourceType: No package identifier when getting name for resource number 0x00000019
09-24 21:05:31.215 25549 25549 W ResourceType: No package identifier when getting name for resource number 0x0000001a
09-24 21:05:31.216 25549 25549 W ResourceType: No package identifier when getting name for resource number 0x0000001b
09-24 21:05:31.216 25549 25549 W ResourceType: No package identifier when getting name for resource number 0x0000001c
09-24 21:05:31.217 25549 25549 W ResourceType: No package identifier when getting name for resource number 0x0000001d
09-24 21:05:31.217 25549 25549 W ResourceType: No package identifier when getting name for resource number 0x0000001e
09-24 21:05:31.217 25549 25549 W ResourceType: No package identifier when getting name for resource number 0x0000002b
09-24 21:05:31.218 25549 25549 W ResourceType: No package identifier when getting name for resource number 0x00000003
09-24 21:05:31.625   357   357 W auditd  : type=1400 "ps""/proc/350""proc"
09-24 21:05:31.625   357   357 W auditd  : type=1400 "ps""task""proc"
09-24 21:05:31.964  1331  4402 I IzatProviderEngine: LocTech-Label :: OSDC :: Position Report In
09-24 21:05:31.964  1331  4402 I IzatProviderEngine: LocTech-Value :: UTC Time: 1506258332000, Elapsed Real Time Nanos: 17057911253648, Latitude: 39.963835, Longitude: 116.358597, Altitude: 0.0, Speed: 0.0, Bearing: 81.0, Accuracy: 1923566.4
09-24 21:05:32.226  3264  3264 D AndroidRuntime: >>>>>> START com.android.internal.os.RuntimeInit uid 2000 <<<<<<
09-24 21:05:32.235  3264  3264 D AndroidRuntime: CheckJNI is OFF
09-24 21:05:32.295  3264  3264 D ICU     : No timezone override file found: /data/misc/zoneinfo/current/icu/icu_tzdata.dat
09-24 21:05:32.319  4131  4131 D wpa_supplicant: wlan0: Control interface command 'SIGNAL_POLL'
09-24 21:05:32.323  4131  4131 D wpa_supplicant: CTRL-DEBUG: global_ctrl_sock-sendto: sock=12 sndbuf=212992 outq=0 send_len=48
09-24 21:05:32.348  3264  3264 I Radio-JNI: register_android_hardware_Radio DONE
09-24 21:05:32.386  3264  3264 D AndroidRuntime: Calling main entry com.android.commands.am.Am
09-24 21:05:32.392  1331  3827 I ActivityManager: START u0 {act=android.intent.action.MAIN cat=[android.intent.category.LAUNCHER] flg=0x10000000 cmp=com.HouseBuildingGames/.MainActivity} from uid 2000 pid 3264 on display 0
09-24 21:05:32.401  3889  3889 I StatusBarIconController:  appTransitionPending
09-24 21:05:32.402 25549 25549 D Launcher: onPause
09-24 21:05:32.403 25549 25793 E AbstractTracker: Can't create handler inside thread that has not called Looper.prepare()
09-24 21:05:32.403 25549 25793 D AppTracker: App Event: stop
09-24 21:05:32.406  3264  3264 D AndroidRuntime: Shutting down VM
09-24 21:05:32.410  3889  3889 I StatusBarIconController:  appTransitionPending
09-24 21:05:32.426  1331  4398 V BoostFramework: BoostFramework() : mPerf = com.qualcomm.qti.Performance@d87ee94
09-24 21:05:32.429  1331  4398 I ActivityManager: Start proc 3276:com.HouseBuildingGames/u0a522 for activity com.HouseBuildingGames/.MainActivity
09-24 21:05:32.464  1331  3823 D ActivityManager: mImportantUids connections =1000 by uid = 10401 ConnectionRecord =ConnectionRecord{51b305 u0 CR FGSA io.github.ylimit.droidbotapp/io.github.privacystreams.accessibility.PSAccessibilityService:@a5de7c}
09-24 21:05:32.464  1331  3823 D ActivityManager: mImportantUids connections =1000 by uid = 10401 ConnectionRecord =ConnectionRecord{5730574 u0 CR !FG UI !VIS io.github.ylimit.droidbotapp/.DroidBotIME:@1ae4947}
09-24 21:05:32.479  3276  3276 W System  : ClassLoader referenced unknown path: /data/app/com.HouseBuildingGames-1/lib/arm64
09-24 21:05:32.484  3889  3889 D PhoneStatusBar: setSystemUiVisibility vis=0 mask=ffffffff oldVal=8600 newVal=0 diff=8600
09-24 21:05:32.484  3889  3889 D PhoneStatusBar: checkBarMode:powerSave=false, getBarState()=0
09-24 21:05:32.484  3889  3889 D BarTransitions.PhoneStatusBarView: MODE_TRANSPARENT -> MODE_OPAQUE animate=true
09-24 21:05:32.484  3889  3889 D BarTransitions.PhoneStatusBarView: applyModeBackground oldMode=MODE_TRANSPARENT newMode=MODE_OPAQUE animate=true
09-24 21:05:32.485  3889  3889 I StatusBarIconController: setIconsDark dark:false animate:true currentDark:false mTransitionPending:true mTransitionDeferring:false mPendingDarkIntensity:0.0
09-24 21:05:32.485  3889  3889 I StatusBarIconController: animateIconTint:0.0 mDarkIntensity:0.0
09-24 21:05:32.490  1331  3656 D ActivityManager: mImportantUids connections =1000 by uid = 10401 ConnectionRecord =ConnectionRecord{51b305 u0 CR FGSA io.github.ylimit.droidbotapp/io.github.privacystreams.accessibility.PSAccessibilityService:@a5de7c}
09-24 21:05:32.490  1331  3656 D ActivityManager: mImportantUids connections =1000 by uid = 10401 ConnectionRecord =ConnectionRecord{5730574 u0 CR !FG UI !VIS io.github.ylimit.droidbotapp/.DroidBotIME:@1ae4947}
09-24 21:05:32.495 25549 25549 D ClockViewGroup: onWindowVisibilityChanged:8
09-24 21:05:32.496  3889  3889 D BarBackgroundDrawable: BarTransitions: draw: mode=MODE_OPAQUE, targetColor=0xff000000
09-24 21:05:32.496  3889  3889 D BarBackgroundDrawable: BarTransitions: drawColor:0xf000000
09-24 21:05:32.501  3889  3889 I StatusBarIconController: appTransitionStarting
09-24 21:05:32.529  3276  3276 W GAV2    : Thread[main,5,main]: Need to call initialize() and be in fallback mode to start dispatch.
09-24 21:05:32.530  3889  3889 D BarBackgroundDrawable: BarTransitions: draw: mode=MODE_OPAQUE, targetColor=0xff000000
09-24 21:05:32.530  3889  3889 D BarBackgroundDrawable: BarTransitions: drawColor:0x3a000000
09-24 21:05:32.532  3889  3889 D BarBackgroundDrawable: BarTransitions: draw: mode=MODE_OPAQUE, targetColor=0xff000000
09-24 21:05:32.532  3889  3889 D BarBackgroundDrawable: BarTransitions: drawColor:0x3d000000
09-24 21:05:32.546  3889  3889 D BarBackgroundDrawable: BarTransitions: draw: mode=MODE_OPAQUE, targetColor=0xff000000
09-24 21:05:32.546  3889  3889 D BarBackgroundDrawable: BarTransitions: drawColor:0x4f000000
09-24 21:05:32.563  3889  3889 D BarBackgroundDrawable: BarTransitions: draw: mode=MODE_OPAQUE, targetColor=0xff000000
09-24 21:05:32.563  3889  3889 D BarBackgroundDrawable: BarTransitions: drawColor:0x64000000
09-24 21:05:32.580  3889  3889 D BarBackgroundDrawable: BarTransitions: draw: mode=MODE_OPAQUE, targetColor=0xff000000
09-24 21:05:32.580  3889  3889 D BarBackgroundDrawable: BarTransitions: drawColor:0x7a000000
09-24 21:05:32.596  3889  3889 D BarBackgroundDrawable: BarTransitions: draw: mode=MODE_OPAQUE, targetColor=0xff000000
09-24 21:05:32.596  3889  3889 D BarBackgroundDrawable: BarTransitions: drawColor:0x90000000
09-24 21:05:32.605  3276  3297 W Settings: Setting install_non_market_apps has moved from android.provider.Settings.Global to android.provider.Settings.Secure, returning read-only value.
09-24 21:05:32.610  3276  3276 I WebViewFactory: Loading com.google.android.webview version 52.0.2743.98 (code 275609850)
09-24 21:05:32.635  3276  3297 I DpmTcmClient: RegisterTcmMonitor from: com.android.okhttp.TcmIdleTimerMonitor
09-24 21:05:32.635  3889  3889 D BarBackgroundDrawable: BarTransitions: draw: mode=MODE_OPAQUE, targetColor=0xff000000
09-24 21:05:32.636  3889  3889 D BarBackgroundDrawable: BarTransitions: drawColor:0xc1000000
09-24 21:05:32.646  3889  3889 D BarBackgroundDrawable: BarTransitions: draw: mode=MODE_OPAQUE, targetColor=0xff000000
09-24 21:05:32.647  3889  3889 D BarBackgroundDrawable: BarTransitions: drawColor:0xcf000000
