09-24 21:05:32.656  3276  3276 W System  : ClassLoader referenced unknown path: /system/app/WebViewGoogle/lib/arm64
09-24 21:05:32.658  3276  3276 E Theme   : Different package name.com.HouseBuildingGames,com.google.android.webview
09-24 21:05:32.664  3889  3889 D BarBackgroundDrawable: BarTransitions: draw: mode=MODE_OPAQUE, targetColor=0xff000000
09-24 21:05:32.664  3889  3889 D BarBackgroundDrawable: BarTransitions: drawColor:0xe5000000
09-24 21:05:32.669  3276  3276 I art     : Rejecting re-init on previously-failed class java.lang.Class<com.android.webview.chromium.ServiceWorkerControllerAdapter>
09-24 21:05:32.670  3276  3276 I art     : Rejecting re-init on previously-failed class java.lang.Class<com.android.webview.chromium.ServiceWorkerControllerAdapter>
09-24 21:05:32.672  3276  3276 I art     : Rejecting re-init on previously-failed class java.lang.Class<com.android.webview.chromium.TokenBindingManagerAdapter>
09-24 21:05:32.673  3276  3276 I art     : Rejecting re-init on previously-failed class java.lang.Class<com.android.webview.chromium.TokenBindingManagerAdapter>
09-24 21:05:32.680  3889  3889 D BarBackgroundDrawable: BarTransitions: draw: mode=MODE_OPAQUE, targetColor=0xff000000
09-24 21:05:32.680  3889  3889 D BarBackgroundDrawable: BarTransitions: drawColor:0xf9000000
09-24 21:05:32.682  3276  3276 I cr_LibraryLoader: Time to load native libraries: 3 ms (timestamps 8626-8629)
09-24 21:05:32.682  3276  3276 I cr_LibraryLoader: Expected native library version number "52.0.2743.98", actual native library version number "52.0.2743.98"
09-24 21:05:32.695  3276  3276 V WebViewChromiumFactoryProvider: Binding Chromium to main looper Looper (main, tid 1) {988839}
09-24 21:05:32.696  3276  3276 I cr_LibraryLoader: Expected native library version number "52.0.2743.98", actual native library version number "52.0.2743.98"
09-24 21:05:32.696  3276  3276 I chromium: [INFO:library_loader_hooks.cc(143)] Chromium logging enabled: level = 0, default verbosity = 0
09-24 21:05:32.697  3889  3889 D BarBackgroundDrawable: BarTransitions: draw: mode=MODE_OPAQUE, targetColor=0xff000000
09-24 21:05:32.697  3889  3889 D BarBackgroundDrawable: BarTransitions: drawColor:0xff000000
09-24 21:05:32.726  3276  3276 I cr_BrowserStartup: Initializing chromium process, singleProcess=true
09-24 21:05:32.752  3276  3276 I Adreno  : QUALCOMM build                   : 183c040, Iff84fb1103
09-24 21:05:32.752  3276  3276 I Adreno  : Build Date                       : 03/18/16
09-24 21:05:32.752  3276  3276 I Adreno  : OpenGL ES Shader Compiler Version: XE031.06.00.02
09-24 21:05:32.752  3276  3276 I Adreno  : Local Branch                     : 
09-24 21:05:32.752  3276  3276 I Adreno  : Remote Branch                    : refs/tags/AU_LINUX_ANDROID_LA.BF64.1.2.2_RB4.06.00.01.180.031
09-24 21:05:32.752  3276  3276 I Adreno  : Remote Branch                    : NONE
09-24 21:05:32.752  3276  3276 I Adreno  : Reconstruct Branch               : NOTHING
09-24 21:05:32.809  3276  3316 E ActivityThread: Failed to find provider info for com.google.settings
09-24 21:05:32.813  3276  3311 W cr_media: Requires BLUETOOTH permission
09-24 21:05:32.855  1331  4398 D ConnectivityService: listenForNetwork for Listen from uid/pid:10522/3276 for NetworkRequest [ id=402, legacyType=-1, [ Capabilities: INTERNET&NOT_RESTRICTED&TRUSTED] ]
09-24 21:05:32.856  1331  3777 D ConnectivityService: rematching NetworkAgentInfo [WIFI () - 100]
09-24 21:05:32.856  1331  3777 D ConnectivityService:  network has: [ Transports: WIFI Capabilities: INTERNET&NOT_RESTRICTED&TRUSTED&NOT_VPN&VALIDATED LinkUpBandwidth>=1048576Kbps LinkDnBandwidth>=1048576Kbps SignalStrength: -39]
09-24 21:05:32.856  1331  3777 D ConnectivityService: Network NetworkAgentInfo [WIFI () - 100] was already satisfying request 1. No change.
09-24 21:05:32.856  1331  3777 D ConnectivityService:   checking if request is satisfied: NetworkRequest [ id=3, legacyType=-1, [] ]
09-24 21:05:32.856  1331  3777 D ConnectivityService:   checking if request is satisfied: NetworkRequest [ id=4, legacyType=-1, [ Transports: WIFI Capabilities: INTERNET&NOT_RESTRICTED&TRUSTED&NOT_VPN] ]
09-24 21:05:32.856  1331  3777 D ConnectivityService:   checking if request is satisfied: NetworkRequest [ id=5, legacyType=-1, [ Transports: CELLULAR Capabilities: INTERNET&NOT_RESTRICTED&TRUSTED&NOT_VPN] ]
09-24 21:05:32.856  1331  3777 D ConnectivityService:   checking if request is satisfied: NetworkRequest [ id=402, legacyType=-1, [ Capabilities: INTERNET&NOT_RESTRICTED&TRUSTED] ]
09-24 21:05:32.856  1331  3777 D ConnectivityService: sending notification AVAILABLE for NetworkRequest [ id=402, legacyType=-1, [ Capabilities: INTERNET&NOT_RESTRICTED&TRUSTED] ]
09-24 21:05:32.861   357   357 W auditd  : type=1400 "Binder_4""socket:[1160760]""sockfs"
09-24 21:05:32.882  3276  3276 W cr_AwContents: onDetachedFromWindow called when already detached. Ignoring
09-24 21:05:32.877   357   357 W auditd  : type=1400 "Binder_4""socket:[1160760]""sockfs"
09-24 21:05:32.906  3276  3276 W GooglePlayServicesUtil: Google Play Store is missing.
09-24 21:05:32.938   357   357 W auditd  : type=1400 "ps""/proc/350""proc"
09-24 21:05:32.938   357   357 W auditd  : type=1400 "ps""task""proc"
09-24 21:05:32.987  3325  3325 I dex2oat : /system/bin/dex2oat --dex-file=/data/user/0/com.HouseBuildingGames/cache/ads-1765674674.jar --oat-file=/data/user/0/com.HouseBuildingGames/cache/ads-1765674674.dex
09-24 21:05:33.039  3325  3325 I dex2oat : dex2oat took 53.303ms (threads: 8) arena alloc=165KB java alloc=65KB native alloc=1358KB free=2MB
09-24 21:05:33.058  3276  3276 I Ads     : Use AdRequest.Builder.addTestDevice("5EBC12BF17C41267958295A7114AE10F") to get test ads on this device.
09-24 21:05:33.063  3276  3276 I Ads     : Starting ad request.
09-24 21:05:33.078  3276  3276 W cr_AwContents: onDetachedFromWindow called when already detached. Ignoring
09-24 21:05:33.109  3276  3276 I cr_Ime  : ImeThread is not enabled.
09-24 21:05:33.146  3276  3276 W cr_AwContents: onDetachedFromWindow called when already detached. Ignoring
09-24 21:05:33.154  3276  3342 E libEGL  : validate_display:255 error 3008 (EGL_BAD_DISPLAY)
09-24 21:05:33.180  3276  3342 W VideoCapabilities: Unrecognized profile 2130706433 for video/avc
09-24 21:05:33.199  3276  3276 E Parcel  : Reading a NULL string not supported here.
09-24 21:05:33.205  3276  3342 W VideoCapabilities: Unrecognized profile/level 0/3 for video/mpeg2
09-24 21:05:33.206  3276  3276 E Parcel  : Reading a NULL string not supported here.
09-24 21:05:33.209  3276  3342 W VideoCapabilities: Unrecognized profile/level 0/3 for video/mpeg2
09-24 21:05:33.213  3276  3342 W VideoCapabilities: Unsupported mime video/x-ms-wmv
09-24 21:05:33.216  3276  3342 W VideoCapabilities: Unsupported mime video/x-ms-wmv
09-24 21:05:33.218  3276  3342 W VideoCapabilities: Unsupported mime video/divx
09-24 21:05:33.220  3276  3342 W VideoCapabilities: Unsupported mime video/divx311
09-24 21:05:33.222  3276  3342 W VideoCapabilities: Unsupported mime video/divx4
09-24 21:05:33.234   357   357 W auditd  : type=1400 "Binder_3""socket:[1160948]""sockfs"
09-24 21:05:33.234   357   357 W auditd  : type=1400 "Binder_3""socket:[1160948]""sockfs"
09-24 21:05:33.234  3276  3347 D OpenGLRenderer: Use EGL_SWAP_BEHAVIOR_PRESERVED: true
09-24 21:05:33.237  3276  3342 W VideoCapabilities: Unsupported mime video/mp4v-esdp
09-24 21:05:33.239   357   357 W auditd  : type=1400 "Binder_2""socket:[1161550]""sockfs"
09-24 21:05:33.239   357   357 W auditd  : type=1400 "Binder_2""socket:[1161550]""sockfs"
09-24 21:05:33.253  1331  3654 D ConnectivityService: listenForNetwork for Listen from uid/pid:10522/3276 for NetworkRequest [ id=403, legacyType=-1, [ Capabilities: INTERNET&NOT_RESTRICTED&TRUSTED] ]
09-24 21:05:33.253  1331  3777 D ConnectivityService: rematching NetworkAgentInfo [WIFI () - 100]
09-24 21:05:33.253  1331  3777 D ConnectivityService:  network has: [ Transports: WIFI Capabilities: INTERNET&NOT_RESTRICTED&TRUSTED&NOT_VPN&VALIDATED LinkUpBandwidth>=1048576Kbps LinkDnBandwidth>=1048576Kbps SignalStrength: -39]
09-24 21:05:33.253  1331  3777 D ConnectivityService: Network NetworkAgentInfo [WIFI () - 100] was already satisfying request 1. No change.
09-24 21:05:33.253  1331  3777 D ConnectivityService:   checking if request is satisfied: NetworkRequest [ id=3, legacyType=-1, [] ]
09-24 21:05:33.253  1331  3777 D ConnectivityService:   checking if request is satisfied: NetworkRequest [ id=403, legacyType=-1, [ Capabilities: INTERNET&NOT_RESTRICTED&TRUSTED] ]
09-24 21:05:33.253  1331  3777 D ConnectivityService:   checking if request is satisfied: NetworkRequest [ id=4, legacyType=-1, [ Transports: WIFI Capabilities: INTERNET&NOT_RESTRICTED&TRUSTED&NOT_VPN] ]
09-24 21:05:33.253  1331  3777 D ConnectivityService:   checking if request is satisfied: NetworkRequest [ id=5, legacyType=-1, [ Transports: CELLULAR Capabilities: INTERNET&NOT_RESTRICTED&TRUSTED&NOT_VPN] ]
09-24 21:05:33.253  1331  3777 D ConnectivityService:   checking if request is satisfied: NetworkRequest [ id=402, legacyType=-1, [ Capabilities: INTERNET&NOT_RESTRICTED&TRUSTED] ]
09-24 21:05:33.254  1331  3777 D ConnectivityService: sending notification AVAILABLE for NetworkRequest [ id=403, legacyType=-1, [ Capabilities: INTERNET&NOT_RESTRICTED&TRUSTED] ]
09-24 21:05:33.259  3276  3342 I VideoCapabilities: Unsupported profile 4 for video/mp4v-es
09-24 21:05:33.274  3276  3276 W cr_AwContents: onDetachedFromWindow called when already detached. Ignoring
09-24 21:05:33.282  3276  3276 I cr_Ime  : ImeThread is not enabled.
09-24 21:05:33.318  3276  3347 I OpenGLRenderer: Initialized EGL, version 1.4
09-24 21:05:33.416  1331  3663 I ActivityManager: Displayed com.HouseBuildingGames/.MainActivity: +1s9ms
09-24 21:05:33.420   357   357 W auditd  : type=1400 "Binder_9""socket:[1161561]""sockfs"
09-24 21:05:33.420   357   357 W auditd  : type=1400 "Binder_9""socket:[1161561]""sockfs"
09-24 21:05:33.454  3889  3889 D SystemServicesProxy: exclude com.android.packageinstaller
09-24 21:05:33.454  3889  3889 D SystemServicesProxy: add 9 Task
09-24 21:05:33.454  3889  3889 D RecentsTaskLoadPlan: preloadPlan, 9
09-24 21:05:33.472  3276  3276 W cr_BindingManager: Cannot call determinedVisibility() - never saw a connection for the pid: 3276
09-24 21:05:33.493   357   357 W auditd  : type=1400 "Binder_10""socket:[1161560]""sockfs"
09-24 21:05:33.493   357   357 W auditd  : type=1400 "Binder_10""socket:[1161560]""sockfs"
09-24 21:05:33.864  3276  3276 W cr_BindingManager: Cannot call determinedVisibility() - never saw a connection for the pid: 3276
09-24 21:05:33.893  3276  3276 W Ads     : JS: Use of the Application Cache is deprecated on insecure origins. Support will be removed in the future. You should consider switching your application to a secure origin, such as HTTPS. See https://goo.gl/rStTGz for more details. (:0)
09-24 21:05:33.893  3276  3276 I chromium: [INFO:CONSOLE(0)] "Use of the Application Cache is deprecated on insecure origins. Support will be removed in the future. You should consider switching your application to a secure origin, such as HTTPS. See https://goo.gl/rStTGz for more details.", source:  (0)
09-24 21:05:33.908  3276  3276 I Ads     : JS: Creating Application Cache with manifest http://googleads.g.doubleclick.net/mads/static/mad/sdk/native/sdk-core-v40.appcache (http://googleads.g.doubleclick.net/mads/static/mad/sdk/native/sdk-core-v40.html:0)
09-24 21:05:33.908  3276  3276 I chromium: [INFO:CONSOLE(0)] "Creating Application Cache with manifest http://googleads.g.doubleclick.net/mads/static/mad/sdk/native/sdk-core-v40.appcache", source: http://googleads.g.doubleclick.net/mads/static/mad/sdk/native/sdk-core-v40.html (0)
09-24 21:05:33.908  3276  3276 I Ads     : JS: Application Cache Checking event (http://googleads.g.doubleclick.net/mads/static/mad/sdk/native/sdk-core-v40.html:0)
09-24 21:05:33.908  3276  3276 I chromium: [INFO:CONSOLE(0)] "Application Cache Checking event", source: http://googleads.g.doubleclick.net/mads/static/mad/sdk/native/sdk-core-v40.html (0)
09-24 21:05:33.909  3276  3276 I Ads     : JS: Application Cache Downloading event (http://googleads.g.doubleclick.net/mads/static/mad/sdk/native/sdk-core-v40.html:0)
09-24 21:05:33.909  3276  3276 I chromium: [INFO:CONSOLE(0)] "Application Cache Downloading event", source: http://googleads.g.doubleclick.net/mads/static/mad/sdk/native/sdk-core-v40.html (0)
09-24 21:05:33.968  3276  3276 I Ads     : JS: Application Cache Progress event (0 of 2) http://googleads.g.doubleclick.net/mads/static/mad/sdk/native/sdk-core-v40.js (http://googleads.g.doubleclick.net/mads/static/mad/sdk/native/sdk-core-v40.html:0)
09-24 21:05:33.968  3276  3276 I chromium: [INFO:CONSOLE(0)] "Application Cache Progress event (0 of 2) http://googleads.g.doubleclick.net/mads/static/mad/sdk/native/sdk-core-v40.js", source: http://googleads.g.doubleclick.net/mads/static/mad/sdk/native/sdk-core-v40.html (0)
09-24 21:05:33.969  3276  3276 I Ads     : JS: Application Cache Progress event (1 of 2) http://googleads.g.doubleclick.net/mads/static/mad/sdk/native/production/sdk-core-v40-impl.js (http://googleads.g.doubleclick.net/mads/static/mad/sdk/native/sdk-core-v40.html:0)
09-24 21:05:33.969  3276  3276 I chromium: [INFO:CONSOLE(0)] "Application Cache Progress event (1 of 2) http://googleads.g.doubleclick.net/mads/static/mad/sdk/native/production/sdk-core-v40-impl.js", source: http://googleads.g.doubleclick.net/mads/static/mad/sdk/native/sdk-core-v40.html (0)
09-24 21:05:34.096  3276  3276 I Ads     : JS: Application Cache Progress event (2 of 2)  (http://googleads.g.doubleclick.net/mads/static/mad/sdk/native/sdk-core-v40.html:0)
09-24 21:05:34.096  3276  3276 I chromium: [INFO:CONSOLE(0)] "Application Cache Progress event (2 of 2) ", source: http://googleads.g.doubleclick.net/mads/static/mad/sdk/native/sdk-core-v40.html (0)
09-24 21:05:34.096  3276  3276 I Ads     : JS: Application Cache Cached event (http://googleads.g.doubleclick.net/mads/static/mad/sdk/native/sdk-core-v40.html:0)
09-24 21:05:34.096  3276  3276 I chromium: [INFO:CONSOLE(0)] "Application Cache Cached event", source: http://googleads.g.doubleclick.net/mads/static/mad/sdk/native/sdk-core-v40.html (0)
09-24 21:05:34.304   774   774 I MSM-irqbalance: Decided to move IRQ57 from CPU1 to CPU3
09-24 21:05:34.311   357   357 W auditd  : type=1400 "ps""/proc/350""proc"
09-24 21:05:34.312   357   357 W auditd  : type=1400 "ps""task""proc"
09-24 21:05:34.492  1331  3774 D WifiStateMachine: starting scan for "tmliu"-WPA_PSK with 2462
09-24 21:05:34.492  4131  4131 D wpa_supplicant: wlan0: Control interface command 'SCAN TYPE=ONLY freq=2462'
09-24 21:05:34.492  4131  4131 D wpa_supplicant: wlan0: Setting scan request: 0.000000 sec
09-24 21:05:34.492  4131  4131 D wpa_supplicant: CTRL-DEBUG: global_ctrl_sock-sendto: sock=12 sndbuf=212992 outq=0 send_len=3
09-24 21:05:34.493  4131  4131 D wpa_supplicant: wlan0: Starting AP scan for wildcard SSID
09-24 21:05:34.493  4131  4131 D wpa_supplicant: wlan0: Limit manual scan to specified channels
09-24 21:05:34.493  4131  4131 D wpa_supplicant: wlan0: Add radio work 'scan'@0x7f830dc2d0
09-24 21:05:34.493  4131  4131 D wpa_supplicant: wlan0: First radio work item in the queue - schedule start immediately
09-24 21:05:34.493  4131  4131 D wpa_supplicant: wlan0: Starting radio work 'scan'@0x7f830dc2d0 after 0.000049 second wait
09-24 21:05:34.493  4131  4131 D wpa_supplicant: wlan0: nl80211: scan request
09-24 21:05:34.493  4131  4131 D wpa_supplicant: nl80211: Scan SSID - hexdump(len=0): [NULL]
09-24 21:05:34.493  4131  4131 D wpa_supplicant: nl80211: Scan extra IEs - hexdump(len=7): 7f 05 00 00 0a 02 01
09-24 21:05:34.493  4131  4131 D wpa_supplicant: nl80211: Scan frequency 2462 MHz
09-24 21:05:34.493  4131  4131 D wpa_supplicant: Scan requested (ret=0) - scan timeout 30 seconds
09-24 21:05:34.493  4131  4131 D wpa_supplicant: nl80211: Event message available
09-24 21:05:34.493  4131  4131 D wpa_supplicant: nl80211: Drv Event 33 (NL80211_CMD_TRIGGER_SCAN) received for wlan0
09-24 21:05:34.493  4131  4131 D wpa_supplicant: wlan0: nl80211: Scan trigger
09-24 21:05:34.493  4131  4131 D wpa_supplicant: wlan0: Event SCAN_STARTED (47) received
09-24 21:05:34.493  4131  4131 D wpa_supplicant: wlan0: Own scan request started a scan in 0.000147 seconds
09-24 21:05:34.493  4131  4131 D wpa_supplicant: CTRL-DEBUG: ctrl_sock-sendmsg: sock=12 sndbuf=212992 outq=768 send_len=24
09-24 21:05:34.494  4131  4131 D wpa_supplicant: CTRL_IFACE monitor sent successfully to /data/misc/wifi/sockets/wpa_ctrl_565-2\x00
09-24 21:05:34.494  4131  4131 D wpa_supplicant: CTRL-DEBUG: ctrl_sock-sendmsg: sock=12 sndbuf=212992 outq=1536 send_len=24
09-24 21:05:34.494  4131  4131 D wpa_supplicant: CTRL_IFACE monitor sent successfully to /data/misc/wifi/sockets/wpa_ctrl_1331-2\x00
09-24 21:05:34.500  3276  3369 W Settings: Setting install_non_market_apps has moved from android.provider.Settings.Global to android.provider.Settings.Secure, returning read-only value.
09-24 21:05:34.573  3276  3276 W Ads     : JS: Use of the Application Cache is deprecated on insecure origins. Support will be removed in the future. You should consider switching your application to a secure origin, such as HTTPS. See https://goo.gl/rStTGz for more details. (https://googleads.g.doubleclick.net/mads/static/mad/sdk/native/production/sdk-core-v40-impl.js:515)
09-24 21:05:34.573  3276  3276 I chromium: [INFO:CONSOLE(515)] "Use of the Application Cache is deprecated on insecure origins. Support will be removed in the future. You should consider switching your application to a secure origin, such as HTTPS. See https://goo.gl/rStTGz for more details.", source: https://googleads.g.doubleclick.net/mads/static/mad/sdk/native/production/sdk-core-v40-impl.js (515)
09-24 21:05:34.636  4131  4131 D wpa_supplicant: nl80211: Event message available
09-24 21:05:34.636  4131  4131 D wpa_supplicant: nl80211: Drv Event 34 (NL80211_CMD_NEW_SCAN_RESULTS) received for wlan0
09-24 21:05:34.636  4131  4131 D wpa_supplicant: wlan0: nl80211: New scan results available
09-24 21:05:34.636  4131  4131 D wpa_supplicant: nl80211: Scan included frequencies: 2462
09-24 21:05:34.636  4131  4131 D wpa_supplicant: wlan0: Event SCAN_RESULTS (3) received
09-24 21:05:34.636  4131  4131 D wpa_supplicant: wlan0: Scan completed in 0.143127 seconds
09-24 21:05:34.637  4131  4131 D wpa_supplicant: nl80211: Associated on 2462 MHz
09-24 21:05:34.637  4131  4131 D wpa_supplicant: nl80211: Associated with 24:05:0f:8a:bd:f3
09-24 21:05:34.637  4131  4131 D wpa_supplicant: nl80211: Received scan results (13 BSSes)
09-24 21:05:34.637  4131  4131 D wpa_supplicant: nl80211: Scan results indicate BSS status with 24:05:0f:8a:bd:f3 as associated
09-24 21:05:34.637  4131  4131 D wpa_supplicant: wlan0: BSS: Start scan result update 675
09-24 21:05:34.637  4131  4131 D wpa_supplicant: BSS: last_scan_res_used=13/64
09-24 21:05:34.637  4131  4131 D wpa_supplicant: wlan0: Scan-only results received
09-24 21:05:34.637  4131  4131 D wpa_supplicant: CTRL-DEBUG: ctrl_sock-sendmsg: sock=12 sndbuf=212992 outq=0 send_len=24
09-24 21:05:34.637  4131  4131 D wpa_supplicant: CTRL_IFACE monitor sent successfully to /data/misc/wifi/sockets/wpa_ctrl_565-2\x00
09-24 21:05:34.637  4131  4131 D wpa_supplicant: CTRL-DEBUG: ctrl_sock-sendmsg: sock=12 sndbuf=212992 outq=768 send_len=24
09-24 21:05:34.637  4131  4131 D wpa_supplicant: CTRL_IFACE monitor sent successfully to /data/misc/wifi/sockets/wpa_ctrl_1331-2\x00
09-24 21:05:34.637  4131  4131 D wpa_supplicant: wlan0: Radio work 'scan'@0x7f830dc2d0 done in 0.144572 seconds
09-24 21:05:34.639  4131  4131 D wpa_supplicant: wlan0: Control interface command 'SCAN_RESULTS'
09-24 21:05:34.640  4131  4131 D wpa_supplicant: CTRL-DEBUG: global_ctrl_sock-sendto: sock=12 sndbuf=212992 outq=0 send_len=2324
09-24 21:05:34.641  4131  4131 D wpa_supplicant: wlan0: Control interface command 'SCAN_RESULTS'
09-24 21:05:34.643  4131  4131 D wpa_supplicant: CTRL-DEBUG: global_ctrl_sock-sendto: sock=12 sndbuf=212992 outq=0 send_len=2324
09-24 21:05:34.645  4131  4131 D wpa_supplicant: CTRL-DEBUG: global_ctrl_sock-sendto: sock=12 sndbuf=212992 outq=0 send_len=3774
09-24 21:05:34.648  4131  4131 D wpa_supplicant: CTRL-DEBUG: global_ctrl_sock-sendto: sock=12 sndbuf=212992 outq=0 send_len=3815
09-24 21:05:34.650  4131  4131 D wpa_supplicant: CTRL-DEBUG: global_ctrl_sock-sendto: sock=12 sndbuf=212992 outq=0 send_len=3947
09-24 21:05:34.653  4131  4131 D wpa_supplicant: CTRL-DEBUG: global_ctrl_sock-sendto: sock=12 sndbuf=212992 outq=0 send_len=3593
09-24 21:05:34.656  4131  4131 D wpa_supplicant: CTRL-DEBUG: global_ctrl_sock-sendto: sock=12 sndbuf=212992 outq=0 send_len=2005
09-24 21:05:34.668  4131  4131 D wpa_supplicant: EAPOL: EAP Session-Id not available
09-24 21:05:34.668  4131  4131 D wpa_supplicant: CTRL-DEBUG: global_ctrl_sock-sendto: sock=12 sndbuf=212992 outq=0 send_len=268
09-24 21:05:34.796  1331  4614 D ActivityManager: mImportantUids connections =1000 by uid = 10401 ConnectionRecord =ConnectionRecord{51b305 u0 CR FGSA io.github.ylimit.droidbotapp/io.github.privacystreams.accessibility.PSAccessibilityService:@a5de7c}
09-24 21:05:34.796  1331  4614 D ActivityManager: mImportantUids connections =1000 by uid = 10401 ConnectionRecord =ConnectionRecord{5730574 u0 CR !FG UI !VIS io.github.ylimit.droidbotapp/.DroidBotIME:@1ae4947}
09-24 21:05:34.798 25549 25549 D Launcher: onStop
09-24 21:05:34.813 25549 25549 I WallpaperCard: [Trim Memory] wallpaperCard, level:20
09-24 21:05:34.816  1331  4475 D ActivityManager: mImportantUids connections =1000 by uid = 10401 ConnectionRecord =ConnectionRecord{51b305 u0 CR FGSA io.github.ylimit.droidbotapp/io.github.privacystreams.accessibility.PSAccessibilityService:@a5de7c}
09-24 21:05:34.816  1331  4475 D ActivityManager: mImportantUids connections =1000 by uid = 10401 ConnectionRecord =ConnectionRecord{5730574 u0 CR !FG UI !VIS io.github.ylimit.droidbotapp/.DroidBotIME:@1ae4947}
09-24 21:05:35.053  1331  1331 I DeviceIdleController: updateChargingLocked: charging=true
09-24 21:05:35.053  1331  1331 I DeviceIdleController: becomeActiveLocked, reason = charging
09-24 21:05:35.057 26211 26211 D AbstractProcessor: onBatteryChange Percent:47 State:2 
09-24 21:05:35.080  3276  3373 E AbstractTracker: Can't create handler inside thread that has not called Looper.prepare()
09-24 21:05:35.080  3276  3373 D AppTracker: App Event: start
09-24 21:05:35.100  3276  3276 W cr_AwContents: onDetachedFromWindow called when already detached. Ignoring
09-24 21:05:35.197  3276  3276 I cr_Ime  : ImeThread is not enabled.
09-24 21:05:35.216  3276  3276 W cr_BindingManager: Cannot call determinedVisibility() - never saw a connection for the pid: 3276
09-24 21:05:35.329  4131  4131 D wpa_supplicant: wlan0: Control interface command 'SIGNAL_POLL'
09-24 21:05:35.331  4131  4131 D wpa_supplicant: CTRL-DEBUG: global_ctrl_sock-sendto: sock=12 sndbuf=212992 outq=0 send_len=48
09-24 21:05:35.626   357   357 W auditd  : type=1400 "ps""/proc/350""proc"
09-24 21:05:35.626   357   357 W auditd  : type=1400 "ps""task""proc"
09-24 21:05:36.871  3276  3314 W Settings: Setting install_non_market_apps has moved from android.provider.Settings.Global to android.provider.Settings.Secure, returning read-only value.
09-24 21:05:36.954   357   357 W auditd  : type=1400 "ps""/proc/350""proc"
09-24 21:05:36.956   357   357 W auditd  : type=1400 "ps""task""proc"
09-24 21:05:37.409  3425  3425 D AndroidRuntime: >>>>>> START com.android.internal.os.RuntimeInit uid 2000 <<<<<<
09-24 21:05:37.415  3425  3425 D AndroidRuntime: CheckJNI is OFF
09-24 21:05:37.468  3425  3425 D ICU     : No timezone override file found: /data/misc/zoneinfo/current/icu/icu_tzdata.dat
09-24 21:05:37.469  3276  3276 W cr_AwContents: onDetachedFromWindow called when already detached. Ignoring
09-24 21:05:37.473  3276  3276 I cr_Ime  : ImeThread is not enabled.
09-24 21:05:37.510  3276  3276 W cr_BindingManager: Cannot call determinedVisibility() - never saw a connection for the pid: 3276
09-24 21:05:37.522  3276  3289 W ContextImpl: Implicit intents with startService are not safe: Intent { act=com.google.android.gms.analytics.service.START (has extras) } android.content.ContextWrapper.bindService:605 com.google.analytics.tracking.android.AnalyticsGmsCoreClient.connect:82 com.google.analytics.tracking.android.GAServiceProxy.connectToService:279 
09-24 21:05:37.522  1331  4587 W ActivityManager_Service: Unable to start service Intent { act=com.google.android.gms.analytics.service.START (has extras) } U=0: not found
09-24 21:05:37.523  3276  3289 W GAV2    : Thread[GAThread,5,main]: Service unavailable (code=1), will retry.
09-24 21:05:37.531  3425  3425 I Radio-JNI: register_android_hardware_Radio DONE
09-24 21:05:37.539  3276  3289 I GAV2    : Thread[GAThread,5,main]: No campaign data found.
09-24 21:05:37.568  3425  3425 D AndroidRuntime: Calling main entry com.android.commands.input.Input
09-24 21:05:37.569  3425  3425 I Input   : injectKeyEvent: KeyEvent { action=ACTION_DOWN, keyCode=KEYCODE_BACK, scanCode=0, metaState=0, flags=0x0, repeatCount=0, eventTime=17063516, downTime=17063516, deviceId=-1, source=0x101 }
09-24 21:05:37.575  3425  3425 I Input   : injectKeyEvent: KeyEvent { action=ACTION_UP, keyCode=KEYCODE_BACK, scanCode=0, metaState=0, flags=0x0, repeatCount=0, eventTime=17063516, downTime=17063516, deviceId=-1, source=0x101 }
09-24 21:05:37.581  1331  4500 I ActivityManager: START u0 {flg=0x14880000 cmp=com.HouseBuildingGames/com.startapp.android.publish.AppWallActivity (has extras)} from uid 10522 pid 3276 on display 0
09-24 21:05:37.585  3889  3889 I StatusBarIconController:  appTransitionPending
09-24 21:05:37.600  1331  4500 I ActivityManager_Thumbnails: Setting thumbnail of ActivityRecord{23104ef u0 com.HouseBuildingGames/.MainActivity t1408} to android.graphics.Bitmap@89449b7
09-24 21:05:37.604  3425  3425 D AndroidRuntime: Shutting down VM
09-24 21:05:37.606  3276  3316 E AbstractTracker: Can't create handler inside thread that has not called Looper.prepare()
09-24 21:05:37.606  3276  3316 D AppTracker: App Event: stop
09-24 21:05:37.608  3889  3889 I StatusBarIconController:  appTransitionPending
09-24 21:05:37.617  1331  3654 D ActivityManager: mImportantUids connections =1000 by uid = 10401 ConnectionRecord =ConnectionRecord{51b305 u0 CR FGSA io.github.ylimit.droidbotapp/io.github.privacystreams.accessibility.PSAccessibilityService:@a5de7c}
09-24 21:05:37.618  1331  3654 D ActivityManager: mImportantUids connections =1000 by uid = 10401 ConnectionRecord =ConnectionRecord{5730574 u0 CR !FG UI !VIS io.github.ylimit.droidbotapp/.DroidBotIME:@1ae4947}
09-24 21:05:37.626 25549 25549 D Launcher: onStart
09-24 21:05:37.640 25549 25549 D ClockViewGroup: onWindowVisibilityChanged:0
09-24 21:05:37.680  3889  3889 D PhoneStatusBar: setSystemUiVisibility vis=600 mask=ffffffff oldVal=0 newVal=600 diff=600
09-24 21:05:37.688  3276  3276 W cr_AwContents: onDetachedFromWindow called when already detached. Ignoring
09-24 21:05:37.697  3276  3276 I cr_Ime  : ImeThread is not enabled.
09-24 21:05:37.715   357   357 W auditd  : type=1400 "Binder_1""socket:[1161117]""sockfs"
09-24 21:05:37.715   357   357 W auditd  : type=1400 "Binder_1""socket:[1161117]""sockfs"
09-24 21:05:37.716  3276  3276 I Ads     : Scheduling ad refresh 60000 milliseconds from now.
09-24 21:05:37.731  1331  1339 I art     : Background partial concurrent mark sweep GC freed 41268(3MB) AllocSpace objects, 30(644KB) LOS objects, 33% free, 27MB/41MB, paused 2.012ms total 135.296ms
09-24 21:05:37.736  3276  3276 W cr_AwContents: onDetachedFromWindow called when already detached. Ignoring
09-24 21:05:37.749  3276  3276 I cr_Ime  : ImeThread is not enabled.
09-24 21:05:37.752  3276  3276 I Ads     : Tracking ad unit: 65318490
09-24 21:05:37.754  3276  3276 I Ads     : Ad finished loading.
09-24 21:05:37.762  3889  3889 D PhoneStatusBar: setSystemUiVisibility vis=0 mask=ffffffff oldVal=600 newVal=0 diff=600
09-24 21:05:37.858  1331  4500 W InputMethodManagerService: Focus gain on non-focused client com.android.internal.view.IInputMethodClient$Stub$Proxy@6e3f48c (uid=10050 pid=25549)
09-24 21:05:37.887   357   357 W auditd  : type=1400 "Binder_D""socket:[1161560]""sockfs"
09-24 21:05:37.887  1331  3663 I ActivityManager: Displayed com.HouseBuildingGames/com.startapp.android.publish.AppWallActivity: +279ms
09-24 21:05:37.889   357   357 W auditd  : type=1400 "Binder_D""socket:[1161560]""sockfs"
09-24 21:05:37.893  3889  3889 I StatusBarIconController: appTransitionStarting
09-24 21:05:37.995  3276  3276 W cr_BindingManager: Cannot call determinedVisibility() - never saw a connection for the pid: 3276
09-24 21:05:38.062  1331  3823 D ActivityManager: mImportantUids connections =1000 by uid = 10401 ConnectionRecord =ConnectionRecord{51b305 u0 CR FGSA io.github.ylimit.droidbotapp/io.github.privacystreams.accessibility.PSAccessibilityService:@a5de7c}
09-24 21:05:38.062  1331  3823 D ActivityManager: mImportantUids connections =1000 by uid = 10401 ConnectionRecord =ConnectionRecord{5730574 u0 CR !FG UI !VIS io.github.ylimit.droidbotapp/.DroidBotIME:@1ae4947}
09-24 21:05:38.093  3276  3276 W cr_BindingManager: Cannot call determinedVisibility() - never saw a connection for the pid: 3276
09-24 21:05:38.093  3276  3276 W Ads     : JS: Use of the Application Cache is deprecated on insecure origins. Support will be removed in the future. You should consider switching your application to a secure origin, such as HTTPS. See https://goo.gl/rStTGz for more details. (:0)
09-24 21:05:38.093  3276  3276 I chromium: [INFO:CONSOLE(0)] "Use of the Application Cache is deprecated on insecure origins. Support will be removed in the future. You should consider switching your application to a secure origin, such as HTTPS. See https://goo.gl/rStTGz for more details.", source:  (0)
09-24 21:05:38.127  3276  3276 I Ads     : JS: Adding master entry to Application Cache with manifest http://googleads.g.doubleclick.net/mads/static/mad/sdk/native/sdk-core-v40.appcache (http://googleads.g.doubleclick.net/mads/static/sdk/native/sdk-core-v40.html:0)
09-24 21:05:38.127  3276  3276 I chromium: [INFO:CONSOLE(0)] "Adding master entry to Application Cache with manifest http://googleads.g.doubleclick.net/mads/static/mad/sdk/native/sdk-core-v40.appcache", source: http://googleads.g.doubleclick.net/mads/static/sdk/native/sdk-core-v40.html (0)
09-24 21:05:38.179  1331  3656 D ActivityManager: mImportantUids connections =1000 by uid = 10401 ConnectionRecord =ConnectionRecord{51b305 u0 CR FGSA io.github.ylimit.droidbotapp/io.github.privacystreams.accessibility.PSAccessibilityService:@a5de7c}
09-24 21:05:38.179  1331  3656 D ActivityManager: mImportantUids connections =1000 by uid = 10401 ConnectionRecord =ConnectionRecord{5730574 u0 CR !FG UI !VIS io.github.ylimit.droidbotapp/.DroidBotIME:@1ae4947}
09-24 21:05:38.319   357   357 W auditd  : type=1400 "ps""/proc/350""proc"
09-24 21:05:38.320   357   357 W auditd  : type=1400 "ps""task""proc"
09-24 21:05:38.338  4131  4131 D wpa_supplicant: wlan0: Control interface command 'SIGNAL_POLL'
09-24 21:05:38.341  4131  4131 D wpa_supplicant: CTRL-DEBUG: global_ctrl_sock-sendto: sock=12 sndbuf=212992 outq=0 send_len=48
09-24 21:05:38.346 25549 25738 W OpenGLRenderer: Incorrectly called buildLayer on View: ShortcutAndWidgetContainer, destroying layer...
09-24 21:05:38.627  3889  3889 D SystemServicesProxy: exclude com.HouseBuildingGames
09-24 21:05:38.627  3889  3889 D SystemServicesProxy: exclude com.android.packageinstaller
09-24 21:05:38.627  3889  3889 D SystemServicesProxy: add 9 Task
09-24 21:05:38.627  3889  3889 D RecentsTaskLoadPlan: preloadPlan, 9
09-24 21:05:38.631  3889  3889 I ResourcesManager: isUpToDate /data/app/com.HouseBuildingGames-1/base.apk: true
09-24 21:05:38.778  3276  3276 W Ads     : JS: Use of the Application Cache is deprecated on insecure origins. Support will be removed in the future. You should consider switching your application to a secure origin, such as HTTPS. See https://goo.gl/rStTGz for more details. (https://googleads.g.doubleclick.net/mads/static/mad/sdk/native/production/sdk-core-v40-impl.js:515)
09-24 21:05:38.779  3276  3276 I chromium: [INFO:CONSOLE(515)] "Use of the Application Cache is deprecated on insecure origins. Support will be removed in the future. You should consider switching your application to a secure origin, such as HTTPS. See https://goo.gl/rStTGz for more details.", source: https://googleads.g.doubleclick.net/mads/static/mad/sdk/native/production/sdk-core-v40-impl.js (515)
09-24 21:05:38.794  3276  3276 I Ads     : JS: Application Cache NoUpdate event (http://googleads.g.doubleclick.net/mads/static/sdk/native/sdk-core-v40.html:0)
09-24 21:05:38.794  3276  3276 I chromium: [INFO:CONSOLE(0)] "Application Cache NoUpdate event", source: http://googleads.g.doubleclick.net/mads/static/sdk/native/sdk-core-v40.html (0)
09-24 21:05:38.867  3276  3297 E AbstractTracker: Can't create handler inside thread that has not called Looper.prepare()
09-24 21:05:38.868  3276  3297 D AppTracker: App Event: start
09-24 21:05:39.304   774   774 I MSM-irqbalance: Decided to move IRQ224 from CPU0 to CPU3
09-24 21:05:39.413  4131  4131 D wpa_supplicant: wlan0: BSS: Remove id 898 BSSID bc:5f:f6:14:78:80 SSID 'Vallentinia' due to wpa_bss_flush_by_age
09-24 21:05:39.413  4131  4131 D wpa_supplicant: CTRL-DEBUG: ctrl_sock-sendmsg: sock=12 sndbuf=212992 outq=0 send_len=44
09-24 21:05:39.413  4131  4131 D wpa_supplicant: CTRL_IFACE monitor sent successfully to /data/misc/wifi/sockets/wpa_ctrl_565-2\x00
09-24 21:05:39.413  4131  4131 D wpa_supplicant: CTRL-DEBUG: ctrl_sock-sendmsg: sock=12 sndbuf=212992 outq=768 send_len=44
09-24 21:05:39.413  4131  4131 D wpa_supplicant: CTRL_IFACE monitor sent successfully to /data/misc/wifi/sockets/wpa_ctrl_1331-2\x00
09-24 21:05:39.413  4131  4131 D wpa_supplicant: wlan0: BSS: Remove id 899 BSSID dc:fe:18:2c:cc:03 SSID 'softsec-guest-5G' due to wpa_bss_flush_by_age
09-24 21:05:39.413  4131  4131 D wpa_supplicant: CTRL-DEBUG: ctrl_sock-sendmsg: sock=12 sndbuf=212992 outq=1536 send_len=44
09-24 21:05:39.413  4131  4131 D wpa_supplicant: CTRL_IFACE monitor sent successfully to /data/misc/wifi/sockets/wpa_ctrl_565-2\x00
09-24 21:05:39.413  4131  4131 D wpa_supplicant: CTRL-DEBUG: ctrl_sock-sendmsg: sock=12 sndbuf=212992 outq=2304 send_len=44
09-24 21:05:39.413  4131  4131 D wpa_supplicant: CTRL_IFACE monitor sent successfully to /data/misc/wifi/sockets/wpa_ctrl_1331-2\x00
09-24 21:05:39.413  4131  4131 D wpa_supplicant: wlan0: BSS: Remove id 900 BSSID d0:ee:07:2c:3c:9e SSID 'wifi9999' due to wpa_bss_flush_by_age
09-24 21:05:39.413  4131  4131 D wpa_supplicant: CTRL-DEBUG: ctrl_sock-sendmsg: sock=12 sndbuf=212992 outq=3072 send_len=44
09-24 21:05:39.413  4131  4131 D wpa_supplicant: CTRL_IFACE monitor sent successfully to /data/misc/wifi/sockets/wpa_ctrl_565-2\x00
09-24 21:05:39.413  4131  4131 D wpa_supplicant: CTRL-DEBUG: ctrl_sock-sendmsg: sock=12 sndbuf=212992 outq=3840 send_len=44
09-24 21:05:39.413  4131  4131 D wpa_supplicant: CTRL_IFACE monitor sent successfully to /data/misc/wifi/sockets/wpa_ctrl_1331-2\x00
09-24 21:05:39.413  4131  4131 D wpa_supplicant: wlan0: BSS: Remove id 901 BSSID c4:3d:c7:94:b2:90 SSID 'SoftSec5' due to wpa_bss_flush_by_age
09-24 21:05:39.413  4131  4131 D wpa_supplicant: CTRL-DEBUG: ctrl_sock-sendmsg: sock=12 sndbuf=212992 outq=4608 send_len=44
09-24 21:05:39.413  4131  4131 D wpa_supplicant: CTRL_IFACE monitor sent successfully to /data/misc/wifi/sockets/wpa_ctrl_565-2\x00
09-24 21:05:39.413  4131  4131 D wpa_supplicant: CTRL-DEBUG: ctrl_sock-sendmsg: sock=12 sndbuf=212992 outq=5376 send_len=44
09-24 21:05:39.413  4131  4131 D wpa_supplicant: CTRL_IFACE monitor sent successfully to /data/misc/wifi/sockets/wpa_ctrl_1331-2\x00
09-24 21:05:39.413  4131  4131 D wpa_supplicant: wlan0: BSS: Remove id 902 BSSID d4:ee:07:48:30:56 SSID 'FIO' due to wpa_bss_flush_by_age
09-24 21:05:39.413  4131  4131 D wpa_supplicant: CTRL-DEBUG: ctrl_sock-sendmsg: sock=12 sndbuf=212992 outq=6144 send_len=44
09-24 21:05:39.413  4131  4131 D wpa_supplicant: CTRL_IFACE monitor sent successfully to /data/misc/wifi/sockets/wpa_ctrl_565-2\x00
09-24 21:05:39.413  4131  4131 D wpa_supplicant: CTRL-DEBUG: ctrl_sock-sendmsg: sock=12 sndbuf=212992 outq=6912 send_len=44
09-24 21:05:39.413  4131  4131 D wpa_supplicant: CTRL_IFACE monitor sent successfully to /data/misc/wifi/sockets/wpa_ctrl_1331-2\x00
09-24 21:05:39.413  4131  4131 D wpa_supplicant: wlan0: BSS: Remove id 903 BSSID d4:ee:07:4a:8a:ea SSID 'Yogg'Saron' due to wpa_bss_flush_by_age
09-24 21:05:39.413  4131  4131 D wpa_supplicant: CTRL-DEBUG: ctrl_sock-sendmsg: sock=12 sndbuf=212992 outq=7680 send_len=44
09-24 21:05:39.413  4131  4131 D wpa_supplicant: CTRL_IFACE monitor sent successfully to /data/misc/wifi/sockets/wpa_ctrl_565-2\x00
09-24 21:05:39.413  4131  4131 D wpa_supplicant: CTRL-DEBUG: ctrl_sock-sendmsg: sock=12 sndbuf=212992 outq=8448 send_len=44
09-24 21:05:39.413  4131  4131 D wpa_supplicant: CTRL_IFACE monitor sent successfully to /data/misc/wifi/sockets/wpa_ctrl_1331-2\x00
09-24 21:05:39.413  4131  4131 D wpa_supplicant: wlan0: BSS: Remove id 904 BSSID 00:87:46:0c:3c:91 SSID 'Aragorn\xe7\xa3\x8a' due to wpa_bss_flush_by_age
09-24 21:05:39.414  4131  4131 D wpa_supplicant: CTRL-DEBUG: ctrl_sock-sendmsg: sock=12 sndbuf=212992 outq=9216 send_len=44
09-24 21:05:39.414  4131  4131 D wpa_supplicant: CTRL_IFACE monitor sent successfully to /data/misc/wifi/sockets/wpa_ctrl_565-2\x00
09-24 21:05:39.414  4131  4131 D wpa_supplicant: CTRL-DEBUG: ctrl_sock-sendmsg: sock=12 sndbuf=212992 outq=9984 send_len=44
09-24 21:05:39.414  4131  4131 D wpa_supplicant: CTRL_IFACE monitor sent successfully to /data/misc/wifi/sockets/wpa_ctrl_1331-2\x00
09-24 21:05:39.414  4131  4131 D wpa_supplicant: wlan0: BSS: Remove id 905 BSSID bc:5f:f6:14:78:7e SSID 'Craspedacusta' due to wpa_bss_flush_by_age
09-24 21:05:39.414  4131  4131 D wpa_supplicant: CTRL-DEBUG: ctrl_sock-sendmsg: sock=12 sndbuf=212992 outq=10752 send_len=44
09-24 21:05:39.414  4131  4131 D wpa_supplicant: CTRL_IFACE monitor sent successfully to /data/misc/wifi/sockets/wpa_ctrl_565-2\x00
09-24 21:05:39.414  4131  4131 D wpa_supplicant: CTRL-DEBUG: ctrl_sock-sendmsg: sock=12 sndbuf=212992 outq=11520 send_len=44
09-24 21:05:39.414  4131  4131 D wpa_supplicant: CTRL_IFACE monitor sent successfully to /data/misc/wifi/sockets/wpa_ctrl_1331-2\x00
09-24 21:05:39.414  4131  4131 D wpa_supplicant: wlan0: BSS: Remove id 906 BSSID d0:c7:c0:bc:61:ca SSID 'm'link1' due to wpa_bss_flush_by_age
09-24 21:05:39.414  4131  4131 D wpa_supplicant: CTRL-DEBUG: ctrl_sock-sendmsg: sock=12 sndbuf=212992 outq=12288 send_len=44
09-24 21:05:39.414  4131  4131 D wpa_supplicant: CTRL_IFACE monitor sent successfully to /data/misc/wifi/sockets/wpa_ctrl_565-2\x00
09-24 21:05:39.414  4131  4131 D wpa_supplicant: CTRL-DEBUG: ctrl_sock-sendmsg: sock=12 sndbuf=212992 outq=13056 send_len=44
09-24 21:05:39.414  4131  4131 D wpa_supplicant: CTRL_IFACE monitor sent successfully to /data/misc/wifi/sockets/wpa_ctrl_1331-2\x00
09-24 21:05:39.414  4131  4131 D wpa_supplicant: wlan0: BSS: Remove id 907 BSSID 44:b9:4d:4d:cd:5c SSID 'BUPT_SOFTSEC' due to wpa_bss_flush_by_age
09-24 21:05:39.414  4131  4131 D wpa_supplicant: CTRL-DEBUG: ctrl_sock-sendmsg: sock=12 sndbuf=212992 outq=13824 send_len=44
09-24 21:05:39.414  4131  4131 D wpa_supplicant: CTRL_IFACE monitor sent successfully to /data/misc/wifi/sockets/wpa_ctrl_565-2\x00
09-24 21:05:39.414  4131  4131 D wpa_supplicant: CTRL-DEBUG: ctrl_sock-sendmsg: sock=12 sndbuf=212992 outq=14592 send_len=44
09-24 21:05:39.414  4131  4131 D wpa_supplicant: CTRL_IFACE monitor sent successfully to /data/misc/wifi/sockets/wpa_ctrl_1331-2\x00
09-24 21:05:39.414  4131  4131 D wpa_supplicant: wlan0: BSS: Remove id 908 BSSID c4:3d:c7:94:b2:80 SSID 'SoftSec' due to wpa_bss_flush_by_age
09-24 21:05:39.414  4131  4131 D wpa_supplicant: CTRL-DEBUG: ctrl_sock-sendmsg: sock=12 sndbuf=212992 outq=15360 send_len=44
09-24 21:05:39.414  4131  4131 D wpa_supplicant: CTRL_IFACE monitor sent successfully to /data/misc/wifi/sockets/wpa_ctrl_565-2\x00
09-24 21:05:39.414  4131  4131 D wpa_supplicant: CTRL-DEBUG: ctrl_sock-sendmsg: sock=12 sndbuf=212992 outq=16128 send_len=44
09-24 21:05:39.414  4131  4131 D wpa_supplicant: CTRL_IFACE monitor sent successfully to /data/misc/wifi/sockets/wpa_ctrl_1331-2\x00
09-24 21:05:39.414  4131  4131 D wpa_supplicant: wlan0: BSS: Remove id 909 BSSID 28:f3:66:c0:98:f1 SSID 'CVTOUCH-98f1' due to wpa_bss_flush_by_age
09-24 21:05:39.414  4131  4131 D wpa_supplicant: CTRL-DEBUG: ctrl_sock-sendmsg: sock=12 sndbuf=212992 outq=16896 send_len=44
09-24 21:05:39.414  4131  4131 D wpa_supplicant: CTRL_IFACE monitor sent successfully to /data/misc/wifi/sockets/wpa_ctrl_565-2\x00
09-24 21:05:39.414  4131  4131 D wpa_supplicant: CTRL-DEBUG: ctrl_sock-sendmsg: sock=12 sndbuf=212992 outq=17664 send_len=44
09-24 21:05:39.414  4131  4131 D wpa_supplicant: CTRL_IFACE monitor sent successfully to /data/misc/wifi/sockets/wpa_ctrl_1331-2\x00
09-24 21:05:39.416  4131  4131 D wpa_supplicant: wlan0: BSS: Remove id 910 BSSID d4:ee:07:3d:96:da SSID 'REMEDY' due to wpa_bss_flush_by_age
09-24 21:05:39.416  4131  4131 D wpa_supplicant: CTRL-DEBUG: ctrl_sock-sendmsg: sock=12 sndbuf=212992 outq=0 send_len=44
09-24 21:05:39.416  4131  4131 D wpa_supplicant: CTRL_IFACE monitor sent successfully to /data/misc/wifi/sockets/wpa_ctrl_565-2\x00
09-24 21:05:39.416  4131  4131 D wpa_supplicant: CTRL-DEBUG: ctrl_sock-sendmsg: sock=12 sndbuf=212992 outq=768 send_len=44
09-24 21:05:39.416  4131  4131 D wpa_supplicant: CTRL_IFACE monitor sent successfully to /data/misc/wifi/sockets/wpa_ctrl_1331-2\x00
09-24 21:05:39.416  4131  4131 D wpa_supplicant: wlan0: BSS: Remove id 911 BSSID dc:fe:18:2c:cc:01 SSID 'softsec-guest' due to wpa_bss_flush_by_age
09-24 21:05:39.416  4131  4131 D wpa_supplicant: CTRL-DEBUG: ctrl_sock-sendmsg: sock=12 sndbuf=212992 outq=1536 send_len=44
09-24 21:05:39.416  4131  4131 D wpa_supplicant: CTRL_IFACE monitor sent successfully to /data/misc/wifi/sockets/wpa_ctrl_565-2\x00
09-24 21:05:39.416  4131  4131 D wpa_supplicant: CTRL-DEBUG: ctrl_sock-sendmsg: sock=12 sndbuf=212992 outq=2304 send_len=44
09-24 21:05:39.416  4131  4131 D wpa_supplicant: CTRL_IFACE monitor sent successfully to /data/misc/wifi/sockets/wpa_ctrl_1331-2\x00
09-24 21:05:39.416  4131  4131 D wpa_supplicant: wlan0: BSS: Remove id 912 BSSID 20:4e:7f:3f:ac:b9 SSID 'SoftSec_ng2000' due to wpa_bss_flush_by_age
09-24 21:05:39.416  4131  4131 D wpa_supplicant: CTRL-DEBUG: ctrl_sock-sendmsg: sock=12 sndbuf=212992 outq=3072 send_len=44
09-24 21:05:39.416  4131  4131 D wpa_supplicant: CTRL_IFACE monitor sent successfully to /data/misc/wifi/sockets/wpa_ctrl_565-2\x00
09-24 21:05:39.416  4131  4131 D wpa_supplicant: CTRL-DEBUG: ctrl_sock-sendmsg: sock=12 sndbuf=212992 outq=3840 send_len=44
09-24 21:05:39.416  4131  4131 D wpa_supplicant: CTRL_IFACE monitor sent successfully to /data/misc/wifi/sockets/wpa_ctrl_1331-2\x00
09-24 21:05:39.416  4131  4131 D wpa_supplicant: wlan0: BSS: Remove id 913 BSSID 30:b4:9e:29:11:92 SSID 'TP-LINK_291192' due to wpa_bss_flush_by_age
09-24 21:05:39.416  4131  4131 D wpa_supplicant: CTRL-DEBUG: ctrl_sock-sendmsg: sock=12 sndbuf=212992 outq=4608 send_len=44
09-24 21:05:39.416  4131  4131 D wpa_supplicant: CTRL_IFACE monitor sent successfully to /data/misc/wifi/sockets/wpa_ctrl_565-2\x00
09-24 21:05:39.416  4131  4131 D wpa_supplicant: CTRL-DEBUG: ctrl_sock-sendmsg: sock=12 sndbuf=212992 outq=5376 send_len=44
09-24 21:05:39.416  4131  4131 D wpa_supplicant: CTRL_IFACE monitor sent successfully to /data/misc/wifi/sockets/wpa_ctrl_1331-2\x00
09-24 21:05:39.416  4131  4131 D wpa_supplicant: wlan0: BSS: Remove id 914 BSSID 8c:ab:8e:e2:db:08 SSID '905-free-wifi-5G' due to wpa_bss_flush_by_age
09-24 21:05:39.416  4131  4131 D wpa_supplicant: CTRL-DEBUG: ctrl_sock-sendmsg: sock=12 sndbuf=212992 outq=6144 send_len=44
09-24 21:05:39.416  4131  4131 D wpa_supplicant: CTRL_IFACE monitor sent successfully to /data/misc/wifi/sockets/wpa_ctrl_565-2\x00
09-24 21:05:39.416  4131  4131 D wpa_supplicant: CTRL-DEBUG: ctrl_sock-sendmsg: sock=12 sndbuf=212992 outq=6912 send_len=44
09-24 21:05:39.416  4131  4131 D wpa_supplicant: CTRL_IFACE monitor sent successfully to /data/misc/wifi/sockets/wpa_ctrl_1331-2\x00
09-24 21:05:39.416  4131  4131 D wpa_supplicant: wlan0: BSS: Remove id 915 BSSID 02:06:03:81:07:80 SSID 'ChinaUnicom' due to wpa_bss_flush_by_age
09-24 21:05:39.417  4131  4131 D wpa_supplicant: CTRL-DEBUG: ctrl_sock-sendmsg: sock=12 sndbuf=212992 outq=7680 send_len=44
09-24 21:05:39.417  4131  4131 D wpa_supplicant: CTRL_IFACE monitor sent successfully to /data/misc/wifi/sockets/wpa_ctrl_565-2\x00
09-24 21:05:39.417  4131  4131 D wpa_supplicant: CTRL-DEBUG: ctrl_sock-sendmsg: sock=12 sndbuf=212992 outq=8448 send_len=44
09-24 21:05:39.417  4131  4131 D wpa_supplicant: CTRL_IFACE monitor sent successfully to /data/misc/wifi/sockets/wpa_ctrl_1331-2\x00
09-24 21:05:39.697   357   357 W auditd  : type=1400 "ps""/proc/350""proc"
09-24 21:05:39.703   357   357 W auditd  : type=1400 "ps""task""proc"
09-24 21:05:41.053   357   357 W auditd  : type=1400 "ps""/proc/350""proc"
09-24 21:05:41.053   357   357 W auditd  : type=1400 "ps""task""proc"
09-24 21:05:41.092 26211 26211 D AbstractProcessor: onBatteryChange Percent:47 State:2 
09-24 21:05:41.093  1331  1331 I DeviceIdleController: updateChargingLocked: charging=true
09-24 21:05:41.093  1331  1331 I DeviceIdleController: becomeActiveLocked, reason = charging
09-24 21:05:41.354  4131  4131 D wpa_supplicant: wlan0: Control interface command 'SIGNAL_POLL'
09-24 21:05:41.356  4131  4131 D wpa_supplicant: CTRL-DEBUG: global_ctrl_sock-sendto: sock=12 sndbuf=212992 outq=0 send_len=48
09-24 21:05:42.443   357   357 W auditd  : type=1400 "ps""/proc/350""proc"
09-24 21:05:42.444   357   357 W auditd  : type=1400 "ps""task""proc"
09-24 21:05:42.525  3276  3438 W ContextImpl: Implicit intents with startService are not safe: Intent { act=com.google.android.gms.analytics.service.START (has extras) } android.content.ContextWrapper.bindService:605 com.google.analytics.tracking.android.AnalyticsGmsCoreClient.connect:82 com.google.analytics.tracking.android.GAServiceProxy.connectToService:279 
09-24 21:05:42.526  1331  3823 W ActivityManager_Service: Unable to start service Intent { act=com.google.android.gms.analytics.service.START (has extras) } U=0: not found
09-24 21:05:42.532  3276  3438 W GAV2    : Thread[Service Reconnect,5,main]: Service unavailable (code=1), using local store.
09-24 21:05:42.660  3276  3289 I DpmTcmClient: RegisterTcmMonitor from: org.apache.http.impl.conn.TcmIdleTimerMonitor
09-24 21:05:42.660  3276  3289 W System  : ClassLoader referenced unknown path: /system/framework/com.qualcomm.qti.GBAHttpAuthentication.jar
09-24 21:05:43.073  3504  3504 D AndroidRuntime: >>>>>> START com.android.internal.os.RuntimeInit uid 2000 <<<<<<
09-24 21:05:43.078  3504  3504 D AndroidRuntime: CheckJNI is OFF
09-24 21:05:43.132  3504  3504 D ICU     : No timezone override file found: /data/misc/zoneinfo/current/icu/icu_tzdata.dat
09-24 21:05:43.175  3504  3504 I Radio-JNI: register_android_hardware_Radio DONE
09-24 21:05:43.211  3504  3504 D AndroidRuntime: Calling main entry com.android.commands.input.Input
09-24 21:05:43.213  3504  3504 I Input   : injectKeyEvent: KeyEvent { action=ACTION_DOWN, keyCode=KEYCODE_BACK, scanCode=0, metaState=0, flags=0x0, repeatCount=0, eventTime=17069160, downTime=17069160, deviceId=-1, source=0x101 }
09-24 21:05:43.221  3504  3504 I Input   : injectKeyEvent: KeyEvent { action=ACTION_UP, keyCode=KEYCODE_BACK, scanCode=0, metaState=0, flags=0x0, repeatCount=0, eventTime=17069160, downTime=17069160, deviceId=-1, source=0x101 }
09-24 21:05:43.224  3889  3889 D PhoneStatusBar: setSystemUiVisibility vis=600 mask=ffffffff oldVal=0 newVal=600 diff=600
09-24 21:05:43.225  3889  3889 D PhoneStatusBar: setSystemUiVisibility vis=8600 mask=ffffffff oldVal=600 newVal=8600 diff=8000
09-24 21:05:43.225  3889  3889 D PhoneStatusBar: checkBarMode:powerSave=false, getBarState()=0
09-24 21:05:43.225  3889  3889 D BarTransitions.PhoneStatusBarView: MODE_OPAQUE -> MODE_TRANSPARENT animate=true
09-24 21:05:43.225  3889  3889 D BarTransitions.PhoneStatusBarView: applyModeBackground oldMode=MODE_OPAQUE newMode=MODE_TRANSPARENT animate=true
09-24 21:05:43.226  3889  3889 I StatusBarIconController: setIconsDark dark:false animate:true currentDark:false mTransitionPending:false mTransitionDeferring:false mPendingDarkIntensity:0.0
09-24 21:05:43.226  3889  3889 I StatusBarIconController: animateIconTint:0.0 mDarkIntensity:0.0
09-24 21:05:43.230  3889  3889 D BarBackgroundDrawable: BarTransitions: draw: mode=MODE_TRANSPARENT, targetColor=0x0
09-24 21:05:43.231  3889  3889 D BarBackgroundDrawable: BarTransitions: drawColor:0xf7000000
09-24 21:05:43.245  1331  4507 I ActivityManager_Thumbnails: Setting thumbnail of ActivityRecord{dff9851 u0 com.HouseBuildingGames/com.startapp.android.publish.AppWallActivity t1409 f} to android.graphics.Bitmap@2d50cc0
09-24 21:05:43.263  3504  3504 D AndroidRuntime: Shutting down VM
09-24 21:05:43.281   357   357 W auditd  : type=1400 "Binder_B""socket:[1161379]""sockfs"
09-24 21:05:43.281   357   357 W auditd  : type=1400 "Binder_B""socket:[1161379]""sockfs"
09-24 21:05:43.265  3276  3373 E AbstractTracker: Can't create handler inside thread that has not called Looper.prepare()
09-24 21:05:43.265  3276  3373 D AppTracker: App Event: stop
