09-24 21:07:29.063  3276  3276 I chromium: [INFO:CONSOLE(0)] "Application Cache Checking event", source: http://googleads.g.doubleclick.net/mads/static/sdk/native/sdk-core-v40.html (0)
09-24 21:07:29.063  3276  3276 I Ads     : JS: Application Cache Checking event (http://googleads.g.doubleclick.net/mads/static/sdk/native/sdk-core-v40.html:0)
09-24 21:07:29.064  3276  3276 I chromium: [INFO:CONSOLE(0)] "Application Cache Checking event", source: http://googleads.g.doubleclick.net/mads/static/sdk/native/sdk-core-v40.html (0)
09-24 21:07:29.064  3276  3276 I Ads     : JS: Application Cache Checking event (http://googleads.g.doubleclick.net/mads/static/sdk/native/sdk-core-v40.html:0)
09-24 21:07:29.064  3276  3276 I chromium: [INFO:CONSOLE(0)] "Application Cache Checking event", source: http://googleads.g.doubleclick.net/mads/static/sdk/native/sdk-core-v40.html (0)
09-24 21:07:29.064  3276  3276 I Ads     : JS: Application Cache Checking event (http://googleads.g.doubleclick.net/mads/static/sdk/native/sdk-core-v40.html:0)
09-24 21:07:29.064  3276  3276 I chromium: [INFO:CONSOLE(0)] "Application Cache Checking event", source: http://googleads.g.doubleclick.net/mads/static/sdk/native/sdk-core-v40.html (0)
09-24 21:07:29.064  3276  3276 I Ads     : JS: Application Cache NoUpdate event (http://googleads.g.doubleclick.net/mads/static/mad/sdk/native/sdk-core-v40.html:0)
09-24 21:07:29.064  3276  3276 I chromium: [INFO:CONSOLE(0)] "Application Cache NoUpdate event", source: http://googleads.g.doubleclick.net/mads/static/mad/sdk/native/sdk-core-v40.html (0)
09-24 21:07:29.064  3276  3276 I Ads     : JS: Application Cache NoUpdate event (http://googleads.g.doubleclick.net/mads/static/sdk/native/sdk-core-v40.html:0)
09-24 21:07:29.064  3276  3276 I chromium: [INFO:CONSOLE(0)] "Application Cache NoUpdate event", source: http://googleads.g.doubleclick.net/mads/static/sdk/native/sdk-core-v40.html (0)
09-24 21:07:29.064  3276  3276 I Ads     : JS: Application Cache NoUpdate event (http://googleads.g.doubleclick.net/mads/static/sdk/native/sdk-core-v40.html:0)
09-24 21:07:29.064  3276  3276 I chromium: [INFO:CONSOLE(0)] "Application Cache NoUpdate event", source: http://googleads.g.doubleclick.net/mads/static/sdk/native/sdk-core-v40.html (0)
09-24 21:07:29.064  3276  3276 I Ads     : JS: Application Cache NoUpdate event (http://googleads.g.doubleclick.net/mads/static/sdk/native/sdk-core-v40.html:0)
09-24 21:07:29.064  3276  3276 I chromium: [INFO:CONSOLE(0)] "Application Cache NoUpdate event", source: http://googleads.g.doubleclick.net/mads/static/sdk/native/sdk-core-v40.html (0)
09-24 21:07:29.064  3276  3276 I Ads     : JS: Application Cache NoUpdate event (http://googleads.g.doubleclick.net/mads/static/sdk/native/sdk-core-v40.html:0)
09-24 21:07:29.064  3276  3276 I chromium: [INFO:CONSOLE(0)] "Application Cache NoUpdate event", source: http://googleads.g.doubleclick.net/mads/static/sdk/native/sdk-core-v40.html (0)
09-24 21:07:29.064  3276  3276 I Ads     : JS: Application Cache NoUpdate event (http://googleads.g.doubleclick.net/mads/static/sdk/native/sdk-core-v40.html:0)
09-24 21:07:29.065  3276  3276 I chromium: [INFO:CONSOLE(0)] "Application Cache NoUpdate event", source: http://googleads.g.doubleclick.net/mads/static/sdk/native/sdk-core-v40.html (0)
09-24 21:07:29.370  3276  3276 W Ads     : JS: Use of the Application Cache is deprecated on insecure origins. Support will be removed in the future. You should consider switching your application to a secure origin, such as HTTPS. See https://goo.gl/rStTGz for more details. (https://googleads.g.doubleclick.net/mads/static/mad/sdk/native/production/sdk-core-v40-impl.js:515)
09-24 21:07:29.370  3276  3276 I chromium: [INFO:CONSOLE(515)] "Use of the Application Cache is deprecated on insecure origins. Support will be removed in the future. You should consider switching your application to a secure origin, such as HTTPS. See https://goo.gl/rStTGz for more details.", source: https://googleads.g.doubleclick.net/mads/static/mad/sdk/native/production/sdk-core-v40-impl.js (515)
09-24 21:07:29.743   357   357 W auditd  : type=1400 "ps""/proc/350""proc"
09-24 21:07:29.743   357   357 W auditd  : type=1400 "ps""task""proc"
09-24 21:07:29.795  4131  4131 D wpa_supplicant: wlan0: Control interface command 'SIGNAL_POLL'
09-24 21:07:29.797  4131  4131 D wpa_supplicant: CTRL-DEBUG: global_ctrl_sock-sendto: sock=12 sndbuf=212992 outq=0 send_len=48
09-24 21:07:30.473  4562  4562 D AndroidRuntime: >>>>>> START com.android.internal.os.RuntimeInit uid 2000 <<<<<<
09-24 21:07:30.478  4562  4562 D AndroidRuntime: CheckJNI is OFF
09-24 21:07:30.533  4562  4562 D ICU     : No timezone override file found: /data/misc/zoneinfo/current/icu/icu_tzdata.dat
09-24 21:07:30.574  4562  4562 I Radio-JNI: register_android_hardware_Radio DONE
09-24 21:07:30.609  4562  4562 D AndroidRuntime: Calling main entry com.android.commands.input.Input
09-24 21:07:30.611  4562  4562 I Input   : injectMotionEvent: MotionEvent { action=ACTION_DOWN, actionButton=0, id[0]=0, x[0]=540.0, y[0]=1026.0, toolType[0]=TOOL_TYPE_UNKNOWN, buttonState=0, metaState=0, flags=0x0, edgeFlags=0x0, pointerCount=1, historySize=0, eventTime=17176558, downTime=17176558, deviceId=0, source=0x1002 }
09-24 21:07:30.625  4562  4562 I Input   : injectMotionEvent: MotionEvent { action=ACTION_MOVE, actionButton=0, id[0]=0, x[0]=540.0, y[0]=1026.0, toolType[0]=TOOL_TYPE_UNKNOWN, buttonState=0, metaState=0, flags=0x0, edgeFlags=0x0, pointerCount=1, historySize=0, eventTime=17176558, downTime=17176558, deviceId=0, source=0x1002 }
09-24 21:07:30.629  4562  4562 I Input   : injectMotionEvent: MotionEvent { action=ACTION_MOVE, actionButton=0, id[0]=0, x[0]=540.0, y[0]=1026.0, toolType[0]=TOOL_TYPE_UNKNOWN, buttonState=0, metaState=0, flags=0x0, edgeFlags=0x0, pointerCount=1, historySize=0, eventTime=17176576, downTime=17176576, deviceId=0, source=0x1002 }
09-24 21:07:30.646  4562  4562 I Input   : injectMotionEvent: MotionEvent { action=ACTION_MOVE, actionButton=0, id[0]=0, x[0]=540.0, y[0]=1026.0, toolType[0]=TOOL_TYPE_UNKNOWN, buttonState=0, metaState=0, flags=0x0, edgeFlags=0x0, pointerCount=1, historySize=0, eventTime=17176593, downTime=17176593, deviceId=0, source=0x1002 }
09-24 21:07:30.663  4562  4562 I Input   : injectMotionEvent: MotionEvent { action=ACTION_MOVE, actionButton=0, id[0]=0, x[0]=540.0, y[0]=1026.0, toolType[0]=TOOL_TYPE_UNKNOWN, buttonState=0, metaState=0, flags=0x0, edgeFlags=0x0, pointerCount=1, historySize=0, eventTime=17176609, downTime=17176609, deviceId=0, source=0x1002 }
09-24 21:07:30.679  4562  4562 I Input   : injectMotionEvent: MotionEvent { action=ACTION_MOVE, actionButton=0, id[0]=0, x[0]=540.0, y[0]=1026.0, toolType[0]=TOOL_TYPE_UNKNOWN, buttonState=0, metaState=0, flags=0x0, edgeFlags=0x0, pointerCount=1, historySize=0, eventTime=17176626, downTime=17176626, deviceId=0, source=0x1002 }
09-24 21:07:30.696  4562  4562 I Input   : injectMotionEvent: MotionEvent { action=ACTION_MOVE, actionButton=0, id[0]=0, x[0]=540.0, y[0]=1026.0, toolType[0]=TOOL_TYPE_UNKNOWN, buttonState=0, metaState=0, flags=0x0, edgeFlags=0x0, pointerCount=1, historySize=0, eventTime=17176643, downTime=17176643, deviceId=0, source=0x1002 }
09-24 21:07:30.713  4562  4562 I Input   : injectMotionEvent: MotionEvent { action=ACTION_MOVE, actionButton=0, id[0]=0, x[0]=540.0, y[0]=1026.0, toolType[0]=TOOL_TYPE_UNKNOWN, buttonState=0, metaState=0, flags=0x0, edgeFlags=0x0, pointerCount=1, historySize=0, eventTime=17176660, downTime=17176660, deviceId=0, source=0x1002 }
09-24 21:07:30.729  4562  4562 I Input   : injectMotionEvent: MotionEvent { action=ACTION_MOVE, actionButton=0, id[0]=0, x[0]=540.0, y[0]=1026.0, toolType[0]=TOOL_TYPE_UNKNOWN, buttonState=0, metaState=0, flags=0x0, edgeFlags=0x0, pointerCount=1, historySize=0, eventTime=17176676, downTime=17176676, deviceId=0, source=0x1002 }
09-24 21:07:30.746  4562  4562 I Input   : injectMotionEvent: MotionEvent { action=ACTION_MOVE, actionButton=0, id[0]=0, x[0]=540.0, y[0]=1026.0, toolType[0]=TOOL_TYPE_UNKNOWN, buttonState=0, metaState=0, flags=0x0, edgeFlags=0x0, pointerCount=1, historySize=0, eventTime=17176693, downTime=17176693, deviceId=0, source=0x1002 }
09-24 21:07:30.763  4562  4562 I Input   : injectMotionEvent: MotionEvent { action=ACTION_MOVE, actionButton=0, id[0]=0, x[0]=540.0, y[0]=1026.0, toolType[0]=TOOL_TYPE_UNKNOWN, buttonState=0, metaState=0, flags=0x0, edgeFlags=0x0, pointerCount=1, historySize=0, eventTime=17176710, downTime=17176710, deviceId=0, source=0x1002 }
09-24 21:07:30.779  4562  4562 I Input   : injectMotionEvent: MotionEvent { action=ACTION_MOVE, actionButton=0, id[0]=0, x[0]=540.0, y[0]=1026.0, toolType[0]=TOOL_TYPE_UNKNOWN, buttonState=0, metaState=0, flags=0x0, edgeFlags=0x0, pointerCount=1, historySize=0, eventTime=17176726, downTime=17176726, deviceId=0, source=0x1002 }
09-24 21:07:30.796  4562  4562 I Input   : injectMotionEvent: MotionEvent { action=ACTION_MOVE, actionButton=0, id[0]=0, x[0]=540.0, y[0]=1026.0, toolType[0]=TOOL_TYPE_UNKNOWN, buttonState=0, metaState=0, flags=0x0, edgeFlags=0x0, pointerCount=1, historySize=0, eventTime=17176743, downTime=17176743, deviceId=0, source=0x1002 }
09-24 21:07:30.813  4562  4562 I Input   : injectMotionEvent: MotionEvent { action=ACTION_UP, actionButton=0, id[0]=0, x[0]=540.0, y[0]=1026.0, toolType[0]=TOOL_TYPE_UNKNOWN, buttonState=0, metaState=0, flags=0x0, edgeFlags=0x0, pointerCount=1, historySize=0, eventTime=17176760, downTime=17176760, deviceId=0, source=0x1002 }
09-24 21:07:30.817  4562  4562 D AndroidRuntime: Shutting down VM
09-24 21:07:31.088   357   357 W auditd  : type=1400 "ps""/proc/350""proc"
09-24 21:07:31.088   357   357 W auditd  : type=1400 "ps""task""proc"
09-24 21:07:31.964  1331  4402 I IzatProviderEngine: LocTech-Label :: OSDC :: Position Report In
09-24 21:07:31.964  1331  4402 I IzatProviderEngine: LocTech-Value :: UTC Time: 1506258452000, Elapsed Real Time Nanos: 17177911156311, Latitude: 39.963835, Longitude: 116.358597, Altitude: 0.0, Speed: 0.0, Bearing: 81.0, Accuracy: 1937585.0
09-24 21:07:32.405   357   357 W auditd  : type=1400 "ps""/proc/350""proc"
09-24 21:07:32.406   357   357 W auditd  : type=1400 "ps""task""proc"
09-24 21:07:32.806  4131  4131 D wpa_supplicant: wlan0: Control interface command 'SIGNAL_POLL'
09-24 21:07:32.809  4131  4131 D wpa_supplicant: CTRL-DEBUG: global_ctrl_sock-sendto: sock=12 sndbuf=212992 outq=0 send_len=48
09-24 21:07:33.751   357   357 W auditd  : type=1400 "ps""/proc/350""proc"
09-24 21:07:33.751   357   357 W auditd  : type=1400 "ps""task""proc"
09-24 21:07:34.774  3276  3276 I Ads     : Ad is not visible. Not refreshing ad.
09-24 21:07:34.774  3276  3276 I Ads     : Scheduling ad refresh 60000 milliseconds from now.
09-24 21:07:35.072   357   357 W auditd  : type=1400 "ps""/proc/350""proc"
09-24 21:07:35.082   357   357 W auditd  : type=1400 "ps""task""proc"
09-24 21:07:35.106  1331  1331 I DeviceIdleController: updateChargingLocked: charging=true
09-24 21:07:35.106  1331  1331 I DeviceIdleController: becomeActiveLocked, reason = charging
09-24 21:07:35.108  1331  1331 I ActivityManager: [BgDetect]Batt level 47 to 46
09-24 21:07:35.108  1331  3656 I ActivityManager: [BgDetect]sameple period is less than min check duration of level 0 : 160 secs
09-24 21:07:35.108 26211 26211 D AbstractProcessor: onBatteryChange Percent:46 State:2 
09-24 21:07:35.111  3889  3889 D BatteryMeterView: level=46, plug=true, fast=false, style=0
09-24 21:07:35.112  3889  3889 D KeyguardIndicationController: onRefreshBatteryInfo: plugged = true, charged = false, Level = 46, ChargingSpeed =0
09-24 21:07:35.815  4131  4131 D wpa_supplicant: wlan0: Control interface command 'SIGNAL_POLL'
09-24 21:07:35.819  4131  4131 D wpa_supplicant: CTRL-DEBUG: global_ctrl_sock-sendto: sock=12 sndbuf=212992 outq=0 send_len=48
09-24 21:07:35.882  4672  4672 D AndroidRuntime: >>>>>> START com.android.internal.os.RuntimeInit uid 2000 <<<<<<
09-24 21:07:35.887  4672  4672 D AndroidRuntime: CheckJNI is OFF
09-24 21:07:35.940  4672  4672 D ICU     : No timezone override file found: /data/misc/zoneinfo/current/icu/icu_tzdata.dat
09-24 21:07:35.980  4672  4672 I Radio-JNI: register_android_hardware_Radio DONE
09-24 21:07:36.017  4672  4672 D AndroidRuntime: Calling main entry com.android.commands.input.Input
09-24 21:07:36.019  4672  4672 I Input   : injectKeyEvent: KeyEvent { action=ACTION_DOWN, keyCode=KEYCODE_BACK, scanCode=0, metaState=0, flags=0x0, repeatCount=0, eventTime=17181966, downTime=17181966, deviceId=-1, source=0x101 }
09-24 21:07:36.025  4672  4672 I Input   : injectKeyEvent: KeyEvent { action=ACTION_UP, keyCode=KEYCODE_BACK, scanCode=0, metaState=0, flags=0x0, repeatCount=0, eventTime=17181966, downTime=17181966, deviceId=-1, source=0x101 }
09-24 21:07:36.030  1331  3654 I ActivityManager: START u0 {flg=0x14880000 cmp=com.HouseBuildingGames/com.startapp.android.publish.AppWallActivity (has extras)} from uid 10522 pid 3276 on display 0
09-24 21:07:36.034  3889  3889 I StatusBarIconController:  appTransitionPending
09-24 21:07:36.045  1331  3654 I ActivityManager_Thumbnails: Setting thumbnail of ActivityRecord{cd9a341 u0 com.HouseBuildingGames/.MainActivity t1416} to android.graphics.Bitmap@8fa1f70
09-24 21:07:36.051  4672  4672 D AndroidRuntime: Shutting down VM
09-24 21:07:36.057  3276  3299 E AbstractTracker: Can't create handler inside thread that has not called Looper.prepare()
09-24 21:07:36.057  3276  3299 D AppTracker: App Event: stop
09-24 21:07:36.058  1331  3827 D ActivityManager: mImportantUids connections =1000 by uid = 10401 ConnectionRecord =ConnectionRecord{51b305 u0 CR FGSA io.github.ylimit.droidbotapp/io.github.privacystreams.accessibility.PSAccessibilityService:@a5de7c}
09-24 21:07:36.058  1331  3827 D ActivityManager: mImportantUids connections =1000 by uid = 10401 ConnectionRecord =ConnectionRecord{5730574 u0 CR !FG UI !VIS io.github.ylimit.droidbotapp/.DroidBotIME:@1ae4947}
09-24 21:07:36.062  3889  3889 I StatusBarIconController:  appTransitionPending
09-24 21:07:36.065 25549 25549 D Launcher: onStart
09-24 21:07:36.085 25549 25549 D ClockViewGroup: onWindowVisibilityChanged:0
09-24 21:07:36.103  3276  3276 W cr_AwContents: onDetachedFromWindow called when already detached. Ignoring
09-24 21:07:36.153   357   357 W auditd  : type=1400 "Binder_5""socket:[1165234]""sockfs"
09-24 21:07:36.153   357   357 W auditd  : type=1400 "Binder_5""socket:[1165234]""sockfs"
09-24 21:07:36.119  3276  3276 I cr_Ime  : ImeThread is not enabled.
09-24 21:07:36.127  3889  3889 D PhoneStatusBar: setSystemUiVisibility vis=600 mask=ffffffff oldVal=0 newVal=600 diff=600
09-24 21:07:36.170  3889  3889 D PhoneStatusBar: setSystemUiVisibility vis=0 mask=ffffffff oldVal=600 newVal=0 diff=600
09-24 21:07:36.188  1331  1339 I art     : Background partial concurrent mark sweep GC freed 59257(5MB) AllocSpace objects, 58(1224KB) LOS objects, 33% free, 27MB/41MB, paused 2.231ms total 143.266ms
09-24 21:07:36.255   357   357 W auditd  : type=1400 "Binder_1""socket:[1161560]""sockfs"
09-24 21:07:36.255   357   357 W auditd  : type=1400 "Binder_1""socket:[1161560]""sockfs"
09-24 21:07:36.297  1331  4526 D ActivityManager: mImportantUids connections =1000 by uid = 10401 ConnectionRecord =ConnectionRecord{51b305 u0 CR FGSA io.github.ylimit.droidbotapp/io.github.privacystreams.accessibility.PSAccessibilityService:@a5de7c}
09-24 21:07:36.297  1331  4526 D ActivityManager: mImportantUids connections =1000 by uid = 10401 ConnectionRecord =ConnectionRecord{5730574 u0 CR !FG UI !VIS io.github.ylimit.droidbotapp/.DroidBotIME:@1ae4947}
09-24 21:07:36.319  1331  3827 W InputMethodManagerService: Focus gain on non-focused client com.android.internal.view.IInputMethodClient$Stub$Proxy@6e3f48c (uid=10050 pid=25549)
09-24 21:07:36.320  1331  3663 I ActivityManager: Displayed com.HouseBuildingGames/com.startapp.android.publish.AppWallActivity: +265ms
09-24 21:07:36.320  3889  3889 I StatusBarIconController: appTransitionStarting
09-24 21:07:36.380  3276  3276 W cr_BindingManager: Cannot call determinedVisibility() - never saw a connection for the pid: 3276
09-24 21:07:36.419   357   357 W auditd  : type=1400 "ps""/proc/350""proc"
09-24 21:07:36.420   357   357 W auditd  : type=1400 "ps""task""proc"
09-24 21:07:36.613  1331  3656 D ActivityManager: mImportantUids connections =1000 by uid = 10401 ConnectionRecord =ConnectionRecord{51b305 u0 CR FGSA io.github.ylimit.droidbotapp/io.github.privacystreams.accessibility.PSAccessibilityService:@a5de7c}
09-24 21:07:36.613  1331  3656 D ActivityManager: mImportantUids connections =1000 by uid = 10401 ConnectionRecord =ConnectionRecord{5730574 u0 CR !FG UI !VIS io.github.ylimit.droidbotapp/.DroidBotIME:@1ae4947}
09-24 21:07:36.763  3276  3411 E AbstractTracker: Can't create handler inside thread that has not called Looper.prepare()
09-24 21:07:36.763  3276  3411 D AppTracker: App Event: start
09-24 21:07:36.792 25549 25738 W OpenGLRenderer: Incorrectly called buildLayer on View: ShortcutAndWidgetContainer, destroying layer...
09-24 21:07:37.068  3889  3889 D SystemServicesProxy: exclude com.HouseBuildingGames
09-24 21:07:37.068  3889  3889 D SystemServicesProxy: exclude com.android.packageinstaller
09-24 21:07:37.068  3889  3889 D SystemServicesProxy: add 9 Task
09-24 21:07:37.068  3889  3889 D RecentsTaskLoadPlan: preloadPlan, 9
09-24 21:07:37.717  3276  3276 I Ads     : Ad is not visible. Not refreshing ad.
09-24 21:07:37.717  3276  3276 I Ads     : Scheduling ad refresh 60000 milliseconds from now.
09-24 21:07:37.730   357   357 W auditd  : type=1400 "ps""/proc/350""proc"
09-24 21:07:37.731   357   357 W auditd  : type=1400 "ps""task""proc"
09-24 21:07:38.826  4131  4131 D wpa_supplicant: wlan0: Control interface command 'SIGNAL_POLL'
09-24 21:07:38.828  4131  4131 D wpa_supplicant: CTRL-DEBUG: global_ctrl_sock-sendto: sock=12 sndbuf=212992 outq=0 send_len=48
09-24 21:07:39.064   357   357 W auditd  : type=1400 "ps""/proc/350""proc"
09-24 21:07:39.064   357   357 W auditd  : type=1400 "ps""task""proc"
09-24 21:07:40.468   357   357 W auditd  : type=1400 "ps""/proc/350""proc"
09-24 21:07:40.470   357   357 W auditd  : type=1400 "ps""task""proc"
09-24 21:07:41.053  1331  1331 I DeviceIdleController: updateChargingLocked: charging=true
09-24 21:07:41.053  1331  1331 I DeviceIdleController: becomeActiveLocked, reason = charging
09-24 21:07:41.054 26211 26211 D AbstractProcessor: onBatteryChange Percent:46 State:2 
09-24 21:07:41.840  4131  4131 D wpa_supplicant: wlan0: Control interface command 'SIGNAL_POLL'
09-24 21:07:41.842  4131  4131 D wpa_supplicant: CTRL-DEBUG: global_ctrl_sock-sendto: sock=12 sndbuf=212992 outq=0 send_len=48
09-24 21:07:41.928   357   357 W auditd  : type=1400 "ps""/proc/350""proc"
09-24 21:07:41.934   357   357 W auditd  : type=1400 "ps""task""proc"
09-24 21:07:42.541  4769  4769 D AndroidRuntime: >>>>>> START com.android.internal.os.RuntimeInit uid 2000 <<<<<<
09-24 21:07:42.551  4769  4769 D AndroidRuntime: CheckJNI is OFF
09-24 21:07:42.634  4769  4769 D ICU     : No timezone override file found: /data/misc/zoneinfo/current/icu/icu_tzdata.dat
09-24 21:07:42.707  4769  4769 I Radio-JNI: register_android_hardware_Radio DONE
09-24 21:07:42.769  4769  4769 D AndroidRuntime: Calling main entry com.android.commands.input.Input
09-24 21:07:42.772  4769  4769 I Input   : injectMotionEvent: MotionEvent { action=ACTION_DOWN, actionButton=0, id[0]=0, x[0]=82.0, y[0]=1851.0, toolType[0]=TOOL_TYPE_UNKNOWN, buttonState=0, metaState=0, flags=0x0, edgeFlags=0x0, pointerCount=1, historySize=0, eventTime=17188718, downTime=17188718, deviceId=0, source=0x1002 }
09-24 21:07:42.781  4769  4769 I Input   : injectMotionEvent: MotionEvent { action=ACTION_MOVE, actionButton=0, id[0]=0, x[0]=82.0, y[0]=1851.0, toolType[0]=TOOL_TYPE_UNKNOWN, buttonState=0, metaState=0, flags=0x0, edgeFlags=0x0, pointerCount=1, historySize=0, eventTime=17188718, downTime=17188718, deviceId=0, source=0x1002 }
09-24 21:07:42.790  4769  4769 I Input   : injectMotionEvent: MotionEvent { action=ACTION_MOVE, actionButton=0, id[0]=0, x[0]=82.0, y[0]=1851.0, toolType[0]=TOOL_TYPE_UNKNOWN, buttonState=0, metaState=0, flags=0x0, edgeFlags=0x0, pointerCount=1, historySize=0, eventTime=17188736, downTime=17188736, deviceId=0, source=0x1002 }
09-24 21:07:42.806  4769  4769 I Input   : injectMotionEvent: MotionEvent { action=ACTION_MOVE, actionButton=0, id[0]=0, x[0]=82.0, y[0]=1851.0, toolType[0]=TOOL_TYPE_UNKNOWN, buttonState=0, metaState=0, flags=0x0, edgeFlags=0x0, pointerCount=1, historySize=0, eventTime=17188753, downTime=17188753, deviceId=0, source=0x1002 }
09-24 21:07:42.822  4769  4769 I Input   : injectMotionEvent: MotionEvent { action=ACTION_MOVE, actionButton=0, id[0]=0, x[0]=82.0, y[0]=1851.0, toolType[0]=TOOL_TYPE_UNKNOWN, buttonState=0, metaState=0, flags=0x0, edgeFlags=0x0, pointerCount=1, historySize=0, eventTime=17188769, downTime=17188769, deviceId=0, source=0x1002 }
09-24 21:07:42.839  4769  4769 I Input   : injectMotionEvent: MotionEvent { action=ACTION_MOVE, actionButton=0, id[0]=0, x[0]=82.0, y[0]=1851.0, toolType[0]=TOOL_TYPE_UNKNOWN, buttonState=0, metaState=0, flags=0x0, edgeFlags=0x0, pointerCount=1, historySize=0, eventTime=17188786, downTime=17188786, deviceId=0, source=0x1002 }
09-24 21:07:42.856  4769  4769 I Input   : injectMotionEvent: MotionEvent { action=ACTION_MOVE, actionButton=0, id[0]=0, x[0]=82.0, y[0]=1851.0, toolType[0]=TOOL_TYPE_UNKNOWN, buttonState=0, metaState=0, flags=0x0, edgeFlags=0x0, pointerCount=1, historySize=0, eventTime=17188803, downTime=17188803, deviceId=0, source=0x1002 }
09-24 21:07:42.873  4769  4769 I Input   : injectMotionEvent: MotionEvent { action=ACTION_MOVE, actionButton=0, id[0]=0, x[0]=82.0, y[0]=1851.0, toolType[0]=TOOL_TYPE_UNKNOWN, buttonState=0, metaState=0, flags=0x0, edgeFlags=0x0, pointerCount=1, historySize=0, eventTime=17188819, downTime=17188819, deviceId=0, source=0x1002 }
09-24 21:07:42.889  4769  4769 I Input   : injectMotionEvent: MotionEvent { action=ACTION_MOVE, actionButton=0, id[0]=0, x[0]=82.0, y[0]=1851.0, toolType[0]=TOOL_TYPE_UNKNOWN, buttonState=0, metaState=0, flags=0x0, edgeFlags=0x0, pointerCount=1, historySize=0, eventTime=17188836, downTime=17188836, deviceId=0, source=0x1002 }
09-24 21:07:42.906  4769  4769 I Input   : injectMotionEvent: MotionEvent { action=ACTION_MOVE, actionButton=0, id[0]=0, x[0]=82.0, y[0]=1851.0, toolType[0]=TOOL_TYPE_UNKNOWN, buttonState=0, metaState=0, flags=0x0, edgeFlags=0x0, pointerCount=1, historySize=0, eventTime=17188853, downTime=17188853, deviceId=0, source=0x1002 }
09-24 21:07:42.923  4769  4769 I Input   : injectMotionEvent: MotionEvent { action=ACTION_MOVE, actionButton=0, id[0]=0, x[0]=82.0, y[0]=1851.0, toolType[0]=TOOL_TYPE_UNKNOWN, buttonState=0, metaState=0, flags=0x0, edgeFlags=0x0, pointerCount=1, historySize=0, eventTime=17188869, downTime=17188869, deviceId=0, source=0x1002 }
09-24 21:07:42.939  4769  4769 I Input   : injectMotionEvent: MotionEvent { action=ACTION_MOVE, actionButton=0, id[0]=0, x[0]=82.0, y[0]=1851.0, toolType[0]=TOOL_TYPE_UNKNOWN, buttonState=0, metaState=0, flags=0x0, edgeFlags=0x0, pointerCount=1, historySize=0, eventTime=17188886, downTime=17188886, deviceId=0, source=0x1002 }
09-24 21:07:42.956  4769  4769 I Input   : injectMotionEvent: MotionEvent { action=ACTION_MOVE, actionButton=0, id[0]=0, x[0]=82.0, y[0]=1851.0, toolType[0]=TOOL_TYPE_UNKNOWN, buttonState=0, metaState=0, flags=0x0, edgeFlags=0x0, pointerCount=1, historySize=0, eventTime=17188903, downTime=17188903, deviceId=0, source=0x1002 }
09-24 21:07:42.973  4769  4769 I Input   : injectMotionEvent: MotionEvent { action=ACTION_UP, actionButton=0, id[0]=0, x[0]=82.0, y[0]=1851.0, toolType[0]=TOOL_TYPE_UNKNOWN, buttonState=0, metaState=0, flags=0x0, edgeFlags=0x0, pointerCount=1, historySize=0, eventTime=17188920, downTime=17188920, deviceId=0, source=0x1002 }
09-24 21:07:42.978  4769  4769 D AndroidRuntime: Shutting down VM
09-24 21:07:42.981   540  3652 D APM-AudioPolicyManager: getOutput() device 2, stream 1, samplingRate 0, format 0, channelMask 3, flags 0
09-24 21:07:42.982   540  3652 D AudioPolicyManagerCustom: getOutput() The last flag  8
09-24 21:07:42.982   540  3652 D AudioPolicyManagerCustom: getOutputForDevice() returns output 6
09-24 21:07:42.982   540   540 D APM-AudioPolicyManager: getOutput() device 2, stream 1, samplingRate 0, format 0, channelMask 3, flags 0
09-24 21:07:42.982   540   540 D AudioPolicyManagerCustom: getOutput() The last flag  8
09-24 21:07:42.982   540   540 D AudioPolicyManagerCustom: getOutputForDevice() returns output 6
09-24 21:07:42.984   540  3640 D APM-AudioPolicyManager: startOutput() output 2, stream 1, session 18
09-24 21:07:42.984   540  3640 D AudioPolicyManagerCustom: getNewOutputDevice() selected device 2
09-24 21:07:42.984   540  3640 D APM-AudioPolicyManager: setOutputDevice() device 0002 delayMs 0
09-24 21:07:42.985   540  3643 D audio_hw_primary: out_set_parameters: enter: usecase(1: low-latency-playback) kvpairs: routing=2
09-24 21:07:42.985   540  3643 D audio_hw_extn: audio_extn_set_anc_parameters: anc_enabled:0
09-24 21:07:42.987   540  3640 D APM-AudioPolicyManager: startOutput()--
09-24 21:07:42.996   540  3643 D audio_hw_primary: start_output_stream: enter: stream(0xf2987f00)usecase(1: low-latency-playback) devices(0x2)
09-24 21:07:42.996   540  3643 D audio_hw_primary: select_devices: out_snd_device(2: speaker) in_snd_device(0: )
09-24 21:07:42.996   540  3643 W msm8974_platform: Codec backend bitwidth 16, samplerate 48000
09-24 21:07:42.996   540  3643 D hardware_info: hw_info_append_hw_type : device_name = speaker
09-24 21:07:42.996   540  3643 D audio_hw_primary: enable_snd_device: snd_device(2: speaker)
09-24 21:07:42.996   540  3643 I soundtrigger: audio_extn_sound_trigger_update_device_status: device 0x2 of type 0 for Event 1, with Raise=0
09-24 21:07:42.996   540  3643 I audio_hw_primary: select_devices Selected apptype: 69937
09-24 21:07:42.996   540  3643 D soundtrigger: audio_extn_sound_trigger_update_stream_status: uc_id 1 of type 0 for Event 3, with Raise=0
09-24 21:07:42.996   540  3643 D ACDB-LOADER: ACDB -> send_audio_cal, acdb_id = 15, path =  0
09-24 21:07:42.997   540  3643 D ACDB-LOADER: ACDB -> AUDIO_SET_AUDPROC_VOL_CAL
09-24 21:07:42.997   540  3643 D ACDB-LOADER: ACDB -> send_hw_delay : acdb_id = 15 path = 0
09-24 21:07:42.997   540  3643 I audio_hw_utils: audio_extn_utils_send_app_type_cfg app_type 69937, acdb_dev_id 15, sample_rate 48000
09-24 21:07:42.997   540  3643 D audio_hw_primary: enable_audio_route: apply mixer and update path: low-latency-playback speaker
09-24 21:07:42.999   540  3643 D audio_hw_primary: select_devices: done
09-24 21:07:43.005   540  3643 D msm8974_platform: platform_set_channel_map mixer_ctl_name:Playback Channel Map15
09-24 21:07:43.006   540  3643 D msm8974_platform: platform_set_channel_map: set mapping(1 2 0 0 0 0 0 0) for channel:2
09-24 21:07:43.071   540  3643 D audio_hw_primary: start_output_stream: exit
09-24 21:07:43.331   540  3640 D APM-AudioPolicyManager: stopOutput() output 2, stream 1, session 18
09-24 21:07:43.332   540  3640 D AudioPolicyManagerCustom: getNewOutputDevice() selected device 0
09-24 21:07:43.332   540  3640 D APM-AudioPolicyManager: setOutputDevice() device 0000 delayMs 96
09-24 21:07:43.464   357   357 W auditd  : type=1400 "ps""/proc/350""proc"
09-24 21:07:43.467   357   357 W auditd  : type=1400 "ps""task""proc"
09-24 21:07:44.305   774   774 I MSM-irqbalance: Decided to move IRQ137 from CPU0 to CPU3
09-24 21:07:44.853  4131  4131 D wpa_supplicant: wlan0: Control interface command 'SIGNAL_POLL'
09-24 21:07:44.855  4131  4131 D wpa_supplicant: CTRL-DEBUG: global_ctrl_sock-sendto: sock=12 sndbuf=212992 outq=0 send_len=48
09-24 21:07:45.022   357   357 W auditd  : type=1400 "ps""/proc/350""proc"
09-24 21:07:45.022   357   357 W auditd  : type=1400 "ps""task""proc"
09-24 21:07:46.254   540  3643 D audio_hw_primary: out_standby: enter: stream (0xf2987f00) usecase(1: low-latency-playback)
09-24 21:07:46.329   540  3643 D audio_hw_primary: disable_audio_route: reset and update mixer path: low-latency-playback speaker
09-24 21:07:46.329   540  3643 D soundtrigger: audio_extn_sound_trigger_update_stream_status: uc_id 1 of type 0 for Event 2, with Raise=0
09-24 21:07:46.329   540  3643 D hardware_info: hw_info_append_hw_type : device_name = speaker
09-24 21:07:46.329   540  3643 D audio_hw_primary: disable_snd_device: snd_device(2: speaker)
09-24 21:07:46.329   540  3643 I soundtrigger: audio_extn_sound_trigger_update_device_status: device 0x2 of type 0 for Event 0, with Raise=0
09-24 21:07:46.368   357   357 W auditd  : type=1400 "ps""/proc/350""proc"
09-24 21:07:46.368   357   357 W auditd  : type=1400 "ps""task""proc"
09-24 21:07:47.053  1331  1331 I DeviceIdleController: updateChargingLocked: charging=true
09-24 21:07:47.053  1331  1331 I DeviceIdleController: becomeActiveLocked, reason = charging
09-24 21:07:47.058 26211 26211 D AbstractProcessor: onBatteryChange Percent:46 State:2 
09-24 21:07:47.688   357   357 W auditd  : type=1400 "ps""/proc/350""proc"
09-24 21:07:47.693   357   357 W auditd  : type=1400 "ps""task""proc"
09-24 21:07:47.867  4131  4131 D wpa_supplicant: wlan0: Control interface command 'SIGNAL_POLL'
09-24 21:07:47.869  4131  4131 D wpa_supplicant: CTRL-DEBUG: global_ctrl_sock-sendto: sock=12 sndbuf=212992 outq=0 send_len=48
09-24 21:07:48.883  4847  4847 D AndroidRuntime: >>>>>> START com.android.internal.os.RuntimeInit uid 2000 <<<<<<
09-24 21:07:48.889  4847  4847 D AndroidRuntime: CheckJNI is OFF
09-24 21:07:48.935  4847  4847 D ICU     : No timezone override file found: /data/misc/zoneinfo/current/icu/icu_tzdata.dat
09-24 21:07:48.976  4847  4847 I Radio-JNI: register_android_hardware_Radio DONE
09-24 21:07:49.013  4847  4847 D AndroidRuntime: Calling main entry com.android.commands.input.Input
09-24 21:07:49.016  4847  4847 I Input   : injectMotionEvent: MotionEvent { action=ACTION_DOWN, actionButton=0, id[0]=0, x[0]=483.0, y[0]=1600.0, toolType[0]=TOOL_TYPE_UNKNOWN, buttonState=0, metaState=0, flags=0x0, edgeFlags=0x0, pointerCount=1, historySize=0, eventTime=17194962, downTime=17194962, deviceId=0, source=0x1002 }
09-24 21:07:49.027  4847  4847 I Input   : injectMotionEvent: MotionEvent { action=ACTION_MOVE, actionButton=0, id[0]=0, x[0]=483.0, y[0]=1600.0, toolType[0]=TOOL_TYPE_UNKNOWN, buttonState=0, metaState=0, flags=0x0, edgeFlags=0x0, pointerCount=1, historySize=0, eventTime=17194962, downTime=17194962, deviceId=0, source=0x1002 }
09-24 21:07:49.039  4847  4847 I Input   : injectMotionEvent: MotionEvent { action=ACTION_MOVE, actionButton=0, id[0]=0, x[0]=483.0, y[0]=1600.0, toolType[0]=TOOL_TYPE_UNKNOWN, buttonState=0, metaState=0, flags=0x0, edgeFlags=0x0, pointerCount=1, historySize=0, eventTime=17194986, downTime=17194986, deviceId=0, source=0x1002 }
09-24 21:07:49.056  4847  4847 I Input   : injectMotionEvent: MotionEvent { action=ACTION_MOVE, actionButton=0, id[0]=0, x[0]=483.0, y[0]=1600.0, toolType[0]=TOOL_TYPE_UNKNOWN, buttonState=0, metaState=0, flags=0x0, edgeFlags=0x0, pointerCount=1, historySize=0, eventTime=17195003, downTime=17195003, deviceId=0, source=0x1002 }
09-24 21:07:49.072  4847  4847 I Input   : injectMotionEvent: MotionEvent { action=ACTION_MOVE, actionButton=0, id[0]=0, x[0]=483.0, y[0]=1600.0, toolType[0]=TOOL_TYPE_UNKNOWN, buttonState=0, metaState=0, flags=0x0, edgeFlags=0x0, pointerCount=1, historySize=0, eventTime=17195019, downTime=17195019, deviceId=0, source=0x1002 }
09-24 21:07:49.089  4847  4847 I Input   : injectMotionEvent: MotionEvent { action=ACTION_MOVE, actionButton=0, id[0]=0, x[0]=483.0, y[0]=1600.0, toolType[0]=TOOL_TYPE_UNKNOWN, buttonState=0, metaState=0, flags=0x0, edgeFlags=0x0, pointerCount=1, historySize=0, eventTime=17195036, downTime=17195036, deviceId=0, source=0x1002 }
09-24 21:07:49.105  4847  4847 I Input   : injectMotionEvent: MotionEvent { action=ACTION_MOVE, actionButton=0, id[0]=0, x[0]=483.0, y[0]=1600.0, toolType[0]=TOOL_TYPE_UNKNOWN, buttonState=0, metaState=0, flags=0x0, edgeFlags=0x0, pointerCount=1, historySize=0, eventTime=17195052, downTime=17195052, deviceId=0, source=0x1002 }
09-24 21:07:49.109   357   357 W auditd  : type=1400 "ps""/proc/350""proc"
09-24 21:07:49.110   357   357 W auditd  : type=1400 "ps""task""proc"
09-24 21:07:49.122  4847  4847 I Input   : injectMotionEvent: MotionEvent { action=ACTION_MOVE, actionButton=0, id[0]=0, x[0]=483.0, y[0]=1600.0, toolType[0]=TOOL_TYPE_UNKNOWN, buttonState=0, metaState=0, flags=0x0, edgeFlags=0x0, pointerCount=1, historySize=0, eventTime=17195069, downTime=17195069, deviceId=0, source=0x1002 }
09-24 21:07:49.139  4847  4847 I Input   : injectMotionEvent: MotionEvent { action=ACTION_MOVE, actionButton=0, id[0]=0, x[0]=483.0, y[0]=1600.0, toolType[0]=TOOL_TYPE_UNKNOWN, buttonState=0, metaState=0, flags=0x0, edgeFlags=0x0, pointerCount=1, historySize=0, eventTime=17195086, downTime=17195086, deviceId=0, source=0x1002 }
09-24 21:07:49.155  4847  4847 I Input   : injectMotionEvent: MotionEvent { action=ACTION_MOVE, actionButton=0, id[0]=0, x[0]=483.0, y[0]=1600.0, toolType[0]=TOOL_TYPE_UNKNOWN, buttonState=0, metaState=0, flags=0x0, edgeFlags=0x0, pointerCount=1, historySize=0, eventTime=17195102, downTime=17195102, deviceId=0, source=0x1002 }
09-24 21:07:49.172  4847  4847 I Input   : injectMotionEvent: MotionEvent { action=ACTION_MOVE, actionButton=0, id[0]=0, x[0]=483.0, y[0]=1600.0, toolType[0]=TOOL_TYPE_UNKNOWN, buttonState=0, metaState=0, flags=0x0, edgeFlags=0x0, pointerCount=1, historySize=0, eventTime=17195119, downTime=17195119, deviceId=0, source=0x1002 }
09-24 21:07:49.189  4847  4847 I Input   : injectMotionEvent: MotionEvent { action=ACTION_MOVE, actionButton=0, id[0]=0, x[0]=483.0, y[0]=1600.0, toolType[0]=TOOL_TYPE_UNKNOWN, buttonState=0, metaState=0, flags=0x0, edgeFlags=0x0, pointerCount=1, historySize=0, eventTime=17195136, downTime=17195136, deviceId=0, source=0x1002 }
09-24 21:07:49.206  4847  4847 I Input   : injectMotionEvent: MotionEvent { action=ACTION_MOVE, actionButton=0, id[0]=0, x[0]=483.0, y[0]=1600.0, toolType[0]=TOOL_TYPE_UNKNOWN, buttonState=0, metaState=0, flags=0x0, edgeFlags=0x0, pointerCount=1, historySize=0, eventTime=17195153, downTime=17195153, deviceId=0, source=0x1002 }
09-24 21:07:49.225  4847  4847 I Input   : injectMotionEvent: MotionEvent { action=ACTION_UP, actionButton=0, id[0]=0, x[0]=483.0, y[0]=1600.0, toolType[0]=TOOL_TYPE_UNKNOWN, buttonState=0, metaState=0, flags=0x0, edgeFlags=0x0, pointerCount=1, historySize=0, eventTime=17195172, downTime=17195172, deviceId=0, source=0x1002 }
09-24 21:07:49.228  4847  4847 D AndroidRuntime: Shutting down VM
09-24 21:07:49.355  3276  3276 W cr_AwContents: onDetachedFromWindow called when already detached. Ignoring
09-24 21:07:49.408   357   357 W auditd  : type=1400 "Binder_C""socket:[1166888]""sockfs"
09-24 21:07:49.408   357   357 W auditd  : type=1400 "Binder_C""socket:[1166888]""sockfs"
09-24 21:07:49.411  3276  3276 I cr_Ime  : ImeThread is not enabled.
09-24 21:07:50.424   357   357 W auditd  : type=1400 "ps""/proc/350""proc"
09-24 21:07:50.427   357   357 W auditd  : type=1400 "ps""task""proc"
09-24 21:07:50.876  4131  4131 D wpa_supplicant: wlan0: Control interface command 'SIGNAL_POLL'
09-24 21:07:50.878  4131  4131 D wpa_supplicant: CTRL-DEBUG: global_ctrl_sock-sendto: sock=12 sndbuf=212992 outq=0 send_len=48
09-24 21:07:51.744   357   357 W auditd  : type=1400 "ps""/proc/350""proc"
09-24 21:07:51.744   357   357 W auditd  : type=1400 "ps""task""proc"
09-24 21:07:52.483  3276  3276 W cr_BindingManager: Cannot call determinedVisibility() - never saw a connection for the pid: 3276
09-24 21:07:53.053  1331  1331 I DeviceIdleController: updateChargingLocked: charging=true
09-24 21:07:53.053  1331  1331 I DeviceIdleController: becomeActiveLocked, reason = charging
09-24 21:07:53.054 26211 26211 D AbstractProcessor: onBatteryChange Percent:46 State:2 
09-24 21:07:53.101   357   357 W auditd  : type=1400 "ps""/proc/350""proc"
09-24 21:07:53.105   357   357 W auditd  : type=1400 "ps""task""proc"
09-24 21:07:53.433  3276  3276 I Ads     : Ad is not visible. Not refreshing ad.
09-24 21:07:53.433  3276  3276 I Ads     : Scheduling ad refresh 60000 milliseconds from now.
09-24 21:07:53.509  3276  3276 W cr_BindingManager: Cannot call determinedVisibility() - never saw a connection for the pid: 3276
09-24 21:07:53.736  3276  3276 W cr_BindingManager: Cannot call determinedVisibility() - never saw a connection for the pid: 3276
09-24 21:07:53.737  3276  3276 W cr_BindingManager: Cannot call determinedVisibility() - never saw a connection for the pid: 3276
09-24 21:07:53.738  3276  3276 W cr_BindingManager: Cannot call determinedVisibility() - never saw a connection for the pid: 3276
09-24 21:07:53.739  3276  3276 W cr_BindingManager: Cannot call determinedVisibility() - never saw a connection for the pid: 3276
09-24 21:07:53.740  3276  3276 W cr_BindingManager: Cannot call determinedVisibility() - never saw a connection for the pid: 3276
09-24 21:07:53.741  3276  3276 W cr_BindingManager: Cannot call determinedVisibility() - never saw a connection for the pid: 3276
09-24 21:07:53.742  3276  3276 W cr_BindingManager: Cannot call determinedVisibility() - never saw a connection for the pid: 3276
09-24 21:07:53.744  3276  3276 W cr_BindingManager: Cannot call determinedVisibility() - never saw a connection for the pid: 3276
09-24 21:07:53.745  3276  3276 W cr_BindingManager: Cannot call determinedVisibility() - never saw a connection for the pid: 3276
09-24 21:07:53.750  3276  3276 W cr_BindingManager: Cannot call determinedVisibility() - never saw a connection for the pid: 3276
09-24 21:07:53.891  4131  4131 D wpa_supplicant: wlan0: Control interface command 'SIGNAL_POLL'
09-24 21:07:53.893  4131  4131 D wpa_supplicant: CTRL-DEBUG: global_ctrl_sock-sendto: sock=12 sndbuf=212992 outq=0 send_len=48
09-24 21:07:54.520  1331  3774 D WifiStateMachine: starting scan for "tmliu"-WPA_PSK with 2462
09-24 21:07:54.528   357   357 W auditd  : type=1400 "ps""/proc/350""proc"
09-24 21:07:54.520  4131  4131 D wpa_supplicant: wlan0: Setting scan request: 0.000000 sec
09-24 21:07:54.520  4131  4131 D wpa_supplicant: CTRL-DEBUG: global_ctrl_sock-sendto: sock=12 sndbuf=212992 outq=0 send_len=3
09-24 21:07:54.520  4131  4131 D wpa_supplicant: wlan0: Starting AP scan for wildcard SSID
09-24 21:07:54.520  4131  4131 D wpa_supplicant: wlan0: Limit manual scan to specified channels
09-24 21:07:54.520  4131  4131 D wpa_supplicant: wlan0: Add radio work 'scan'@0x7f830dc320
09-24 21:07:54.521  4131  4131 D wpa_supplicant: wlan0: First radio work item in the queue - schedule start immediately
09-24 21:07:54.521  4131  4131 D wpa_supplicant: wlan0: Starting radio work 'scan'@0x7f830dc320 after 0.000055 second wait
09-24 21:07:54.521  4131  4131 D wpa_supplicant: wlan0: nl80211: scan request
09-24 21:07:54.521  4131  4131 D wpa_supplicant: nl80211: Scan SSID - hexdump(len=0): [NULL]
09-24 21:07:54.521  4131  4131 D wpa_supplicant: nl80211: Scan extra IEs - hexdump(len=7): 7f 05 00 00 0a 02 01
09-24 21:07:54.521  4131  4131 D wpa_supplicant: nl80211: Scan frequency 2462 MHz
09-24 21:07:54.521  4131  4131 D wpa_supplicant: Scan requested (ret=0) - scan timeout 30 seconds
09-24 21:07:54.521  4131  4131 D wpa_supplicant: nl80211: Event message available
09-24 21:07:54.521  4131  4131 D wpa_supplicant: nl80211: Drv Event 33 (NL80211_CMD_TRIGGER_SCAN) received for wlan0
09-24 21:07:54.521  4131  4131 D wpa_supplicant: wlan0: nl80211: Scan trigger
09-24 21:07:54.521  4131  4131 D wpa_supplicant: wlan0: Event SCAN_STARTED (47) received
09-24 21:07:54.521  4131  4131 D wpa_supplicant: wlan0: Own scan request started a scan in 0.000146 seconds
09-24 21:07:54.521  4131  4131 D wpa_supplicant: CTRL-DEBUG: ctrl_sock-sendmsg: sock=12 sndbuf=212992 outq=768 send_len=24
09-24 21:07:54.521  4131  4131 D wpa_supplicant: CTRL_IFACE monitor sent successfully to /data/misc/wifi/sockets/wpa_ctrl_565-2\x00
09-24 21:07:54.521  4131  4131 D wpa_supplicant: CTRL-DEBUG: ctrl_sock-sendmsg: sock=12 sndbuf=212992 outq=1536 send_len=24
09-24 21:07:54.521  4131  4131 D wpa_supplicant: CTRL_IFACE monitor sent successfully to /data/misc/wifi/sockets/wpa_ctrl_1331-2\x00
09-24 21:07:54.534  1331  3654 I ActivityManager: START u0 {act=android.intent.action.VIEW dat=http://click.mywondermobi.com/... flg=0x14880000 cmp=com.android.browser/com.tencent.mtt.MainActivity} from uid 10522 pid 3276 on display 0
09-24 21:07:54.534  1331  3654 I ActivityManager: Ignoring FLAG_ACTIVITY_NEW_DOCUMENT, launchMode is "singleInstance" or "singleTask"
09-24 21:07:54.572  3889  3889 I StatusBarIconController:  appTransitionPending
09-24 21:07:54.578  1331  3654 I ActivityManager_Thumbnails: Setting thumbnail of ActivityRecord{fc26f22 u0 com.HouseBuildingGames/com.startapp.android.publish.AppWallActivity t1417} to android.graphics.Bitmap@c410acc
09-24 21:07:54.667  4131  4131 D wpa_supplicant: nl80211: Event message available
09-24 21:07:54.667  4131  4131 D wpa_supplicant: nl80211: Drv Event 34 (NL80211_CMD_NEW_SCAN_RESULTS) received for wlan0
09-24 21:07:54.667  4131  4131 D wpa_supplicant: wlan0: nl80211: New scan results available
09-24 21:07:54.667  4131  4131 D wpa_supplicant: nl80211: Scan included frequencies: 2462
09-24 21:07:54.667  4131  4131 D wpa_supplicant: wlan0: Event SCAN_RESULTS (3) received
09-24 21:07:54.667  4131  4131 D wpa_supplicant: wlan0: Scan completed in 0.146157 seconds
09-24 21:07:54.668  4131  4131 D wpa_supplicant: nl80211: Associated on 2462 MHz
09-24 21:07:54.668  4131  4131 D wpa_supplicant: nl80211: Associated with 24:05:0f:8a:bd:f3
09-24 21:07:54.668  4131  4131 D wpa_supplicant: nl80211: Received scan results (34 BSSes)
09-24 21:07:54.668  4131  4131 D wpa_supplicant: nl80211: Scan results indicate BSS status with 24:05:0f:8a:bd:f3 as associated
09-24 21:07:54.668  4131  4131 D wpa_supplicant: wlan0: BSS: Start scan result update 678
09-24 21:07:54.668  4131  4131 D wpa_supplicant: BSS: last_scan_res_used=34/64
09-24 21:07:54.668  4131  4131 D wpa_supplicant: wlan0: Scan-only results received
09-24 21:07:54.668  4131  4131 D wpa_supplicant: CTRL-DEBUG: ctrl_sock-sendmsg: sock=12 sndbuf=212992 outq=0 send_len=24
09-24 21:07:54.668  4131  4131 D wpa_supplicant: CTRL_IFACE monitor sent successfully to /data/misc/wifi/sockets/wpa_ctrl_565-2\x00
09-24 21:07:54.668  4131  4131 D wpa_supplicant: CTRL-DEBUG: ctrl_sock-sendmsg: sock=12 sndbuf=212992 outq=768 send_len=24
09-24 21:07:54.668  4131  4131 D wpa_supplicant: CTRL_IFACE monitor sent successfully to /data/misc/wifi/sockets/wpa_ctrl_1331-2\x00
09-24 21:07:54.668  4131  4131 D wpa_supplicant: wlan0: Radio work 'scan'@0x7f830dc320 done in 0.147913 seconds
09-24 21:07:54.669  4131  4131 D wpa_supplicant: wlan0: Control interface command 'SCAN_RESULTS'
09-24 21:07:54.669  4131  4131 D wpa_supplicant: CTRL-DEBUG: global_ctrl_sock-sendto: sock=12 sndbuf=212992 outq=0 send_len=2506
09-24 21:07:54.673  4131  4131 D wpa_supplicant: wlan0: Control interface command 'SCAN_RESULTS'
09-24 21:07:54.673  4131  4131 D wpa_supplicant: CTRL-DEBUG: global_ctrl_sock-sendto: sock=12 sndbuf=212992 outq=0 send_len=2506
09-24 21:07:54.678  4131  4131 D wpa_supplicant: CTRL-DEBUG: global_ctrl_sock-sendto: sock=12 sndbuf=212992 outq=0 send_len=3774
09-24 21:07:54.679  4918  4918 D AndroidRuntime: >>>>>> START com.android.internal.os.RuntimeInit uid 2000 <<<<<<
09-24 21:07:54.681  4131  4131 D wpa_supplicant: CTRL-DEBUG: global_ctrl_sock-sendto: sock=12 sndbuf=212992 outq=0 send_len=4060
09-24 21:07:54.686  4918  4918 D AndroidRuntime: CheckJNI is OFF
09-24 21:07:54.693  4131  4131 D wpa_supplicant: CTRL-DEBUG: global_ctrl_sock-sendto: sock=12 sndbuf=212992 outq=0 send_len=4038
09-24 21:07:54.697  4131  4131 D wpa_supplicant: CTRL-DEBUG: global_ctrl_sock-sendto: sock=12 sndbuf=212992 outq=0 send_len=3736
09-24 21:07:54.700  4131  4131 D wpa_supplicant: CTRL-DEBUG: global_ctrl_sock-sendto: sock=12 sndbuf=212992 outq=0 send_len=3076
09-24 21:07:54.714  4131  4131 D wpa_supplicant: EAPOL: EAP Session-Id not available
09-24 21:07:54.714  4131  4131 D wpa_supplicant: CTRL-DEBUG: global_ctrl_sock-sendto: sock=12 sndbuf=212992 outq=0 send_len=268
09-24 21:07:54.747  1331  4587 W InputMethodManagerService: Window already focused, ignoring focus gain of: com.android.internal.view.IInputMethodClient$Stub$Proxy@ec3f115 attribute=null, token = android.os.BinderProxy@a6e6c88
09-24 21:07:54.769  4918  4918 D ICU     : No timezone override file found: /data/misc/zoneinfo/current/icu/icu_tzdata.dat
09-24 21:07:54.776  3276  3316 E AbstractTracker: Can't create handler inside thread that has not called Looper.prepare()
09-24 21:07:54.776  3276  3316 D AppTracker: App Event: stop
09-24 21:07:54.793  3889  3889 I StatusBarIconController:  appTransitionPending
09-24 21:07:54.818  1331  4614 D ActivityManager: mImportantUids connections =1000 by uid = 10401 ConnectionRecord =ConnectionRecord{51b305 u0 CR FGSA io.github.ylimit.droidbotapp/io.github.privacystreams.accessibility.PSAccessibilityService:@a5de7c}
09-24 21:07:54.818  1331  4614 D ActivityManager: mImportantUids connections =1000 by uid = 10401 ConnectionRecord =ConnectionRecord{5730574 u0 CR !FG UI !VIS io.github.ylimit.droidbotapp/.DroidBotIME:@1ae4947}
09-24 21:07:54.833 25549 25549 D Launcher: onStop
09-24 21:07:54.838  3889  3889 D PhoneStatusBar: setSystemUiVisibility vis=600 mask=ffffffff oldVal=0 newVal=600 diff=600
09-24 21:07:54.838  3889  3889 D PhoneStatusBar: setSystemUiVisibility vis=8600 mask=ffffffff oldVal=600 newVal=8600 diff=8000
09-24 21:07:54.838  3889  3889 D PhoneStatusBar: checkBarMode:powerSave=false, getBarState()=0
09-24 21:07:54.838  3889  3889 D BarTransitions.PhoneStatusBarView: MODE_OPAQUE -> MODE_TRANSPARENT animate=true
09-24 21:07:54.838  3889  3889 D BarTransitions.PhoneStatusBarView: applyModeBackground oldMode=MODE_OPAQUE newMode=MODE_TRANSPARENT animate=true
09-24 21:07:54.839  3889  3889 I StatusBarIconController: setIconsDark dark:false animate:true currentDark:false mTransitionPending:true mTransitionDeferring:false mPendingDarkIntensity:0.0
09-24 21:07:54.839  3889  3889 I StatusBarIconController: animateIconTint:0.0 mDarkIntensity:0.0
09-24 21:07:54.836   357   357 W auditd  : type=1400 "Binder_F""socket:[1161379]""sockfs"
09-24 21:07:54.849   357   357 W auditd  : type=1400 "Binder_F""socket:[1161379]""sockfs"
09-24 21:07:54.840 25549 25549 D ClockViewGroup: onWindowVisibilityChanged:4
09-24 21:07:54.844  3889  3889 D BarBackgroundDrawable: BarTransitions: draw: mode=MODE_TRANSPARENT, targetColor=0x0
09-24 21:07:54.845  3889  3889 D BarBackgroundDrawable: BarTransitions: drawColor:0xf6000000
09-24 21:07:54.845 31769 32208 E AbstractTracker: Can't create handler inside thread that has not called Looper.prepare()
09-24 21:07:54.845 31769 32208 D AppTracker: App Event: start
09-24 21:07:54.849  1331  1339 I art     : Background partial concurrent mark sweep GC freed 51116(4MB) AllocSpace objects, 57(1188KB) LOS objects, 33% free, 27MB/41MB, paused 2.645ms total 279.376ms
09-24 21:07:54.898  3889  3889 D BarBackgroundDrawable: BarTransitions: draw: mode=MODE_TRANSPARENT, targetColor=0x0
09-24 21:07:54.898  3889  3889 D BarBackgroundDrawable: BarTransitions: drawColor:0xb2000000
09-24 21:07:54.899  3889  3889 D PhoneStatusBar: setSystemUiVisibility vis=a610 mask=ffffffff oldVal=8600 newVal=a610 diff=2010
09-24 21:07:54.900  3889  3889 I StatusBarIconController: setIconsDark dark:true animate:true currentDark:false mTransitionPending:true mTransitionDeferring:false mPendingDarkIntensity:0.0
09-24 21:07:54.900  3889  3889 I StatusBarIconController: animateIconTint:1.0 mDarkIntensity:0.0
09-24 21:07:54.900  3889  3889 I StatusBarIconController: setIconTintInternal:0.0
09-24 21:07:54.915  3889  3889 I StatusBarIconController: setIconTintInternal:0.0
09-24 21:07:54.922  4918  4918 I Radio-JNI: register_android_hardware_Radio DONE
09-24 21:07:54.946  3889  3889 D BarBackgroundDrawable: BarTransitions: draw: mode=MODE_TRANSPARENT, targetColor=0x0
09-24 21:07:54.947  3889  3889 D BarBackgroundDrawable: BarTransitions: drawColor:0x74000000
09-24 21:07:54.994 31769 31769 I TextToSpeech: Sucessfully bound to com.svox.pico
09-24 21:07:54.996  1331  4475 W ActivityManager_Service: Unable to start service Intent { act=com.googlecode.eyesfree.braille.service.ACTION_SELF_BRAILLE_SERVICE pkg=com.googlecode.eyesfree.brailleback } U=0: not found
09-24 21:07:54.996 31769 31769 E d       : Failed to bind to service
09-24 21:07:55.002 31769 31769 W ResourceType: For resource 0x7f0203e8, entry index(1000) is beyond type entryCount(7)
09-24 21:07:55.002 31769 31769 W ResourceType: Failure getting entry for 0x7f0203e8 (t=1 e=1000) (error -75)
09-24 21:07:55.003 31769 31769 W ResourceType: No package identifier when getting value for resource number 0x00000000
09-24 21:07:55.009 31769 31769 W ResourceType: For resource 0x7f020351, entry index(849) is beyond type entryCount(7)
09-24 21:07:55.009 31769 31769 W ResourceType: Failure getting entry for 0x7f020351 (t=1 e=849) (error -75)
09-24 21:07:55.011 31769 31769 W ResourceType: No package identifier when getting value for resource number 0x00000000
09-24 21:07:55.012 31769 31769 W ResourceType: For resource 0x7f0203c2, entry index(962) is beyond type entryCount(7)
09-24 21:07:55.012 31769 31769 W ResourceType: Failure getting entry for 0x7f0203c2 (t=1 e=962) (error -75)
09-24 21:07:55.013 31769 31769 W ResourceType: No package identifier when getting value for resource number 0x00000000
09-24 21:07:55.014  3889  3889 I StatusBarIconController: setIconTintInternal:0.05827403
09-24 21:07:55.015 31769 31769 W ResourceType: For resource 0x7f02039c, entry index(924) is beyond type entryCount(7)
