09-24 21:06:00.004  1331  1331 D ActivityManager: mImportantUids connections =1000 by uid = 10401 ConnectionRecord =ConnectionRecord{5730574 u0 CR !FG UI !VIS io.github.ylimit.droidbotapp/.DroidBotIME:@1ae4947}
09-24 21:06:00.010  1331  4526 D ActivityManager: mImportantUids connections =1000 by uid = 10401 ConnectionRecord =ConnectionRecord{51b305 u0 CR FGSA io.github.ylimit.droidbotapp/io.github.privacystreams.accessibility.PSAccessibilityService:@a5de7c}
09-24 21:06:00.010  1331  4526 D ActivityManager: mImportantUids connections =1000 by uid = 10401 ConnectionRecord =ConnectionRecord{5730574 u0 CR !FG UI !VIS io.github.ylimit.droidbotapp/.DroidBotIME:@1ae4947}
09-24 21:06:00.039  1331  4620 D ActivityManager: mImportantUids connections =1000 by uid = 10401 ConnectionRecord =ConnectionRecord{51b305 u0 CR FGSA io.github.ylimit.droidbotapp/io.github.privacystreams.accessibility.PSAccessibilityService:@a5de7c}
09-24 21:06:00.039  1331  4620 D ActivityManager: mImportantUids connections =1000 by uid = 10401 ConnectionRecord =ConnectionRecord{5730574 u0 CR !FG UI !VIS io.github.ylimit.droidbotapp/.DroidBotIME:@1ae4947}
09-24 21:06:00.069  1331  4398 D ActivityManager: mImportantUids connections =1000 by uid = 10401 ConnectionRecord =ConnectionRecord{51b305 u0 CR FGSA io.github.ylimit.droidbotapp/io.github.privacystreams.accessibility.PSAccessibilityService:@a5de7c}
09-24 21:06:00.069  1331  4398 D ActivityManager: mImportantUids connections =1000 by uid = 10401 ConnectionRecord =ConnectionRecord{5730574 u0 CR !FG UI !VIS io.github.ylimit.droidbotapp/.DroidBotIME:@1ae4947}
09-24 21:06:00.088  1331  3653 D ActivityManager: mImportantUids connections =1000 by uid = 10401 ConnectionRecord =ConnectionRecord{51b305 u0 CR FGSA io.github.ylimit.droidbotapp/io.github.privacystreams.accessibility.PSAccessibilityService:@a5de7c}
09-24 21:06:00.089  1331  3653 D ActivityManager: mImportantUids connections =1000 by uid = 10401 ConnectionRecord =ConnectionRecord{5730574 u0 CR !FG UI !VIS io.github.ylimit.droidbotapp/.DroidBotIME:@1ae4947}
09-24 21:06:00.105  1331  4475 D ActivityManager: mImportantUids connections =1000 by uid = 10401 ConnectionRecord =ConnectionRecord{51b305 u0 CR FGSA io.github.ylimit.droidbotapp/io.github.privacystreams.accessibility.PSAccessibilityService:@a5de7c}
09-24 21:06:00.105  1331  4475 D ActivityManager: mImportantUids connections =1000 by uid = 10401 ConnectionRecord =ConnectionRecord{5730574 u0 CR !FG UI !VIS io.github.ylimit.droidbotapp/.DroidBotIME:@1ae4947}
09-24 21:06:00.128  1331  4475 D ActivityManager: mImportantUids connections =1000 by uid = 10401 ConnectionRecord =ConnectionRecord{51b305 u0 CR FGSA io.github.ylimit.droidbotapp/io.github.privacystreams.accessibility.PSAccessibilityService:@a5de7c}
09-24 21:06:00.128  1331  4475 D ActivityManager: mImportantUids connections =1000 by uid = 10401 ConnectionRecord =ConnectionRecord{5730574 u0 CR !FG UI !VIS io.github.ylimit.droidbotapp/.DroidBotIME:@1ae4947}
09-24 21:06:00.151  1331  4622 D ActivityManager: mImportantUids connections =1000 by uid = 10401 ConnectionRecord =ConnectionRecord{51b305 u0 CR FGSA io.github.ylimit.droidbotapp/io.github.privacystreams.accessibility.PSAccessibilityService:@a5de7c}
09-24 21:06:00.151  1331  4622 D ActivityManager: mImportantUids connections =1000 by uid = 10401 ConnectionRecord =ConnectionRecord{5730574 u0 CR !FG UI !VIS io.github.ylimit.droidbotapp/.DroidBotIME:@1ae4947}
09-24 21:06:00.196  1331  3823 D ActivityManager: mImportantUids connections =1000 by uid = 10401 ConnectionRecord =ConnectionRecord{51b305 u0 CR FGSA io.github.ylimit.droidbotapp/io.github.privacystreams.accessibility.PSAccessibilityService:@a5de7c}
09-24 21:06:00.197  1331  3823 D ActivityManager: mImportantUids connections =1000 by uid = 10401 ConnectionRecord =ConnectionRecord{5730574 u0 CR !FG UI !VIS io.github.ylimit.droidbotapp/.DroidBotIME:@1ae4947}
09-24 21:06:00.211  1331  3823 D ActivityManager: mImportantUids connections =1000 by uid = 10401 ConnectionRecord =ConnectionRecord{51b305 u0 CR FGSA io.github.ylimit.droidbotapp/io.github.privacystreams.accessibility.PSAccessibilityService:@a5de7c}
09-24 21:06:00.211  1331  3823 D ActivityManager: mImportantUids connections =1000 by uid = 10401 ConnectionRecord =ConnectionRecord{5730574 u0 CR !FG UI !VIS io.github.ylimit.droidbotapp/.DroidBotIME:@1ae4947}
09-24 21:06:00.233  1331  3823 D ActivityManager: mImportantUids connections =1000 by uid = 10401 ConnectionRecord =ConnectionRecord{51b305 u0 CR FGSA io.github.ylimit.droidbotapp/io.github.privacystreams.accessibility.PSAccessibilityService:@a5de7c}
09-24 21:06:00.234  1331  3823 D ActivityManager: mImportantUids connections =1000 by uid = 10401 ConnectionRecord =ConnectionRecord{5730574 u0 CR !FG UI !VIS io.github.ylimit.droidbotapp/.DroidBotIME:@1ae4947}
09-24 21:06:00.278  1331  3823 D ActivityManager: mImportantUids connections =1000 by uid = 10401 ConnectionRecord =ConnectionRecord{51b305 u0 CR FGSA io.github.ylimit.droidbotapp/io.github.privacystreams.accessibility.PSAccessibilityService:@a5de7c}
09-24 21:06:00.278  1331  3823 D ActivityManager: mImportantUids connections =1000 by uid = 10401 ConnectionRecord =ConnectionRecord{5730574 u0 CR !FG UI !VIS io.github.ylimit.droidbotapp/.DroidBotIME:@1ae4947}
09-24 21:06:00.305  1331  3823 D ActivityManager: mImportantUids connections =1000 by uid = 10401 ConnectionRecord =ConnectionRecord{51b305 u0 CR FGSA io.github.ylimit.droidbotapp/io.github.privacystreams.accessibility.PSAccessibilityService:@a5de7c}
09-24 21:06:00.305  1331  3823 D ActivityManager: mImportantUids connections =1000 by uid = 10401 ConnectionRecord =ConnectionRecord{5730574 u0 CR !FG UI !VIS io.github.ylimit.droidbotapp/.DroidBotIME:@1ae4947}
09-24 21:06:00.309  1331  3823 D ActivityManager: mImportantUids connections =1000 by uid = 10401 ConnectionRecord =ConnectionRecord{51b305 u0 CR FGSA io.github.ylimit.droidbotapp/io.github.privacystreams.accessibility.PSAccessibilityService:@a5de7c}
09-24 21:06:00.309  1331  3823 D ActivityManager: mImportantUids connections =1000 by uid = 10401 ConnectionRecord =ConnectionRecord{5730574 u0 CR !FG UI !VIS io.github.ylimit.droidbotapp/.DroidBotIME:@1ae4947}
09-24 21:06:01.748   357   357 W auditd  : type=1400 "ps""/proc/350""proc"
09-24 21:06:01.749   357   357 W auditd  : type=1400 "ps""task""proc"
09-24 21:06:01.679  3860  3860 D AndroidRuntime: >>>>>> START com.android.internal.os.RuntimeInit uid 2000 <<<<<<
09-24 21:06:01.699  3860  3860 D AndroidRuntime: CheckJNI is OFF
09-24 21:06:01.862  3860  3860 D ICU     : No timezone override file found: /data/misc/zoneinfo/current/icu/icu_tzdata.dat
09-24 21:06:01.981  3860  3860 I Radio-JNI: register_android_hardware_Radio DONE
09-24 21:06:02.069  3860  3860 D AndroidRuntime: Calling main entry com.android.commands.input.Input
09-24 21:06:02.072  3860  3860 I Input   : injectKeyEvent: KeyEvent { action=ACTION_DOWN, keyCode=KEYCODE_BACK, scanCode=0, metaState=0, flags=0x0, repeatCount=0, eventTime=17088018, downTime=17088018, deviceId=-1, source=0x101 }
09-24 21:06:02.107  3860  3860 I Input   : injectKeyEvent: KeyEvent { action=ACTION_UP, keyCode=KEYCODE_BACK, scanCode=0, metaState=0, flags=0x0, repeatCount=0, eventTime=17088018, downTime=17088018, deviceId=-1, source=0x101 }
09-24 21:06:02.124  3889  3889 D PhoneStatusBar: setSystemUiVisibility vis=600 mask=ffffffff oldVal=0 newVal=600 diff=600
09-24 21:06:02.124  3889  3889 D PhoneStatusBar: setSystemUiVisibility vis=8600 mask=ffffffff oldVal=600 newVal=8600 diff=8000
09-24 21:06:02.124  3889  3889 D PhoneStatusBar: checkBarMode:powerSave=false, getBarState()=0
09-24 21:06:02.124  3889  3889 D BarTransitions.PhoneStatusBarView: MODE_OPAQUE -> MODE_TRANSPARENT animate=true
09-24 21:06:02.124  3889  3889 D BarTransitions.PhoneStatusBarView: applyModeBackground oldMode=MODE_OPAQUE newMode=MODE_TRANSPARENT animate=true
09-24 21:06:02.125  3889  3889 I StatusBarIconController: setIconsDark dark:false animate:true currentDark:false mTransitionPending:false mTransitionDeferring:false mPendingDarkIntensity:0.0
09-24 21:06:02.125  3889  3889 I StatusBarIconController: animateIconTint:0.0 mDarkIntensity:0.0
09-24 21:06:02.135  3889  3889 D BarBackgroundDrawable: BarTransitions: draw: mode=MODE_TRANSPARENT, targetColor=0x0
09-24 21:06:02.135  3889  3889 D BarBackgroundDrawable: BarTransitions: drawColor:0xf0000000
09-24 21:06:02.164   357   357 W auditd  : type=1400 "Binder_D""socket:[1161379]""sockfs"
09-24 21:06:02.164   357   357 W auditd  : type=1400 "Binder_D""socket:[1161379]""sockfs"
09-24 21:06:02.151  1331  4500 I ActivityManager_Thumbnails: Setting thumbnail of ActivityRecord{dd43a8f u0 com.HouseBuildingGames/com.startapp.android.publish.AppWallActivity t1411 f} to android.graphics.Bitmap@151fe38
09-24 21:06:02.164  3860  3860 D AndroidRuntime: Shutting down VM
09-24 21:06:02.180  3276  3316 E AbstractTracker: Can't create handler inside thread that has not called Looper.prepare()
09-24 21:06:02.180  3276  3316 D AppTracker: App Event: stop
09-24 21:06:02.186  1331  4650 D ActivityManager: mImportantUids connections =1000 by uid = 10401 ConnectionRecord =ConnectionRecord{51b305 u0 CR FGSA io.github.ylimit.droidbotapp/io.github.privacystreams.accessibility.PSAccessibilityService:@a5de7c}
09-24 21:06:02.186  1331  4650 D ActivityManager: mImportantUids connections =1000 by uid = 10401 ConnectionRecord =ConnectionRecord{5730574 u0 CR !FG UI !VIS io.github.ylimit.droidbotapp/.DroidBotIME:@1ae4947}
09-24 21:06:02.222  3889  3889 D BarBackgroundDrawable: BarTransitions: draw: mode=MODE_TRANSPARENT, targetColor=0x0
09-24 21:06:02.222  3889  3889 D BarBackgroundDrawable: BarTransitions: drawColor:0x82000000
09-24 21:06:02.232  3889  3889 I StatusBarIconController:  appTransitionPending
09-24 21:06:02.232  3889  3889 I StatusBarIconController: appTransitionStarting
09-24 21:06:02.238  3889  3889 D BarBackgroundDrawable: BarTransitions: draw: mode=MODE_TRANSPARENT, targetColor=0x0
09-24 21:06:02.238  3889  3889 D BarBackgroundDrawable: BarTransitions: drawColor:0x6d000000
09-24 21:06:02.253  3889  3889 D BarBackgroundDrawable: BarTransitions: draw: mode=MODE_TRANSPARENT, targetColor=0x0
09-24 21:06:02.253  3889  3889 D BarBackgroundDrawable: BarTransitions: drawColor:0x5a000000
09-24 21:06:02.271  3889  3889 D BarBackgroundDrawable: BarTransitions: draw: mode=MODE_TRANSPARENT, targetColor=0x0
09-24 21:06:02.271  3889  3889 D BarBackgroundDrawable: BarTransitions: drawColor:0x42000000
09-24 21:06:02.276 25549 25549 D Launcher: onResume
09-24 21:06:02.284 25549 25549 D Launcher: DynamicIcon doWorkspaceOrFolderIconAnimation be enter
09-24 21:06:02.284 25549 25549 D Launcher.Workspace: DynamicIcon Workspace updateCurrentPageIconState success
09-24 21:06:02.284 25549 25549 D CellLayout: DynamicIcon CellLayout updateDynamicIconState should Update = true
09-24 21:06:02.284 25549 26313 E AbstractTracker: Can't create handler inside thread that has not called Looper.prepare()
09-24 21:06:02.284 25549 26313 D AppTracker: App Event: start
09-24 21:06:02.288  3889  3889 D BarBackgroundDrawable: BarTransitions: draw: mode=MODE_TRANSPARENT, targetColor=0x0
09-24 21:06:02.289  3889  3889 D BarBackgroundDrawable: BarTransitions: drawColor:0x2c000000
09-24 21:06:02.313  3889  3889 D BarBackgroundDrawable: BarTransitions: draw: mode=MODE_TRANSPARENT, targetColor=0x0
09-24 21:06:02.313  3889  3889 D BarBackgroundDrawable: BarTransitions: drawColor:0xe000000
09-24 21:06:02.323  3889  3889 D BarBackgroundDrawable: BarTransitions: draw: mode=MODE_TRANSPARENT, targetColor=0x0
09-24 21:06:02.323  3889  3889 D BarBackgroundDrawable: BarTransitions: drawColor:0x1000000
09-24 21:06:02.335  3889  3889 D BarBackgroundDrawable: BarTransitions: draw: mode=MODE_TRANSPARENT, targetColor=0x0
09-24 21:06:02.356  1331  4475 D ActivityManager: mImportantUids connections =1000 by uid = 10401 ConnectionRecord =ConnectionRecord{51b305 u0 CR FGSA io.github.ylimit.droidbotapp/io.github.privacystreams.accessibility.PSAccessibilityService:@a5de7c}
09-24 21:06:02.356  1331  4475 D ActivityManager: mImportantUids connections =1000 by uid = 10401 ConnectionRecord =ConnectionRecord{5730574 u0 CR !FG UI !VIS io.github.ylimit.droidbotapp/.DroidBotIME:@1ae4947}
09-24 21:06:02.365  1331  4475 D ActivityManager: mImportantUids connections =1000 by uid = 10401 ConnectionRecord =ConnectionRecord{51b305 u0 CR FGSA io.github.ylimit.droidbotapp/io.github.privacystreams.accessibility.PSAccessibilityService:@a5de7c}
09-24 21:06:02.365  1331  4475 D ActivityManager: mImportantUids connections =1000 by uid = 10401 ConnectionRecord =ConnectionRecord{5730574 u0 CR !FG UI !VIS io.github.ylimit.droidbotapp/.DroidBotIME:@1ae4947}
09-24 21:06:02.440  4131  4131 D wpa_supplicant: wlan0: Control interface command 'SIGNAL_POLL'
09-24 21:06:02.448  4131  4131 D wpa_supplicant: CTRL-DEBUG: global_ctrl_sock-sendto: sock=12 sndbuf=212992 outq=0 send_len=48
09-24 21:06:02.449  1331  1339 I art     : Background partial concurrent mark sweep GC freed 17405(1493KB) AllocSpace objects, 13(260KB) LOS objects, 33% free, 27MB/41MB, paused 2.891ms total 297.199ms
09-24 21:06:03.210  3889  3889 D SystemServicesProxy: exclude com.android.packageinstaller
09-24 21:06:03.210  3889  3889 D SystemServicesProxy: add 9 Task
09-24 21:06:03.210  3889  3889 D RecentsTaskLoadPlan: preloadPlan, 9
09-24 21:06:03.578   357   357 W auditd  : type=1400 "ps""/proc/350""proc"
09-24 21:06:03.578   357   357 W auditd  : type=1400 "ps""task""proc"
09-24 21:06:04.937   357   357 W auditd  : type=1400 "ps""/proc/350""proc"
09-24 21:06:04.937   357   357 W auditd  : type=1400 "ps""task""proc"
09-24 21:06:05.054 26211 26211 D AbstractProcessor: onBatteryChange Percent:47 State:2 
09-24 21:06:05.055  1331  1331 I DeviceIdleController: updateChargingLocked: charging=true
09-24 21:06:05.055  1331  1331 I DeviceIdleController: becomeActiveLocked, reason = charging
09-24 21:06:05.308 25549 25549 W ResourceType: No package identifier when getting name for resource number 0x00000001
09-24 21:06:05.309 25549 25549 W ResourceType: No package identifier when getting name for resource number 0x00000003
09-24 21:06:05.309 25549 25549 W ResourceType: No package identifier when getting name for resource number 0x00000004
09-24 21:06:05.310 25549 25549 W ResourceType: No package identifier when getting name for resource number 0x00000005
09-24 21:06:05.310 25549 25549 W ResourceType: No package identifier when getting name for resource number 0x00000006
09-24 21:06:05.310 25549 25549 W ResourceType: No package identifier when getting name for resource number 0x00000007
09-24 21:06:05.310 25549 25549 W ResourceType: No package identifier when getting name for resource number 0x00000008
09-24 21:06:05.311 25549 25549 W ResourceType: No package identifier when getting name for resource number 0x00000009
09-24 21:06:05.311 25549 25549 W ResourceType: No package identifier when getting name for resource number 0x0000000a
09-24 21:06:05.311 25549 25549 W ResourceType: No package identifier when getting name for resource number 0x0000000b
09-24 21:06:05.312 25549 25549 W ResourceType: No package identifier when getting name for resource number 0x00000019
09-24 21:06:05.313 25549 25549 W ResourceType: No package identifier when getting name for resource number 0x0000001a
09-24 21:06:05.314 25549 25549 W ResourceType: No package identifier when getting name for resource number 0x0000001b
09-24 21:06:05.314 25549 25549 W ResourceType: No package identifier when getting name for resource number 0x0000001c
09-24 21:06:05.314 25549 25549 W ResourceType: No package identifier when getting name for resource number 0x0000001d
09-24 21:06:05.314 25549 25549 W ResourceType: No package identifier when getting name for resource number 0x0000001e
09-24 21:06:05.315 25549 25549 W ResourceType: No package identifier when getting name for resource number 0x0000002b
09-24 21:06:05.315 25549 25549 W ResourceType: No package identifier when getting name for resource number 0x00000003
09-24 21:06:05.457  4131  4131 D wpa_supplicant: wlan0: Control interface command 'SIGNAL_POLL'
09-24 21:06:05.460  4131  4131 D wpa_supplicant: CTRL-DEBUG: global_ctrl_sock-sendto: sock=12 sndbuf=212992 outq=0 send_len=48
09-24 21:06:05.530 25549 25549 W ResourceType: No package identifier when getting name for resource number 0x00000001
09-24 21:06:05.530 25549 25549 W ResourceType: No package identifier when getting name for resource number 0x00000003
09-24 21:06:05.531 25549 25549 W ResourceType: No package identifier when getting name for resource number 0x00000004
09-24 21:06:05.531 25549 25549 W ResourceType: No package identifier when getting name for resource number 0x00000005
09-24 21:06:05.532 25549 25549 W ResourceType: No package identifier when getting name for resource number 0x00000006
09-24 21:06:05.532 25549 25549 W ResourceType: No package identifier when getting name for resource number 0x00000007
09-24 21:06:05.533 25549 25549 W ResourceType: No package identifier when getting name for resource number 0x00000008
09-24 21:06:05.533 25549 25549 W ResourceType: No package identifier when getting name for resource number 0x00000009
09-24 21:06:05.533 25549 25549 W ResourceType: No package identifier when getting name for resource number 0x0000000a
09-24 21:06:05.534 25549 25549 W ResourceType: No package identifier when getting name for resource number 0x0000000b
09-24 21:06:05.534 25549 25549 W ResourceType: No package identifier when getting name for resource number 0x00000019
09-24 21:06:05.535 25549 25549 W ResourceType: No package identifier when getting name for resource number 0x0000001a
09-24 21:06:05.535 25549 25549 W ResourceType: No package identifier when getting name for resource number 0x0000001b
09-24 21:06:05.536 25549 25549 W ResourceType: No package identifier when getting name for resource number 0x0000001c
09-24 21:06:05.536 25549 25549 W ResourceType: No package identifier when getting name for resource number 0x0000001d
09-24 21:06:05.536 25549 25549 W ResourceType: No package identifier when getting name for resource number 0x0000001e
09-24 21:06:05.537 25549 25549 W ResourceType: No package identifier when getting name for resource number 0x0000002b
09-24 21:06:05.537 25549 25549 W ResourceType: No package identifier when getting name for resource number 0x00000003
09-24 21:06:05.788  1331  3823 D ActivityManager: mImportantUids connections =1000 by uid = 10401 ConnectionRecord =ConnectionRecord{51b305 u0 CR FGSA io.github.ylimit.droidbotapp/io.github.privacystreams.accessibility.PSAccessibilityService:@a5de7c}
09-24 21:06:05.788  1331  3823 D ActivityManager: mImportantUids connections =1000 by uid = 10401 ConnectionRecord =ConnectionRecord{5730574 u0 CR !FG UI !VIS io.github.ylimit.droidbotapp/.DroidBotIME:@1ae4947}
09-24 21:06:05.807 25565  3890 V DeviceInfoDatabaseHelper: get cursor
09-24 21:06:05.808 25565  3890 V OneplusAnalyticsService: Upload DeviceInfo
09-24 21:06:05.845 25549 25549 W ResourceType: No package identifier when getting name for resource number 0x00000001
09-24 21:06:05.845 25549 25549 W ResourceType: No package identifier when getting name for resource number 0x00000003
09-24 21:06:05.845 25549 25549 W ResourceType: No package identifier when getting name for resource number 0x00000004
09-24 21:06:05.846 25549 25549 W ResourceType: No package identifier when getting name for resource number 0x00000005
09-24 21:06:05.846 25549 25549 W ResourceType: No package identifier when getting name for resource number 0x00000006
09-24 21:06:05.847 25549 25549 W ResourceType: No package identifier when getting name for resource number 0x00000007
09-24 21:06:05.847 25549 25549 W ResourceType: No package identifier when getting name for resource number 0x00000008
09-24 21:06:05.847 25549 25549 W ResourceType: No package identifier when getting name for resource number 0x00000009
09-24 21:06:05.848 25549 25549 W ResourceType: No package identifier when getting name for resource number 0x0000000a
09-24 21:06:05.853 25549 25549 W ResourceType: No package identifier when getting name for resource number 0x0000000b
09-24 21:06:05.853 25549 25549 W ResourceType: No package identifier when getting name for resource number 0x00000019
09-24 21:06:05.854 25549 25549 W ResourceType: No package identifier when getting name for resource number 0x0000001a
09-24 21:06:05.854 25549 25549 W ResourceType: No package identifier when getting name for resource number 0x0000001b
09-24 21:06:05.854 25549 25549 W ResourceType: No package identifier when getting name for resource number 0x0000001c
09-24 21:06:05.855 25549 25549 W ResourceType: No package identifier when getting name for resource number 0x0000001d
09-24 21:06:05.855 25549 25549 W ResourceType: No package identifier when getting name for resource number 0x0000001e
09-24 21:06:05.855 25549 25549 W ResourceType: No package identifier when getting name for resource number 0x0000002b
09-24 21:06:05.856 25549 25549 W ResourceType: No package identifier when getting name for resource number 0x00000003
09-24 21:06:05.921 25565  3890 V OneplusAnalyticsService: remove deviceinfo payload: size:1
09-24 21:06:05.948 25565  3890 V DeviceInfoDatabaseHelper: remove payloads
09-24 21:06:05.959  1331  4500 D ActivityManager: mImportantUids connections =1000 by uid = 10401 ConnectionRecord =ConnectionRecord{51b305 u0 CR FGSA io.github.ylimit.droidbotapp/io.github.privacystreams.accessibility.PSAccessibilityService:@a5de7c}
09-24 21:06:05.959  1331  4500 D ActivityManager: mImportantUids connections =1000 by uid = 10401 ConnectionRecord =ConnectionRecord{5730574 u0 CR !FG UI !VIS io.github.ylimit.droidbotapp/.DroidBotIME:@1ae4947}
09-24 21:06:06.091 25549 25549 W ResourceType: No package identifier when getting name for resource number 0x00000001
09-24 21:06:06.091 25549 25549 W ResourceType: No package identifier when getting name for resource number 0x00000003
09-24 21:06:06.092 25549 25549 W ResourceType: No package identifier when getting name for resource number 0x00000004
09-24 21:06:06.092 25549 25549 W ResourceType: No package identifier when getting name for resource number 0x00000005
09-24 21:06:06.093 25549 25549 W ResourceType: No package identifier when getting name for resource number 0x00000006
09-24 21:06:06.093 25549 25549 W ResourceType: No package identifier when getting name for resource number 0x00000007
09-24 21:06:06.094 25549 25549 W ResourceType: No package identifier when getting name for resource number 0x00000008
09-24 21:06:06.094 25549 25549 W ResourceType: No package identifier when getting name for resource number 0x00000009
09-24 21:06:06.095 25549 25549 W ResourceType: No package identifier when getting name for resource number 0x0000000a
09-24 21:06:06.095 25549 25549 W ResourceType: No package identifier when getting name for resource number 0x0000000b
09-24 21:06:06.096 25549 25549 W ResourceType: No package identifier when getting name for resource number 0x00000019
09-24 21:06:06.096 25549 25549 W ResourceType: No package identifier when getting name for resource number 0x0000001a
09-24 21:06:06.096 25549 25549 W ResourceType: No package identifier when getting name for resource number 0x0000001b
09-24 21:06:06.097 25549 25549 W ResourceType: No package identifier when getting name for resource number 0x0000001c
09-24 21:06:06.097 25549 25549 W ResourceType: No package identifier when getting name for resource number 0x0000001d
09-24 21:06:06.098 25549 25549 W ResourceType: No package identifier when getting name for resource number 0x0000001e
09-24 21:06:06.098 25549 25549 W ResourceType: No package identifier when getting name for resource number 0x0000002b
09-24 21:06:06.098 25549 25549 W ResourceType: No package identifier when getting name for resource number 0x00000003
09-24 21:06:06.339   357   357 W auditd  : type=1400 "ps""/proc/350""proc"
09-24 21:06:06.339   357   357 W auditd  : type=1400 "ps""task""proc"
09-24 21:06:06.441 25549 25549 W ResourceType: No package identifier when getting name for resource number 0x00000001
09-24 21:06:06.442 25549 25549 W ResourceType: No package identifier when getting name for resource number 0x00000003
09-24 21:06:06.443 25549 25549 W ResourceType: No package identifier when getting name for resource number 0x00000004
09-24 21:06:06.444 25549 25549 W ResourceType: No package identifier when getting name for resource number 0x00000005
09-24 21:06:06.444 25549 25549 W ResourceType: No package identifier when getting name for resource number 0x00000006
09-24 21:06:06.444 25549 25549 W ResourceType: No package identifier when getting name for resource number 0x00000007
09-24 21:06:06.445 25549 25549 W ResourceType: No package identifier when getting name for resource number 0x00000008
09-24 21:06:06.445 25549 25549 W ResourceType: No package identifier when getting name for resource number 0x00000009
09-24 21:06:06.445 25549 25549 W ResourceType: No package identifier when getting name for resource number 0x0000000a
09-24 21:06:06.446 25549 25549 W ResourceType: No package identifier when getting name for resource number 0x0000000b
09-24 21:06:06.446 25549 25549 W ResourceType: No package identifier when getting name for resource number 0x00000019
09-24 21:06:06.447 25549 25549 W ResourceType: No package identifier when getting name for resource number 0x0000001a
09-24 21:06:06.447 25549 25549 W ResourceType: No package identifier when getting name for resource number 0x0000001b
09-24 21:06:06.447 25549 25549 W ResourceType: No package identifier when getting name for resource number 0x0000001c
09-24 21:06:06.448 25549 25549 W ResourceType: No package identifier when getting name for resource number 0x0000001d
09-24 21:06:06.448 25549 25549 W ResourceType: No package identifier when getting name for resource number 0x0000001e
09-24 21:06:06.449 25549 25549 W ResourceType: No package identifier when getting name for resource number 0x0000002b
09-24 21:06:06.449 25549 25549 W ResourceType: No package identifier when getting name for resource number 0x00000003
09-24 21:06:06.711 25549 25549 W ResourceType: No package identifier when getting name for resource number 0x00000001
09-24 21:06:06.711 25549 25549 W ResourceType: No package identifier when getting name for resource number 0x00000003
09-24 21:06:06.712 25549 25549 W ResourceType: No package identifier when getting name for resource number 0x00000004
09-24 21:06:06.712 25549 25549 W ResourceType: No package identifier when getting name for resource number 0x00000005
09-24 21:06:06.713 25549 25549 W ResourceType: No package identifier when getting name for resource number 0x00000006
09-24 21:06:06.713 25549 25549 W ResourceType: No package identifier when getting name for resource number 0x00000007
09-24 21:06:06.714 25549 25549 W ResourceType: No package identifier when getting name for resource number 0x00000008
09-24 21:06:06.714 25549 25549 W ResourceType: No package identifier when getting name for resource number 0x00000009
09-24 21:06:06.715 25549 25549 W ResourceType: No package identifier when getting name for resource number 0x0000000a
09-24 21:06:06.715 25549 25549 W ResourceType: No package identifier when getting name for resource number 0x0000000b
09-24 21:06:06.716 25549 25549 W ResourceType: No package identifier when getting name for resource number 0x00000019
09-24 21:06:06.716 25549 25549 W ResourceType: No package identifier when getting name for resource number 0x0000001a
09-24 21:06:06.717 25549 25549 W ResourceType: No package identifier when getting name for resource number 0x0000001b
09-24 21:06:06.717 25549 25549 W ResourceType: No package identifier when getting name for resource number 0x0000001c
09-24 21:06:06.717 25549 25549 W ResourceType: No package identifier when getting name for resource number 0x0000001d
09-24 21:06:06.718 25549 25549 W ResourceType: No package identifier when getting name for resource number 0x0000001e
09-24 21:06:06.718 25549 25549 W ResourceType: No package identifier when getting name for resource number 0x0000002b
09-24 21:06:06.719 25549 25549 W ResourceType: No package identifier when getting name for resource number 0x00000003
09-24 21:06:07.793   357   357 W auditd  : type=1400 "ps""/proc/350""proc"
09-24 21:06:07.793   357   357 W auditd  : type=1400 "ps""task""proc"
09-24 21:06:08.105  3941  3941 D AndroidRuntime: >>>>>> START com.android.internal.os.RuntimeInit uid 2000 <<<<<<
09-24 21:06:08.113  3941  3941 D AndroidRuntime: CheckJNI is OFF
09-24 21:06:08.189  3941  3941 D ICU     : No timezone override file found: /data/misc/zoneinfo/current/icu/icu_tzdata.dat
09-24 21:06:08.261  3941  3941 I Radio-JNI: register_android_hardware_Radio DONE
09-24 21:06:08.323  3941  3941 D AndroidRuntime: Calling main entry com.android.commands.am.Am
09-24 21:06:08.329  1331  4398 I ActivityManager: START u0 {act=android.intent.action.MAIN cat=[android.intent.category.LAUNCHER] flg=0x10000000 cmp=com.HouseBuildingGames/.MainActivity} from uid 2000 pid 3941 on display 0
09-24 21:06:08.335  3889  3889 I StatusBarIconController:  appTransitionPending
09-24 21:06:08.340 25549 25549 D Launcher: onPause
09-24 21:06:08.343 25549 25702 E AbstractTracker: Can't create handler inside thread that has not called Looper.prepare()
09-24 21:06:08.343 25549 25702 D AppTracker: App Event: stop
09-24 21:06:08.345  3941  3941 D AndroidRuntime: Shutting down VM
09-24 21:06:08.383  3889  3889 I StatusBarIconController:  appTransitionPending
09-24 21:06:08.386  1331  4622 D ActivityManager: mImportantUids connections =1000 by uid = 10401 ConnectionRecord =ConnectionRecord{51b305 u0 CR FGSA io.github.ylimit.droidbotapp/io.github.privacystreams.accessibility.PSAccessibilityService:@a5de7c}
09-24 21:06:08.386  1331  4622 D ActivityManager: mImportantUids connections =1000 by uid = 10401 ConnectionRecord =ConnectionRecord{5730574 u0 CR !FG UI !VIS io.github.ylimit.droidbotapp/.DroidBotIME:@1ae4947}
09-24 21:06:08.401  3889  3889 I StatusBarIconController: appTransitionStarting
09-24 21:06:08.409  1331  3656 D ActivityManager: mImportantUids connections =1000 by uid = 10401 ConnectionRecord =ConnectionRecord{51b305 u0 CR FGSA io.github.ylimit.droidbotapp/io.github.privacystreams.accessibility.PSAccessibilityService:@a5de7c}
09-24 21:06:08.409  1331  3656 D ActivityManager: mImportantUids connections =1000 by uid = 10401 ConnectionRecord =ConnectionRecord{5730574 u0 CR !FG UI !VIS io.github.ylimit.droidbotapp/.DroidBotIME:@1ae4947}
09-24 21:06:08.413  3889  3889 D PhoneStatusBar: setSystemUiVisibility vis=0 mask=ffffffff oldVal=8600 newVal=0 diff=8600
09-24 21:06:08.413  3889  3889 D PhoneStatusBar: checkBarMode:powerSave=false, getBarState()=0
09-24 21:06:08.413  3889  3889 D BarTransitions.PhoneStatusBarView: MODE_TRANSPARENT -> MODE_OPAQUE animate=true
09-24 21:06:08.413  3889  3889 D BarTransitions.PhoneStatusBarView: applyModeBackground oldMode=MODE_TRANSPARENT newMode=MODE_OPAQUE animate=true
09-24 21:06:08.414  3889  3889 I StatusBarIconController: setIconsDark dark:false animate:true currentDark:false mTransitionPending:false mTransitionDeferring:true mPendingDarkIntensity:0.0
09-24 21:06:08.414  3889  3889 I StatusBarIconController: animateIconTint:0.0 mDarkIntensity:0.0
09-24 21:06:08.424  3889  3889 D BarBackgroundDrawable: BarTransitions: draw: mode=MODE_OPAQUE, targetColor=0xff000000
09-24 21:06:08.424  3889  3889 D BarBackgroundDrawable: BarTransitions: drawColor:0xe000000
09-24 21:06:08.437  3276  3276 W cr_AwContents: onDetachedFromWindow called when already detached. Ignoring
09-24 21:06:08.462  3276  3276 W GooglePlayServicesUtil: Google Play Store is missing.
09-24 21:06:08.463  3276  3276 I Ads     : Use AdRequest.Builder.addTestDevice("5EBC12BF17C41267958295A7114AE10F") to get test ads on this device.
09-24 21:06:08.468  3276  3276 I Ads     : Starting ad request.
09-24 21:06:08.469  4131  4131 D wpa_supplicant: wlan0: Control interface command 'SIGNAL_POLL'
09-24 21:06:08.474  4131  4131 D wpa_supplicant: CTRL-DEBUG: global_ctrl_sock-sendto: sock=12 sndbuf=212992 outq=0 send_len=48
09-24 21:06:08.483  3889  3889 D BarBackgroundDrawable: BarTransitions: draw: mode=MODE_OPAQUE, targetColor=0xff000000
09-24 21:06:08.483  3889  3889 D BarBackgroundDrawable: BarTransitions: drawColor:0x59000000
09-24 21:06:08.486  3276  3276 W cr_AwContents: onDetachedFromWindow called when already detached. Ignoring
09-24 21:06:08.489 25549 25549 D ClockViewGroup: onWindowVisibilityChanged:8
09-24 21:06:08.491  3889  3889 D BarBackgroundDrawable: BarTransitions: draw: mode=MODE_OPAQUE, targetColor=0xff000000
09-24 21:06:08.491  3889  3889 D BarBackgroundDrawable: BarTransitions: drawColor:0x63000000
09-24 21:06:08.506  3889  3889 D BarBackgroundDrawable: BarTransitions: draw: mode=MODE_OPAQUE, targetColor=0xff000000
09-24 21:06:08.506  3889  3889 D BarBackgroundDrawable: BarTransitions: drawColor:0x76000000
09-24 21:06:08.523  3889  3889 D BarBackgroundDrawable: BarTransitions: draw: mode=MODE_OPAQUE, targetColor=0xff000000
09-24 21:06:08.523  3889  3889 D BarBackgroundDrawable: BarTransitions: drawColor:0x8c000000
09-24 21:06:08.524  3276  3276 I cr_Ime  : ImeThread is not enabled.
09-24 21:06:08.544  3889  3889 D BarBackgroundDrawable: BarTransitions: draw: mode=MODE_OPAQUE, targetColor=0xff000000
09-24 21:06:08.544  3889  3889 D BarBackgroundDrawable: BarTransitions: drawColor:0xa8000000
09-24 21:06:08.568  3276  3276 W cr_AwContents: onDetachedFromWindow called when already detached. Ignoring
09-24 21:06:08.580  3889  3889 D BarBackgroundDrawable: BarTransitions: draw: mode=MODE_OPAQUE, targetColor=0xff000000
09-24 21:06:08.580  3889  3889 D BarBackgroundDrawable: BarTransitions: drawColor:0xd4000000
09-24 21:06:08.584  3276  3276 W cr_AwContents: onDetachedFromWindow called when already detached. Ignoring
09-24 21:06:08.595   357   357 W auditd  : type=1400 "Binder_2""socket:[1163542]""sockfs"
09-24 21:06:08.596   357   357 W auditd  : type=1400 "Binder_2""socket:[1163542]""sockfs"
09-24 21:06:08.589  3889  3889 D BarBackgroundDrawable: BarTransitions: draw: mode=MODE_OPAQUE, targetColor=0xff000000
09-24 21:06:08.589  3889  3889 D BarBackgroundDrawable: BarTransitions: drawColor:0xe0000000
09-24 21:06:08.598  3276  3369 W Settings: Setting install_non_market_apps has moved from android.provider.Settings.Global to android.provider.Settings.Secure, returning read-only value.
09-24 21:06:08.610  3889  3889 D BarBackgroundDrawable: BarTransitions: draw: mode=MODE_OPAQUE, targetColor=0xff000000
09-24 21:06:08.610  3889  3889 D BarBackgroundDrawable: BarTransitions: drawColor:0xfb000000
09-24 21:06:08.624  3889  3889 D BarBackgroundDrawable: BarTransitions: draw: mode=MODE_OPAQUE, targetColor=0xff000000
09-24 21:06:08.624  3889  3889 D BarBackgroundDrawable: BarTransitions: drawColor:0xff000000
09-24 21:06:08.718  1331  3663 I ActivityManager: Displayed com.HouseBuildingGames/.MainActivity: +355ms
09-24 21:06:08.722  3276  3276 W cr_AwContents: onDetachedFromWindow called when already detached. Ignoring
09-24 21:06:08.751  3276  3276 I cr_Ime  : ImeThread is not enabled.
09-24 21:06:08.772   357   357 W auditd  : type=1400 "Binder_D""socket:[1161560]""sockfs"
09-24 21:06:08.776   357   357 W auditd  : type=1400 "Binder_D""socket:[1161560]""sockfs"
09-24 21:06:09.041  3276  3276 W cr_BindingManager: Cannot call determinedVisibility() - never saw a connection for the pid: 3276
09-24 21:06:09.146  3276  3276 W cr_BindingManager: Cannot call determinedVisibility() - never saw a connection for the pid: 3276
09-24 21:06:09.225  3276  3285 W art     : Suspending all threads took: 5.938ms
09-24 21:06:09.231  3276  3285 I art     : Background sticky concurrent mark sweep GC freed 3800(366KB) AllocSpace objects, 2(40KB) LOS objects, 18% free, 3MB/4MB, paused 7.355ms total 47.295ms
09-24 21:06:09.327  3276  3369 E AbstractTracker: Can't create handler inside thread that has not called Looper.prepare()
09-24 21:06:09.327  3276  3369 D AppTracker: App Event: start
09-24 21:06:09.356  3276  3276 W cr_AwContents: onDetachedFromWindow called when already detached. Ignoring
09-24 21:06:09.363  3276  3276 I cr_Ime  : ImeThread is not enabled.
09-24 21:06:09.370   357   357 W auditd  : type=1400 "ps""/proc/350""proc"
09-24 21:06:09.371   357   357 W auditd  : type=1400 "ps""task""proc"
09-24 21:06:09.410  3889  3889 D SystemServicesProxy: exclude com.android.packageinstaller
09-24 21:06:09.410  3889  3889 D SystemServicesProxy: add 9 Task
09-24 21:06:09.410  3889  3889 D RecentsTaskLoadPlan: preloadPlan, 9
09-24 21:06:09.564  3276  3276 W Ads     : JS: Use of the Application Cache is deprecated on insecure origins. Support will be removed in the future. You should consider switching your application to a secure origin, such as HTTPS. See https://goo.gl/rStTGz for more details. (:0)
09-24 21:06:09.565  3276  3276 I chromium: [INFO:CONSOLE(0)] "Use of the Application Cache is deprecated on insecure origins. Support will be removed in the future. You should consider switching your application to a secure origin, such as HTTPS. See https://goo.gl/rStTGz for more details.", source:  (0)
09-24 21:06:09.972  3276  3276 I Ads     : JS: Document was loaded from Application Cache with manifest http://googleads.g.doubleclick.net/mads/static/mad/sdk/native/sdk-core-v40.appcache (http://googleads.g.doubleclick.net/mads/static/mad/sdk/native/sdk-core-v40.html:0)
09-24 21:06:09.972  3276  3276 I chromium: [INFO:CONSOLE(0)] "Document was loaded from Application Cache with manifest http://googleads.g.doubleclick.net/mads/static/mad/sdk/native/sdk-core-v40.appcache", source: http://googleads.g.doubleclick.net/mads/static/mad/sdk/native/sdk-core-v40.html (0)
09-24 21:06:09.973  3276  3276 I Ads     : JS: Application Cache Checking event (http://googleads.g.doubleclick.net/mads/static/mad/sdk/native/sdk-core-v40.html:0)
09-24 21:06:09.973  3276  3276 I chromium: [INFO:CONSOLE(0)] "Application Cache Checking event", source: http://googleads.g.doubleclick.net/mads/static/mad/sdk/native/sdk-core-v40.html (0)
09-24 21:06:09.973  3276  3276 I Ads     : JS: Application Cache Checking event (http://googleads.g.doubleclick.net/mads/static/sdk/native/sdk-core-v40.html:0)
09-24 21:06:09.973  3276  3276 I chromium: [INFO:CONSOLE(0)] "Application Cache Checking event", source: http://googleads.g.doubleclick.net/mads/static/sdk/native/sdk-core-v40.html (0)
09-24 21:06:09.973  3276  3276 I Ads     : JS: Application Cache Checking event (http://googleads.g.doubleclick.net/mads/static/sdk/native/sdk-core-v40.html:0)
09-24 21:06:09.973  3276  3276 I chromium: [INFO:CONSOLE(0)] "Application Cache Checking event", source: http://googleads.g.doubleclick.net/mads/static/sdk/native/sdk-core-v40.html (0)
09-24 21:06:09.974  3276  3276 I Ads     : JS: Application Cache NoUpdate event (http://googleads.g.doubleclick.net/mads/static/mad/sdk/native/sdk-core-v40.html:0)
09-24 21:06:09.974  3276  3276 I chromium: [INFO:CONSOLE(0)] "Application Cache NoUpdate event", source: http://googleads.g.doubleclick.net/mads/static/mad/sdk/native/sdk-core-v40.html (0)
09-24 21:06:09.974  3276  3276 I Ads     : JS: Application Cache NoUpdate event (http://googleads.g.doubleclick.net/mads/static/sdk/native/sdk-core-v40.html:0)
09-24 21:06:09.974  3276  3276 I chromium: [INFO:CONSOLE(0)] "Application Cache NoUpdate event", source: http://googleads.g.doubleclick.net/mads/static/sdk/native/sdk-core-v40.html (0)
09-24 21:06:09.974  3276  3276 I Ads     : JS: Application Cache NoUpdate event (http://googleads.g.doubleclick.net/mads/static/sdk/native/sdk-core-v40.html:0)
09-24 21:06:09.974  3276  3276 I chromium: [INFO:CONSOLE(0)] "Application Cache NoUpdate event", source: http://googleads.g.doubleclick.net/mads/static/sdk/native/sdk-core-v40.html (0)
09-24 21:06:10.028  3276  3276 W cr_BindingManager: Cannot call determinedVisibility() - never saw a connection for the pid: 3276
09-24 21:06:10.139  1331  4526 D ActivityManager: mImportantUids connections =1000 by uid = 10401 ConnectionRecord =ConnectionRecord{51b305 u0 CR FGSA io.github.ylimit.droidbotapp/io.github.privacystreams.accessibility.PSAccessibilityService:@a5de7c}
09-24 21:06:10.140  1331  4526 D ActivityManager: mImportantUids connections =1000 by uid = 10401 ConnectionRecord =ConnectionRecord{5730574 u0 CR !FG UI !VIS io.github.ylimit.droidbotapp/.DroidBotIME:@1ae4947}
09-24 21:06:10.147 25549 25549 D Launcher: onStop
09-24 21:06:10.163 25549 25549 I WallpaperCard: [Trim Memory] wallpaperCard, level:20
09-24 21:06:10.169  1331  3654 D ActivityManager: mImportantUids connections =1000 by uid = 10401 ConnectionRecord =ConnectionRecord{51b305 u0 CR FGSA io.github.ylimit.droidbotapp/io.github.privacystreams.accessibility.PSAccessibilityService:@a5de7c}
09-24 21:06:10.169  1331  3654 D ActivityManager: mImportantUids connections =1000 by uid = 10401 ConnectionRecord =ConnectionRecord{5730574 u0 CR !FG UI !VIS io.github.ylimit.droidbotapp/.DroidBotIME:@1ae4947}
09-24 21:06:10.981   357   357 W auditd  : type=1400 "ps""/proc/350""proc"
09-24 21:06:10.982   357   357 W auditd  : type=1400 "ps""task""proc"
09-24 21:06:11.050  1331  1331 I DeviceIdleController: updateChargingLocked: charging=true
09-24 21:06:11.050  1331  1331 I DeviceIdleController: becomeActiveLocked, reason = charging
09-24 21:06:11.058 26211 26211 D AbstractProcessor: onBatteryChange Percent:47 State:2 
09-24 21:06:11.059  3276  3276 W Ads     : JS: Use of the Application Cache is deprecated on insecure origins. Support will be removed in the future. You should consider switching your application to a secure origin, such as HTTPS. See https://goo.gl/rStTGz for more details. (https://googleads.g.doubleclick.net/mads/static/mad/sdk/native/production/sdk-core-v40-impl.js:515)
09-24 21:06:11.060  3276  3276 I chromium: [INFO:CONSOLE(515)] "Use of the Application Cache is deprecated on insecure origins. Support will be removed in the future. You should consider switching your application to a secure origin, such as HTTPS. See https://goo.gl/rStTGz for more details.", source: https://googleads.g.doubleclick.net/mads/static/mad/sdk/native/production/sdk-core-v40-impl.js (515)
09-24 21:06:11.485  4131  4131 D wpa_supplicant: wlan0: Control interface command 'SIGNAL_POLL'
09-24 21:06:11.488  4131  4131 D wpa_supplicant: CTRL-DEBUG: global_ctrl_sock-sendto: sock=12 sndbuf=212992 outq=0 send_len=48
09-24 21:06:12.177  3276  3276 I cr_Ime  : ImeThread is not enabled.
09-24 21:06:12.420  3276  3276 W cr_BindingManager: Cannot call determinedVisibility() - never saw a connection for the pid: 3276
09-24 21:06:12.497   357   357 W auditd  : type=1400 "ps""/proc/350""proc"
09-24 21:06:12.498   357   357 W auditd  : type=1400 "ps""task""proc"
09-24 21:06:13.826  1331  3770 D NtpTrustedTime: currentTimeMillis() cache hit
09-24 21:06:13.834  1331  3770 I TetherStatsReporting: getTetherStats() called NetworkStats: elapsedRealtime=17099773
09-24 21:06:13.834  1331  3770 I TetherStatsReporting:   [0] iface=wlan0 uid=0 set=DEFAULT tag=0x0 rxBytes=2214244 rxPackets=9400 txBytes=335672 txPackets=7184 operations=0
09-24 21:06:13.834  1331  3770 I TetherStatsReporting:   [1] iface=wlan0 uid=0 set=FOREGROUND tag=0x0 rxBytes=0 rxPackets=0 txBytes=0 txPackets=0 operations=0
09-24 21:06:13.834  1331  3770 I TetherStatsReporting:   [2] iface=wlan0 uid=1000 set=DEFAULT tag=0x0 rxBytes=596799 rxPackets=570 txBytes=69055 txPackets=627 operations=0
09-24 21:06:13.834  1331  3770 I TetherStatsReporting:   [3] iface=wlan0 uid=1000 set=FOREGROUND tag=0x0 rxBytes=0 rxPackets=0 txBytes=0 txPackets=0 operations=0
09-24 21:06:13.834  1331  3770 I TetherStatsReporting:   [4] iface=wlan0 uid=10002 set=DEFAULT tag=0x0 rxBytes=1232 rxPackets=4 txBytes=551 txPackets=5 operations=0
09-24 21:06:13.834  1331  3770 I TetherStatsReporting:   [5] iface=wlan0 uid=10002 set=FOREGROUND tag=0x0 rxBytes=0 rxPackets=0 txBytes=0 txPackets=0 operations=0
09-24 21:06:13.834  1331  3770 I TetherStatsReporting:   [6] iface=wlan0 uid=10013 set=DEFAULT tag=0x0 rxBytes=88017 rxPackets=590 txBytes=143624 txPackets=934 operations=0
09-24 21:06:13.834  1331  3770 I TetherStatsReporting:   [7] iface=wlan0 uid=10013 set=FOREGROUND tag=0x0 rxBytes=2229741 rxPackets=2089 txBytes=177132 txPackets=2193 operations=0
09-24 21:06:13.834  1331  3770 I TetherStatsReporting:   [8] iface=wlan0 uid=10018 set=DEFAULT tag=0x0 rxBytes=1432 rxPackets=10 txBytes=2549 txPackets=13 operations=0
09-24 21:06:13.834  1331  3770 I TetherStatsReporting:   [9] iface=wlan0 uid=10018 set=FOREGROUND tag=0x0 rxBytes=0 rxPackets=0 txBytes=0 txPackets=0 operations=0
09-24 21:06:13.834  1331  3770 I TetherStatsReporting:   [10] iface=wlan0 uid=10048 set=DEFAULT tag=0x0 rxBytes=286 rxPackets=4 txBytes=1253 txPackets=6 operations=0
09-24 21:06:13.834  1331  3770 I TetherStatsReporting:   [11] iface=wlan0 uid=10048 set=FOREGROUND tag=0x0 rxBytes=0 rxPackets=0 txBytes=0 txPackets=0 operations=0
09-24 21:06:13.834  1331  3770 I TetherStatsReporting:   [12] iface=wlan0 uid=10062 set=DEFAULT tag=0x0 rxBytes=3931111 rxPackets=3574 txBytes=340106 txPackets=4228 operations=0
09-24 21:06:13.834  1331  3770 I TetherStatsReporting:   [13] iface=wlan0 uid=10062 set=FOREGROUND tag=0x0 rxBytes=2676695 rxPackets=3778 txBytes=818289 txPackets=4795 operations=0
09-24 21:06:13.834  1331  3770 I TetherStatsReporting:   [14] iface=wlan0 uid=10066 set=DEFAULT tag=0x0 rxBytes=8841 rxPackets=40 txBytes=10564 txPackets=53 operations=0
09-24 21:06:13.834  1331  3770 I TetherStatsReporting:   [15] iface=wlan0 uid=10066 set=FOREGROUND tag=0x0 rxBytes=0 rxPackets=0 txBytes=0 txPackets=0 operations=0
09-24 21:06:13.834  1331  3770 I TetherStatsReporting:   [16] iface=wlan0 uid=10069 set=DEFAULT tag=0x0 rxBytes=426207 rxPackets=928 txBytes=137997 txPackets=1163 operations=0
09-24 21:06:13.834  1331  3770 I TetherStatsReporting:   [17] iface=wlan0 uid=10069 set=FOREGROUND tag=0x0 rxBytes=0 rxPackets=0 txBytes=0 txPackets=0 operations=0
09-24 21:06:13.834  1331  3770 I TetherStatsReporting:   [18] iface=wlan0 uid=10071 set=DEFAULT tag=0x0 rxBytes=76 rxPackets=1 txBytes=76 txPackets=1 operations=0
09-24 21:06:13.834  1331  3770 I TetherStatsReporting:   [19] iface=wlan0 uid=10071 set=FOREGROUND tag=0x0 rxBytes=0 rxPackets=0 txBytes=0 txPackets=0 operations=0
09-24 21:06:13.834  1331  3770 I TetherStatsReporting:   [20] iface=wlan0 uid=10072 set=DEFAULT tag=0x0 rxBytes=7739 rxPackets=8 txBytes=756 txPackets=10 operations=0
09-24 21:06:13.834  1331  3770 I TetherStatsReporting:   [21] iface=wlan0 uid=10072 set=FOREGROUND tag=0x0 rxBytes=0 rxPackets=0 txBytes=0 txPackets=0 operations=0
09-24 21:06:13.834  1331  3770 I TetherStatsReporting:   [22] iface=wlan0 uid=10094 set=DEFAULT tag=0x0 rxBytes=726 rxPackets=4 txBytes=1562 txPackets=6 operations=0
09-24 21:06:13.834  1331  3770 I TetherStatsReporting:   [23] iface=wlan0 uid=10094 set=FOREGROUND tag=0x0 rxBytes=0 rxPackets=0 txBytes=0 txPackets=0 operations=0
09-24 21:06:13.834  1331  3770 I TetherStatsReporting:   [24] iface=wlan0 uid=10096 set=DEFAULT tag=0x0 rxBytes=9673 rxPackets=91 txBytes=38750 txPackets=161 operations=0
09-24 21:06:13.834  1331  3770 I TetherStatsReporting:   [25] iface=wlan0 uid=10096 set=FOREGROUND tag=0x0 rxBytes=22746 rxPackets=98 txBytes=29305 txPackets=128 operations=0
09-24 21:06:13.834  1331  3770 I TetherStatsReporting:   [26] iface=wlan0 uid=10197 set=DEFAULT tag=0x0 rxBytes=1240545 rxPackets=8173 txBytes=875947 txPackets=9934 operations=0
09-24 21:06:13.834  1331  3770 I TetherStatsReporting:   [27] iface=wlan0 uid=10197 set=FOREGROUND tag=0x0 rxBytes=524354 rxPackets=1189 txBytes=118353 txPackets=1377 operations=0
09-24 21:06:13.834  1331  3770 I TetherStatsReporting:   [28] iface=wlan0 uid=10522 set=DEFAULT tag=0x0 rxBytes=6840 rxPackets=33 txBytes=3267 txPackets=34 operations=0
09-24 21:06:13.834  1331  3770 I TetherStatsReporting:   [29] iface=wlan0 uid=10522 set=FOREGROUND tag=0x0 rxBytes=1346752 rxPackets=1462 txBytes=131670 txPackets=1478 operations=0
09-24 21:06:13.834  1331  3770 I TetherStatsReporting:   [30] iface=wlan0 uid=10066 set=DEFAULT tag=0x3c9bead5 rxBytes=3457 rxPackets=9 txBytes=1272 txPackets=12 operations=0
09-24 21:06:13.834  1331  3770 I TetherStatsReporting:   [31] iface=wlan0 uid=10066 set=FOREGROUND tag=0x3c9bead5 rxBytes=0 rxPackets=0 txBytes=0 txPackets=0 operations=0
09-24 21:06:13.834  1331  3770 I TetherStatsReporting:   [32] iface=dummy0 uid=0 set=DEFAULT tag=0x0 rxBytes=0 rxPackets=0 txBytes=168 txPackets=3 operations=0
09-24 21:06:13.834  1331  3770 I TetherStatsReporting:   [33] iface=dummy0 uid=0 set=FOREGROUND tag=0x0 rxBytes=0 rxPackets=0 txBytes=0 txPackets=0 operations=0
09-24 21:06:13.834  1331  3770 I TetherStatsReporting:   [34] iface=lo uid=0 set=DEFAULT tag=0x0 rxBytes=347578 rxPackets=538 txBytes=17148 txPackets=350 operations=
09-24 21:06:13.834  1331  3770 I TetherStatsReporting: combining tether stats
09-24 21:06:13.836  4623  4701 D QtiTetherService/IpaWrapper: getStats(false)
09-24 21:06:13.860  1331  3770 D NtpTrustedTime: currentTimeMillis() cache hit
09-24 21:06:13.861  1331  3771 D NtpTrustedTime: currentTimeMillis() cache hit
09-24 21:06:13.861  1331  3771 D NtpTrustedTime: currentTimeMillis() cache hit
09-24 21:06:14.057  4004  4004 D AndroidRuntime: >>>>>> START com.android.internal.os.RuntimeInit uid 2000 <<<<<<
09-24 21:06:14.064   357   357 W auditd  : type=1400 "ps""/proc/350""proc"
09-24 21:06:14.070  4004  4004 D AndroidRuntime: CheckJNI is OFF
09-24 21:06:14.077   357   357 W auditd  : type=1400 "ps""task""proc"
09-24 21:06:14.165  4004  4004 D ICU     : No timezone override file found: /data/misc/zoneinfo/current/icu/icu_tzdata.dat
09-24 21:06:14.258  4004  4004 I Radio-JNI: register_android_hardware_Radio DONE
